Archive member included to satisfy reference by file (symbol)

/home/jongja.cho/Git/legacy/rebel_cds_collab_hw/bootloader/cp/tf-a/build/rebel_h/debug/lib/libc.a(assert.o)
                              /home/jongja.cho/Git/legacy/rebel_cds_collab_hw/bootloader/cp/tf-a/build/rebel_h/debug/bl1/bl1_context_mgmt.o (__assert)
/home/jongja.cho/Git/legacy/rebel_cds_collab_hw/bootloader/cp/tf-a/build/rebel_h/debug/lib/libc.a(memcpy.o)
                              /home/jongja.cho/Git/legacy/rebel_cds_collab_hw/bootloader/cp/tf-a/build/rebel_h/debug/bl1/desc_image_load.o (memcpy)
/home/jongja.cho/Git/legacy/rebel_cds_collab_hw/bootloader/cp/tf-a/build/rebel_h/debug/lib/libc.a(memmove.o)
                              /home/jongja.cho/Git/legacy/rebel_cds_collab_hw/bootloader/cp/tf-a/build/rebel_h/debug/bl1/xlat_tables_core.o (memmove)
/home/jongja.cho/Git/legacy/rebel_cds_collab_hw/bootloader/cp/tf-a/build/rebel_h/debug/lib/libc.a(printf.o)
                              /home/jongja.cho/Git/legacy/rebel_cds_collab_hw/bootloader/cp/tf-a/build/rebel_h/debug/bl1/tf_log.o (vprintf)
/home/jongja.cho/Git/legacy/rebel_cds_collab_hw/bootloader/cp/tf-a/build/rebel_h/debug/lib/libc.a(memset.o)
                              /home/jongja.cho/Git/legacy/rebel_cds_collab_hw/bootloader/cp/tf-a/build/rebel_h/debug/bl1/pl330.o (memset)

Discarded input sections

 .text          0x0000000000000000        0x0 /home/jongja.cho/Git/legacy/rebel_cds_collab_hw/bootloader/cp/tf-a/build/rebel_h/debug/bl1/gpio.o
 .data          0x0000000000000000        0x0 /home/jongja.cho/Git/legacy/rebel_cds_collab_hw/bootloader/cp/tf-a/build/rebel_h/debug/bl1/gpio.o
 .bss           0x0000000000000000        0x0 /home/jongja.cho/Git/legacy/rebel_cds_collab_hw/bootloader/cp/tf-a/build/rebel_h/debug/bl1/gpio.o
 .text.gpio_set_con
                0x0000000000000000       0x24 /home/jongja.cho/Git/legacy/rebel_cds_collab_hw/bootloader/cp/tf-a/build/rebel_h/debug/bl1/gpio.o
 .text.gpio_get_con
                0x0000000000000000       0x14 /home/jongja.cho/Git/legacy/rebel_cds_collab_hw/bootloader/cp/tf-a/build/rebel_h/debug/bl1/gpio.o
 .text.gpio_set_dat
                0x0000000000000000       0x24 /home/jongja.cho/Git/legacy/rebel_cds_collab_hw/bootloader/cp/tf-a/build/rebel_h/debug/bl1/gpio.o
 .text.gpio_get_dat
                0x0000000000000000       0x14 /home/jongja.cho/Git/legacy/rebel_cds_collab_hw/bootloader/cp/tf-a/build/rebel_h/debug/bl1/gpio.o
 .text.gpio_set_pud
                0x0000000000000000        0x4 /home/jongja.cho/Git/legacy/rebel_cds_collab_hw/bootloader/cp/tf-a/build/rebel_h/debug/bl1/gpio.o
 .text.gpio_get_pud
                0x0000000000000000        0x4 /home/jongja.cho/Git/legacy/rebel_cds_collab_hw/bootloader/cp/tf-a/build/rebel_h/debug/bl1/gpio.o
 .text.gpio_set_drv
                0x0000000000000000        0x4 /home/jongja.cho/Git/legacy/rebel_cds_collab_hw/bootloader/cp/tf-a/build/rebel_h/debug/bl1/gpio.o
 .text.gpio_get_drv
                0x0000000000000000        0x4 /home/jongja.cho/Git/legacy/rebel_cds_collab_hw/bootloader/cp/tf-a/build/rebel_h/debug/bl1/gpio.o
 .text.gpio_set_toggle
                0x0000000000000000       0x10 /home/jongja.cho/Git/legacy/rebel_cds_collab_hw/bootloader/cp/tf-a/build/rebel_h/debug/bl1/gpio.o
 .text.gpio_set_eint_grppri
                0x0000000000000000        0xc /home/jongja.cho/Git/legacy/rebel_cds_collab_hw/bootloader/cp/tf-a/build/rebel_h/debug/bl1/gpio.o
 .text.gpio_get_eint_grppri
                0x0000000000000000        0xc /home/jongja.cho/Git/legacy/rebel_cds_collab_hw/bootloader/cp/tf-a/build/rebel_h/debug/bl1/gpio.o
 .text.gpio_set_eint_pri
                0x0000000000000000       0x18 /home/jongja.cho/Git/legacy/rebel_cds_collab_hw/bootloader/cp/tf-a/build/rebel_h/debug/bl1/gpio.o
 .text.gpio_get_eint_pri
                0x0000000000000000       0x10 /home/jongja.cho/Git/legacy/rebel_cds_collab_hw/bootloader/cp/tf-a/build/rebel_h/debug/bl1/gpio.o
 .text.gpio_set_eint_svc
                0x0000000000000000       0x14 /home/jongja.cho/Git/legacy/rebel_cds_collab_hw/bootloader/cp/tf-a/build/rebel_h/debug/bl1/gpio.o
 .text.gpio_get_eint_svc
                0x0000000000000000        0xc /home/jongja.cho/Git/legacy/rebel_cds_collab_hw/bootloader/cp/tf-a/build/rebel_h/debug/bl1/gpio.o
 .text.gpio_set_eint_svcpend
                0x0000000000000000        0xc /home/jongja.cho/Git/legacy/rebel_cds_collab_hw/bootloader/cp/tf-a/build/rebel_h/debug/bl1/gpio.o
 .text.gpio_get_eint_svcpend
                0x0000000000000000        0xc /home/jongja.cho/Git/legacy/rebel_cds_collab_hw/bootloader/cp/tf-a/build/rebel_h/debug/bl1/gpio.o
 .text.gpio_set_eint_grpfixpri
                0x0000000000000000        0xc /home/jongja.cho/Git/legacy/rebel_cds_collab_hw/bootloader/cp/tf-a/build/rebel_h/debug/bl1/gpio.o
 .text.gpio_get_eint_grpfixpri
                0x0000000000000000        0xc /home/jongja.cho/Git/legacy/rebel_cds_collab_hw/bootloader/cp/tf-a/build/rebel_h/debug/bl1/gpio.o
[...]
Memory Configuration

Name             Origin             Length             Attributes
ROM              0x0000001e00010000 0x000000000000a000 xr
RAM              0x0000001e0001a000 0x0000000000016000 xrw
*default*        0x0000000000000000 0xffffffffffffffff

Linker script and memory map

                0x0000001e00010000                ROM_REGION_START = ORIGIN (ROM)
                0x000000000000a000                ROM_REGION_LENGTH = LENGTH (ROM)
                0x0000001e0001a000                RAM_REGION_START = ORIGIN (RAM)
                0x0000000000016000                RAM_REGION_LENGTH = LENGTH (RAM)
                0x0000001e00010000                . = 0x1e00010000
                0x0000000000000001                ASSERT ((. == ALIGN (0x1000)), BL1_RO_BASE address is not aligned on a page boundary.)

.ro             0x0000001e00010000     0x6800
                0x0000000000000001                ASSERT ((. == ALIGN (0x1000)), .ro address is not aligned on a page boundary.)
                0x0000001e00010000                __RO_START__ = .
 *bl1_entrypoint.o(SORT_BY_ALIGNMENT(.text*))
 .text.asm.bl1_entrypoint
                0x0000001e00010000      0x100 /home/jongja.cho/Git/legacy/rebel_cds_collab_hw/bootloader/cp/tf-a/build/rebel_h/debug/bl1/bl1_entrypoint.o
                0x0000001e00010000                bl1_entrypoint
 *(SORT_BY_ALIGNMENT(.text*))
 .text.bl1_arch_setup
                0x0000001e00010100       0x10 /home/jongja.cho/Git/legacy/rebel_cds_collab_hw/bootloader/cp/tf-a/build/rebel_h/debug/bl1/bl1_arch_setup.o
                0x0000001e00010100                bl1_arch_setup
 .text.cm_get_context
                0x0000001e00010110       0x28 /home/jongja.cho/Git/legacy/rebel_cds_collab_hw/bootloader/cp/tf-a/build/rebel_h/debug/bl1/bl1_context_mgmt.o
                0x0000001e00010110                cm_get_context
 .text.bl1_prepare_next_image
                0x0000001e00010138       0xc8 /home/jongja.cho/Git/legacy/rebel_cds_collab_hw/bootloader/cp/tf-a/build/rebel_h/debug/bl1/bl1_context_mgmt.o
                0x0000001e00010138                bl1_prepare_next_image
 .text.bl1_main
                0x0000001e00010200      0x148 /home/jongja.cho/Git/legacy/rebel_cds_collab_hw/bootloader/cp/tf-a/build/rebel_h/debug/bl1/bl1_main.o
                0x0000001e00010200                bl1_main
 .text.bl1_print_next_bl_ep_info
                0x0000001e00010348       0x2c /home/jongja.cho/Git/legacy/rebel_cds_collab_hw/bootloader/cp/tf-a/build/rebel_h/debug/bl1/bl1_main.o
                0x0000001e00010348                bl1_print_next_bl_ep_info
 .text.bl1_smc_handler
                0x0000001e00010374       0x8c /home/jongja.cho/Git/legacy/rebel_cds_collab_hw/bootloader/cp/tf-a/build/rebel_h/debug/bl1/bl1_main.o
                0x0000001e00010374                bl1_smc_handler
 .text.is_address_readable
                0x0000001e00010400       0x40 /home/jongja.cho/Git/legacy/rebel_cds_collab_hw/bootloader/cp/tf-a/build/rebel_h/debug/bl1/backtrace.o
 .text.is_valid_object.constprop.0
                0x0000001e00010440       0x5c /home/jongja.cho/Git/legacy/rebel_cds_collab_hw/bootloader/cp/tf-a/build/rebel_h/debug/bl1/backtrace.o
 .text.backtrace
                0x0000001e0001049c      0x120 /home/jongja.cho/Git/legacy/rebel_cds_collab_hw/bootloader/cp/tf-a/build/rebel_h/debug/bl1/backtrace.o
                0x0000001e0001049c                backtrace
 .text.load_image
                0x0000001e000105bc      0x160 /home/jongja.cho/Git/legacy/rebel_cds_collab_hw/bootloader/cp/tf-a/build/rebel_h/debug/bl1/bl_common.o
 .text.load_auth_image
                0x0000001e0001071c       0x90 /home/jongja.cho/Git/legacy/rebel_cds_collab_hw/bootloader/cp/tf-a/build/rebel_h/debug/bl1/bl_common.o
                0x0000001e0001071c                load_auth_image
 .text.print_entry_point_info
                0x0000001e000107ac        0x4 /home/jongja.cho/Git/legacy/rebel_cds_collab_hw/bootloader/cp/tf-a/build/rebel_h/debug/bl1/bl_common.o
                0x0000001e000107ac                print_entry_point_info
 .text.tf_log   0x0000001e000107b0       0xb4 /home/jongja.cho/Git/legacy/rebel_cds_collab_hw/bootloader/cp/tf-a/build/rebel_h/debug/bl1/tf_log.o
                0x0000001e000107b0                tf_log
 .text.dma_pl330_gen_mov
                0x0000001e00010864       0x38 /home/jongja.cho/Git/legacy/rebel_cds_collab_hw/bootloader/cp/tf-a/build/rebel_h/debug/bl1/pl330.o
 .text.dma_configure
                0x0000001e0001089c       0xc8 /home/jongja.cho/Git/legacy/rebel_cds_collab_hw/bootloader/cp/tf-a/build/rebel_h/debug/bl1/pl330.o
                0x0000001e0001089c                dma_configure
 .text.dma_start
                0x0000001e00010964      0x448 /home/jongja.cho/Git/legacy/rebel_cds_collab_hw/bootloader/cp/tf-a/build/rebel_h/debug/bl1/pl330.o
                0x0000001e00010964                dma_start
 .text.dma_init
                0x0000001e00010dac       0x38 /home/jongja.cho/Git/legacy/rebel_cds_collab_hw/bootloader/cp/tf-a/build/rebel_h/debug/bl1/pl330.o
                0x0000001e00010dac                dma_init
 .text.dma_load_image
                0x0000001e00010de4       0xf0 /home/jongja.cho/Git/legacy/rebel_cds_collab_hw/bootloader/cp/tf-a/build/rebel_h/debug/bl1/pl330.o
                0x0000001e00010de4                dma_load_image
 .text.cmu_find_pll_lvl
                0x0000001e00010ed4       0x34 /home/jongja.cho/Git/legacy/rebel_cds_collab_hw/bootloader/cp/tf-a/build/rebel_h/debug/bl1/cmu.o
 .text.cmu_blk_cp_init
                0x0000001e00010f08      0x1ac /home/jongja.cho/Git/legacy/rebel_cds_collab_hw/bootloader/cp/tf-a/build/rebel_h/debug/bl1/cmu.o
 .text.cmu_blk_pcie_init
                0x0000001e000110b4       0xf4 /home/jongja.cho/Git/legacy/rebel_cds_collab_hw/bootloader/cp/tf-a/build/rebel_h/debug/bl1/cmu.o
 .text.cmu_blk_rot_init
                0x0000001e000111a8       0xd8 /home/jongja.cho/Git/legacy/rebel_cds_collab_hw/bootloader/cp/tf-a/build/rebel_h/debug/bl1/cmu.o
 .text.cmu_blk_peri_init
                0x0000001e00011280       0x88 /home/jongja.cho/Git/legacy/rebel_cds_collab_hw/bootloader/cp/tf-a/build/rebel_h/debug/bl1/cmu.o
 .text.cmu_top_bus
                0x0000001e00011308      0x524 /home/jongja.cho/Git/legacy/rebel_cds_collab_hw/bootloader/cp/tf-a/build/rebel_h/debug/bl1/cmu.o
 .text.cmu_init_bl1
                0x0000001e0001182c       0x84 /home/jongja.cho/Git/legacy/rebel_cds_collab_hw/bootloader/cp/tf-a/build/rebel_h/debug/bl1/cmu.o
                0x0000001e0001182c                cmu_init_bl1
 .text.cmu_init_rbc
                0x0000001e000118b0      0x2d4 /home/jongja.cho/Git/legacy/rebel_cds_collab_hw/bootloader/cp/tf-a/build/rebel_h/debug/bl1/cmu.o
                0x0000001e000118b0                cmu_init_rbc
 .text.console_is_registered
                0x0000001e00011b84       0x3c /home/jongja.cho/Git/legacy/rebel_cds_collab_hw/bootloader/cp/tf-a/build/rebel_h/debug/bl1/multi_console.o
                0x0000001e00011b84                console_is_registered
 .text.console_register
                0x0000001e00011bc0       0x64 /home/jongja.cho/Git/legacy/rebel_cds_collab_hw/bootloader/cp/tf-a/build/rebel_h/debug/bl1/multi_console.o
                0x0000001e00011bc0                console_register
 .text.console_set_scope
                0x0000001e00011c24       0x28 /home/jongja.cho/Git/legacy/rebel_cds_collab_hw/bootloader/cp/tf-a/build/rebel_h/debug/bl1/multi_console.o
                0x0000001e00011c24                console_set_scope
 .text.console_putc
                0x0000001e00011c4c       0xa8 /home/jongja.cho/Git/legacy/rebel_cds_collab_hw/bootloader/cp/tf-a/build/rebel_h/debug/bl1/multi_console.o
                0x0000001e00011c4c                console_putc
 .text.putchar  0x0000001e00011cf4       0x28 /home/jongja.cho/Git/legacy/rebel_cds_collab_hw/bootloader/cp/tf-a/build/rebel_h/debug/bl1/multi_console.o
                0x0000001e00011cf4                putchar
 .text.console_flush
                0x0000001e00011d1c       0x54 /home/jongja.cho/Git/legacy/rebel_cds_collab_hw/bootloader/cp/tf-a/build/rebel_h/debug/bl1/multi_console.o
                0x0000001e00011d1c                console_flush
 .text.udelay   0x0000001e00011d70       0x90 /home/jongja.cho/Git/legacy/rebel_cds_collab_hw/bootloader/cp/tf-a/build/rebel_h/debug/bl1/delay_timer.o
                0x0000001e00011d70                udelay
 .text.timer_init
                0x0000001e00011e00       0x34 /home/jongja.cho/Git/legacy/rebel_cds_collab_hw/bootloader/cp/tf-a/build/rebel_h/debug/bl1/delay_timer.o
                0x0000001e00011e00                timer_init
 .text.generic_delay_timeout_init_us
                0x0000001e00011e34       0x24 /home/jongja.cho/Git/legacy/rebel_cds_collab_hw/bootloader/cp/tf-a/build/rebel_h/debug/bl1/generic_delay_timer.o
 .text.generic_delay_timeout_elapsed
                0x0000001e00011e58       0x10 /home/jongja.cho/Git/legacy/rebel_cds_collab_hw/bootloader/cp/tf-a/build/rebel_h/debug/bl1/generic_delay_timer.o
 .text.generic_delay_get_timer_value
                0x0000001e00011e68        0xc /home/jongja.cho/Git/legacy/rebel_cds_collab_hw/bootloader/cp/tf-a/build/rebel_h/debug/bl1/generic_delay_timer.o
 .text.generic_delay_timer_init_args
                0x0000001e00011e74       0x38 /home/jongja.cho/Git/legacy/rebel_cds_collab_hw/bootloader/cp/tf-a/build/rebel_h/debug/bl1/generic_delay_timer.o
                0x0000001e00011e74                generic_delay_timer_init_args
 .text.generic_delay_timer_init
                0x0000001e00011eac       0x5c /home/jongja.cho/Git/legacy/rebel_cds_collab_hw/bootloader/cp/tf-a/build/rebel_h/debug/bl1/generic_delay_timer.o
                0x0000001e00011eac                generic_delay_timer_init
 .text.is_valid_dev
                0x0000001e00011f08       0x38 /home/jongja.cho/Git/legacy/rebel_cds_collab_hw/bootloader/cp/tf-a/build/rebel_h/debug/bl1/io_storage.o
 .text.is_valid_entity
                0x0000001e00011f40       0x30 /home/jongja.cho/Git/legacy/rebel_cds_collab_hw/bootloader/cp/tf-a/build/rebel_h/debug/bl1/io_storage.o
 .text.free_entity.isra.0
                0x0000001e00011f70       0x50 /home/jongja.cho/Git/legacy/rebel_cds_collab_hw/bootloader/cp/tf-a/build/rebel_h/debug/bl1/io_storage.o
 .text.io_dev_close
                0x0000001e00011fc0       0x50 /home/jongja.cho/Git/legacy/rebel_cds_collab_hw/bootloader/cp/tf-a/build/rebel_h/debug/bl1/io_storage.o
                0x0000001e00011fc0                io_dev_close
 .text.io_open  0x0000001e00012010       0xe4 /home/jongja.cho/Git/legacy/rebel_cds_collab_hw/bootloader/cp/tf-a/build/rebel_h/debug/bl1/io_storage.o
                0x0000001e00012010                io_open
 .text.io_size  0x0000001e000120f4       0x5c /home/jongja.cho/Git/legacy/rebel_cds_collab_hw/bootloader/cp/tf-a/build/rebel_h/debug/bl1/io_storage.o
                0x0000001e000120f4                io_size
 .text.io_read  0x0000001e00012150       0x74 /home/jongja.cho/Git/legacy/rebel_cds_collab_hw/bootloader/cp/tf-a/build/rebel_h/debug/bl1/io_storage.o
                0x0000001e00012150                io_read
 .text.io_close
                0x0000001e000121c4       0x58 /home/jongja.cho/Git/legacy/rebel_cds_collab_hw/bootloader/cp/tf-a/build/rebel_h/debug/bl1/io_storage.o
                0x0000001e000121c4                io_close
 .text.qspi_boot_config
                0x0000001e0001221c       0xf8 /home/jongja.cho/Git/legacy/rebel_cds_collab_hw/bootloader/cp/tf-a/build/rebel_h/debug/bl1/qspi_boot.o
                0x0000001e0001221c                qspi_boot_config
 .text.qspi_bridge_check_busy
                0x0000001e00012314       0x1c /home/jongja.cho/Git/legacy/rebel_cds_collab_hw/bootloader/cp/tf-a/build/rebel_h/debug/bl1/qspi_bridge.o
 .text.qspi_bridge_ser_enable
                0x0000001e00012330       0x50 /home/jongja.cho/Git/legacy/rebel_cds_collab_hw/bootloader/cp/tf-a/build/rebel_h/debug/bl1/qspi_bridge.o
 .text.qspi_bridge_config_writemode
                0x0000001e00012380       0x40 /home/jongja.cho/Git/legacy/rebel_cds_collab_hw/bootloader/cp/tf-a/build/rebel_h/debug/bl1/qspi_bridge.o
 .text.qspi_bridge_ser_disable.isra.0
                0x0000001e000123c0       0x4c /home/jongja.cho/Git/legacy/rebel_cds_collab_hw/bootloader/cp/tf-a/build/rebel_h/debug/bl1/qspi_bridge.o
 .text.qspi_bridge_init.part.0
                0x0000001e0001240c       0x7c /home/jongja.cho/Git/legacy/rebel_cds_collab_hw/bootloader/cp/tf-a/build/rebel_h/debug/bl1/qspi_bridge.o
 .text.qspi_bridge_config_readmode
                0x0000001e00012488       0x40 /home/jongja.cho/Git/legacy/rebel_cds_collab_hw/bootloader/cp/tf-a/build/rebel_h/debug/bl1/qspi_bridge.o
 .text.qspi_bridge_write_1word
                0x0000001e000124c8       0x7c /home/jongja.cho/Git/legacy/rebel_cds_collab_hw/bootloader/cp/tf-a/build/rebel_h/debug/bl1/qspi_bridge.o
                0x0000001e000124c8                qspi_bridge_write_1word
 .text.qspi_bridge_read_1word
                0x0000001e00012544       0x80 /home/jongja.cho/Git/legacy/rebel_cds_collab_hw/bootloader/cp/tf-a/build/rebel_h/debug/bl1/qspi_bridge.o
                0x0000001e00012544                qspi_bridge_read_1word
 .text.qspi_bridge_init
                0x0000001e000125c4       0x10 /home/jongja.cho/Git/legacy/rebel_cds_collab_hw/bootloader/cp/tf-a/build/rebel_h/debug/bl1/qspi_bridge.o
                0x0000001e000125c4                qspi_bridge_init
 .text.qspi_bridge_set_upper_addr
                0x0000001e000125d4       0x20 /home/jongja.cho/Git/legacy/rebel_cds_collab_hw/bootloader/cp/tf-a/build/rebel_h/debug/bl1/qspi_bridge.o
                0x0000001e000125d4                qspi_bridge_set_upper_addr
 .text.generic_errata_report
                0x0000001e000125f4      0x130 /home/jongja.cho/Git/legacy/rebel_cds_collab_hw/bootloader/cp/tf-a/build/rebel_h/debug/bl1/errata_report.o
                0x0000001e000125f4                generic_errata_report
 .text.print_errata_status
                0x0000001e00012724        0x4 /home/jongja.cho/Git/legacy/rebel_cds_collab_hw/bootloader/cp/tf-a/build/rebel_h/debug/bl1/errata_report.o
                0x0000001e00012724                print_errata_status
 .text.cm_setup_context
                0x0000001e00012728      0x158 /home/jongja.cho/Git/legacy/rebel_cds_collab_hw/bootloader/cp/tf-a/build/rebel_h/debug/bl1/context_mgmt.o
                0x0000001e00012728                cm_setup_context
 .text.cm_manage_extensions_el3
                0x0000001e00012880        0x4 /home/jongja.cho/Git/legacy/rebel_cds_collab_hw/bootloader/cp/tf-a/build/rebel_h/debug/bl1/context_mgmt.o
                0x0000001e00012880                cm_manage_extensions_el3
 .text.cm_manage_extensions_per_world
                0x0000001e00012884       0x1c /home/jongja.cho/Git/legacy/rebel_cds_collab_hw/bootloader/cp/tf-a/build/rebel_h/debug/bl1/context_mgmt.o
                0x0000001e00012884                cm_manage_extensions_per_world
 .text.cm_init_my_context
                0x0000001e000128a0       0x30 /home/jongja.cho/Git/legacy/rebel_cds_collab_hw/bootloader/cp/tf-a/build/rebel_h/debug/bl1/context_mgmt.o
                0x0000001e000128a0                cm_init_my_context
 .text.cm_el1_sysregs_context_restore
                0x0000001e000128d0      0x11c /home/jongja.cho/Git/legacy/rebel_cds_collab_hw/bootloader/cp/tf-a/build/rebel_h/debug/bl1/context_mgmt.o
                0x0000001e000128d0                cm_el1_sysregs_context_restore
 .text.cm_set_next_eret_context
                0x0000001e000129ec       0x34 /home/jongja.cho/Git/legacy/rebel_cds_collab_hw/bootloader/cp/tf-a/build/rebel_h/debug/bl1/context_mgmt.o
                0x0000001e000129ec                cm_set_next_eret_context
 .text.cm_prepare_el3_exit
                0x0000001e00012a20       0x5c /home/jongja.cho/Git/legacy/rebel_cds_collab_hw/bootloader/cp/tf-a/build/rebel_h/debug/bl1/context_mgmt.o
                0x0000001e00012a20                cm_prepare_el3_exit
 .text.poll_reg_same_val.constprop.0.isra.0
                0x0000001e00012a7c       0x2c /home/jongja.cho/Git/legacy/rebel_cds_collab_hw/bootloader/cp/tf-a/build/rebel_h/debug/bl1/sic.o
 .text.request_to_cmrt
                0x0000001e00012aa8       0xf8 /home/jongja.cho/Git/legacy/rebel_cds_collab_hw/bootloader/cp/tf-a/build/rebel_h/debug/bl1/sic.o
                0x0000001e00012aa8                request_to_cmrt
 .text.xlat_arch_get_pas
                0x0000001e00012ba0       0x14 /home/jongja.cho/Git/legacy/rebel_cds_collab_hw/bootloader/cp/tf-a/build/rebel_h/debug/bl1/xlat_tables_arch.o
                0x0000001e00012ba0                xlat_arch_get_pas
 .text.tcr_physical_addr_size_bits
                0x0000001e00012bb4       0x64 /home/jongja.cho/Git/legacy/rebel_cds_collab_hw/bootloader/cp/tf-a/build/rebel_h/debug/bl1/xlat_tables_arch.o
                0x0000001e00012bb4                tcr_physical_addr_size_bits
 .text.xlat_arch_get_max_supported_pa
                0x0000001e00012c18       0x34 /home/jongja.cho/Git/legacy/rebel_cds_collab_hw/bootloader/cp/tf-a/build/rebel_h/debug/bl1/xlat_tables_arch.o
                0x0000001e00012c18                xlat_arch_get_max_supported_pa
 .text.xlat_get_min_virt_addr_space_size
                0x0000001e00012c4c       0x18 /home/jongja.cho/Git/legacy/rebel_cds_collab_hw/bootloader/cp/tf-a/build/rebel_h/debug/bl1/xlat_tables_arch.o
                0x0000001e00012c4c                xlat_get_min_virt_addr_space_size
 .text.xlat_arch_regime_get_xn_desc
                0x0000001e00012c64       0x2c /home/jongja.cho/Git/legacy/rebel_cds_collab_hw/bootloader/cp/tf-a/build/rebel_h/debug/bl1/xlat_tables_arch.o
                0x0000001e00012c64                xlat_arch_regime_get_xn_desc
 .text.xlat_arch_current_el
                0x0000001e00012c90       0x1c /home/jongja.cho/Git/legacy/rebel_cds_collab_hw/bootloader/cp/tf-a/build/rebel_h/debug/bl1/xlat_tables_arch.o
                0x0000001e00012c90                xlat_arch_current_el
 .text.is_mmu_enabled_ctx
                0x0000001e00012cac       0x68 /home/jongja.cho/Git/legacy/rebel_cds_collab_hw/bootloader/cp/tf-a/build/rebel_h/debug/bl1/xlat_tables_arch.o
                0x0000001e00012cac                is_mmu_enabled_ctx
 .text.setup_mmu_cfg
                0x0000001e00012d14       0xe0 /home/jongja.cho/Git/legacy/rebel_cds_collab_hw/bootloader/cp/tf-a/build/rebel_h/debug/bl1/xlat_tables_arch.o
                0x0000001e00012d14                setup_mmu_cfg
 .text.mmap_add_region
                0x0000001e00012df4       0x34 /home/jongja.cho/Git/legacy/rebel_cds_collab_hw/bootloader/cp/tf-a/build/rebel_h/debug/bl1/xlat_tables_context.o
                0x0000001e00012df4                mmap_add_region
 .text.init_xlat_tables
                0x0000001e00012e28       0x54 /home/jongja.cho/Git/legacy/rebel_cds_collab_hw/bootloader/cp/tf-a/build/rebel_h/debug/bl1/xlat_tables_context.o
                0x0000001e00012e28                init_xlat_tables
 .text.enable_mmu_el3
                0x0000001e00012e7c       0x48 /home/jongja.cho/Git/legacy/rebel_cds_collab_hw/bootloader/cp/tf-a/build/rebel_h/debug/bl1/xlat_tables_context.o
                0x0000001e00012e7c                enable_mmu_el3
 .text.xlat_desc
                0x0000001e00012ec4      0x120 /home/jongja.cho/Git/legacy/rebel_cds_collab_hw/bootloader/cp/tf-a/build/rebel_h/debug/bl1/xlat_tables_core.o
                0x0000001e00012ec4                xlat_desc
 .text.xlat_tables_map_region
                0x0000001e00012fe4      0x20c /home/jongja.cho/Git/legacy/rebel_cds_collab_hw/bootloader/cp/tf-a/build/rebel_h/debug/bl1/xlat_tables_core.o
 .text.mmap_add_region_ctx
                0x0000001e000131f0      0x23c /home/jongja.cho/Git/legacy/rebel_cds_collab_hw/bootloader/cp/tf-a/build/rebel_h/debug/bl1/xlat_tables_core.o
                0x0000001e000131f0                mmap_add_region_ctx
 .text.init_xlat_tables_ctx
                0x0000001e0001342c      0x15c /home/jongja.cho/Git/legacy/rebel_cds_collab_hw/bootloader/cp/tf-a/build/rebel_h/debug/bl1/xlat_tables_core.o
                0x0000001e0001342c                init_xlat_tables_ctx
 .text.xlat_mmap_print
                0x0000001e00013588        0x4 /home/jongja.cho/Git/legacy/rebel_cds_collab_hw/bootloader/cp/tf-a/build/rebel_h/debug/bl1/xlat_tables_utils.o
                0x0000001e00013588                xlat_mmap_print
 .text.xlat_tables_print
                0x0000001e0001358c        0x4 /home/jongja.cho/Git/legacy/rebel_cds_collab_hw/bootloader/cp/tf-a/build/rebel_h/debug/bl1/xlat_tables_utils.o
                0x0000001e0001358c                xlat_tables_print
 .text.get_el_str
                0x0000001e00013590       0x24 /home/jongja.cho/Git/legacy/rebel_cds_collab_hw/bootloader/cp/tf-a/build/rebel_h/debug/bl1/plat_common.o
                0x0000001e00013590                get_el_str
 .text.bl1_plat_get_next_image_id
                0x0000001e000135b4        0x8 /home/jongja.cho/Git/legacy/rebel_cds_collab_hw/bootloader/cp/tf-a/build/rebel_h/debug/bl1/plat_bl1_common.o
                0x0000001e000135b4                bl1_plat_get_next_image_id
 .text.bl1_plat_set_ep_info
                0x0000001e000135bc        0x4 /home/jongja.cho/Git/legacy/rebel_cds_collab_hw/bootloader/cp/tf-a/build/rebel_h/debug/bl1/plat_bl1_common.o
                0x0000001e000135bc                bl1_plat_set_ep_info
 .text.bl1_plat_handle_pre_image_load
                0x0000001e000135c0        0x8 /home/jongja.cho/Git/legacy/rebel_cds_collab_hw/bootloader/cp/tf-a/build/rebel_h/debug/bl1/plat_bl1_common.o
                0x0000001e000135c0                bl1_plat_handle_pre_image_load
 .text.plat_error_handler
                0x0000001e000135c8        0x8 /home/jongja.cho/Git/legacy/rebel_cds_collab_hw/bootloader/cp/tf-a/build/rebel_h/debug/bl1/plat_bl_common.o
                0x0000001e000135c8                plat_error_handler
 .text.plat_log_get_prefix
                0x0000001e000135d0       0x30 /home/jongja.cho/Git/legacy/rebel_cds_collab_hw/bootloader/cp/tf-a/build/rebel_h/debug/bl1/plat_log_common.o
                0x0000001e000135d0                plat_log_get_prefix
 .text.bl1_early_platform_setup
                0x0000001e00013600      0x5c8 /home/jongja.cho/Git/legacy/rebel_cds_collab_hw/bootloader/cp/tf-a/build/rebel_h/debug/bl1/rebel_h_bl1_setup.o
                0x0000001e00013600                bl1_early_platform_setup
 .text.bl1_plat_arch_setup
                0x0000001e00013bc8      0x138 /home/jongja.cho/Git/legacy/rebel_cds_collab_hw/bootloader/cp/tf-a/build/rebel_h/debug/bl1/rebel_h_bl1_setup.o
                0x0000001e00013bc8                bl1_plat_arch_setup
 .text.bl1_platform_setup
                0x0000001e00013d00        0x4 /home/jongja.cho/Git/legacy/rebel_cds_collab_hw/bootloader/cp/tf-a/build/rebel_h/debug/bl1/rebel_h_bl1_setup.o
                0x0000001e00013d00                bl1_platform_setup
 .text.bl1_plat_get_image_desc
                0x0000001e00013d04        0xc /home/jongja.cho/Git/legacy/rebel_cds_collab_hw/bootloader/cp/tf-a/build/rebel_h/debug/bl1/rebel_h_bl1_setup.o
                0x0000001e00013d04                bl1_plat_get_image_desc
 .text.bl1_plat_handle_post_image_load
                0x0000001e00013d10        0x8 /home/jongja.cho/Git/legacy/rebel_cds_collab_hw/bootloader/cp/tf-a/build/rebel_h/debug/bl1/rebel_h_bl1_setup.o
                0x0000001e00013d10                bl1_plat_handle_post_image_load
 .text.plat_get_syscnt_freq2
                0x0000001e00013d18        0xc /home/jongja.cho/Git/legacy/rebel_cds_collab_hw/bootloader/cp/tf-a/build/rebel_h/debug/bl1/rebel_h_bl1_setup.o
                0x0000001e00013d18                plat_get_syscnt_freq2
 .text.cm7_wait_phy_sram_init_done
                0x0000001e00013d24       0xb4 /home/jongja.cho/Git/legacy/rebel_cds_collab_hw/bootloader/cp/tf-a/build/rebel_h/debug/bl1/rebel_h_pcie.o
                0x0000001e00013d24                cm7_wait_phy_sram_init_done
 .text.cm7_notify_load_done
                0x0000001e00013dd8       0x5c /home/jongja.cho/Git/legacy/rebel_cds_collab_hw/bootloader/cp/tf-a/build/rebel_h/debug/bl1/rebel_h_pcie.o
                0x0000001e00013dd8                cm7_notify_load_done
 .text.plat_get_secondary_chiplet_cnt
                0x0000001e00013e34       0x74 /home/jongja.cho/Git/legacy/rebel_cds_collab_hw/bootloader/cp/tf-a/build/rebel_h/debug/bl1/rebel_h_plat.o
                0x0000001e00013e34                plat_get_secondary_chiplet_cnt
 .text.pmu_release_cm7
                0x0000001e00013ea8       0x4c /home/jongja.cho/Git/legacy/rebel_cds_collab_hw/bootloader/cp/tf-a/build/rebel_h/debug/bl1/rebel_h_pmu.o
                0x0000001e00013ea8                pmu_release_cm7
 .text.pmu_get_bootmode_str
                0x0000001e00013ef4       0x28 /home/jongja.cho/Git/legacy/rebel_cds_collab_hw/bootloader/cp/tf-a/build/rebel_h/debug/bl1/rebel_h_pmu.o
                0x0000001e00013ef4                pmu_get_bootmode_str
 .text.pmu_get_bootmode
                0x0000001e00013f1c       0x10 /home/jongja.cho/Git/legacy/rebel_cds_collab_hw/bootloader/cp/tf-a/build/rebel_h/debug/bl1/rebel_h_pmu.o
                0x0000001e00013f1c                pmu_get_bootmode
 .text.pmu_get_bootreason_str
                0x0000001e00013f2c       0xdc /home/jongja.cho/Git/legacy/rebel_cds_collab_hw/bootloader/cp/tf-a/build/rebel_h/debug/bl1/rebel_h_pmu.o
                0x0000001e00013f2c                pmu_get_bootreason_str
 .text.pmu_get_bootreason
                0x0000001e00014008       0x14 /home/jongja.cho/Git/legacy/rebel_cds_collab_hw/bootloader/cp/tf-a/build/rebel_h/debug/bl1/rebel_h_pmu.o
                0x0000001e00014008                pmu_get_bootreason
 .text.pmu_enable_blk_rbc
                0x0000001e0001401c      0x174 /home/jongja.cho/Git/legacy/rebel_cds_collab_hw/bootloader/cp/tf-a/build/rebel_h/debug/bl1/rebel_h_pmu.o
                0x0000001e0001401c                pmu_enable_blk_rbc
 .text.repeat_func_for_all_rbc
                0x0000001e00014190       0xb4 /home/jongja.cho/Git/legacy/rebel_cds_collab_hw/bootloader/cp/tf-a/build/rebel_h/debug/bl1/rebel_h_rbc.o
                0x0000001e00014190                repeat_func_for_all_rbc
 .text.set_remap_table
                0x0000001e00014244       0xbc /home/jongja.cho/Git/legacy/rebel_cds_collab_hw/bootloader/cp/tf-a/build/rebel_h/debug/bl1/rebel_h_rbc.o
                0x0000001e00014244                set_remap_table
 .text.plat_core_pos_by_mpidr
                0x0000001e00014300       0x3c /home/jongja.cho/Git/legacy/rebel_cds_collab_hw/bootloader/cp/tf-a/build/rebel_h/debug/bl1/rebel_h_topology.o
                0x0000001e00014300                plat_core_pos_by_mpidr
 .text.asm.smc_handler64
                0x0000001e0001433c       0xbc /home/jongja.cho/Git/legacy/rebel_cds_collab_hw/bootloader/cp/tf-a/build/rebel_h/debug/bl1/bl1_exceptions.o
 .text.asm.asm_assert
                0x0000001e000143f8        0x8 /home/jongja.cho/Git/legacy/rebel_cds_collab_hw/bootloader/cp/tf-a/build/rebel_h/debug/bl1/debug.o
                0x0000001e000143f8                asm_assert
 .text.asm.asm_print_str
                0x0000001e00014400       0x18 /home/jongja.cho/Git/legacy/rebel_cds_collab_hw/bootloader/cp/tf-a/build/rebel_h/debug/bl1/debug.o
                0x0000001e00014400                asm_print_str
 .text.asm.asm_print_hex
                0x0000001e00014418       0x30 /home/jongja.cho/Git/legacy/rebel_cds_collab_hw/bootloader/cp/tf-a/build/rebel_h/debug/bl1/debug.o
                0x0000001e00014418                asm_print_hex
                0x0000001e0001441c                asm_print_hex_bits
 .text.asm.asm_print_newline
                0x0000001e00014448        0x8 /home/jongja.cho/Git/legacy/rebel_cds_collab_hw/bootloader/cp/tf-a/build/rebel_h/debug/bl1/debug.o
                0x0000001e00014448                asm_print_newline
 .text.asm.el3_panic
                0x0000001e00014450       0x30 /home/jongja.cho/Git/legacy/rebel_cds_collab_hw/bootloader/cp/tf-a/build/rebel_h/debug/bl1/debug.o
                0x0000001e00014450                el3_panic
 .text.asm.console_16550_core_init
                0x0000001e00014480       0x70 /home/jongja.cho/Git/legacy/rebel_cds_collab_hw/bootloader/cp/tf-a/build/rebel_h/debug/bl1/16550_console.o
                0x0000001e00014480                console_16550_core_init
 .text.asm.console_16550_register
                0x0000001e000144f0       0x4c /home/jongja.cho/Git/legacy/rebel_cds_collab_hw/bootloader/cp/tf-a/build/rebel_h/debug/bl1/16550_console.o
                0x0000001e000144f0                console_16550_register
 .text.asm.console_16550_core_putc
                0x0000001e0001453c       0x4c /home/jongja.cho/Git/legacy/rebel_cds_collab_hw/bootloader/cp/tf-a/build/rebel_h/debug/bl1/16550_console.o
                0x0000001e0001453c                console_16550_core_putc
 .text.asm.console_16550_putc
                0x0000001e00014588       0x1c /home/jongja.cho/Git/legacy/rebel_cds_collab_hw/bootloader/cp/tf-a/build/rebel_h/debug/bl1/16550_console.o
                0x0000001e00014588                console_16550_putc
 .text.asm.console_16550_core_flush
                0x0000001e000145a4       0x28 /home/jongja.cho/Git/legacy/rebel_cds_collab_hw/bootloader/cp/tf-a/build/rebel_h/debug/bl1/16550_console.o
                0x0000001e000145a4                console_16550_core_flush
 .text.asm.console_16550_flush
                0x0000001e000145cc       0x1c /home/jongja.cho/Git/legacy/rebel_cds_collab_hw/bootloader/cp/tf-a/build/rebel_h/debug/bl1/16550_console.o
                0x0000001e000145cc                console_16550_flush
 .text.asm.flush_dcache_range
                0x0000001e000145e8       0x38 /home/jongja.cho/Git/legacy/rebel_cds_collab_hw/bootloader/cp/tf-a/build/rebel_h/debug/bl1/cache_helpers.o
                0x0000001e000145e8                flush_dcache_range
 .text.asm.zeromem
                0x0000001e00014620        0x8 /home/jongja.cho/Git/legacy/rebel_cds_collab_hw/bootloader/cp/tf-a/build/rebel_h/debug/bl1/misc_helpers.o
                0x0000001e00014620                zeromem
 .text.asm.zeromem_dczva
                0x0000001e00014628      0x114 /home/jongja.cho/Git/legacy/rebel_cds_collab_hw/bootloader/cp/tf-a/build/rebel_h/debug/bl1/misc_helpers.o
                0x0000001e00014628                zero_normalmem
 .text.asm.memcpy16
                0x0000001e0001473c       0x48 /home/jongja.cho/Git/legacy/rebel_cds_collab_hw/bootloader/cp/tf-a/build/rebel_h/debug/bl1/misc_helpers.o
                0x0000001e0001473c                memcpy16
 .text.asm.disable_mmu_el3
                0x0000001e00014784       0x1c /home/jongja.cho/Git/legacy/rebel_cds_collab_hw/bootloader/cp/tf-a/build/rebel_h/debug/bl1/misc_helpers.o
                0x0000001e00014784                disable_mmu_el3
 .text.asm.disable_mmu_icache_el3
                0x0000001e000147a0        0x8 /home/jongja.cho/Git/legacy/rebel_cds_collab_hw/bootloader/cp/tf-a/build/rebel_h/debug/bl1/misc_helpers.o
                0x0000001e000147a0                disable_mmu_icache_el3
 .text.asm.cortex_a73_reset_func
                0x0000001e000147a8       0x88 /home/jongja.cho/Git/legacy/rebel_cds_collab_hw/bootloader/cp/tf-a/build/rebel_h/debug/bl1/cortex_a73.o
 .text.asm.check_erratum_cortex_a73_3
                0x0000001e00014830        0x8 /home/jongja.cho/Git/legacy/rebel_cds_collab_hw/bootloader/cp/tf-a/build/rebel_h/debug/bl1/cortex_a73.o
 .text.asm.check_erratum_cortex_a73_852427
                0x0000001e00014838        0xc /home/jongja.cho/Git/legacy/rebel_cds_collab_hw/bootloader/cp/tf-a/build/rebel_h/debug/bl1/cortex_a73.o
 .text.asm.check_erratum_cortex_a73_855423
                0x0000001e00014844        0xc /home/jongja.cho/Git/legacy/rebel_cds_collab_hw/bootloader/cp/tf-a/build/rebel_h/debug/bl1/cortex_a73.o
 .text.asm.check_erratum_cortex_a73_5715
                0x0000001e00014850       0x34 /home/jongja.cho/Git/legacy/rebel_cds_collab_hw/bootloader/cp/tf-a/build/rebel_h/debug/bl1/cortex_a73.o
 .text.asm.check_erratum_cortex_a73_3639
                0x0000001e00014884        0x8 /home/jongja.cho/Git/legacy/rebel_cds_collab_hw/bootloader/cp/tf-a/build/rebel_h/debug/bl1/cortex_a73.o
 .text.asm.check_erratum_cortex_a73_23960
                0x0000001e0001488c       0x3c /home/jongja.cho/Git/legacy/rebel_cds_collab_hw/bootloader/cp/tf-a/build/rebel_h/debug/bl1/cortex_a73.o
 .text.asm.get_cpu_ops_ptr
                0x0000001e000148c8       0x70 /home/jongja.cho/Git/legacy/rebel_cds_collab_hw/bootloader/cp/tf-a/build/rebel_h/debug/bl1/cpu_helpers.o
                0x0000001e000148c8                get_cpu_ops_ptr
 .text.asm.cpu_get_rev_var
                0x0000001e00014938       0x10 /home/jongja.cho/Git/legacy/rebel_cds_collab_hw/bootloader/cp/tf-a/build/rebel_h/debug/bl1/cpu_helpers.o
                0x0000001e00014938                cpu_get_rev_var
 .text.asm.prepare_el3_entry
                0x0000001e00014948       0x9c /home/jongja.cho/Git/legacy/rebel_cds_collab_hw/bootloader/cp/tf-a/build/rebel_h/debug/bl1/context.o
                0x0000001e00014948                prepare_el3_entry
 .text.asm.restore_gp_pmcr_pauth_regs
                0x0000001e000149e4       0x50 /home/jongja.cho/Git/legacy/rebel_cds_collab_hw/bootloader/cp/tf-a/build/rebel_h/debug/bl1/context.o
                0x0000001e000149e4                restore_gp_pmcr_pauth_regs
 .text.asm.el3_exit
                0x0000001e00014a34       0x90 /home/jongja.cho/Git/legacy/rebel_cds_collab_hw/bootloader/cp/tf-a/build/rebel_h/debug/bl1/context.o
                0x0000001e00014a34                el3_exit
 .text.asm.enable_mmu_direct_el3
                0x0000001e00014ac4       0x70 /home/jongja.cho/Git/legacy/rebel_cds_collab_hw/bootloader/cp/tf-a/build/rebel_h/debug/bl1/enable_mmu.o
                0x0000001e00014ac4                enable_mmu_direct_el3
 .text.asm.plat_report_exception
                0x0000001e00014b34        0x4 /home/jongja.cho/Git/legacy/rebel_cds_collab_hw/bootloader/cp/tf-a/build/rebel_h/debug/bl1/platform_helpers.o
                0x0000001e00014b34                plat_report_exception
 .text.asm.bl1_plat_prepare_exit
                0x0000001e00014b38        0x4 /home/jongja.cho/Git/legacy/rebel_cds_collab_hw/bootloader/cp/tf-a/build/rebel_h/debug/bl1/platform_helpers.o
                0x0000001e00014b38                bl1_plat_prepare_exit
 .text.asm.plat_panic_handler
                0x0000001e00014b3c        0x8 /home/jongja.cho/Git/legacy/rebel_cds_collab_hw/bootloader/cp/tf-a/build/rebel_h/debug/bl1/platform_helpers.o
                0x0000001e00014b3c                plat_panic_handler
 .text.asm.plat_get_my_stack
                0x0000001e00014b44       0x1c /home/jongja.cho/Git/legacy/rebel_cds_collab_hw/bootloader/cp/tf-a/build/rebel_h/debug/bl1/platform_mp_stack.o
                0x0000001e00014b44                plat_get_my_stack
 .text.asm.plat_set_my_stack
                0x0000001e00014b60       0x10 /home/jongja.cho/Git/legacy/rebel_cds_collab_hw/bootloader/cp/tf-a/build/rebel_h/debug/bl1/platform_mp_stack.o
                0x0000001e00014b60                plat_set_my_stack
 .text.asm.plat_my_core_pos
                0x0000001e00014b70        0x8 /home/jongja.cho/Git/legacy/rebel_cds_collab_hw/bootloader/cp/tf-a/build/rebel_h/debug/bl1/plat_helper.o
                0x0000001e00014b70                plat_my_core_pos
 .text.asm.platform_mem_init
                0x0000001e00014b78        0x4 /home/jongja.cho/Git/legacy/rebel_cds_collab_hw/bootloader/cp/tf-a/build/rebel_h/debug/bl1/plat_helper.o
                0x0000001e00014b78                platform_mem_init
 .text.asm.plat_get_image_source
                0x0000001e00014b7c        0x0 /home/jongja.cho/Git/legacy/rebel_cds_collab_hw/bootloader/cp/tf-a/build/rebel_h/debug/bl1/plat_helper.o
                0x0000001e00014b7c                plat_get_image_source
 .text.asm.plat_reset_handler
                0x0000001e00014b7c        0x0 /home/jongja.cho/Git/legacy/rebel_cds_collab_hw/bootloader/cp/tf-a/build/rebel_h/debug/bl1/plat_helper.o
                0x0000001e00014b7c                plat_reset_handler
 .text.asm.plat_crash_console_init
                0x0000001e00014b7c       0x20 /home/jongja.cho/Git/legacy/rebel_cds_collab_hw/bootloader/cp/tf-a/build/rebel_h/debug/bl1/plat_helper.o
                0x0000001e00014b7c                plat_crash_console_init
 .text.asm.plat_crash_console_putc
                0x0000001e00014b9c        0xc /home/jongja.cho/Git/legacy/rebel_cds_collab_hw/bootloader/cp/tf-a/build/rebel_h/debug/bl1/plat_helper.o
                0x0000001e00014b9c                plat_crash_console_putc
 .text.asm.plat_crash_console_flush
                0x0000001e00014ba8        0xc /home/jongja.cho/Git/legacy/rebel_cds_collab_hw/bootloader/cp/tf-a/build/rebel_h/debug/bl1/plat_helper.o
                0x0000001e00014ba8                plat_crash_console_flush
 .text.__assert
                0x0000001e00014bb4       0x1c /home/jongja.cho/Git/legacy/rebel_cds_collab_hw/bootloader/cp/tf-a/build/rebel_h/debug/lib/libc.a(assert.o)
                0x0000001e00014bb4                __assert
 .text.memcpy   0x0000001e00014bd0       0x20 /home/jongja.cho/Git/legacy/rebel_cds_collab_hw/bootloader/cp/tf-a/build/rebel_h/debug/lib/libc.a(memcpy.o)
                0x0000001e00014bd0                memcpy
 .text.memmove  0x0000001e00014bf0       0x34 /home/jongja.cho/Git/legacy/rebel_cds_collab_hw/bootloader/cp/tf-a/build/rebel_h/debug/lib/libc.a(memmove.o)
                0x0000001e00014bf0                memmove
 .text.unsigned_num_print.part.0
                0x0000001e00014c24       0xf4 /home/jongja.cho/Git/legacy/rebel_cds_collab_hw/bootloader/cp/tf-a/build/rebel_h/debug/lib/libc.a(printf.o)
 .text.vprintf  0x0000001e00014d18      0x4a8 /home/jongja.cho/Git/legacy/rebel_cds_collab_hw/bootloader/cp/tf-a/build/rebel_h/debug/lib/libc.a(printf.o)
                0x0000001e00014d18                vprintf
 .text.printf   0x0000001e000151c0       0x54 /home/jongja.cho/Git/legacy/rebel_cds_collab_hw/bootloader/cp/tf-a/build/rebel_h/debug/lib/libc.a(printf.o)
                0x0000001e000151c0                printf
 .text.memset   0x0000001e00015214       0x74 /home/jongja.cho/Git/legacy/rebel_cds_collab_hw/bootloader/cp/tf-a/build/rebel_h/debug/lib/libc.a(memset.o)
                0x0000001e00015214                memset
 *(SORT_BY_ALIGNMENT(.rodata*))
 .rodata.CSWTCH.3
                0x0000001e00015288       0x20 /home/jongja.cho/Git/legacy/rebel_cds_collab_hw/bootloader/cp/tf-a/build/rebel_h/debug/bl1/plat_common.o
 .rodata.plat_prefix_str
                0x0000001e000152a8       0x28 /home/jongja.cho/Git/legacy/rebel_cds_collab_hw/bootloader/cp/tf-a/build/rebel_h/debug/bl1/plat_log_common.o
 .rodata.CSWTCH.6
                0x0000001e000152d0       0x28 /home/jongja.cho/Git/legacy/rebel_cds_collab_hw/bootloader/cp/tf-a/build/rebel_h/debug/bl1/rebel_h_pmu.o
 .rodata        0x0000001e000152f8       0x80 /home/jongja.cho/Git/legacy/rebel_cds_collab_hw/bootloader/cp/tf-a/build/rebel_h/debug/bl1/rebel_h_pmu.o
 .rodata.active_rbc_base
                0x0000001e00015378       0x80 /home/jongja.cho/Git/legacy/rebel_cds_collab_hw/bootloader/cp/tf-a/build/rebel_h/debug/bl1/rebel_h_rbc.o
 .rodata.errata_entries
                0x0000001e000153f8       0x60 /home/jongja.cho/Git/legacy/rebel_cds_collab_hw/bootloader/cp/tf-a/build/rebel_h/debug/bl1/cortex_a73.o
 .rodata.pll_table_f0434
                0x0000001e00015458       0xc8 /home/jongja.cho/Git/legacy/rebel_cds_collab_hw/bootloader/cp/tf-a/build/rebel_h/debug/bl1/cmu.o
 .rodata.pa_range_bits_arr
                0x0000001e00015520       0x20 /home/jongja.cho/Git/legacy/rebel_cds_collab_hw/bootloader/cp/tf-a/build/rebel_h/debug/bl1/xlat_tables_arch.o
 .rodata.vprintf
                0x0000001e00015540       0x30 /home/jongja.cho/Git/legacy/rebel_cds_collab_hw/bootloader/cp/tf-a/build/rebel_h/debug/lib/libc.a(printf.o)
 .rodata.bl1_prepare_next_image.str1.1
                0x0000001e00015570      0x765 /home/jongja.cho/Git/legacy/rebel_cds_collab_hw/bootloader/cp/tf-a/build/rebel_h/debug/bl1/bl1_context_mgmt.o
                                         0x50 (size before relaxing)
 .rodata.__func__.0
                0x0000001e00015cd5       0x17 /home/jongja.cho/Git/legacy/rebel_cds_collab_hw/bootloader/cp/tf-a/build/rebel_h/debug/bl1/bl1_context_mgmt.o
 .rodata.bl1_main.str1.1
                0x0000001e00015cec       0xe7 /home/jongja.cho/Git/legacy/rebel_cds_collab_hw/bootloader/cp/tf-a/build/rebel_h/debug/bl1/bl1_main.o
 .rodata.bl1_print_next_bl_ep_info.str1.1
                0x0000001e00015cec       0x14 /home/jongja.cho/Git/legacy/rebel_cds_collab_hw/bootloader/cp/tf-a/build/rebel_h/debug/bl1/bl1_main.o
 .rodata.bl1_smc_handler.str1.1
                0x0000001e00015cec       0x23 /home/jongja.cho/Git/legacy/rebel_cds_collab_hw/bootloader/cp/tf-a/build/rebel_h/debug/bl1/bl1_main.o
 .rodata.build_version_string
                0x0000001e00015cec       0x2e /home/jongja.cho/Git/legacy/rebel_cds_collab_hw/bootloader/cp/tf-a/build/rebel_h/debug/bl1/bl1_main.o
 .rodata.build_message
                0x0000001e00015d1a       0x1e /home/jongja.cho/Git/legacy/rebel_cds_collab_hw/bootloader/cp/tf-a/build/rebel_h/debug/bl1/bl1_main.o
 .rodata.backtrace.str1.1
                0x0000001e00015d38       0xcd /home/jongja.cho/Git/legacy/rebel_cds_collab_hw/bootloader/cp/tf-a/build/rebel_h/debug/bl1/backtrace.o
 .rodata.load_image.str1.1
                0x0000001e00015d38       0xea /home/jongja.cho/Git/legacy/rebel_cds_collab_hw/bootloader/cp/tf-a/build/rebel_h/debug/bl1/bl_common.o
 .rodata.dma_start.str1.1
                0x0000001e00015d38       0x43 /home/jongja.cho/Git/legacy/rebel_cds_collab_hw/bootloader/cp/tf-a/build/rebel_h/debug/bl1/pl330.o
 .rodata.dma_load_image.str1.1
                0x0000001e00015d38       0x45 /home/jongja.cho/Git/legacy/rebel_cds_collab_hw/bootloader/cp/tf-a/build/rebel_h/debug/bl1/pl330.o
 .rodata.__func__.0
                0x0000001e00015d38        0xf /home/jongja.cho/Git/legacy/rebel_cds_collab_hw/bootloader/cp/tf-a/build/rebel_h/debug/bl1/pl330.o
 .rodata.generic_errata_report.str1.1
                0x0000001e00015d47       0x6c /home/jongja.cho/Git/legacy/rebel_cds_collab_hw/bootloader/cp/tf-a/build/rebel_h/debug/bl1/errata_report.o
 .rodata.cm_setup_context.str1.1
                0x0000001e00015d47       0x19 /home/jongja.cho/Git/legacy/rebel_cds_collab_hw/bootloader/cp/tf-a/build/rebel_h/debug/bl1/context_mgmt.o
 .rodata.__func__.0
                0x0000001e00015d47       0x11 /home/jongja.cho/Git/legacy/rebel_cds_collab_hw/bootloader/cp/tf-a/build/rebel_h/debug/bl1/context_mgmt.o
 .rodata.mmap_add_region_ctx.str1.1
                0x0000001e00015d58       0x2b /home/jongja.cho/Git/legacy/rebel_cds_collab_hw/bootloader/cp/tf-a/build/rebel_h/debug/bl1/xlat_tables_core.o
 .rodata.init_xlat_tables_ctx.str1.1
                0x0000001e00015d58       0x4f /home/jongja.cho/Git/legacy/rebel_cds_collab_hw/bootloader/cp/tf-a/build/rebel_h/debug/bl1/xlat_tables_core.o
 .rodata.__func__.0
                0x0000001e00015d58       0x15 /home/jongja.cho/Git/legacy/rebel_cds_collab_hw/bootloader/cp/tf-a/build/rebel_h/debug/bl1/xlat_tables_core.o
 .rodata.str1.1
                0x0000001e00015d6d       0x10 /home/jongja.cho/Git/legacy/rebel_cds_collab_hw/bootloader/cp/tf-a/build/rebel_h/debug/bl1/plat_common.o
 .rodata.str1.1
                0x0000001e00015d6d       0x32 /home/jongja.cho/Git/legacy/rebel_cds_collab_hw/bootloader/cp/tf-a/build/rebel_h/debug/bl1/plat_log_common.o
 .rodata.bl1_early_platform_setup.str1.1
                0x0000001e00015d6d      0x112 /home/jongja.cho/Git/legacy/rebel_cds_collab_hw/bootloader/cp/tf-a/build/rebel_h/debug/bl1/rebel_h_bl1_setup.o
 .rodata.pmu_release_cm7.str1.1
                0x0000001e00015d6d       0x25 /home/jongja.cho/Git/legacy/rebel_cds_collab_hw/bootloader/cp/tf-a/build/rebel_h/debug/bl1/rebel_h_pmu.o
 .rodata.pmu_get_bootmode_str.str1.1
                0x0000001e00015d6d        0x8 /home/jongja.cho/Git/legacy/rebel_cds_collab_hw/bootloader/cp/tf-a/build/rebel_h/debug/bl1/rebel_h_pmu.o
 .rodata.pmu_get_bootreason_str.str1.1
                0x0000001e00015d6d       0xcd /home/jongja.cho/Git/legacy/rebel_cds_collab_hw/bootloader/cp/tf-a/build/rebel_h/debug/bl1/rebel_h_pmu.o
 .rodata.pmu_enable_blk_rbc.str1.1
                0x0000001e00015d6d       0x2c /home/jongja.cho/Git/legacy/rebel_cds_collab_hw/bootloader/cp/tf-a/build/rebel_h/debug/bl1/rebel_h_pmu.o
 .rodata.str1.1
                0x0000001e00015d6d       0x35 /home/jongja.cho/Git/legacy/rebel_cds_collab_hw/bootloader/cp/tf-a/build/rebel_h/debug/bl1/rebel_h_pmu.o
 .rodata.panic_str
                0x0000001e00015d6d       0x11 /home/jongja.cho/Git/legacy/rebel_cds_collab_hw/bootloader/cp/tf-a/build/rebel_h/debug/bl1/debug.o
 .rodata.str1.1
                0x0000001e00015d7e       0x28 /home/jongja.cho/Git/legacy/rebel_cds_collab_hw/bootloader/cp/tf-a/build/rebel_h/debug/bl1/16550_console.o
 .rodata.str1.1
                0x0000001e00015da6       0x1b /home/jongja.cho/Git/legacy/rebel_cds_collab_hw/bootloader/cp/tf-a/build/rebel_h/debug/bl1/misc_helpers.o
 .rodata.str1.1
                0x0000001e00015dc1       0x26 /home/jongja.cho/Git/legacy/rebel_cds_collab_hw/bootloader/cp/tf-a/build/rebel_h/debug/bl1/cortex_a73.o
 .rodata        0x0000001e00015de7        0xb /home/jongja.cho/Git/legacy/rebel_cds_collab_hw/bootloader/cp/tf-a/build/rebel_h/debug/bl1/cortex_a73.o
 .rodata.str1.1
                0x0000001e00015df2       0x1f /home/jongja.cho/Git/legacy/rebel_cds_collab_hw/bootloader/cp/tf-a/build/rebel_h/debug/bl1/cpu_helpers.o
 .rodata.str1.1
                0x0000001e00015e11       0x22 /home/jongja.cho/Git/legacy/rebel_cds_collab_hw/bootloader/cp/tf-a/build/rebel_h/debug/bl1/context.o
 .rodata.str1.1
                0x0000001e00015e33       0x28 /home/jongja.cho/Git/legacy/rebel_cds_collab_hw/bootloader/cp/tf-a/build/rebel_h/debug/bl1/enable_mmu.o
 .rodata.__assert.str1.1
                0x0000001e00015e5b        0x7 /home/jongja.cho/Git/legacy/rebel_cds_collab_hw/bootloader/cp/tf-a/build/rebel_h/debug/lib/libc.a(assert.o)
 .rodata.vprintf.str1.1
                0x0000001e00015e5b        0x3 /home/jongja.cho/Git/legacy/rebel_cds_collab_hw/bootloader/cp/tf-a/build/rebel_h/debug/lib/libc.a(printf.o)
                0x0000001e00015e80                . = ALIGN (0x8)
 *fill*         0x0000001e00015e5b        0x5 
                0x0000001e00015e60                __RT_SVC_DESCS_START__ = .
 *(SORT_BY_ALIGNMENT(.rt_svc_descs))
                0x0000001e00015e60                __RT_SVC_DESCS_END__ = .
                0x0000001e00015e60                . = ALIGN (0x8)
                0x0000001e00015e60                __FCONF_POPULATOR_START__ = .
 *(SORT_BY_ALIGNMENT(.fconf_populator))
                0x0000001e00015e60                __FCONF_POPULATOR_END__ = .
                0x0000001e00015e60                . = ALIGN (0x8)
                0x0000001e00015e60                __PMF_SVC_DESCS_START__ = .
 *(SORT_BY_ALIGNMENT(.pmf_svc_descs))
                0x0000001e00015e60                __PMF_SVC_DESCS_END__ = .
                0x0000001e00015e60                . = ALIGN (0x8)
                0x0000001e00015e60                __PARSER_LIB_DESCS_START__ = .
 *(SORT_BY_ALIGNMENT(.img_parser_lib_descs))
                0x0000001e00015e60                __PARSER_LIB_DESCS_END__ = .
                0x0000001e00015e60                . = ALIGN (0x8)
                0x0000001e00015e60                __CPU_OPS_START__ = .
 *(SORT_BY_ALIGNMENT(.cpu_ops))
 .cpu_ops       0x0000001e00015e60       0x30 /home/jongja.cho/Git/legacy/rebel_cds_collab_hw/bootloader/cp/tf-a/build/rebel_h/debug/bl1/cortex_a73.o
                0x0000001e00015e90                __CPU_OPS_END__ = .
                0x0000001e00015e90                . = ALIGN (0x8)
                0x0000001e00015e90                __GOT_START__ = .
 *(SORT_BY_ALIGNMENT(.got))
                0x0000001e00015e90                __GOT_END__ = .
 *(SORT_BY_ALIGNMENT(.vectors))
 *fill*         0x0000001e00015e90      0x170 
 .vectors       0x0000001e00016000      0x800 /home/jongja.cho/Git/legacy/rebel_cds_collab_hw/bootloader/cp/tf-a/build/rebel_h/debug/bl1/bl1_exceptions.o
                0x0000001e00016000                bl1_exceptions
                0x0000001e00016800                __RO_END__ = .
                0x0000001e00016800                . = ALIGN (0x10)
                0x0000000000000001                ASSERT ((__CPU_OPS_END__ > __CPU_OPS_START__), cpu_ops not defined for this platform.)
                0x0000001e00016800                ROM_REGION_END = .

.iplt           0x0000001e00016800        0x0
 .iplt          0x0000001e00016800        0x0 /home/jongja.cho/Git/legacy/rebel_cds_collab_hw/bootloader/cp/tf-a/build/rebel_h/debug/bl1/bl1_context_mgmt.o

.rela.dyn       0x0000001e00016800        0x0
 .rela.iplt     0x0000001e00016800        0x0 /home/jongja.cho/Git/legacy/rebel_cds_collab_hw/bootloader/cp/tf-a/build/rebel_h/debug/bl1/bl1_context_mgmt.o
 .rela.text.console_register
                0x0000001e00016800        0x0 /home/jongja.cho/Git/legacy/rebel_cds_collab_hw/bootloader/cp/tf-a/build/rebel_h/debug/bl1/bl1_context_mgmt.o
 .rela.text.asm.bl1_entrypoint
                0x0000001e00016800        0x0 /home/jongja.cho/Git/legacy/rebel_cds_collab_hw/bootloader/cp/tf-a/build/rebel_h/debug/bl1/bl1_context_mgmt.o
 .rela.text.asm.get_cpu_ops_ptr
                0x0000001e00016800        0x0 /home/jongja.cho/Git/legacy/rebel_cds_collab_hw/bootloader/cp/tf-a/build/rebel_h/debug/bl1/bl1_context_mgmt.o
                0x0000001e0001a000                . = 0x1e0001a000
                0x0000000000000001                ASSERT ((0x1e0001a000 == ALIGN (0x1000)), BL1_RW_BASE address is not aligned on a page boundary.)
                0x0000001e0001a000                __RW_START__ = .

.data           0x0000001e0001a000      0x130 load address 0x0000001e00016800
                0x0000001e0001a000                __DATA_START__ = .
 *(SORT_BY_ALIGNMENT(.data*))
 .data.qspi_bridge_cfg
                0x0000001e0001a000       0x10 /home/jongja.cho/Git/legacy/rebel_cds_collab_hw/bootloader/cp/tf-a/build/rebel_h/debug/bl1/qspi_bridge.o
                0x0000001e0001a000                qspi_bridge_cfg
 .data.qspi_cfg
                0x0000001e0001a010       0x30 /home/jongja.cho/Git/legacy/rebel_cds_collab_hw/bootloader/cp/tf-a/build/rebel_h/debug/bl1/qspi_bridge.o
                0x0000001e0001a010                qspi_cfg
 .data.tf_xlat_ctx
                0x0000001e0001a040       0x60 /home/jongja.cho/Git/legacy/rebel_cds_collab_hw/bootloader/cp/tf-a/build/rebel_h/debug/bl1/xlat_tables_context.o
 .data.bl2_pre_loaded_img_desc.0
                0x0000001e0001a0a0       0x80 /home/jongja.cho/Git/legacy/rebel_cds_collab_hw/bootloader/cp/tf-a/build/rebel_h/debug/bl1/rebel_h_bl1_setup.o
 .data.max_log_level
                0x0000001e0001a120        0x4 /home/jongja.cho/Git/legacy/rebel_cds_collab_hw/bootloader/cp/tf-a/build/rebel_h/debug/bl1/tf_log.o
 .data.console_state
                0x0000001e0001a124        0x4 /home/jongja.cho/Git/legacy/rebel_cds_collab_hw/bootloader/cp/tf-a/build/rebel_h/debug/bl1/multi_console.o
 .data.num_of_active_rbc
                0x0000001e0001a128        0x4 /home/jongja.cho/Git/legacy/rebel_cds_collab_hw/bootloader/cp/tf-a/build/rebel_h/debug/bl1/rebel_h_rbc.o
                0x0000001e0001a128                num_of_active_rbc
 .data.num_of_chips
                0x0000001e0001a12c        0x4 /home/jongja.cho/Git/legacy/rebel_cds_collab_hw/bootloader/cp/tf-a/build/rebel_h/debug/bl1/rebel_h_rbc.o
                0x0000001e0001a12c                num_of_chips
                0x0000001e0001a130                __DATA_END__ = .
                0x0000001e0001a000                __DATA_RAM_START__ = __DATA_START__
                0x0000001e0001a130                __DATA_RAM_END__ = __DATA_END__

.igot.plt       0x0000001e0001a130        0x0 load address 0x0000001e00016930
 .igot.plt      0x0000001e0001a130        0x0 /home/jongja.cho/Git/legacy/rebel_cds_collab_hw/bootloader/cp/tf-a/build/rebel_h/debug/bl1/bl1_context_mgmt.o

.stacks         0x0000001e0001a140     0x4000 load address 0x0000001e00016930
                0x0000001e0001a140                __STACKS_START__ = .
 *(SORT_BY_ALIGNMENT(.tzfw_normal_stacks))
 .tzfw_normal_stacks
                0x0000001e0001a140     0x4000 /home/jongja.cho/Git/legacy/rebel_cds_collab_hw/bootloader/cp/tf-a/build/rebel_h/debug/bl1/platform_mp_stack.o
                0x0000001e0001e140                __STACKS_END__ = .

.bss            0x0000001e0001e140      0xe50 load address 0x0000001e00016930
                0x0000001e0001e140                __BSS_START__ = .
 *(SORT_BY_ALIGNMENT(.bss*))
 .bss.bl1_cpu_context
                0x0000001e0001e140      0x500 /home/jongja.cho/Git/legacy/rebel_cds_collab_hw/bootloader/cp/tf-a/build/rebel_h/debug/bl1/bl1_context_mgmt.o
 .bss.mcode     0x0000001e0001e640      0x400 /home/jongja.cho/Git/legacy/rebel_cds_collab_hw/bootloader/cp/tf-a/build/rebel_h/debug/bl1/pl330.o
                0x0000001e0001e640                mcode
 .bss.pl330_data
                0x0000001e0001ea40       0x90 /home/jongja.cho/Git/legacy/rebel_cds_collab_hw/bootloader/cp/tf-a/build/rebel_h/debug/bl1/pl330.o
 .bss.console_list
                0x0000001e0001ead0        0x8 /home/jongja.cho/Git/legacy/rebel_cds_collab_hw/bootloader/cp/tf-a/build/rebel_h/debug/bl1/multi_console.o
                0x0000001e0001ead0                console_list
 .bss.timer_ops
                0x0000001e0001ead8        0x8 /home/jongja.cho/Git/legacy/rebel_cds_collab_hw/bootloader/cp/tf-a/build/rebel_h/debug/bl1/delay_timer.o
 .bss.ops       0x0000001e0001eae0       0x20 /home/jongja.cho/Git/legacy/rebel_cds_collab_hw/bootloader/cp/tf-a/build/rebel_h/debug/bl1/generic_delay_timer.o
 .bss.entity_map
                0x0000001e0001eb00       0x20 /home/jongja.cho/Git/legacy/rebel_cds_collab_hw/bootloader/cp/tf-a/build/rebel_h/debug/bl1/io_storage.o
 .bss.entity_pool
                0x0000001e0001eb20       0x40 /home/jongja.cho/Git/legacy/rebel_cds_collab_hw/bootloader/cp/tf-a/build/rebel_h/debug/bl1/io_storage.o
 .bss.per_world_context
                0x0000001e0001eb60       0x20 /home/jongja.cho/Git/legacy/rebel_cds_collab_hw/bootloader/cp/tf-a/build/rebel_h/debug/bl1/context_mgmt.o
                0x0000001e0001eb60                per_world_context
 .bss.tf_mmap   0x0000001e0001eb80      0x398 /home/jongja.cho/Git/legacy/rebel_cds_collab_hw/bootloader/cp/tf-a/build/rebel_h/debug/bl1/xlat_tables_context.o
 .bss.mmu_cfg_params
                0x0000001e0001ef18       0x18 /home/jongja.cho/Git/legacy/rebel_cds_collab_hw/bootloader/cp/tf-a/build/rebel_h/debug/bl1/xlat_tables_context.o
                0x0000001e0001ef18                mmu_cfg_params
 .bss.plat_try_img_ops
                0x0000001e0001ef30        0x8 /home/jongja.cho/Git/legacy/rebel_cds_collab_hw/bootloader/cp/tf-a/build/rebel_h/debug/bl1/plat_common.o
                0x0000001e0001ef30                plat_try_img_ops
 .bss.bl1_tzram_layout
                0x0000001e0001ef38       0x10 /home/jongja.cho/Git/legacy/rebel_cds_collab_hw/bootloader/cp/tf-a/build/rebel_h/debug/bl1/rebel_h_bl1_setup.o
 .bss.rebel_console
                0x0000001e0001ef48       0x28 /home/jongja.cho/Git/legacy/rebel_cds_collab_hw/bootloader/cp/tf-a/build/rebel_h/debug/bl1/rebel_h_bl1_setup.o
 .bss.entity_count
                0x0000001e0001ef70        0x4 /home/jongja.cho/Git/legacy/rebel_cds_collab_hw/bootloader/cp/tf-a/build/rebel_h/debug/bl1/io_storage.o
 *(SORT_BY_ALIGNMENT(COMMON))
                0x0000001e0001ef80                . = ALIGN (0x40)
 *fill*         0x0000001e0001ef74        0xc 
                0x0000001e0001ef80                __PMF_TIMESTAMP_START__ = .
 *(SORT_BY_ALIGNMENT(.pmf_timestamp_array))
                0x0000001e0001ef80                . = ALIGN (0x40)
                0x0000001e0001ef80                __PMF_PERCPU_TIMESTAMP_END__ = .
                0x0000000000000000                __PERCPU_TIMESTAMP_SIZE__ = ABSOLUTE ((. - __PMF_TIMESTAMP_START__))
                0x0000001e0001ef80                . = (. + (__PERCPU_TIMESTAMP_SIZE__ * 0x3))
                0x0000001e0001ef80                __PMF_TIMESTAMP_END__ = .
                0x0000001e0001ef80                __BSS_END__ = .
                0x0000001e0001ef80                . = ALIGN (0x10)
                0x0000001e0001ef80                __BASE_XLAT_TABLE_START__ = .
 *(SORT_BY_ALIGNMENT(.base_xlat_table))
 .base_xlat_table
                0x0000001e0001ef80       0x10 /home/jongja.cho/Git/legacy/rebel_cds_collab_hw/bootloader/cp/tf-a/build/rebel_h/debug/bl1/xlat_tables_context.o
                0x0000001e0001ef90                __BASE_XLAT_TABLE_END__ = .

.xlat_table     0x0000001e0001f000    0x10000 load address 0x0000001e00016930
                0x0000001e0001f000                __XLAT_TABLE_START__ = .
 *(SORT_BY_ALIGNMENT(.xlat_table))
 .xlat_table    0x0000001e0001f000    0x10000 /home/jongja.cho/Git/legacy/rebel_cds_collab_hw/bootloader/cp/tf-a/build/rebel_h/debug/bl1/xlat_tables_context.o
                0x0000001e0002f000                __XLAT_TABLE_END__ = .

.coherent_ram   0x0000001e0002f000        0x0 load address 0x0000001e00017000
                0x0000001e0002f000                __COHERENT_RAM_START__ = .
 *(SORT_BY_ALIGNMENT(.tzfw_coherent_mem))
                0x0000001e0002f000                __COHERENT_RAM_END_UNALIGNED__ = .
                0x0000001e0002f000                . = ALIGN (0x1000)
                0x0000001e0002f000                __COHERENT_RAM_END__ = .
                0x0000001e0002f000                __RW_END__ = .
                0x0000001e0001a000                __BL1_RAM_START__ = ADDR (.data)
                0x0000001e0002f000                __BL1_RAM_END__ = .
                0x0000001e00016800                __DATA_ROM_START__ = LOADADDR (.data)
                0x0000000000000130                __DATA_SIZE__ = SIZEOF (.data)
                0x0000001e00016930                __BL1_ROM_END__ = (__DATA_ROM_START__ + __DATA_SIZE__)
                0x0000000000000001                ASSERT ((__BL1_ROM_END__ <= 0x1e0001a000), BL1's ROM content has exceeded its limit.)
                0x0000000000000e50                __BSS_SIZE__ = SIZEOF (.bss)
                0x0000000000000000                __COHERENT_RAM_UNALIGNED_SIZE__ = (__COHERENT_RAM_END_UNALIGNED__ - __COHERENT_RAM_START__)
                0x0000000000000001                ASSERT ((. <= 0x1e00030000), BL1's RW section has exceeded its limit.)
                0x0000001e0002f000                RAM_REGION_END = .
START GROUP
LOAD /home/jongja.cho/Git/legacy/rebel_cds_collab_hw/bootloader/cp/tf-a/build/rebel_h/debug/bl1/gpio.o
LOAD /home/jongja.cho/Git/legacy/rebel_cds_collab_hw/bootloader/cp/tf-a/build/rebel_h/debug/bl1/bl1_arch_setup.o
LOAD /home/jongja.cho/Git/legacy/rebel_cds_collab_hw/bootloader/cp/tf-a/build/rebel_h/debug/bl1/bl1_context_mgmt.o
LOAD /home/jongja.cho/Git/legacy/rebel_cds_collab_hw/bootloader/cp/tf-a/build/rebel_h/debug/bl1/bl1_main.o
LOAD /home/jongja.cho/Git/legacy/rebel_cds_collab_hw/bootloader/cp/tf-a/build/rebel_h/debug/bl1/backtrace.o
LOAD /home/jongja.cho/Git/legacy/rebel_cds_collab_hw/bootloader/cp/tf-a/build/rebel_h/debug/bl1/bl_common.o
LOAD /home/jongja.cho/Git/legacy/rebel_cds_collab_hw/bootloader/cp/tf-a/build/rebel_h/debug/bl1/desc_image_load.o
LOAD /home/jongja.cho/Git/legacy/rebel_cds_collab_hw/bootloader/cp/tf-a/build/rebel_h/debug/bl1/tf_crc32.o
LOAD /home/jongja.cho/Git/legacy/rebel_cds_collab_hw/bootloader/cp/tf-a/build/rebel_h/debug/bl1/tf_log.o
LOAD /home/jongja.cho/Git/legacy/rebel_cds_collab_hw/bootloader/cp/tf-a/build/rebel_h/debug/bl1/pl330.o
LOAD /home/jongja.cho/Git/legacy/rebel_cds_collab_hw/bootloader/cp/tf-a/build/rebel_h/debug/bl1/ucie.o
LOAD /home/jongja.cho/Git/legacy/rebel_cds_collab_hw/bootloader/cp/tf-a/build/rebel_h/debug/bl1/cmu.o
LOAD /home/jongja.cho/Git/legacy/rebel_cds_collab_hw/bootloader/cp/tf-a/build/rebel_h/debug/bl1/multi_console.o
LOAD /home/jongja.cho/Git/legacy/rebel_cds_collab_hw/bootloader/cp/tf-a/build/rebel_h/debug/bl1/delay_timer.o
LOAD /home/jongja.cho/Git/legacy/rebel_cds_collab_hw/bootloader/cp/tf-a/build/rebel_h/debug/bl1/generic_delay_timer.o
LOAD /home/jongja.cho/Git/legacy/rebel_cds_collab_hw/bootloader/cp/tf-a/build/rebel_h/debug/bl1/io_memmap.o
LOAD /home/jongja.cho/Git/legacy/rebel_cds_collab_hw/bootloader/cp/tf-a/build/rebel_h/debug/bl1/io_storage.o
LOAD /home/jongja.cho/Git/legacy/rebel_cds_collab_hw/bootloader/cp/tf-a/build/rebel_h/debug/bl1/gpt.o
LOAD /home/jongja.cho/Git/legacy/rebel_cds_collab_hw/bootloader/cp/tf-a/build/rebel_h/debug/bl1/partition_simple.o
LOAD /home/jongja.cho/Git/legacy/rebel_cds_collab_hw/bootloader/cp/tf-a/build/rebel_h/debug/bl1/qspi_apb.o
LOAD /home/jongja.cho/Git/legacy/rebel_cds_collab_hw/bootloader/cp/tf-a/build/rebel_h/debug/bl1/qspi_boot.o
LOAD /home/jongja.cho/Git/legacy/rebel_cds_collab_hw/bootloader/cp/tf-a/build/rebel_h/debug/bl1/qspi_bridge.o
LOAD /home/jongja.cho/Git/legacy/rebel_cds_collab_hw/bootloader/cp/tf-a/build/rebel_h/debug/bl1/dw_wdt.o
LOAD /home/jongja.cho/Git/legacy/rebel_cds_collab_hw/bootloader/cp/tf-a/build/rebel_h/debug/bl1/popcountdi2.o
LOAD /home/jongja.cho/Git/legacy/rebel_cds_collab_hw/bootloader/cp/tf-a/build/rebel_h/debug/bl1/popcountsi2.o
LOAD /home/jongja.cho/Git/legacy/rebel_cds_collab_hw/bootloader/cp/tf-a/build/rebel_h/debug/bl1/errata_common.o
LOAD /home/jongja.cho/Git/legacy/rebel_cds_collab_hw/bootloader/cp/tf-a/build/rebel_h/debug/bl1/errata_report.o
LOAD /home/jongja.cho/Git/legacy/rebel_cds_collab_hw/bootloader/cp/tf-a/build/rebel_h/debug/bl1/context_mgmt.o
LOAD /home/jongja.cho/Git/legacy/rebel_cds_collab_hw/bootloader/cp/tf-a/build/rebel_h/debug/bl1/pmuv3.o
LOAD /home/jongja.cho/Git/legacy/rebel_cds_collab_hw/bootloader/cp/tf-a/build/rebel_h/debug/bl1/sic.o
LOAD /home/jongja.cho/Git/legacy/rebel_cds_collab_hw/bootloader/cp/tf-a/build/rebel_h/debug/bl1/xlat_tables_arch.o
LOAD /home/jongja.cho/Git/legacy/rebel_cds_collab_hw/bootloader/cp/tf-a/build/rebel_h/debug/bl1/xlat_tables_context.o
LOAD /home/jongja.cho/Git/legacy/rebel_cds_collab_hw/bootloader/cp/tf-a/build/rebel_h/debug/bl1/xlat_tables_core.o
LOAD /home/jongja.cho/Git/legacy/rebel_cds_collab_hw/bootloader/cp/tf-a/build/rebel_h/debug/bl1/xlat_tables_utils.o
LOAD /home/jongja.cho/Git/legacy/rebel_cds_collab_hw/bootloader/cp/tf-a/build/rebel_h/debug/bl1/plat_common.o
LOAD /home/jongja.cho/Git/legacy/rebel_cds_collab_hw/bootloader/cp/tf-a/build/rebel_h/debug/bl1/plat_bl1_common.o
LOAD /home/jongja.cho/Git/legacy/rebel_cds_collab_hw/bootloader/cp/tf-a/build/rebel_h/debug/bl1/plat_bl_common.o
LOAD /home/jongja.cho/Git/legacy/rebel_cds_collab_hw/bootloader/cp/tf-a/build/rebel_h/debug/bl1/plat_log_common.o
LOAD /home/jongja.cho/Git/legacy/rebel_cds_collab_hw/bootloader/cp/tf-a/build/rebel_h/debug/bl1/rebel_h_bl1_setup.o
LOAD /home/jongja.cho/Git/legacy/rebel_cds_collab_hw/bootloader/cp/tf-a/build/rebel_h/debug/bl1/rebel_h_pcie.o
LOAD /home/jongja.cho/Git/legacy/rebel_cds_collab_hw/bootloader/cp/tf-a/build/rebel_h/debug/bl1/rebel_h_plat.o
LOAD /home/jongja.cho/Git/legacy/rebel_cds_collab_hw/bootloader/cp/tf-a/build/rebel_h/debug/bl1/rebel_h_pmu.o
LOAD /home/jongja.cho/Git/legacy/rebel_cds_collab_hw/bootloader/cp/tf-a/build/rebel_h/debug/bl1/rebel_h_rbc.o
LOAD /home/jongja.cho/Git/legacy/rebel_cds_collab_hw/bootloader/cp/tf-a/build/rebel_h/debug/bl1/rebel_h_topology.o
LOAD /home/jongja.cho/Git/legacy/rebel_cds_collab_hw/bootloader/cp/tf-a/build/rebel_h/debug/bl1/bl1_entrypoint.o
LOAD /home/jongja.cho/Git/legacy/rebel_cds_collab_hw/bootloader/cp/tf-a/build/rebel_h/debug/bl1/bl1_exceptions.o
LOAD /home/jongja.cho/Git/legacy/rebel_cds_collab_hw/bootloader/cp/tf-a/build/rebel_h/debug/bl1/debug.o
LOAD /home/jongja.cho/Git/legacy/rebel_cds_collab_hw/bootloader/cp/tf-a/build/rebel_h/debug/bl1/16550_console.o
LOAD /home/jongja.cho/Git/legacy/rebel_cds_collab_hw/bootloader/cp/tf-a/build/rebel_h/debug/bl1/cache_helpers.o
LOAD /home/jongja.cho/Git/legacy/rebel_cds_collab_hw/bootloader/cp/tf-a/build/rebel_h/debug/bl1/misc_helpers.o
LOAD /home/jongja.cho/Git/legacy/rebel_cds_collab_hw/bootloader/cp/tf-a/build/rebel_h/debug/bl1/cortex_a73.o
LOAD /home/jongja.cho/Git/legacy/rebel_cds_collab_hw/bootloader/cp/tf-a/build/rebel_h/debug/bl1/cpu_helpers.o
LOAD /home/jongja.cho/Git/legacy/rebel_cds_collab_hw/bootloader/cp/tf-a/build/rebel_h/debug/bl1/wa_cve_2017_5715_bpiall.o
LOAD /home/jongja.cho/Git/legacy/rebel_cds_collab_hw/bootloader/cp/tf-a/build/rebel_h/debug/bl1/context.o
LOAD /home/jongja.cho/Git/legacy/rebel_cds_collab_hw/bootloader/cp/tf-a/build/rebel_h/debug/bl1/spinlock.o
LOAD /home/jongja.cho/Git/legacy/rebel_cds_collab_hw/bootloader/cp/tf-a/build/rebel_h/debug/bl1/enable_mmu.o
LOAD /home/jongja.cho/Git/legacy/rebel_cds_collab_hw/bootloader/cp/tf-a/build/rebel_h/debug/bl1/platform_helpers.o
LOAD /home/jongja.cho/Git/legacy/rebel_cds_collab_hw/bootloader/cp/tf-a/build/rebel_h/debug/bl1/platform_mp_stack.o
LOAD /home/jongja.cho/Git/legacy/rebel_cds_collab_hw/bootloader/cp/tf-a/build/rebel_h/debug/bl1/platform_up_stack.o
LOAD /home/jongja.cho/Git/legacy/rebel_cds_collab_hw/bootloader/cp/tf-a/build/rebel_h/debug/bl1/plat_helper.o
LOAD /home/jongja.cho/Git/legacy/rebel_cds_collab_hw/bootloader/cp/tf-a/build/rebel_h/debug/lib/libc.a
END GROUP
OUTPUT(/home/jongja.cho/Git/legacy/rebel_cds_collab_hw/bootloader/cp/tf-a/build/rebel_h/debug/bl1/bl1.elf elf64-littleaarch64)
LOAD linker stubs

.debug_info     0x0000000000000000    0x7348d
 .debug_info    0x0000000000000000      0x1ab /home/jongja.cho/Git/legacy/rebel_cds_collab_hw/bootloader/cp/tf-a/build/rebel_h/debug/bl1/bl1_arch_setup.o
 .debug_info    0x00000000000001ab      0xab4 /home/jongja.cho/Git/legacy/rebel_cds_collab_hw/bootloader/cp/tf-a/build/rebel_h/debug/bl1/bl1_context_mgmt.o
 .debug_info    0x0000000000000c5f      0xf97 /home/jongja.cho/Git/legacy/rebel_cds_collab_hw/bootloader/cp/tf-a/build/rebel_h/debug/bl1/bl1_main.o
 .debug_info    0x0000000000001bf6      0x85b /home/jongja.cho/Git/legacy/rebel_cds_collab_hw/bootloader/cp/tf-a/build/rebel_h/debug/bl1/backtrace.o
 .debug_info    0x0000000000002451      0x83c /home/jongja.cho/Git/legacy/rebel_cds_collab_hw/bootloader/cp/tf-a/build/rebel_h/debug/bl1/bl_common.o
 .debug_info    0x0000000000002c8d      0x31b /home/jongja.cho/Git/legacy/rebel_cds_collab_hw/bootloader/cp/tf-a/build/rebel_h/debug/bl1/tf_log.o
 .debug_info    0x0000000000002fa8     0x24cc /home/jongja.cho/Git/legacy/rebel_cds_collab_hw/bootloader/cp/tf-a/build/rebel_h/debug/bl1/pl330.o
 .debug_info    0x0000000000005474    0x5b98b /home/jongja.cho/Git/legacy/rebel_cds_collab_hw/bootloader/cp/tf-a/build/rebel_h/debug/bl1/cmu.o
 .debug_info    0x0000000000060dff      0x513 /home/jongja.cho/Git/legacy/rebel_cds_collab_hw/bootloader/cp/tf-a/build/rebel_h/debug/bl1/multi_console.o
 .debug_info    0x0000000000061312      0x396 /home/jongja.cho/Git/legacy/rebel_cds_collab_hw/bootloader/cp/tf-a/build/rebel_h/debug/bl1/delay_timer.o
 .debug_info    0x00000000000616a8      0x4a5 /home/jongja.cho/Git/legacy/rebel_cds_collab_hw/bootloader/cp/tf-a/build/rebel_h/debug/bl1/generic_delay_timer.o
 .debug_info    0x0000000000061b4d     0x1007 /home/jongja.cho/Git/legacy/rebel_cds_collab_hw/bootloader/cp/tf-a/build/rebel_h/debug/bl1/io_storage.o
 .debug_info    0x0000000000062b54     0x2bb4 /home/jongja.cho/Git/legacy/rebel_cds_collab_hw/bootloader/cp/tf-a/build/rebel_h/debug/bl1/qspi_boot.o
 .debug_info    0x0000000000065708     0x1801 /home/jongja.cho/Git/legacy/rebel_cds_collab_hw/bootloader/cp/tf-a/build/rebel_h/debug/bl1/qspi_bridge.o
 .debug_info    0x0000000000066f09      0x424 /home/jongja.cho/Git/legacy/rebel_cds_collab_hw/bootloader/cp/tf-a/build/rebel_h/debug/bl1/errata_report.o
 .debug_info    0x000000000006732d     0x2d63 /home/jongja.cho/Git/legacy/rebel_cds_collab_hw/bootloader/cp/tf-a/build/rebel_h/debug/bl1/context_mgmt.o
 .debug_info    0x000000000006a090      0x4e3 /home/jongja.cho/Git/legacy/rebel_cds_collab_hw/bootloader/cp/tf-a/build/rebel_h/debug/bl1/sic.o
 .debug_info    0x000000000006a573      0xe12 /home/jongja.cho/Git/legacy/rebel_cds_collab_hw/bootloader/cp/tf-a/build/rebel_h/debug/bl1/xlat_tables_arch.o
 .debug_info    0x000000000006b385      0xa2e /home/jongja.cho/Git/legacy/rebel_cds_collab_hw/bootloader/cp/tf-a/build/rebel_h/debug/bl1/xlat_tables_context.o
 .debug_info    0x000000000006bdb3      0xf85 /home/jongja.cho/Git/legacy/rebel_cds_collab_hw/bootloader/cp/tf-a/build/rebel_h/debug/bl1/xlat_tables_core.o
 .debug_info    0x000000000006cd38      0xa86 /home/jongja.cho/Git/legacy/rebel_cds_collab_hw/bootloader/cp/tf-a/build/rebel_h/debug/bl1/xlat_tables_utils.o
 .debug_info    0x000000000006d7be      0x203 /home/jongja.cho/Git/legacy/rebel_cds_collab_hw/bootloader/cp/tf-a/build/rebel_h/debug/bl1/plat_common.o
 .debug_info    0x000000000006d9c1      0x654 /home/jongja.cho/Git/legacy/rebel_cds_collab_hw/bootloader/cp/tf-a/build/rebel_h/debug/bl1/plat_bl1_common.o
 .debug_info    0x000000000006e015      0x5bd /home/jongja.cho/Git/legacy/rebel_cds_collab_hw/bootloader/cp/tf-a/build/rebel_h/debug/bl1/plat_bl_common.o
 .debug_info    0x000000000006e5d2      0x175 /home/jongja.cho/Git/legacy/rebel_cds_collab_hw/bootloader/cp/tf-a/build/rebel_h/debug/bl1/plat_log_common.o
 .debug_info    0x000000000006e747     0x12b0 /home/jongja.cho/Git/legacy/rebel_cds_collab_hw/bootloader/cp/tf-a/build/rebel_h/debug/bl1/rebel_h_bl1_setup.o
 .debug_info    0x000000000006f9f7      0x4a6 /home/jongja.cho/Git/legacy/rebel_cds_collab_hw/bootloader/cp/tf-a/build/rebel_h/debug/bl1/rebel_h_pcie.o
 .debug_info    0x000000000006fe9d      0x6d3 /home/jongja.cho/Git/legacy/rebel_cds_collab_hw/bootloader/cp/tf-a/build/rebel_h/debug/bl1/rebel_h_plat.o
 .debug_info    0x0000000000070570      0xb88 /home/jongja.cho/Git/legacy/rebel_cds_collab_hw/bootloader/cp/tf-a/build/rebel_h/debug/bl1/rebel_h_pmu.o
 .debug_info    0x00000000000710f8      0xed4 /home/jongja.cho/Git/legacy/rebel_cds_collab_hw/bootloader/cp/tf-a/build/rebel_h/debug/bl1/rebel_h_rbc.o
 .debug_info    0x0000000000071fcc      0x1b7 /home/jongja.cho/Git/legacy/rebel_cds_collab_hw/bootloader/cp/tf-a/build/rebel_h/debug/bl1/rebel_h_topology.o
 .debug_info    0x0000000000072183       0x43 /home/jongja.cho/Git/legacy/rebel_cds_collab_hw/bootloader/cp/tf-a/build/rebel_h/debug/bl1/bl1_entrypoint.o
 .debug_info    0x00000000000721c6       0x33 /home/jongja.cho/Git/legacy/rebel_cds_collab_hw/bootloader/cp/tf-a/build/rebel_h/debug/bl1/bl1_exceptions.o
 .debug_info    0x00000000000721f9       0x7e /home/jongja.cho/Git/legacy/rebel_cds_collab_hw/bootloader/cp/tf-a/build/rebel_h/debug/bl1/debug.o
 .debug_info    0x0000000000072277       0xa4 /home/jongja.cho/Git/legacy/rebel_cds_collab_hw/bootloader/cp/tf-a/build/rebel_h/debug/bl1/16550_console.o
 .debug_info    0x000000000007231b       0xe0 /home/jongja.cho/Git/legacy/rebel_cds_collab_hw/bootloader/cp/tf-a/build/rebel_h/debug/bl1/cache_helpers.o
 .debug_info    0x00000000000723fb       0xbf /home/jongja.cho/Git/legacy/rebel_cds_collab_hw/bootloader/cp/tf-a/build/rebel_h/debug/bl1/misc_helpers.o
 .debug_info    0x00000000000724ba       0xd5 /home/jongja.cho/Git/legacy/rebel_cds_collab_hw/bootloader/cp/tf-a/build/rebel_h/debug/bl1/cortex_a73.o
 .debug_info    0x000000000007258f       0x42 /home/jongja.cho/Git/legacy/rebel_cds_collab_hw/bootloader/cp/tf-a/build/rebel_h/debug/bl1/cpu_helpers.o
 .debug_info    0x00000000000725d1       0x53 /home/jongja.cho/Git/legacy/rebel_cds_collab_hw/bootloader/cp/tf-a/build/rebel_h/debug/bl1/context.o
 .debug_info    0x0000000000072624       0x61 /home/jongja.cho/Git/legacy/rebel_cds_collab_hw/bootloader/cp/tf-a/build/rebel_h/debug/bl1/enable_mmu.o
 .debug_info    0x0000000000072685       0xc4 /home/jongja.cho/Git/legacy/rebel_cds_collab_hw/bootloader/cp/tf-a/build/rebel_h/debug/bl1/platform_helpers.o
 .debug_info    0x0000000000072749       0x42 /home/jongja.cho/Git/legacy/rebel_cds_collab_hw/bootloader/cp/tf-a/build/rebel_h/debug/bl1/platform_mp_stack.o
 .debug_info    0x000000000007278b       0xb4 /home/jongja.cho/Git/legacy/rebel_cds_collab_hw/bootloader/cp/tf-a/build/rebel_h/debug/bl1/plat_helper.o
 .debug_info    0x000000000007283f      0x15a /home/jongja.cho/Git/legacy/rebel_cds_collab_hw/bootloader/cp/tf-a/build/rebel_h/debug/lib/libc.a(assert.o)
 .debug_info    0x0000000000072999       0xdc /home/jongja.cho/Git/legacy/rebel_cds_collab_hw/bootloader/cp/tf-a/build/rebel_h/debug/lib/libc.a(memcpy.o)
 .debug_info    0x0000000000072a75      0x134 /home/jongja.cho/Git/legacy/rebel_cds_collab_hw/bootloader/cp/tf-a/build/rebel_h/debug/lib/libc.a(memmove.o)
 .debug_info    0x0000000000072ba9      0x793 /home/jongja.cho/Git/legacy/rebel_cds_collab_hw/bootloader/cp/tf-a/build/rebel_h/debug/lib/libc.a(printf.o)
 .debug_info    0x000000000007333c      0x151 /home/jongja.cho/Git/legacy/rebel_cds_collab_hw/bootloader/cp/tf-a/build/rebel_h/debug/lib/libc.a(memset.o)

.debug_abbrev   0x0000000000000000     0x5b85
 .debug_abbrev  0x0000000000000000       0xf3 /home/jongja.cho/Git/legacy/rebel_cds_collab_hw/bootloader/cp/tf-a/build/rebel_h/debug/bl1/bl1_arch_setup.o
 .debug_abbrev  0x00000000000000f3      0x378 /home/jongja.cho/Git/legacy/rebel_cds_collab_hw/bootloader/cp/tf-a/build/rebel_h/debug/bl1/bl1_context_mgmt.o
 .debug_abbrev  0x000000000000046b      0x41e /home/jongja.cho/Git/legacy/rebel_cds_collab_hw/bootloader/cp/tf-a/build/rebel_h/debug/bl1/bl1_main.o
 .debug_abbrev  0x0000000000000889      0x2ea /home/jongja.cho/Git/legacy/rebel_cds_collab_hw/bootloader/cp/tf-a/build/rebel_h/debug/bl1/backtrace.o
 .debug_abbrev  0x0000000000000b73      0x29d /home/jongja.cho/Git/legacy/rebel_cds_collab_hw/bootloader/cp/tf-a/build/rebel_h/debug/bl1/bl_common.o
 .debug_abbrev  0x0000000000000e10      0x169 /home/jongja.cho/Git/legacy/rebel_cds_collab_hw/bootloader/cp/tf-a/build/rebel_h/debug/bl1/tf_log.o
 .debug_abbrev  0x0000000000000f79      0x4d0 /home/jongja.cho/Git/legacy/rebel_cds_collab_hw/bootloader/cp/tf-a/build/rebel_h/debug/bl1/pl330.o
 .debug_abbrev  0x0000000000001449      0x463 /home/jongja.cho/Git/legacy/rebel_cds_collab_hw/bootloader/cp/tf-a/build/rebel_h/debug/bl1/cmu.o
 .debug_abbrev  0x00000000000018ac      0x257 /home/jongja.cho/Git/legacy/rebel_cds_collab_hw/bootloader/cp/tf-a/build/rebel_h/debug/bl1/multi_console.o
 .debug_abbrev  0x0000000000001b03      0x179 /home/jongja.cho/Git/legacy/rebel_cds_collab_hw/bootloader/cp/tf-a/build/rebel_h/debug/bl1/delay_timer.o
 .debug_abbrev  0x0000000000001c7c      0x253 /home/jongja.cho/Git/legacy/rebel_cds_collab_hw/bootloader/cp/tf-a/build/rebel_h/debug/bl1/generic_delay_timer.o
 .debug_abbrev  0x0000000000001ecf      0x335 /home/jongja.cho/Git/legacy/rebel_cds_collab_hw/bootloader/cp/tf-a/build/rebel_h/debug/bl1/io_storage.o
 .debug_abbrev  0x0000000000002204      0x411 /home/jongja.cho/Git/legacy/rebel_cds_collab_hw/bootloader/cp/tf-a/build/rebel_h/debug/bl1/qspi_boot.o
 .debug_abbrev  0x0000000000002615      0x3b6 /home/jongja.cho/Git/legacy/rebel_cds_collab_hw/bootloader/cp/tf-a/build/rebel_h/debug/bl1/qspi_bridge.o
 .debug_abbrev  0x00000000000029cb      0x1f3 /home/jongja.cho/Git/legacy/rebel_cds_collab_hw/bootloader/cp/tf-a/build/rebel_h/debug/bl1/errata_report.o
 .debug_abbrev  0x0000000000002bbe      0x551 /home/jongja.cho/Git/legacy/rebel_cds_collab_hw/bootloader/cp/tf-a/build/rebel_h/debug/bl1/context_mgmt.o
 .debug_abbrev  0x000000000000310f      0x232 /home/jongja.cho/Git/legacy/rebel_cds_collab_hw/bootloader/cp/tf-a/build/rebel_h/debug/bl1/sic.o
 .debug_abbrev  0x0000000000003341      0x363 /home/jongja.cho/Git/legacy/rebel_cds_collab_hw/bootloader/cp/tf-a/build/rebel_h/debug/bl1/xlat_tables_arch.o
 .debug_abbrev  0x00000000000036a4      0x25a /home/jongja.cho/Git/legacy/rebel_cds_collab_hw/bootloader/cp/tf-a/build/rebel_h/debug/bl1/xlat_tables_context.o
 .debug_abbrev  0x00000000000038fe      0x389 /home/jongja.cho/Git/legacy/rebel_cds_collab_hw/bootloader/cp/tf-a/build/rebel_h/debug/bl1/xlat_tables_core.o
 .debug_abbrev  0x0000000000003c87      0x2c2 /home/jongja.cho/Git/legacy/rebel_cds_collab_hw/bootloader/cp/tf-a/build/rebel_h/debug/bl1/xlat_tables_utils.o
 .debug_abbrev  0x0000000000003f49      0x15a /home/jongja.cho/Git/legacy/rebel_cds_collab_hw/bootloader/cp/tf-a/build/rebel_h/debug/bl1/plat_common.o
 .debug_abbrev  0x00000000000040a3      0x1fc /home/jongja.cho/Git/legacy/rebel_cds_collab_hw/bootloader/cp/tf-a/build/rebel_h/debug/bl1/plat_bl1_common.o
 .debug_abbrev  0x000000000000429f      0x2ee /home/jongja.cho/Git/legacy/rebel_cds_collab_hw/bootloader/cp/tf-a/build/rebel_h/debug/bl1/plat_bl_common.o
 .debug_abbrev  0x000000000000458d       0xbf /home/jongja.cho/Git/legacy/rebel_cds_collab_hw/bootloader/cp/tf-a/build/rebel_h/debug/bl1/plat_log_common.o
 .debug_abbrev  0x000000000000464c      0x3a5 /home/jongja.cho/Git/legacy/rebel_cds_collab_hw/bootloader/cp/tf-a/build/rebel_h/debug/bl1/rebel_h_bl1_setup.o
 .debug_abbrev  0x00000000000049f1      0x135 /home/jongja.cho/Git/legacy/rebel_cds_collab_hw/bootloader/cp/tf-a/build/rebel_h/debug/bl1/rebel_h_pcie.o
 .debug_abbrev  0x0000000000004b26      0x225 /home/jongja.cho/Git/legacy/rebel_cds_collab_hw/bootloader/cp/tf-a/build/rebel_h/debug/bl1/rebel_h_plat.o
 .debug_abbrev  0x0000000000004d4b      0x2a6 /home/jongja.cho/Git/legacy/rebel_cds_collab_hw/bootloader/cp/tf-a/build/rebel_h/debug/bl1/rebel_h_pmu.o
 .debug_abbrev  0x0000000000004ff1      0x366 /home/jongja.cho/Git/legacy/rebel_cds_collab_hw/bootloader/cp/tf-a/build/rebel_h/debug/bl1/rebel_h_rbc.o
 .debug_abbrev  0x0000000000005357       0xdd /home/jongja.cho/Git/legacy/rebel_cds_collab_hw/bootloader/cp/tf-a/build/rebel_h/debug/bl1/rebel_h_topology.o
 .debug_abbrev  0x0000000000005434       0x26 /home/jongja.cho/Git/legacy/rebel_cds_collab_hw/bootloader/cp/tf-a/build/rebel_h/debug/bl1/bl1_entrypoint.o
 .debug_abbrev  0x000000000000545a       0x24 /home/jongja.cho/Git/legacy/rebel_cds_collab_hw/bootloader/cp/tf-a/build/rebel_h/debug/bl1/bl1_exceptions.o
 .debug_abbrev  0x000000000000547e       0x26 /home/jongja.cho/Git/legacy/rebel_cds_collab_hw/bootloader/cp/tf-a/build/rebel_h/debug/bl1/debug.o
 .debug_abbrev  0x00000000000054a4       0x26 /home/jongja.cho/Git/legacy/rebel_cds_collab_hw/bootloader/cp/tf-a/build/rebel_h/debug/bl1/16550_console.o
 .debug_abbrev  0x00000000000054ca       0x26 /home/jongja.cho/Git/legacy/rebel_cds_collab_hw/bootloader/cp/tf-a/build/rebel_h/debug/bl1/cache_helpers.o
 .debug_abbrev  0x00000000000054f0       0x26 /home/jongja.cho/Git/legacy/rebel_cds_collab_hw/bootloader/cp/tf-a/build/rebel_h/debug/bl1/misc_helpers.o
 .debug_abbrev  0x0000000000005516       0x24 /home/jongja.cho/Git/legacy/rebel_cds_collab_hw/bootloader/cp/tf-a/build/rebel_h/debug/bl1/cortex_a73.o
 .debug_abbrev  0x000000000000553a       0x26 /home/jongja.cho/Git/legacy/rebel_cds_collab_hw/bootloader/cp/tf-a/build/rebel_h/debug/bl1/cpu_helpers.o
 .debug_abbrev  0x0000000000005560       0x26 /home/jongja.cho/Git/legacy/rebel_cds_collab_hw/bootloader/cp/tf-a/build/rebel_h/debug/bl1/context.o
 .debug_abbrev  0x0000000000005586       0x26 /home/jongja.cho/Git/legacy/rebel_cds_collab_hw/bootloader/cp/tf-a/build/rebel_h/debug/bl1/enable_mmu.o
 .debug_abbrev  0x00000000000055ac       0x24 /home/jongja.cho/Git/legacy/rebel_cds_collab_hw/bootloader/cp/tf-a/build/rebel_h/debug/bl1/platform_helpers.o
 .debug_abbrev  0x00000000000055d0       0x24 /home/jongja.cho/Git/legacy/rebel_cds_collab_hw/bootloader/cp/tf-a/build/rebel_h/debug/bl1/platform_mp_stack.o
 .debug_abbrev  0x00000000000055f4       0x26 /home/jongja.cho/Git/legacy/rebel_cds_collab_hw/bootloader/cp/tf-a/build/rebel_h/debug/bl1/plat_helper.o
 .debug_abbrev  0x000000000000561a       0xde /home/jongja.cho/Git/legacy/rebel_cds_collab_hw/bootloader/cp/tf-a/build/rebel_h/debug/lib/libc.a(assert.o)
 .debug_abbrev  0x00000000000056f8       0xa1 /home/jongja.cho/Git/legacy/rebel_cds_collab_hw/bootloader/cp/tf-a/build/rebel_h/debug/lib/libc.a(memcpy.o)
 .debug_abbrev  0x0000000000005799       0xc4 /home/jongja.cho/Git/legacy/rebel_cds_collab_hw/bootloader/cp/tf-a/build/rebel_h/debug/lib/libc.a(memmove.o)
 .debug_abbrev  0x000000000000585d      0x260 /home/jongja.cho/Git/legacy/rebel_cds_collab_hw/bootloader/cp/tf-a/build/rebel_h/debug/lib/libc.a(printf.o)
 .debug_abbrev  0x0000000000005abd       0xc8 /home/jongja.cho/Git/legacy/rebel_cds_collab_hw/bootloader/cp/tf-a/build/rebel_h/debug/lib/libc.a(memset.o)

.debug_loc      0x0000000000000000    0x16374
 .debug_loc     0x0000000000000000       0x65 /home/jongja.cho/Git/legacy/rebel_cds_collab_hw/bootloader/cp/tf-a/build/rebel_h/debug/bl1/bl1_arch_setup.o
 .debug_loc     0x0000000000000065      0x3b0 /home/jongja.cho/Git/legacy/rebel_cds_collab_hw/bootloader/cp/tf-a/build/rebel_h/debug/bl1/bl1_context_mgmt.o
 .debug_loc     0x0000000000000415      0xa98 /home/jongja.cho/Git/legacy/rebel_cds_collab_hw/bootloader/cp/tf-a/build/rebel_h/debug/bl1/bl1_main.o
 .debug_loc     0x0000000000000ead      0x6a6 /home/jongja.cho/Git/legacy/rebel_cds_collab_hw/bootloader/cp/tf-a/build/rebel_h/debug/bl1/backtrace.o
 .debug_loc     0x0000000000001553      0x56f /home/jongja.cho/Git/legacy/rebel_cds_collab_hw/bootloader/cp/tf-a/build/rebel_h/debug/bl1/bl_common.o
 .debug_loc     0x0000000000001ac2      0x1fa /home/jongja.cho/Git/legacy/rebel_cds_collab_hw/bootloader/cp/tf-a/build/rebel_h/debug/bl1/tf_log.o
 .debug_loc     0x0000000000001cbc     0x2cb3 /home/jongja.cho/Git/legacy/rebel_cds_collab_hw/bootloader/cp/tf-a/build/rebel_h/debug/bl1/pl330.o
 .debug_loc     0x000000000000496f     0x1053 /home/jongja.cho/Git/legacy/rebel_cds_collab_hw/bootloader/cp/tf-a/build/rebel_h/debug/bl1/cmu.o
 .debug_loc     0x00000000000059c2      0x510 /home/jongja.cho/Git/legacy/rebel_cds_collab_hw/bootloader/cp/tf-a/build/rebel_h/debug/bl1/multi_console.o
 .debug_loc     0x0000000000005ed2      0x2de /home/jongja.cho/Git/legacy/rebel_cds_collab_hw/bootloader/cp/tf-a/build/rebel_h/debug/bl1/delay_timer.o
 .debug_loc     0x00000000000061b0      0x322 /home/jongja.cho/Git/legacy/rebel_cds_collab_hw/bootloader/cp/tf-a/build/rebel_h/debug/bl1/generic_delay_timer.o
 .debug_loc     0x00000000000064d2     0x1a9c /home/jongja.cho/Git/legacy/rebel_cds_collab_hw/bootloader/cp/tf-a/build/rebel_h/debug/bl1/io_storage.o
 .debug_loc     0x0000000000007f6e      0xdd7 /home/jongja.cho/Git/legacy/rebel_cds_collab_hw/bootloader/cp/tf-a/build/rebel_h/debug/bl1/qspi_boot.o
 .debug_loc     0x0000000000008d45     0x19bc /home/jongja.cho/Git/legacy/rebel_cds_collab_hw/bootloader/cp/tf-a/build/rebel_h/debug/bl1/qspi_bridge.o
 .debug_loc     0x000000000000a701      0x237 /home/jongja.cho/Git/legacy/rebel_cds_collab_hw/bootloader/cp/tf-a/build/rebel_h/debug/bl1/errata_report.o
 .debug_loc     0x000000000000a938     0x19f4 /home/jongja.cho/Git/legacy/rebel_cds_collab_hw/bootloader/cp/tf-a/build/rebel_h/debug/bl1/context_mgmt.o
 .debug_loc     0x000000000000c32c      0x198 /home/jongja.cho/Git/legacy/rebel_cds_collab_hw/bootloader/cp/tf-a/build/rebel_h/debug/bl1/sic.o
 .debug_loc     0x000000000000c4c4      0xded /home/jongja.cho/Git/legacy/rebel_cds_collab_hw/bootloader/cp/tf-a/build/rebel_h/debug/bl1/xlat_tables_arch.o
 .debug_loc     0x000000000000d2b1      0x6da /home/jongja.cho/Git/legacy/rebel_cds_collab_hw/bootloader/cp/tf-a/build/rebel_h/debug/bl1/xlat_tables_context.o
 .debug_loc     0x000000000000d98b     0x1e5e /home/jongja.cho/Git/legacy/rebel_cds_collab_hw/bootloader/cp/tf-a/build/rebel_h/debug/bl1/xlat_tables_core.o
 .debug_loc     0x000000000000f7e9     0x112b /home/jongja.cho/Git/legacy/rebel_cds_collab_hw/bootloader/cp/tf-a/build/rebel_h/debug/bl1/xlat_tables_utils.o
 .debug_loc     0x0000000000010914       0xe1 /home/jongja.cho/Git/legacy/rebel_cds_collab_hw/bootloader/cp/tf-a/build/rebel_h/debug/bl1/plat_common.o
 .debug_loc     0x00000000000109f5      0x381 /home/jongja.cho/Git/legacy/rebel_cds_collab_hw/bootloader/cp/tf-a/build/rebel_h/debug/bl1/plat_bl1_common.o
 .debug_loc     0x0000000000010d76      0x318 /home/jongja.cho/Git/legacy/rebel_cds_collab_hw/bootloader/cp/tf-a/build/rebel_h/debug/bl1/plat_bl_common.o
 .debug_loc     0x000000000001108e       0xd6 /home/jongja.cho/Git/legacy/rebel_cds_collab_hw/bootloader/cp/tf-a/build/rebel_h/debug/bl1/plat_log_common.o
 .debug_loc     0x0000000000011164      0xdc4 /home/jongja.cho/Git/legacy/rebel_cds_collab_hw/bootloader/cp/tf-a/build/rebel_h/debug/bl1/rebel_h_bl1_setup.o
 .debug_loc     0x0000000000011f28      0x45f /home/jongja.cho/Git/legacy/rebel_cds_collab_hw/bootloader/cp/tf-a/build/rebel_h/debug/bl1/rebel_h_pcie.o
 .debug_loc     0x0000000000012387      0x7f3 /home/jongja.cho/Git/legacy/rebel_cds_collab_hw/bootloader/cp/tf-a/build/rebel_h/debug/bl1/rebel_h_plat.o
 .debug_loc     0x0000000000012b7a      0x9e2 /home/jongja.cho/Git/legacy/rebel_cds_collab_hw/bootloader/cp/tf-a/build/rebel_h/debug/bl1/rebel_h_pmu.o
 .debug_loc     0x000000000001355c      0xb12 /home/jongja.cho/Git/legacy/rebel_cds_collab_hw/bootloader/cp/tf-a/build/rebel_h/debug/bl1/rebel_h_rbc.o
 .debug_loc     0x000000000001406e      0x129 /home/jongja.cho/Git/legacy/rebel_cds_collab_hw/bootloader/cp/tf-a/build/rebel_h/debug/bl1/rebel_h_topology.o
 .debug_loc     0x0000000000014197      0x15e /home/jongja.cho/Git/legacy/rebel_cds_collab_hw/bootloader/cp/tf-a/build/rebel_h/debug/lib/libc.a(memcpy.o)
 .debug_loc     0x00000000000142f5      0x1ff /home/jongja.cho/Git/legacy/rebel_cds_collab_hw/bootloader/cp/tf-a/build/rebel_h/debug/lib/libc.a(memmove.o)
 .debug_loc     0x00000000000144f4     0x1ad1 /home/jongja.cho/Git/legacy/rebel_cds_collab_hw/bootloader/cp/tf-a/build/rebel_h/debug/lib/libc.a(printf.o)
 .debug_loc     0x0000000000015fc5      0x3af /home/jongja.cho/Git/legacy/rebel_cds_collab_hw/bootloader/cp/tf-a/build/rebel_h/debug/lib/libc.a(memset.o)

.debug_aranges  0x0000000000000000     0x1950
 .debug_aranges
                0x0000000000000000       0x30 /home/jongja.cho/Git/legacy/rebel_cds_collab_hw/bootloader/cp/tf-a/build/rebel_h/debug/bl1/bl1_arch_setup.o
 .debug_aranges
                0x0000000000000030       0x40 /home/jongja.cho/Git/legacy/rebel_cds_collab_hw/bootloader/cp/tf-a/build/rebel_h/debug/bl1/bl1_context_mgmt.o
 .debug_aranges
                0x0000000000000070       0x60 /home/jongja.cho/Git/legacy/rebel_cds_collab_hw/bootloader/cp/tf-a/build/rebel_h/debug/bl1/bl1_main.o
 .debug_aranges
                0x00000000000000d0       0x50 /home/jongja.cho/Git/legacy/rebel_cds_collab_hw/bootloader/cp/tf-a/build/rebel_h/debug/bl1/backtrace.o
 .debug_aranges
                0x0000000000000120       0x70 /home/jongja.cho/Git/legacy/rebel_cds_collab_hw/bootloader/cp/tf-a/build/rebel_h/debug/bl1/bl_common.o
 .debug_aranges
                0x0000000000000190       0x50 /home/jongja.cho/Git/legacy/rebel_cds_collab_hw/bootloader/cp/tf-a/build/rebel_h/debug/bl1/tf_log.o
 .debug_aranges
                0x00000000000001e0       0x80 /home/jongja.cho/Git/legacy/rebel_cds_collab_hw/bootloader/cp/tf-a/build/rebel_h/debug/bl1/pl330.o
 .debug_aranges
                0x0000000000000260      0x100 /home/jongja.cho/Git/legacy/rebel_cds_collab_hw/bootloader/cp/tf-a/build/rebel_h/debug/bl1/cmu.o
 .debug_aranges
                0x0000000000000360       0xa0 /home/jongja.cho/Git/legacy/rebel_cds_collab_hw/bootloader/cp/tf-a/build/rebel_h/debug/bl1/multi_console.o
 .debug_aranges
                0x0000000000000400       0x70 /home/jongja.cho/Git/legacy/rebel_cds_collab_hw/bootloader/cp/tf-a/build/rebel_h/debug/bl1/delay_timer.o
 .debug_aranges
                0x0000000000000470       0x70 /home/jongja.cho/Git/legacy/rebel_cds_collab_hw/bootloader/cp/tf-a/build/rebel_h/debug/bl1/generic_delay_timer.o
 .debug_aranges
                0x00000000000004e0       0xf0 /home/jongja.cho/Git/legacy/rebel_cds_collab_hw/bootloader/cp/tf-a/build/rebel_h/debug/bl1/io_storage.o
 .debug_aranges
                0x00000000000005d0      0x140 /home/jongja.cho/Git/legacy/rebel_cds_collab_hw/bootloader/cp/tf-a/build/rebel_h/debug/bl1/qspi_boot.o
 .debug_aranges
                0x0000000000000710       0xf0 /home/jongja.cho/Git/legacy/rebel_cds_collab_hw/bootloader/cp/tf-a/build/rebel_h/debug/bl1/qspi_bridge.o
 .debug_aranges
                0x0000000000000800       0x40 /home/jongja.cho/Git/legacy/rebel_cds_collab_hw/bootloader/cp/tf-a/build/rebel_h/debug/bl1/errata_report.o
 .debug_aranges
                0x0000000000000840      0x150 /home/jongja.cho/Git/legacy/rebel_cds_collab_hw/bootloader/cp/tf-a/build/rebel_h/debug/bl1/context_mgmt.o
 .debug_aranges
                0x0000000000000990       0x40 /home/jongja.cho/Git/legacy/rebel_cds_collab_hw/bootloader/cp/tf-a/build/rebel_h/debug/bl1/sic.o
 .debug_aranges
                0x00000000000009d0      0x100 /home/jongja.cho/Git/legacy/rebel_cds_collab_hw/bootloader/cp/tf-a/build/rebel_h/debug/bl1/xlat_tables_arch.o
 .debug_aranges
                0x0000000000000ad0       0xe0 /home/jongja.cho/Git/legacy/rebel_cds_collab_hw/bootloader/cp/tf-a/build/rebel_h/debug/bl1/xlat_tables_context.o
 .debug_aranges
                0x0000000000000bb0       0x80 /home/jongja.cho/Git/legacy/rebel_cds_collab_hw/bootloader/cp/tf-a/build/rebel_h/debug/bl1/xlat_tables_core.o
 .debug_aranges
                0x0000000000000c30       0x80 /home/jongja.cho/Git/legacy/rebel_cds_collab_hw/bootloader/cp/tf-a/build/rebel_h/debug/bl1/xlat_tables_utils.o
 .debug_aranges
                0x0000000000000cb0       0x50 /home/jongja.cho/Git/legacy/rebel_cds_collab_hw/bootloader/cp/tf-a/build/rebel_h/debug/bl1/plat_common.o
 .debug_aranges
                0x0000000000000d00       0xa0 /home/jongja.cho/Git/legacy/rebel_cds_collab_hw/bootloader/cp/tf-a/build/rebel_h/debug/bl1/plat_bl1_common.o
 .debug_aranges
                0x0000000000000da0       0xe0 /home/jongja.cho/Git/legacy/rebel_cds_collab_hw/bootloader/cp/tf-a/build/rebel_h/debug/bl1/plat_bl_common.o
 .debug_aranges
                0x0000000000000e80       0x30 /home/jongja.cho/Git/legacy/rebel_cds_collab_hw/bootloader/cp/tf-a/build/rebel_h/debug/bl1/plat_log_common.o
 .debug_aranges
                0x0000000000000eb0       0x90 /home/jongja.cho/Git/legacy/rebel_cds_collab_hw/bootloader/cp/tf-a/build/rebel_h/debug/bl1/rebel_h_bl1_setup.o
 .debug_aranges
                0x0000000000000f40       0x40 /home/jongja.cho/Git/legacy/rebel_cds_collab_hw/bootloader/cp/tf-a/build/rebel_h/debug/bl1/rebel_h_pcie.o
 .debug_aranges
                0x0000000000000f80       0x90 /home/jongja.cho/Git/legacy/rebel_cds_collab_hw/bootloader/cp/tf-a/build/rebel_h/debug/bl1/rebel_h_plat.o
 .debug_aranges
                0x0000000000001010       0xa0 /home/jongja.cho/Git/legacy/rebel_cds_collab_hw/bootloader/cp/tf-a/build/rebel_h/debug/bl1/rebel_h_pmu.o
 .debug_aranges
                0x00000000000010b0       0xb0 /home/jongja.cho/Git/legacy/rebel_cds_collab_hw/bootloader/cp/tf-a/build/rebel_h/debug/bl1/rebel_h_rbc.o
 .debug_aranges
                0x0000000000001160       0x40 /home/jongja.cho/Git/legacy/rebel_cds_collab_hw/bootloader/cp/tf-a/build/rebel_h/debug/bl1/rebel_h_topology.o
 .debug_aranges
                0x00000000000011a0       0x40 /home/jongja.cho/Git/legacy/rebel_cds_collab_hw/bootloader/cp/tf-a/build/rebel_h/debug/bl1/bl1_entrypoint.o
 .debug_aranges
                0x00000000000011e0       0x40 /home/jongja.cho/Git/legacy/rebel_cds_collab_hw/bootloader/cp/tf-a/build/rebel_h/debug/bl1/bl1_exceptions.o
 .debug_aranges
                0x0000000000001220       0x80 /home/jongja.cho/Git/legacy/rebel_cds_collab_hw/bootloader/cp/tf-a/build/rebel_h/debug/bl1/debug.o
 .debug_aranges
                0x00000000000012a0       0xa0 /home/jongja.cho/Git/legacy/rebel_cds_collab_hw/bootloader/cp/tf-a/build/rebel_h/debug/bl1/16550_console.o
 .debug_aranges
                0x0000000000001340       0xd0 /home/jongja.cho/Git/legacy/rebel_cds_collab_hw/bootloader/cp/tf-a/build/rebel_h/debug/bl1/cache_helpers.o
 .debug_aranges
                0x0000000000001410       0xb0 /home/jongja.cho/Git/legacy/rebel_cds_collab_hw/bootloader/cp/tf-a/build/rebel_h/debug/bl1/misc_helpers.o
 .debug_aranges
                0x00000000000014c0       0xe0 /home/jongja.cho/Git/legacy/rebel_cds_collab_hw/bootloader/cp/tf-a/build/rebel_h/debug/bl1/cortex_a73.o
 .debug_aranges
                0x00000000000015a0       0x40 /home/jongja.cho/Git/legacy/rebel_cds_collab_hw/bootloader/cp/tf-a/build/rebel_h/debug/bl1/cpu_helpers.o
 .debug_aranges
                0x00000000000015e0       0x50 /home/jongja.cho/Git/legacy/rebel_cds_collab_hw/bootloader/cp/tf-a/build/rebel_h/debug/bl1/context.o
 .debug_aranges
                0x0000000000001630       0x60 /home/jongja.cho/Git/legacy/rebel_cds_collab_hw/bootloader/cp/tf-a/build/rebel_h/debug/bl1/enable_mmu.o
 .debug_aranges
                0x0000000000001690       0xc0 /home/jongja.cho/Git/legacy/rebel_cds_collab_hw/bootloader/cp/tf-a/build/rebel_h/debug/bl1/platform_helpers.o
 .debug_aranges
                0x0000000000001750       0x40 /home/jongja.cho/Git/legacy/rebel_cds_collab_hw/bootloader/cp/tf-a/build/rebel_h/debug/bl1/platform_mp_stack.o
 .debug_aranges
                0x0000000000001790       0xb0 /home/jongja.cho/Git/legacy/rebel_cds_collab_hw/bootloader/cp/tf-a/build/rebel_h/debug/bl1/plat_helper.o
 .debug_aranges
                0x0000000000001840       0x30 /home/jongja.cho/Git/legacy/rebel_cds_collab_hw/bootloader/cp/tf-a/build/rebel_h/debug/lib/libc.a(assert.o)
 .debug_aranges
                0x0000000000001870       0x30 /home/jongja.cho/Git/legacy/rebel_cds_collab_hw/bootloader/cp/tf-a/build/rebel_h/debug/lib/libc.a(memcpy.o)
 .debug_aranges
                0x00000000000018a0       0x30 /home/jongja.cho/Git/legacy/rebel_cds_collab_hw/bootloader/cp/tf-a/build/rebel_h/debug/lib/libc.a(memmove.o)
 .debug_aranges
                0x00000000000018d0       0x50 /home/jongja.cho/Git/legacy/rebel_cds_collab_hw/bootloader/cp/tf-a/build/rebel_h/debug/lib/libc.a(printf.o)
 .debug_aranges
                0x0000000000001920       0x30 /home/jongja.cho/Git/legacy/rebel_cds_collab_hw/bootloader/cp/tf-a/build/rebel_h/debug/lib/libc.a(memset.o)

.debug_ranges   0x0000000000000000     0x3c40
 .debug_ranges  0x0000000000000000       0x50 /home/jongja.cho/Git/legacy/rebel_cds_collab_hw/bootloader/cp/tf-a/build/rebel_h/debug/bl1/bl1_arch_setup.o