Archive member included to satisfy reference by file (symbol)

/home/jongja.cho/Git/legacy/rebel_cds_collab_hw/bootloader/cp/tf-a/build/rebel_h/debug/lib/libc.a(assert.o)
                              /home/jongja.cho/Git/legacy/rebel_cds_collab_hw/bootloader/cp/tf-a/build/rebel_h/debug/bl2/bl2_image_load_v2.o (__assert)
/home/jongja.cho/Git/legacy/rebel_cds_collab_hw/bootloader/cp/tf-a/build/rebel_h/debug/lib/libc.a(memcpy.o)
                              /home/jongja.cho/Git/legacy/rebel_cds_collab_hw/bootloader/cp/tf-a/build/rebel_h/debug/bl2/icon.o (memcpy)
/home/jongja.cho/Git/legacy/rebel_cds_collab_hw/bootloader/cp/tf-a/build/rebel_h/debug/lib/libc.a(memmove.o)
                              /home/jongja.cho/Git/legacy/rebel_cds_collab_hw/bootloader/cp/tf-a/build/rebel_h/debug/bl2/xlat_tables_core.o (memmove)
/home/jongja.cho/Git/legacy/rebel_cds_collab_hw/bootloader/cp/tf-a/build/rebel_h/debug/lib/libc.a(printf.o)
                              /home/jongja.cho/Git/legacy/rebel_cds_collab_hw/bootloader/cp/tf-a/build/rebel_h/debug/bl2/tf_log.o (vprintf)
/home/jongja.cho/Git/legacy/rebel_cds_collab_hw/bootloader/cp/tf-a/build/rebel_h/debug/lib/libc.a(snprintf.o)
                              /home/jongja.cho/Git/legacy/rebel_cds_collab_hw/bootloader/cp/tf-a/build/rebel_h/debug/bl2/hbm3_init.o (snprintf)
/home/jongja.cho/Git/legacy/rebel_cds_collab_hw/bootloader/cp/tf-a/build/rebel_h/debug/lib/libc.a(strlen.o)
                              /home/jongja.cho/Git/legacy/rebel_cds_collab_hw/bootloader/cp/tf-a/build/rebel_h/debug/bl2/hbm3_chipid.o (strlen)
/home/jongja.cho/Git/legacy/rebel_cds_collab_hw/bootloader/cp/tf-a/build/rebel_h/debug/lib/libc.a(strncmp.o)
                              /home/jongja.cho/Git/legacy/rebel_cds_collab_hw/bootloader/cp/tf-a/build/rebel_h/debug/bl2/hbm3_chipid.o (strncmp)
/home/jongja.cho/Git/legacy/rebel_cds_collab_hw/bootloader/cp/tf-a/build/rebel_h/debug/lib/libc.a(memset.o)
                              /home/jongja.cho/Git/legacy/rebel_cds_collab_hw/bootloader/cp/tf-a/build/rebel_h/debug/bl2/pl330.o (memset)

Discarded input sections

 .text          0x0000000000000000        0x0 /home/jongja.cho/Git/legacy/rebel_cds_collab_hw/bootloader/cp/tf-a/build/rebel_h/debug/bl2/hbm3.o
 .data          0x0000000000000000        0x0 /home/jongja.cho/Git/legacy/rebel_cds_collab_hw/bootloader/cp/tf-a/build/rebel_h/debug/bl2/hbm3.o
 .bss           0x0000000000000000        0x0 /home/jongja.cho/Git/legacy/rebel_cds_collab_hw/bootloader/cp/tf-a/build/rebel_h/debug/bl2/hbm3.o
 .text.phy_clear_feedback_data
                0x0000000000000000       0x4c /home/jongja.cho/Git/legacy/rebel_cds_collab_hw/bootloader/cp/tf-a/build/rebel_h/debug/bl2/hbm3.o
 .text.mrw_mask
                0x0000000000000000       0x98 /home/jongja.cho/Git/legacy/rebel_cds_collab_hw/bootloader/cp/tf-a/build/rebel_h/debug/bl2/hbm3.o
 .text.mrw      0x0000000000000000        0x8 /home/jongja.cho/Git/legacy/rebel_cds_collab_hw/bootloader/cp/tf-a/build/rebel_h/debug/bl2/hbm3.o
 .text          0x0000000000000000        0x0 /home/jongja.cho/Git/legacy/rebel_cds_collab_hw/bootloader/cp/tf-a/build/rebel_h/debug/bl2/icon.o
 .data          0x0000000000000000        0x0 /home/jongja.cho/Git/legacy/rebel_cds_collab_hw/bootloader/cp/tf-a/build/rebel_h/debug/bl2/icon.o
 .bss           0x0000000000000000        0x0 /home/jongja.cho/Git/legacy/rebel_cds_collab_hw/bootloader/cp/tf-a/build/rebel_h/debug/bl2/icon.o
 .rodata.icon_cdc_result.str1.1
                0x0000000000000000       0x1c /home/jongja.cho/Git/legacy/rebel_cds_collab_hw/bootloader/cp/tf-a/build/rebel_h/debug/bl2/icon.o
 .text.icon_cdc_result
                0x0000000000000000       0xb0 /home/jongja.cho/Git/legacy/rebel_cds_collab_hw/bootloader/cp/tf-a/build/rebel_h/debug/bl2/icon.o
 .text.icon_cdc_wdr
                0x0000000000000000       0x58 /home/jongja.cho/Git/legacy/rebel_cds_collab_hw/bootloader/cp/tf-a/build/rebel_h/debug/bl2/icon.o
 .text.icon_cdc_wir
                0x0000000000000000       0x50 /home/jongja.cho/Git/legacy/rebel_cds_collab_hw/bootloader/cp/tf-a/build/rebel_h/debug/bl2/icon.o
 .rodata.icon_hbm_chipping_detection.str1.1
                0x0000000000000000       0xe5 /home/jongja.cho/Git/legacy/rebel_cds_collab_hw/bootloader/cp/tf-a/build/rebel_h/debug/bl2/icon.o
 .text.icon_hbm_chipping_detection
                0x0000000000000000      0x228 /home/jongja.cho/Git/legacy/rebel_cds_collab_hw/bootloader/cp/tf-a/build/rebel_h/debug/bl2/icon.o
 .text.icon_mbist_wdr
                0x0000000000000000       0xe4 /home/jongja.cho/Git/legacy/rebel_cds_collab_hw/bootloader/cp/tf-a/build/rebel_h/debug/bl2/icon.o
 .rodata.icon_mbist_result.str1.1
                0x0000000000000000       0x3b /home/jongja.cho/Git/legacy/rebel_cds_collab_hw/bootloader/cp/tf-a/build/rebel_h/debug/bl2/icon.o
 .text.icon_mbist_result
[...]
Memory Configuration

Name             Origin             Length             Attributes
RAM              0x0000001e00030000 0x0000000000020000 xrw
*default*        0x0000000000000000 0xffffffffffffffff

Linker script and memory map

                0x0000001e00030000                RAM_REGION_START = ORIGIN (RAM)
                0x0000000000020000                RAM_REGION_LENGTH = LENGTH (RAM)
                0x0000001e00030000                . = 0x1e00030000
                0x0000000000000001                ASSERT ((. == ALIGN (0x1000)), BL2_BASE address is not aligned on a page boundary.)

.ro             0x0000001e00030000     0xf000
                0x0000000000000001                ASSERT ((. == ALIGN (0x1000)), .ro address is not aligned on a page boundary.)
                0x0000001e00030000                __RO_START__ = .
 *bl2_entrypoint.o(SORT_BY_ALIGNMENT(.text*))
 .text.asm.bl2_entrypoint
                0x0000001e00030000       0x98 /home/jongja.cho/Git/legacy/rebel_cds_collab_hw/bootloader/cp/tf-a/build/rebel_h/debug/bl2/bl2_entrypoint.o
                0x0000001e00030000                bl2_entrypoint
 *(SORT_BY_ALIGNMENT(.text*))
 .text.get_hbm_cfg
                0x0000001e00030098       0x1c /home/jongja.cho/Git/legacy/rebel_cds_collab_hw/bootloader/cp/tf-a/build/rebel_h/debug/bl2/hbm3.o
                0x0000001e00030098                get_hbm_cfg
 .text.get_phy_lock_value
                0x0000001e000300b4       0x14 /home/jongja.cho/Git/legacy/rebel_cds_collab_hw/bootloader/cp/tf-a/build/rebel_h/debug/bl2/hbm3.o
                0x0000001e000300b4                get_phy_lock_value
 .text.phy_do_training
                0x0000001e000300c8       0x64 /home/jongja.cho/Git/legacy/rebel_cds_collab_hw/bootloader/cp/tf-a/build/rebel_h/debug/bl2/hbm3.o
                0x0000001e000300c8                phy_do_training
 .text.phy_gen_pattern
                0x0000001e0003012c       0x7c /home/jongja.cho/Git/legacy/rebel_cds_collab_hw/bootloader/cp/tf-a/build/rebel_h/debug/bl2/hbm3.o
                0x0000001e0003012c                phy_gen_pattern
 .text.phy_update_dll_code
                0x0000001e000301a8       0x4c /home/jongja.cho/Git/legacy/rebel_cds_collab_hw/bootloader/cp/tf-a/build/rebel_h/debug/bl2/hbm3.o
                0x0000001e000301a8                phy_update_dll_code
 .text.mrw_phy_direct_cmd
                0x0000001e000301f4       0xec /home/jongja.cho/Git/legacy/rebel_cds_collab_hw/bootloader/cp/tf-a/build/rebel_h/debug/bl2/hbm3.o
                0x0000001e000301f4                mrw_phy_direct_cmd
 .text.phy_set_read_vref
                0x0000001e000302e0       0x40 /home/jongja.cho/Git/legacy/rebel_cds_collab_hw/bootloader/cp/tf-a/build/rebel_h/debug/bl2/hbm3.o
                0x0000001e000302e0                phy_set_read_vref
 .text.phy_set_write_vref
                0x0000001e00030320        0xc /home/jongja.cho/Git/legacy/rebel_cds_collab_hw/bootloader/cp/tf-a/build/rebel_h/debug/bl2/hbm3.o
                0x0000001e00030320                phy_set_write_vref
 .text.phy_dq_offset_control
                0x0000001e0003032c       0x74 /home/jongja.cho/Git/legacy/rebel_cds_collab_hw/bootloader/cp/tf-a/build/rebel_h/debug/bl2/hbm3.o
                0x0000001e0003032c                phy_dq_offset_control
 .text.phy_ecc_offset_control
                0x0000001e000303a0       0x54 /home/jongja.cho/Git/legacy/rebel_cds_collab_hw/bootloader/cp/tf-a/build/rebel_h/debug/bl2/hbm3.o
                0x0000001e000303a0                phy_ecc_offset_control
 .text.phy_sev_offset_control
                0x0000001e000303f4       0x54 /home/jongja.cho/Git/legacy/rebel_cds_collab_hw/bootloader/cp/tf-a/build/rebel_h/debug/bl2/hbm3.o
                0x0000001e000303f4                phy_sev_offset_control
 .text.phy_dbi_offset_control
                0x0000001e00030448       0x94 /home/jongja.cho/Git/legacy/rebel_cds_collab_hw/bootloader/cp/tf-a/build/rebel_h/debug/bl2/hbm3.o
                0x0000001e00030448                phy_dbi_offset_control
 .text.phy_rdqs_offset_control
                0x0000001e000304dc       0x34 /home/jongja.cho/Git/legacy/rebel_cds_collab_hw/bootloader/cp/tf-a/build/rebel_h/debug/bl2/hbm3.o
                0x0000001e000304dc                phy_rdqs_offset_control
 .text.phy_offset_update
                0x0000001e00030510       0x38 /home/jongja.cho/Git/legacy/rebel_cds_collab_hw/bootloader/cp/tf-a/build/rebel_h/debug/bl2/hbm3.o
                0x0000001e00030510                phy_offset_update
 .text.hbm3_config_init
                0x0000001e00030548       0x68 /home/jongja.cho/Git/legacy/rebel_cds_collab_hw/bootloader/cp/tf-a/build/rebel_h/debug/bl2/hbm3.o
                0x0000001e00030548                hbm3_config_init
 .text.wait_for_test_instruction_req_done
                0x0000001e000305b0       0x34 /home/jongja.cho/Git/legacy/rebel_cds_collab_hw/bootloader/cp/tf-a/build/rebel_h/debug/bl2/icon.o
                0x0000001e000305b0                wait_for_test_instruction_req_done
 .text.wait_for_test_instruction_req_done_clear
                0x0000001e000305e4       0x34 /home/jongja.cho/Git/legacy/rebel_cds_collab_hw/bootloader/cp/tf-a/build/rebel_h/debug/bl2/icon.o
                0x0000001e000305e4                wait_for_test_instruction_req_done_clear
 .text.icon_test_instruction_req
                0x0000001e00030618       0x9c /home/jongja.cho/Git/legacy/rebel_cds_collab_hw/bootloader/cp/tf-a/build/rebel_h/debug/bl2/icon.o
                0x0000001e00030618                icon_test_instruction_req
 .text.icon_sw_instruction_req
                0x0000001e000306b4       0x4c /home/jongja.cho/Git/legacy/rebel_cds_collab_hw/bootloader/cp/tf-a/build/rebel_h/debug/bl2/icon.o
                0x0000001e000306b4                icon_sw_instruction_req
 .text.icon_hbm_reset
                0x0000001e00030700       0xcc /home/jongja.cho/Git/legacy/rebel_cds_collab_hw/bootloader/cp/tf-a/build/rebel_h/debug/bl2/icon.o
                0x0000001e00030700                icon_hbm_reset
 .text.icon_lane_repair
                0x0000001e000307cc       0x9c /home/jongja.cho/Git/legacy/rebel_cds_collab_hw/bootloader/cp/tf-a/build/rebel_h/debug/bl2/icon.o
                0x0000001e000307cc                icon_lane_repair
 .text.icon_rx_lane_search
                0x0000001e00030868      0x124 /home/jongja.cho/Git/legacy/rebel_cds_collab_hw/bootloader/cp/tf-a/build/rebel_h/debug/bl2/icon.o
                0x0000001e00030868                icon_rx_lane_search
 .text.icon_rx_extest
                0x0000001e0003098c      0x2e8 /home/jongja.cho/Git/legacy/rebel_cds_collab_hw/bootloader/cp/tf-a/build/rebel_h/debug/bl2/icon.o
                0x0000001e0003098c                icon_rx_extest
 .text.icon_tx_lane_search
                0x0000001e00030c74      0x154 /home/jongja.cho/Git/legacy/rebel_cds_collab_hw/bootloader/cp/tf-a/build/rebel_h/debug/bl2/icon.o
                0x0000001e00030c74                icon_tx_lane_search
 .text.icon_tx_extest
                0x0000001e00030dc8      0x35c /home/jongja.cho/Git/legacy/rebel_cds_collab_hw/bootloader/cp/tf-a/build/rebel_h/debug/bl2/icon.o
                0x0000001e00030dc8                icon_tx_extest
 .text.hbm3_lane_repair
                0x0000001e00031124      0x1c4 /home/jongja.cho/Git/legacy/rebel_cds_collab_hw/bootloader/cp/tf-a/build/rebel_h/debug/bl2/icon.o
                0x0000001e00031124                hbm3_lane_repair
 .text.icon_extest
                0x0000001e000312e8      0x104 /home/jongja.cho/Git/legacy/rebel_cds_collab_hw/bootloader/cp/tf-a/build/rebel_h/debug/bl2/icon.o
                0x0000001e000312e8                icon_extest
 .text.icon_mrs_ch
                0x0000001e000313ec       0x4c /home/jongja.cho/Git/legacy/rebel_cds_collab_hw/bootloader/cp/tf-a/build/rebel_h/debug/bl2/icon.o
                0x0000001e000313ec                icon_mrs_ch
 .text.icon_rd_feedback
                0x0000001e00031438       0x7c /home/jongja.cho/Git/legacy/rebel_cds_collab_hw/bootloader/cp/tf-a/build/rebel_h/debug/bl2/icon.o
                0x0000001e00031438                icon_rd_feedback
 .text.tmrs_write
                0x0000001e000314b4       0x48 /home/jongja.cho/Git/legacy/rebel_cds_collab_hw/bootloader/cp/tf-a/build/rebel_h/debug/bl2/tmrs.o
                0x0000001e000314b4                tmrs_write
 .text.tmrs_gen_inst
                0x0000001e000314fc       0x40 /home/jongja.cho/Git/legacy/rebel_cds_collab_hw/bootloader/cp/tf-a/build/rebel_h/debug/bl2/tmrs.o
                0x0000001e000314fc                tmrs_gen_inst
 .text.tmrs_bypass
                0x0000001e0003153c       0x54 /home/jongja.cho/Git/legacy/rebel_cds_collab_hw/bootloader/cp/tf-a/build/rebel_h/debug/bl2/tmrs.o
                0x0000001e0003153c                tmrs_bypass
 .text.rebel_bakery_lock_init
                0x0000001e00031590       0x34 /home/jongja.cho/Git/legacy/rebel_cds_collab_hw/bootloader/cp/tf-a/build/rebel_h/debug/bl2/bakery_lock.o
                0x0000001e00031590                rebel_bakery_lock_init
 .text.bl2_arch_setup
                0x0000001e000315c4        0xc /home/jongja.cho/Git/legacy/rebel_cds_collab_hw/bootloader/cp/tf-a/build/rebel_h/debug/bl2/bl2_arch_setup.o
                0x0000001e000315c4                bl2_arch_setup
 .text.bl2_load_images
                0x0000001e000315d0      0x14c /home/jongja.cho/Git/legacy/rebel_cds_collab_hw/bootloader/cp/tf-a/build/rebel_h/debug/bl2/bl2_image_load_v2.o
                0x0000001e000315d0                bl2_load_images
 .text.bl2_main
                0x0000001e0003171c       0x74 /home/jongja.cho/Git/legacy/rebel_cds_collab_hw/bootloader/cp/tf-a/build/rebel_h/debug/bl2/bl2_main.o
                0x0000001e0003171c                bl2_main
 .text.is_address_readable
                0x0000001e00031790       0x40 /home/jongja.cho/Git/legacy/rebel_cds_collab_hw/bootloader/cp/tf-a/build/rebel_h/debug/bl2/backtrace.o
 .text.is_valid_object.constprop.0
                0x0000001e000317d0       0x5c /home/jongja.cho/Git/legacy/rebel_cds_collab_hw/bootloader/cp/tf-a/build/rebel_h/debug/bl2/backtrace.o
 .text.backtrace
                0x0000001e0003182c      0x120 /home/jongja.cho/Git/legacy/rebel_cds_collab_hw/bootloader/cp/tf-a/build/rebel_h/debug/bl2/backtrace.o
                0x0000001e0003182c                backtrace
 .text.load_image
                0x0000001e0003194c      0x160 /home/jongja.cho/Git/legacy/rebel_cds_collab_hw/bootloader/cp/tf-a/build/rebel_h/debug/bl2/bl_common.o
 .text.load_auth_image
                0x0000001e00031aac       0x90 /home/jongja.cho/Git/legacy/rebel_cds_collab_hw/bootloader/cp/tf-a/build/rebel_h/debug/bl2/bl_common.o
                0x0000001e00031aac                load_auth_image
 .text.flush_bl_params_desc_args
                0x0000001e00031b3c       0x40 /home/jongja.cho/Git/legacy/rebel_cds_collab_hw/bootloader/cp/tf-a/build/rebel_h/debug/bl2/desc_image_load.o
                0x0000001e00031b3c                flush_bl_params_desc_args
 .text.flush_bl_params_desc
                0x0000001e00031b7c       0x1c /home/jongja.cho/Git/legacy/rebel_cds_collab_hw/bootloader/cp/tf-a/build/rebel_h/debug/bl2/desc_image_load.o
                0x0000001e00031b7c                flush_bl_params_desc
 .text.get_bl_params_node_index
                0x0000001e00031b98       0x64 /home/jongja.cho/Git/legacy/rebel_cds_collab_hw/bootloader/cp/tf-a/build/rebel_h/debug/bl2/desc_image_load.o
                0x0000001e00031b98                get_bl_params_node_index
 .text.get_bl_load_info_from_mem_params_desc
                0x0000001e00031bfc       0x64 /home/jongja.cho/Git/legacy/rebel_cds_collab_hw/bootloader/cp/tf-a/build/rebel_h/debug/bl2/desc_image_load.o
                0x0000001e00031bfc                get_bl_load_info_from_mem_params_desc
 .text.get_next_bl_params_from_mem_params_desc
                0x0000001e00031c60      0x11c /home/jongja.cho/Git/legacy/rebel_cds_collab_hw/bootloader/cp/tf-a/build/rebel_h/debug/bl2/desc_image_load.o
                0x0000001e00031c60                get_next_bl_params_from_mem_params_desc
 .text.tf_crc32
                0x0000001e00031d7c       0x38 /home/jongja.cho/Git/legacy/rebel_cds_collab_hw/bootloader/cp/tf-a/build/rebel_h/debug/bl2/tf_crc32.o
                0x0000001e00031d7c                tf_crc32
 .text.tf_log   0x0000001e00031db4       0xb4 /home/jongja.cho/Git/legacy/rebel_cds_collab_hw/bootloader/cp/tf-a/build/rebel_h/debug/bl2/tf_log.o
                0x0000001e00031db4                tf_log
 .text.dma_pl330_gen_mov
                0x0000001e00031e68       0x38 /home/jongja.cho/Git/legacy/rebel_cds_collab_hw/bootloader/cp/tf-a/build/rebel_h/debug/bl2/pl330.o
 .text.dma_configure
                0x0000001e00031ea0       0xc8 /home/jongja.cho/Git/legacy/rebel_cds_collab_hw/bootloader/cp/tf-a/build/rebel_h/debug/bl2/pl330.o
                0x0000001e00031ea0                dma_configure
 .text.dma_start
                0x0000001e00031f68      0x448 /home/jongja.cho/Git/legacy/rebel_cds_collab_hw/bootloader/cp/tf-a/build/rebel_h/debug/bl2/pl330.o
                0x0000001e00031f68                dma_start
 .text.dma_init
                0x0000001e000323b0       0x38 /home/jongja.cho/Git/legacy/rebel_cds_collab_hw/bootloader/cp/tf-a/build/rebel_h/debug/bl2/pl330.o
                0x0000001e000323b0                dma_init
 .text.dma_load_image
                0x0000001e000323e8       0xf0 /home/jongja.cho/Git/legacy/rebel_cds_collab_hw/bootloader/cp/tf-a/build/rebel_h/debug/bl2/pl330.o
                0x0000001e000323e8                dma_load_image
 .text.cmu_find_pll_lvl
                0x0000001e000324d8       0x34 /home/jongja.cho/Git/legacy/rebel_cds_collab_hw/bootloader/cp/tf-a/build/rebel_h/debug/bl2/cmu.o
 .text.cmu_blk_cp_init
                0x0000001e0003250c      0x1ac /home/jongja.cho/Git/legacy/rebel_cds_collab_hw/bootloader/cp/tf-a/build/rebel_h/debug/bl2/cmu.o
 .text.cmu_blk_pcie_init
                0x0000001e000326b8       0xf4 /home/jongja.cho/Git/legacy/rebel_cds_collab_hw/bootloader/cp/tf-a/build/rebel_h/debug/bl2/cmu.o
 .text.cmu_blk_rot_init
                0x0000001e000327ac       0xd8 /home/jongja.cho/Git/legacy/rebel_cds_collab_hw/bootloader/cp/tf-a/build/rebel_h/debug/bl2/cmu.o
 .text.cmu_blk_peri_init
                0x0000001e00032884       0x88 /home/jongja.cho/Git/legacy/rebel_cds_collab_hw/bootloader/cp/tf-a/build/rebel_h/debug/bl2/cmu.o
 .text.cmu_top_bus
                0x0000001e0003290c      0x524 /home/jongja.cho/Git/legacy/rebel_cds_collab_hw/bootloader/cp/tf-a/build/rebel_h/debug/bl2/cmu.o
 .text.cmu_blk_dcl_init
                0x0000001e00032e30      0x2b8 /home/jongja.cho/Git/legacy/rebel_cds_collab_hw/bootloader/cp/tf-a/build/rebel_h/debug/bl2/cmu.o
 .text.cmu_blk_dram_init_evt0
                0x0000001e000330e8      0x240 /home/jongja.cho/Git/legacy/rebel_cds_collab_hw/bootloader/cp/tf-a/build/rebel_h/debug/bl2/cmu.o
                0x0000001e000330e8                cmu_blk_dram_init_evt0
 .text.cmu_blk_dram_init_evt1
                0x0000001e00033328      0x240 /home/jongja.cho/Git/legacy/rebel_cds_collab_hw/bootloader/cp/tf-a/build/rebel_h/debug/bl2/cmu.o
                0x0000001e00033328                cmu_blk_dram_init_evt1
 .text.cmu_blk_dram_init_evt0_by_freq
                0x0000001e00033568       0x30 /home/jongja.cho/Git/legacy/rebel_cds_collab_hw/bootloader/cp/tf-a/build/rebel_h/debug/bl2/cmu.o
                0x0000001e00033568                cmu_blk_dram_init_evt0_by_freq
 .text.cmu_blk_dram_init_evt1_by_freq
                0x0000001e00033598       0x30 /home/jongja.cho/Git/legacy/rebel_cds_collab_hw/bootloader/cp/tf-a/build/rebel_h/debug/bl2/cmu.o
                0x0000001e00033598                cmu_blk_dram_init_evt1_by_freq
 .text.cmu_init_bl2
                0x0000001e000335c8      0x120 /home/jongja.cho/Git/legacy/rebel_cds_collab_hw/bootloader/cp/tf-a/build/rebel_h/debug/bl2/cmu.o
                0x0000001e000335c8                cmu_init_bl2
 .text.console_is_registered
                0x0000001e000336e8       0x3c /home/jongja.cho/Git/legacy/rebel_cds_collab_hw/bootloader/cp/tf-a/build/rebel_h/debug/bl2/multi_console.o
                0x0000001e000336e8                console_is_registered
 .text.console_register
                0x0000001e00033724       0x64 /home/jongja.cho/Git/legacy/rebel_cds_collab_hw/bootloader/cp/tf-a/build/rebel_h/debug/bl2/multi_console.o
                0x0000001e00033724                console_register
 .text.console_set_scope
                0x0000001e00033788       0x28 /home/jongja.cho/Git/legacy/rebel_cds_collab_hw/bootloader/cp/tf-a/build/rebel_h/debug/bl2/multi_console.o
                0x0000001e00033788                console_set_scope
 .text.console_putc
                0x0000001e000337b0       0xa8 /home/jongja.cho/Git/legacy/rebel_cds_collab_hw/bootloader/cp/tf-a/build/rebel_h/debug/bl2/multi_console.o
                0x0000001e000337b0                console_putc
 .text.putchar  0x0000001e00033858       0x28 /home/jongja.cho/Git/legacy/rebel_cds_collab_hw/bootloader/cp/tf-a/build/rebel_h/debug/bl2/multi_console.o
                0x0000001e00033858                putchar
 .text.console_flush
                0x0000001e00033880       0x54 /home/jongja.cho/Git/legacy/rebel_cds_collab_hw/bootloader/cp/tf-a/build/rebel_h/debug/bl2/multi_console.o
                0x0000001e00033880                console_flush
 .text.udelay   0x0000001e000338d4       0x90 /home/jongja.cho/Git/legacy/rebel_cds_collab_hw/bootloader/cp/tf-a/build/rebel_h/debug/bl2/delay_timer.o
                0x0000001e000338d4                udelay
 .text.mdelay   0x0000001e00033964       0x28 /home/jongja.cho/Git/legacy/rebel_cds_collab_hw/bootloader/cp/tf-a/build/rebel_h/debug/bl2/delay_timer.o
                0x0000001e00033964                mdelay
 .text.timer_init
                0x0000001e0003398c       0x34 /home/jongja.cho/Git/legacy/rebel_cds_collab_hw/bootloader/cp/tf-a/build/rebel_h/debug/bl2/delay_timer.o
                0x0000001e0003398c                timer_init
 .text.generic_delay_timeout_init_us
                0x0000001e000339c0       0x24 /home/jongja.cho/Git/legacy/rebel_cds_collab_hw/bootloader/cp/tf-a/build/rebel_h/debug/bl2/generic_delay_timer.o
 .text.generic_delay_timeout_elapsed
                0x0000001e000339e4       0x10 /home/jongja.cho/Git/legacy/rebel_cds_collab_hw/bootloader/cp/tf-a/build/rebel_h/debug/bl2/generic_delay_timer.o
 .text.generic_delay_get_timer_value
                0x0000001e000339f4        0xc /home/jongja.cho/Git/legacy/rebel_cds_collab_hw/bootloader/cp/tf-a/build/rebel_h/debug/bl2/generic_delay_timer.o
 .text.generic_delay_timer_init_args
                0x0000001e00033a00       0x38 /home/jongja.cho/Git/legacy/rebel_cds_collab_hw/bootloader/cp/tf-a/build/rebel_h/debug/bl2/generic_delay_timer.o
                0x0000001e00033a00                generic_delay_timer_init_args
 .text.generic_delay_timer_init
                0x0000001e00033a38       0x5c /home/jongja.cho/Git/legacy/rebel_cds_collab_hw/bootloader/cp/tf-a/build/rebel_h/debug/bl2/generic_delay_timer.o
                0x0000001e00033a38                generic_delay_timer_init
 .text.get_lotid_for_hbm
                0x0000001e00033a94      0x13c /home/jongja.cho/Git/legacy/rebel_cds_collab_hw/bootloader/cp/tf-a/build/rebel_h/debug/bl2/hbm3_chipid.o
                0x0000001e00033a94                get_lotid_for_hbm
 .text.phy_post_training
                0x0000001e00033bd0       0x5c /home/jongja.cho/Git/legacy/rebel_cds_collab_hw/bootloader/cp/tf-a/build/rebel_h/debug/bl2/hbm3_init.o
 .text.phy_find_read_training_fail_bit
                0x0000001e00033c2c      0x590 /home/jongja.cho/Git/legacy/rebel_cds_collab_hw/bootloader/cp/tf-a/build/rebel_h/debug/bl2/hbm3_init.o
 .text.phy_find_write_training_fail_bit
                0x0000001e000341bc      0x598 /home/jongja.cho/Git/legacy/rebel_cds_collab_hw/bootloader/cp/tf-a/build/rebel_h/debug/bl2/hbm3_init.o
 .text.phy_acquire_vwm_buf
                0x0000001e00034754       0x28 /home/jongja.cho/Git/legacy/rebel_cds_collab_hw/bootloader/cp/tf-a/build/rebel_h/debug/bl2/hbm3_init.o
 .text.enable_hashing
                0x0000001e0003477c      0x120 /home/jongja.cho/Git/legacy/rebel_cds_collab_hw/bootloader/cp/tf-a/build/rebel_h/debug/bl2/hbm3_init.o
                0x0000001e0003477c                enable_hashing
 .text.hbm3_dfi_init
                0x0000001e0003489c       0xc8 /home/jongja.cho/Git/legacy/rebel_cds_collab_hw/bootloader/cp/tf-a/build/rebel_h/debug/bl2/hbm3_init.o
                0x0000001e0003489c                hbm3_dfi_init
 .text.get_read_latency
                0x0000001e00034964       0x80 /home/jongja.cho/Git/legacy/rebel_cds_collab_hw/bootloader/cp/tf-a/build/rebel_h/debug/bl2/hbm3_init.o
                0x0000001e00034964                get_read_latency
 .text.get_write_latency
                0x0000001e000349e4       0x70 /home/jongja.cho/Git/legacy/rebel_cds_collab_hw/bootloader/cp/tf-a/build/rebel_h/debug/bl2/hbm3_init.o
                0x0000001e000349e4                get_write_latency
 .text.icon_mrs
                0x0000001e00034a54       0xe0 /home/jongja.cho/Git/legacy/rebel_cds_collab_hw/bootloader/cp/tf-a/build/rebel_h/debug/bl2/hbm3_init.o
                0x0000001e00034a54                icon_mrs
 .text.phy_pre_training
                0x0000001e00034b34      0x204 /home/jongja.cho/Git/legacy/rebel_cds_collab_hw/bootloader/cp/tf-a/build/rebel_h/debug/bl2/hbm3_init.o
 .text.tmrs_default_set
                0x0000001e00034d38      0x1a0 /home/jongja.cho/Git/legacy/rebel_cds_collab_hw/bootloader/cp/tf-a/build/rebel_h/debug/bl2/hbm3_init.o
                0x0000001e00034d38                tmrs_default_set
 .text.set_tmrs
                0x0000001e00034ed8       0x70 /home/jongja.cho/Git/legacy/rebel_cds_collab_hw/bootloader/cp/tf-a/build/rebel_h/debug/bl2/hbm3_init.o
                0x0000001e00034ed8                set_tmrs
 .text.phy_read_training_fail_check
                0x0000001e00034f48       0xc8 /home/jongja.cho/Git/legacy/rebel_cds_collab_hw/bootloader/cp/tf-a/build/rebel_h/debug/bl2/hbm3_init.o
                0x0000001e00034f48                phy_read_training_fail_check
 .text.phy_write_training_fail_check
                0x0000001e00035010       0xc8 /home/jongja.cho/Git/legacy/rebel_cds_collab_hw/bootloader/cp/tf-a/build/rebel_h/debug/bl2/hbm3_init.o
                0x0000001e00035010                phy_write_training_fail_check
 .text.phy_find_min_result
                0x0000001e000350d8      0x1f4 /home/jongja.cho/Git/legacy/rebel_cds_collab_hw/bootloader/cp/tf-a/build/rebel_h/debug/bl2/hbm3_init.o
                0x0000001e000350d8                phy_find_min_result
 .text.phy_get_training_result
                0x0000001e000352cc      0x134 /home/jongja.cho/Git/legacy/rebel_cds_collab_hw/bootloader/cp/tf-a/build/rebel_h/debug/bl2/hbm3_init.o
                0x0000001e000352cc                phy_get_training_result
 .text.phy_update_ca_ra_deskew
                0x0000001e00035400      0x138 /home/jongja.cho/Git/legacy/rebel_cds_collab_hw/bootloader/cp/tf-a/build/rebel_h/debug/bl2/hbm3_init.o
                0x0000001e00035400                phy_update_ca_ra_deskew
 .text.phy_search_ca_ra_deskew
                0x0000001e00035538      0x100 /home/jongja.cho/Git/legacy/rebel_cds_collab_hw/bootloader/cp/tf-a/build/rebel_h/debug/bl2/hbm3_init.o
                0x0000001e00035538                phy_search_ca_ra_deskew
 .text.phy_read_training
                0x0000001e00035638       0xc8 /home/jongja.cho/Git/legacy/rebel_cds_collab_hw/bootloader/cp/tf-a/build/rebel_h/debug/bl2/hbm3_init.o
                0x0000001e00035638                phy_read_training
 .text.phy_write_training
                0x0000001e00035700       0xf0 /home/jongja.cho/Git/legacy/rebel_cds_collab_hw/bootloader/cp/tf-a/build/rebel_h/debug/bl2/hbm3_init.o
                0x0000001e00035700                phy_write_training
 .text.phy_read_training_LFSR_seed
                0x0000001e000357f0      0x104 /home/jongja.cho/Git/legacy/rebel_cds_collab_hw/bootloader/cp/tf-a/build/rebel_h/debug/bl2/hbm3_init.o
                0x0000001e000357f0                phy_read_training_LFSR_seed
 .text.phy_read_training_LFSR
                0x0000001e000358f4       0xc4 /home/jongja.cho/Git/legacy/rebel_cds_collab_hw/bootloader/cp/tf-a/build/rebel_h/debug/bl2/hbm3_init.o
                0x0000001e000358f4                phy_read_training_LFSR
 .text.phy_write_training_LFSR_seed
                0x0000001e000359b8      0x148 /home/jongja.cho/Git/legacy/rebel_cds_collab_hw/bootloader/cp/tf-a/build/rebel_h/debug/bl2/hbm3_init.o
                0x0000001e000359b8                phy_write_training_LFSR_seed
 .text.phy_write_training_LFSR
                0x0000001e00035b00      0x140 /home/jongja.cho/Git/legacy/rebel_cds_collab_hw/bootloader/cp/tf-a/build/rebel_h/debug/bl2/hbm3_init.o
                0x0000001e00035b00                phy_write_training_LFSR
 .text.phy_vwm_sum_margin
                0x0000001e00035c40       0x24 /home/jongja.cho/Git/legacy/rebel_cds_collab_hw/bootloader/cp/tf-a/build/rebel_h/debug/bl2/hbm3_init.o
                0x0000001e00035c40                phy_vwm_sum_margin
 .text.phy_vwm_shitf_window
                0x0000001e00035c64       0x24 /home/jongja.cho/Git/legacy/rebel_cds_collab_hw/bootloader/cp/tf-a/build/rebel_h/debug/bl2/hbm3_init.o
                0x0000001e00035c64                phy_vwm_shitf_window
 .text.phy_write_vref_training
                0x0000001e00035c88      0x1e0 /home/jongja.cho/Git/legacy/rebel_cds_collab_hw/bootloader/cp/tf-a/build/rebel_h/debug/bl2/hbm3_init.o
                0x0000001e00035c88                phy_write_vref_training
 .text.phy_read_vref_training_LFSR_vertical
                0x0000001e00035e68      0x3a0 /home/jongja.cho/Git/legacy/rebel_cds_collab_hw/bootloader/cp/tf-a/build/rebel_h/debug/bl2/hbm3_init.o
                0x0000001e00035e68                phy_read_vref_training_LFSR_vertical
 .text.phy_prbs_read_training
                0x0000001e00036208      0x164 /home/jongja.cho/Git/legacy/rebel_cds_collab_hw/bootloader/cp/tf-a/build/rebel_h/debug/bl2/hbm3_init.o
                0x0000001e00036208                phy_prbs_read_training
 .text.phy_prbs_write_training
                0x0000001e0003636c      0x164 /home/jongja.cho/Git/legacy/rebel_cds_collab_hw/bootloader/cp/tf-a/build/rebel_h/debug/bl2/hbm3_init.o
                0x0000001e0003636c                phy_prbs_write_training
 .text.phy_wdqs2ck_training
                0x0000001e000364d0       0xb4 /home/jongja.cho/Git/legacy/rebel_cds_collab_hw/bootloader/cp/tf-a/build/rebel_h/debug/bl2/hbm3_init.o
                0x0000001e000364d0                phy_wdqs2ck_training
 .text.phy_prbs_training
                0x0000001e00036584       0xa4 /home/jongja.cho/Git/legacy/rebel_cds_collab_hw/bootloader/cp/tf-a/build/rebel_h/debug/bl2/hbm3_init.o
                0x0000001e00036584                phy_prbs_training
 .text.phy_recv_offset_calibration
                0x0000001e00036628      0x7f8 /home/jongja.cho/Git/legacy/rebel_cds_collab_hw/bootloader/cp/tf-a/build/rebel_h/debug/bl2/hbm3_init.o
                0x0000001e00036628                phy_recv_offset_calibration
 .text.phy_command_training
                0x0000001e00036e20      0x768 /home/jongja.cho/Git/legacy/rebel_cds_collab_hw/bootloader/cp/tf-a/build/rebel_h/debug/bl2/hbm3_init.o
                0x0000001e00036e20                phy_command_training
 .text.phy_rx_io_setting
                0x0000001e00037588       0x78 /home/jongja.cho/Git/legacy/rebel_cds_collab_hw/bootloader/cp/tf-a/build/rebel_h/debug/bl2/hbm3_init.o
                0x0000001e00037588                phy_rx_io_setting
 .text.phy_dca_training
                0x0000001e00037600      0x18c /home/jongja.cho/Git/legacy/rebel_cds_collab_hw/bootloader/cp/tf-a/build/rebel_h/debug/bl2/hbm3_init.o
                0x0000001e00037600                phy_dca_training
 .text.phy_dcm_init
                0x0000001e0003778c      0x26c /home/jongja.cho/Git/legacy/rebel_cds_collab_hw/bootloader/cp/tf-a/build/rebel_h/debug/bl2/hbm3_init.o
                0x0000001e0003778c                phy_dcm_init
 .text.phy_training_all
                0x0000001e000379f8       0xa0 /home/jongja.cho/Git/legacy/rebel_cds_collab_hw/bootloader/cp/tf-a/build/rebel_h/debug/bl2/hbm3_init.o
                0x0000001e000379f8                phy_training_all
 .text.hbm3_phy_training_step2
                0x0000001e00037a98      0x194 /home/jongja.cho/Git/legacy/rebel_cds_collab_hw/bootloader/cp/tf-a/build/rebel_h/debug/bl2/hbm3_init.o
                0x0000001e00037a98                hbm3_phy_training_step2
 .text.hbm3_phy_training_step1
                0x0000001e00037c2c       0x50 /home/jongja.cho/Git/legacy/rebel_cds_collab_hw/bootloader/cp/tf-a/build/rebel_h/debug/bl2/hbm3_init.o
                0x0000001e00037c2c                hbm3_phy_training_step1
 .text.hbm3_phy_training_evt0
                0x0000001e00037c7c      0x170 /home/jongja.cho/Git/legacy/rebel_cds_collab_hw/bootloader/cp/tf-a/build/rebel_h/debug/bl2/hbm3_init.o
                0x0000001e00037c7c                hbm3_phy_training_evt0
 .text.hbm3_phy_training_evt1
                0x0000001e00037dec      0x148 /home/jongja.cho/Git/legacy/rebel_cds_collab_hw/bootloader/cp/tf-a/build/rebel_h/debug/bl2/hbm3_init.o
                0x0000001e00037dec                hbm3_phy_training_evt1
 .text.set_errata_tmrs
                0x0000001e00037f34      0x114 /home/jongja.cho/Git/legacy/rebel_cds_collab_hw/bootloader/cp/tf-a/build/rebel_h/debug/bl2/hbm3_init.o
                0x0000001e00037f34                set_errata_tmrs
 .text.hbm3_ctrl_phy_init
                0x0000001e00038048      0x3ac /home/jongja.cho/Git/legacy/rebel_cds_collab_hw/bootloader/cp/tf-a/build/rebel_h/debug/bl2/hbm3_init.o
                0x0000001e00038048                hbm3_ctrl_phy_init
 .text.hbm_ecc_scrub_init
                0x0000001e000383f4       0x44 /home/jongja.cho/Git/legacy/rebel_cds_collab_hw/bootloader/cp/tf-a/build/rebel_h/debug/bl2/hbm3_init.o
                0x0000001e000383f4                hbm_ecc_scrub_init
 .text.hbm3_run_phy_training
                0x0000001e00038438      0x10c /home/jongja.cho/Git/legacy/rebel_cds_collab_hw/bootloader/cp/tf-a/build/rebel_h/debug/bl2/hbm3_init.o
                0x0000001e00038438                hbm3_run_phy_training
 .text.hbm3_init
                0x0000001e00038544      0x478 /home/jongja.cho/Git/legacy/rebel_cds_collab_hw/bootloader/cp/tf-a/build/rebel_h/debug/bl2/hbm3_init.o
                0x0000001e00038544                hbm3_init
 .text.is_valid_dev
                0x0000001e000389bc       0x38 /home/jongja.cho/Git/legacy/rebel_cds_collab_hw/bootloader/cp/tf-a/build/rebel_h/debug/bl2/io_storage.o
 .text.is_valid_entity
                0x0000001e000389f4       0x30 /home/jongja.cho/Git/legacy/rebel_cds_collab_hw/bootloader/cp/tf-a/build/rebel_h/debug/bl2/io_storage.o
 .text.free_entity.isra.0
                0x0000001e00038a24       0x50 /home/jongja.cho/Git/legacy/rebel_cds_collab_hw/bootloader/cp/tf-a/build/rebel_h/debug/bl2/io_storage.o
 .text.io_dev_close
                0x0000001e00038a74       0x50 /home/jongja.cho/Git/legacy/rebel_cds_collab_hw/bootloader/cp/tf-a/build/rebel_h/debug/bl2/io_storage.o
                0x0000001e00038a74                io_dev_close
 .text.io_open  0x0000001e00038ac4       0xe4 /home/jongja.cho/Git/legacy/rebel_cds_collab_hw/bootloader/cp/tf-a/build/rebel_h/debug/bl2/io_storage.o
                0x0000001e00038ac4                io_open
 .text.io_size  0x0000001e00038ba8       0x5c /home/jongja.cho/Git/legacy/rebel_cds_collab_hw/bootloader/cp/tf-a/build/rebel_h/debug/bl2/io_storage.o
                0x0000001e00038ba8                io_size
 .text.io_read  0x0000001e00038c04       0x74 /home/jongja.cho/Git/legacy/rebel_cds_collab_hw/bootloader/cp/tf-a/build/rebel_h/debug/bl2/io_storage.o
                0x0000001e00038c04                io_read
 .text.io_close
                0x0000001e00038c78       0x58 /home/jongja.cho/Git/legacy/rebel_cds_collab_hw/bootloader/cp/tf-a/build/rebel_h/debug/bl2/io_storage.o
                0x0000001e00038c78                io_close
 .text.ipm_samsung_write
                0x0000001e00038cd0       0x78 /home/jongja.cho/Git/legacy/rebel_cds_collab_hw/bootloader/cp/tf-a/build/rebel_h/debug/bl2/mailbox.o
                0x0000001e00038cd0                ipm_samsung_write
 .text.ipm_samsung_send
                0x0000001e00038d48       0x4c /home/jongja.cho/Git/legacy/rebel_cds_collab_hw/bootloader/cp/tf-a/build/rebel_h/debug/bl2/mailbox.o
                0x0000001e00038d48                ipm_samsung_send
 .text.parse_gpt_entry
                0x0000001e00038d94      0x104 /home/jongja.cho/Git/legacy/rebel_cds_collab_hw/bootloader/cp/tf-a/build/rebel_h/debug/bl2/gpt.o
                0x0000001e00038d94                parse_gpt_entry
 .text.gpt_32bit_memcpy
                0x0000001e00038e98       0x24 /home/jongja.cho/Git/legacy/rebel_cds_collab_hw/bootloader/cp/tf-a/build/rebel_h/debug/bl2/partition_simple.o
                0x0000001e00038e98                gpt_32bit_memcpy
 .text.gpt_get_image_header
                0x0000001e00038ebc       0x18 /home/jongja.cho/Git/legacy/rebel_cds_collab_hw/bootloader/cp/tf-a/build/rebel_h/debug/bl2/partition_simple.o
                0x0000001e00038ebc                gpt_get_image_header
 .text.gpt_set_gpt_image_addr
                0x0000001e00038ed4       0x28 /home/jongja.cho/Git/legacy/rebel_cds_collab_hw/bootloader/cp/tf-a/build/rebel_h/debug/bl2/partition_simple.o
                0x0000001e00038ed4                gpt_set_gpt_image_addr
 .text.load_gpt_entry
                0x0000001e00038efc       0x28 /home/jongja.cho/Git/legacy/rebel_cds_collab_hw/bootloader/cp/tf-a/build/rebel_h/debug/bl2/partition_simple.o
                0x0000001e00038efc                load_gpt_entry
 .text.load_partition_gpt
                0x0000001e00038f24       0xb0 /home/jongja.cho/Git/legacy/rebel_cds_collab_hw/bootloader/cp/tf-a/build/rebel_h/debug/bl2/partition_simple.o
                0x0000001e00038f24                load_partition_gpt
 .text.load_gpt_header
                0x0000001e00038fd4       0xa8 /home/jongja.cho/Git/legacy/rebel_cds_collab_hw/bootloader/cp/tf-a/build/rebel_h/debug/bl2/partition_simple.o
                0x0000001e00038fd4                load_gpt_header
 .text.load_primary_gpt
                0x0000001e0003907c       0x40 /home/jongja.cho/Git/legacy/rebel_cds_collab_hw/bootloader/cp/tf-a/build/rebel_h/debug/bl2/partition_simple.o
                0x0000001e0003907c                load_primary_gpt
 .text.load_mbr_header
                0x0000001e000390bc       0xd0 /home/jongja.cho/Git/legacy/rebel_cds_collab_hw/bootloader/cp/tf-a/build/rebel_h/debug/bl2/partition_simple.o
                0x0000001e000390bc                load_mbr_header
 .text.load_partition_table
                0x0000001e0003918c       0x70 /home/jongja.cho/Git/legacy/rebel_cds_collab_hw/bootloader/cp/tf-a/build/rebel_h/debug/bl2/partition_simple.o
                0x0000001e0003918c                load_partition_table
 .text.gpt_load_binary_length
                0x0000001e000391fc       0x40 /home/jongja.cho/Git/legacy/rebel_cds_collab_hw/bootloader/cp/tf-a/build/rebel_h/debug/bl2/partition_simple.o
                0x0000001e000391fc                gpt_load_binary_length
 .text.gpt_get_address_by_entry
                0x0000001e0003923c       0x2c /home/jongja.cho/Git/legacy/rebel_cds_collab_hw/bootloader/cp/tf-a/build/rebel_h/debug/bl2/partition_simple.o
                0x0000001e0003923c                gpt_get_address_by_entry
 .text.gpt_get_length_by_entry
                0x0000001e00039268       0x10 /home/jongja.cho/Git/legacy/rebel_cds_collab_hw/bootloader/cp/tf-a/build/rebel_h/debug/bl2/partition_simple.o
                0x0000001e00039268                gpt_get_length_by_entry
 .text.gpt_partition_init
                0x0000001e00039278       0x58 /home/jongja.cho/Git/legacy/rebel_cds_collab_hw/bootloader/cp/tf-a/build/rebel_h/debug/bl2/partition_simple.o
                0x0000001e00039278                gpt_partition_init
 .text.smmu_gen_pagetable
                0x0000001e000392d0      0x544 /home/jongja.cho/Git/legacy/rebel_cds_collab_hw/bootloader/cp/tf-a/build/rebel_h/debug/bl2/smmu.o
 .text.smmu_early_init
                0x0000001e00039814      0x3b4 /home/jongja.cho/Git/legacy/rebel_cds_collab_hw/bootloader/cp/tf-a/build/rebel_h/debug/bl2/smmu.o
                0x0000001e00039814                smmu_early_init
 .text.poll_reg_same_val.constprop.0.isra.0
                0x0000001e00039bc8       0x2c /home/jongja.cho/Git/legacy/rebel_cds_collab_hw/bootloader/cp/tf-a/build/rebel_h/debug/bl2/sic.o
 .text.request_to_cmrt
                0x0000001e00039bf4       0xf8 /home/jongja.cho/Git/legacy/rebel_cds_collab_hw/bootloader/cp/tf-a/build/rebel_h/debug/bl2/sic.o
                0x0000001e00039bf4                request_to_cmrt
 .text.xlat_arch_get_pas
                0x0000001e00039cec       0x14 /home/jongja.cho/Git/legacy/rebel_cds_collab_hw/bootloader/cp/tf-a/build/rebel_h/debug/bl2/xlat_tables_arch.o
                0x0000001e00039cec                xlat_arch_get_pas
 .text.tcr_physical_addr_size_bits
                0x0000001e00039d00       0x64 /home/jongja.cho/Git/legacy/rebel_cds_collab_hw/bootloader/cp/tf-a/build/rebel_h/debug/bl2/xlat_tables_arch.o
                0x0000001e00039d00                tcr_physical_addr_size_bits
 .text.xlat_arch_get_max_supported_pa
                0x0000001e00039d64       0x34 /home/jongja.cho/Git/legacy/rebel_cds_collab_hw/bootloader/cp/tf-a/build/rebel_h/debug/bl2/xlat_tables_arch.o
                0x0000001e00039d64                xlat_arch_get_max_supported_pa
 .text.xlat_get_min_virt_addr_space_size
                0x0000001e00039d98       0x18 /home/jongja.cho/Git/legacy/rebel_cds_collab_hw/bootloader/cp/tf-a/build/rebel_h/debug/bl2/xlat_tables_arch.o
                0x0000001e00039d98                xlat_get_min_virt_addr_space_size
 .text.xlat_arch_regime_get_xn_desc
                0x0000001e00039db0       0x2c /home/jongja.cho/Git/legacy/rebel_cds_collab_hw/bootloader/cp/tf-a/build/rebel_h/debug/bl2/xlat_tables_arch.o
                0x0000001e00039db0                xlat_arch_regime_get_xn_desc
 .text.xlat_arch_current_el
                0x0000001e00039ddc       0x1c /home/jongja.cho/Git/legacy/rebel_cds_collab_hw/bootloader/cp/tf-a/build/rebel_h/debug/bl2/xlat_tables_arch.o
                0x0000001e00039ddc                xlat_arch_current_el
 .text.is_mmu_enabled_ctx
                0x0000001e00039df8       0x68 /home/jongja.cho/Git/legacy/rebel_cds_collab_hw/bootloader/cp/tf-a/build/rebel_h/debug/bl2/xlat_tables_arch.o
                0x0000001e00039df8                is_mmu_enabled_ctx
 .text.setup_mmu_cfg
                0x0000001e00039e60       0xe0 /home/jongja.cho/Git/legacy/rebel_cds_collab_hw/bootloader/cp/tf-a/build/rebel_h/debug/bl2/xlat_tables_arch.o
                0x0000001e00039e60                setup_mmu_cfg
 .text.mmap_add_region
                0x0000001e00039f40       0x34 /home/jongja.cho/Git/legacy/rebel_cds_collab_hw/bootloader/cp/tf-a/build/rebel_h/debug/bl2/xlat_tables_context.o
                0x0000001e00039f40                mmap_add_region
 .text.init_xlat_tables
                0x0000001e00039f74       0x54 /home/jongja.cho/Git/legacy/rebel_cds_collab_hw/bootloader/cp/tf-a/build/rebel_h/debug/bl2/xlat_tables_context.o
                0x0000001e00039f74                init_xlat_tables
 .text.enable_mmu_el1
                0x0000001e00039fc8       0x48 /home/jongja.cho/Git/legacy/rebel_cds_collab_hw/bootloader/cp/tf-a/build/rebel_h/debug/bl2/xlat_tables_context.o
                0x0000001e00039fc8                enable_mmu_el1
 .text.xlat_desc
                0x0000001e0003a010      0x120 /home/jongja.cho/Git/legacy/rebel_cds_collab_hw/bootloader/cp/tf-a/build/rebel_h/debug/bl2/xlat_tables_core.o
                0x0000001e0003a010                xlat_desc
 .text.xlat_tables_map_region
                0x0000001e0003a130      0x20c /home/jongja.cho/Git/legacy/rebel_cds_collab_hw/bootloader/cp/tf-a/build/rebel_h/debug/bl2/xlat_tables_core.o
 .text.mmap_add_region_ctx
                0x0000001e0003a33c      0x23c /home/jongja.cho/Git/legacy/rebel_cds_collab_hw/bootloader/cp/tf-a/build/rebel_h/debug/bl2/xlat_tables_core.o
                0x0000001e0003a33c                mmap_add_region_ctx
 .text.init_xlat_tables_ctx
                0x0000001e0003a578      0x15c /home/jongja.cho/Git/legacy/rebel_cds_collab_hw/bootloader/cp/tf-a/build/rebel_h/debug/bl2/xlat_tables_core.o
                0x0000001e0003a578                init_xlat_tables_ctx
 .text.xlat_mmap_print
                0x0000001e0003a6d4        0x4 /home/jongja.cho/Git/legacy/rebel_cds_collab_hw/bootloader/cp/tf-a/build/rebel_h/debug/bl2/xlat_tables_utils.o
                0x0000001e0003a6d4                xlat_mmap_print
 .text.xlat_tables_print
                0x0000001e0003a6d8        0x4 /home/jongja.cho/Git/legacy/rebel_cds_collab_hw/bootloader/cp/tf-a/build/rebel_h/debug/bl2/xlat_tables_utils.o
                0x0000001e0003a6d8                xlat_tables_print
 .text.get_el_str
                0x0000001e0003a6dc       0x24 /home/jongja.cho/Git/legacy/rebel_cds_collab_hw/bootloader/cp/tf-a/build/rebel_h/debug/bl2/plat_common.o
                0x0000001e0003a6dc                get_el_str
 .text.plat_error_handler
                0x0000001e0003a700        0x8 /home/jongja.cho/Git/legacy/rebel_cds_collab_hw/bootloader/cp/tf-a/build/rebel_h/debug/bl2/plat_bl_common.o
                0x0000001e0003a700                plat_error_handler
 .text.bl2_plat_preload_setup
                0x0000001e0003a708        0x4 /home/jongja.cho/Git/legacy/rebel_cds_collab_hw/bootloader/cp/tf-a/build/rebel_h/debug/bl2/plat_bl_common.o
                0x0000001e0003a708                bl2_plat_preload_setup
 .text.bl2_plat_handle_pre_image_load
                0x0000001e0003a70c        0x8 /home/jongja.cho/Git/legacy/rebel_cds_collab_hw/bootloader/cp/tf-a/build/rebel_h/debug/bl2/plat_bl_common.o
                0x0000001e0003a70c                bl2_plat_handle_pre_image_load
 .text.bl2_plat_handle_post_image_load
                0x0000001e0003a714        0x8 /home/jongja.cho/Git/legacy/rebel_cds_collab_hw/bootloader/cp/tf-a/build/rebel_h/debug/bl2/plat_bl_common.o
                0x0000001e0003a714                bl2_plat_handle_post_image_load
 .text.plat_log_get_prefix
                0x0000001e0003a71c       0x30 /home/jongja.cho/Git/legacy/rebel_cds_collab_hw/bootloader/cp/tf-a/build/rebel_h/debug/bl2/plat_log_common.o
                0x0000001e0003a71c                plat_log_get_prefix
 .text.bl2_plat_arch_setup
                0x0000001e0003a74c      0x130 /home/jongja.cho/Git/legacy/rebel_cds_collab_hw/bootloader/cp/tf-a/build/rebel_h/debug/bl2/rebel_h_bl2_setup.o
                0x0000001e0003a74c                bl2_plat_arch_setup
 .text.tzpc_init_sysreg_bl2
                0x0000001e0003a87c       0x90 /home/jongja.cho/Git/legacy/rebel_cds_collab_hw/bootloader/cp/tf-a/build/rebel_h/debug/bl2/rebel_h_bl2_setup.o
                0x0000001e0003a87c                tzpc_init_sysreg_bl2
 .text.bl2_early_platform_setup2
                0x0000001e0003a90c      0x6d8 /home/jongja.cho/Git/legacy/rebel_cds_collab_hw/bootloader/cp/tf-a/build/rebel_h/debug/bl2/rebel_h_bl2_setup.o
                0x0000001e0003a90c                bl2_early_platform_setup2
 .text.bl2_platform_setup
                0x0000001e0003afe4        0x4 /home/jongja.cho/Git/legacy/rebel_cds_collab_hw/bootloader/cp/tf-a/build/rebel_h/debug/bl2/rebel_h_bl2_setup.o
                0x0000001e0003afe4                bl2_platform_setup
 .text.plat_get_syscnt_freq2
                0x0000001e0003afe8        0xc /home/jongja.cho/Git/legacy/rebel_cds_collab_hw/bootloader/cp/tf-a/build/rebel_h/debug/bl2/rebel_h_bl2_setup.o
                0x0000001e0003afe8                plat_get_syscnt_freq2
 .text.plat_flush_next_bl_params
                0x0000001e0003aff4        0x4 /home/jongja.cho/Git/legacy/rebel_cds_collab_hw/bootloader/cp/tf-a/build/rebel_h/debug/bl2/rebel_h_image_load.o
                0x0000001e0003aff4                plat_flush_next_bl_params
 .text.plat_get_bl_image_load_info
                0x0000001e0003aff8        0x4 /home/jongja.cho/Git/legacy/rebel_cds_collab_hw/bootloader/cp/tf-a/build/rebel_h/debug/bl2/rebel_h_image_load.o
                0x0000001e0003aff8                plat_get_bl_image_load_info
 .text.plat_get_next_bl_params
                0x0000001e0003affc        0x4 /home/jongja.cho/Git/legacy/rebel_cds_collab_hw/bootloader/cp/tf-a/build/rebel_h/debug/bl2/rebel_h_image_load.o
                0x0000001e0003affc                plat_get_next_bl_params
 .text.plat_set_cpu_rvbar
                0x0000001e0003b000       0x30 /home/jongja.cho/Git/legacy/rebel_cds_collab_hw/bootloader/cp/tf-a/build/rebel_h/debug/bl2/rebel_h_plat.o
                0x0000001e0003b000                plat_set_cpu_rvbar
 .text.plat_pmu_cl_on
                0x0000001e0003b030       0x38 /home/jongja.cho/Git/legacy/rebel_cds_collab_hw/bootloader/cp/tf-a/build/rebel_h/debug/bl2/rebel_h_plat.o
                0x0000001e0003b030                plat_pmu_cl_on
 .text.plat_pmu_cpu_on
                0x0000001e0003b068       0x40 /home/jongja.cho/Git/legacy/rebel_cds_collab_hw/bootloader/cp/tf-a/build/rebel_h/debug/bl2/rebel_h_plat.o
                0x0000001e0003b068                plat_pmu_cpu_on
 .text.plat_set_secondary_chiplet_cnt
                0x0000001e0003b0a8       0x18 /home/jongja.cho/Git/legacy/rebel_cds_collab_hw/bootloader/cp/tf-a/build/rebel_h/debug/bl2/rebel_h_plat.o
                0x0000001e0003b0a8                plat_set_secondary_chiplet_cnt
 .text.pmu_get_bootmode
                0x0000001e0003b0c0       0x10 /home/jongja.cho/Git/legacy/rebel_cds_collab_hw/bootloader/cp/tf-a/build/rebel_h/debug/bl2/rebel_h_pmu.o
                0x0000001e0003b0c0                pmu_get_bootmode
 .text.pmu_reset_blk_dram
                0x0000001e0003b0d0       0x8c /home/jongja.cho/Git/legacy/rebel_cds_collab_hw/bootloader/cp/tf-a/build/rebel_h/debug/bl2/rebel_h_pmu.o
                0x0000001e0003b0d0                pmu_reset_blk_dram
 .text.plat_core_pos_by_mpidr
                0x0000001e0003b15c       0x3c /home/jongja.cho/Git/legacy/rebel_cds_collab_hw/bootloader/cp/tf-a/build/rebel_h/debug/bl2/rebel_h_topology.o
                0x0000001e0003b15c                plat_core_pos_by_mpidr
 .text.asm.asm_assert
                0x0000001e0003b198        0x8 /home/jongja.cho/Git/legacy/rebel_cds_collab_hw/bootloader/cp/tf-a/build/rebel_h/debug/bl2/debug.o
                0x0000001e0003b198                asm_assert
 .text.asm.asm_print_str
                0x0000001e0003b1a0       0x18 /home/jongja.cho/Git/legacy/rebel_cds_collab_hw/bootloader/cp/tf-a/build/rebel_h/debug/bl2/debug.o
                0x0000001e0003b1a0                asm_print_str
 .text.asm.asm_print_hex
                0x0000001e0003b1b8       0x30 /home/jongja.cho/Git/legacy/rebel_cds_collab_hw/bootloader/cp/tf-a/build/rebel_h/debug/bl2/debug.o
                0x0000001e0003b1b8                asm_print_hex
                0x0000001e0003b1bc                asm_print_hex_bits
 .text.asm.asm_print_newline
                0x0000001e0003b1e8        0x8 /home/jongja.cho/Git/legacy/rebel_cds_collab_hw/bootloader/cp/tf-a/build/rebel_h/debug/bl2/debug.o
                0x0000001e0003b1e8                asm_print_newline
 .text.asm.el3_panic
                0x0000001e0003b1f0       0x30 /home/jongja.cho/Git/legacy/rebel_cds_collab_hw/bootloader/cp/tf-a/build/rebel_h/debug/bl2/debug.o
                0x0000001e0003b1f0                el3_panic
 .text.asm.console_16550_core_init
                0x0000001e0003b220       0x70 /home/jongja.cho/Git/legacy/rebel_cds_collab_hw/bootloader/cp/tf-a/build/rebel_h/debug/bl2/16550_console.o
                0x0000001e0003b220                console_16550_core_init
 .text.asm.console_16550_register
                0x0000001e0003b290       0x4c /home/jongja.cho/Git/legacy/rebel_cds_collab_hw/bootloader/cp/tf-a/build/rebel_h/debug/bl2/16550_console.o
                0x0000001e0003b290                console_16550_register
 .text.asm.console_16550_core_putc
                0x0000001e0003b2dc       0x4c /home/jongja.cho/Git/legacy/rebel_cds_collab_hw/bootloader/cp/tf-a/build/rebel_h/debug/bl2/16550_console.o
                0x0000001e0003b2dc                console_16550_core_putc
 .text.asm.console_16550_putc
                0x0000001e0003b328       0x1c /home/jongja.cho/Git/legacy/rebel_cds_collab_hw/bootloader/cp/tf-a/build/rebel_h/debug/bl2/16550_console.o
                0x0000001e0003b328                console_16550_putc
 .text.asm.console_16550_core_flush
                0x0000001e0003b344       0x28 /home/jongja.cho/Git/legacy/rebel_cds_collab_hw/bootloader/cp/tf-a/build/rebel_h/debug/bl2/16550_console.o
                0x0000001e0003b344                console_16550_core_flush
 .text.asm.console_16550_flush
                0x0000001e0003b36c       0x1c /home/jongja.cho/Git/legacy/rebel_cds_collab_hw/bootloader/cp/tf-a/build/rebel_h/debug/bl2/16550_console.o
                0x0000001e0003b36c                console_16550_flush
 .text.asm.flush_dcache_range
                0x0000001e0003b388       0x38 /home/jongja.cho/Git/legacy/rebel_cds_collab_hw/bootloader/cp/tf-a/build/rebel_h/debug/bl2/cache_helpers.o
                0x0000001e0003b388                flush_dcache_range
 .text.asm.inv_dcache_range
                0x0000001e0003b3c0       0x38 /home/jongja.cho/Git/legacy/rebel_cds_collab_hw/bootloader/cp/tf-a/build/rebel_h/debug/bl2/cache_helpers.o
                0x0000001e0003b3c0                inv_dcache_range
 .text.asm.smc  0x0000001e0003b3f8        0x4 /home/jongja.cho/Git/legacy/rebel_cds_collab_hw/bootloader/cp/tf-a/build/rebel_h/debug/bl2/misc_helpers.o
                0x0000001e0003b3f8                smc
 .text.asm.zeromem
                0x0000001e0003b3fc        0x8 /home/jongja.cho/Git/legacy/rebel_cds_collab_hw/bootloader/cp/tf-a/build/rebel_h/debug/bl2/misc_helpers.o
                0x0000001e0003b3fc                zeromem
 .text.asm.zeromem_dczva
                0x0000001e0003b404      0x114 /home/jongja.cho/Git/legacy/rebel_cds_collab_hw/bootloader/cp/tf-a/build/rebel_h/debug/bl2/misc_helpers.o
                0x0000001e0003b404                zero_normalmem
 .text.asm.enable_mmu_direct_el1
                0x0000001e0003b518       0x70 /home/jongja.cho/Git/legacy/rebel_cds_collab_hw/bootloader/cp/tf-a/build/rebel_h/debug/bl2/enable_mmu.o
                0x0000001e0003b518                enable_mmu_direct_el1
 .text.asm.plat_report_exception
                0x0000001e0003b588        0x4 /home/jongja.cho/Git/legacy/rebel_cds_collab_hw/bootloader/cp/tf-a/build/rebel_h/debug/bl2/platform_helpers.o
                0x0000001e0003b588                plat_report_exception
 .text.asm.plat_panic_handler
                0x0000001e0003b58c        0x8 /home/jongja.cho/Git/legacy/rebel_cds_collab_hw/bootloader/cp/tf-a/build/rebel_h/debug/bl2/platform_helpers.o
                0x0000001e0003b58c                plat_panic_handler
 .text.asm.plat_get_my_stack
                0x0000001e0003b594       0x1c /home/jongja.cho/Git/legacy/rebel_cds_collab_hw/bootloader/cp/tf-a/build/rebel_h/debug/bl2/platform_mp_stack.o
                0x0000001e0003b594                plat_get_my_stack
 .text.asm.plat_set_my_stack
                0x0000001e0003b5b0       0x10 /home/jongja.cho/Git/legacy/rebel_cds_collab_hw/bootloader/cp/tf-a/build/rebel_h/debug/bl2/platform_mp_stack.o
                0x0000001e0003b5b0                plat_set_my_stack
 .text.asm.plat_my_core_pos
                0x0000001e0003b5c0        0x8 /home/jongja.cho/Git/legacy/rebel_cds_collab_hw/bootloader/cp/tf-a/build/rebel_h/debug/bl2/plat_helper.o
                0x0000001e0003b5c0                plat_my_core_pos
 .text.asm.plat_get_image_source
                0x0000001e0003b5c8        0x0 /home/jongja.cho/Git/legacy/rebel_cds_collab_hw/bootloader/cp/tf-a/build/rebel_h/debug/bl2/plat_helper.o
                0x0000001e0003b5c8                plat_get_image_source
 .text.asm.plat_crash_console_init
                0x0000001e0003b5c8       0x20 /home/jongja.cho/Git/legacy/rebel_cds_collab_hw/bootloader/cp/tf-a/build/rebel_h/debug/bl2/plat_helper.o
                0x0000001e0003b5c8                plat_crash_console_init
 .text.asm.plat_crash_console_putc
                0x0000001e0003b5e8        0xc /home/jongja.cho/Git/legacy/rebel_cds_collab_hw/bootloader/cp/tf-a/build/rebel_h/debug/bl2/plat_helper.o
                0x0000001e0003b5e8                plat_crash_console_putc
 .text.asm.plat_crash_console_flush
                0x0000001e0003b5f4        0xc /home/jongja.cho/Git/legacy/rebel_cds_collab_hw/bootloader/cp/tf-a/build/rebel_h/debug/bl2/plat_helper.o
                0x0000001e0003b5f4                plat_crash_console_flush
 .text.__assert
                0x0000001e0003b600       0x1c /home/jongja.cho/Git/legacy/rebel_cds_collab_hw/bootloader/cp/tf-a/build/rebel_h/debug/lib/libc.a(assert.o)
                0x0000001e0003b600                __assert
 .text.memcpy   0x0000001e0003b61c       0x20 /home/jongja.cho/Git/legacy/rebel_cds_collab_hw/bootloader/cp/tf-a/build/rebel_h/debug/lib/libc.a(memcpy.o)
                0x0000001e0003b61c                memcpy
 .text.memmove  0x0000001e0003b63c       0x34 /home/jongja.cho/Git/legacy/rebel_cds_collab_hw/bootloader/cp/tf-a/build/rebel_h/debug/lib/libc.a(memmove.o)
                0x0000001e0003b63c                memmove
 .text.unsigned_num_print.part.0
                0x0000001e0003b670       0xf4 /home/jongja.cho/Git/legacy/rebel_cds_collab_hw/bootloader/cp/tf-a/build/rebel_h/debug/lib/libc.a(printf.o)
 .text.vprintf  0x0000001e0003b764      0x4a8 /home/jongja.cho/Git/legacy/rebel_cds_collab_hw/bootloader/cp/tf-a/build/rebel_h/debug/lib/libc.a(printf.o)
                0x0000001e0003b764                vprintf
 .text.printf   0x0000001e0003bc0c       0x54 /home/jongja.cho/Git/legacy/rebel_cds_collab_hw/bootloader/cp/tf-a/build/rebel_h/debug/lib/libc.a(printf.o)
                0x0000001e0003bc0c                printf
 .text.unsigned_num_print
                0x0000001e0003bc60      0x130 /home/jongja.cho/Git/legacy/rebel_cds_collab_hw/bootloader/cp/tf-a/build/rebel_h/debug/lib/libc.a(snprintf.o)
 .text.vsnprintf
                0x0000001e0003bd90      0x554 /home/jongja.cho/Git/legacy/rebel_cds_collab_hw/bootloader/cp/tf-a/build/rebel_h/debug/lib/libc.a(snprintf.o)
                0x0000001e0003bd90                vsnprintf
 .text.snprintf
                0x0000001e0003c2e4       0x50 /home/jongja.cho/Git/legacy/rebel_cds_collab_hw/bootloader/cp/tf-a/build/rebel_h/debug/lib/libc.a(snprintf.o)
                0x0000001e0003c2e4                snprintf
 .text.strlen   0x0000001e0003c334       0x1c /home/jongja.cho/Git/legacy/rebel_cds_collab_hw/bootloader/cp/tf-a/build/rebel_h/debug/lib/libc.a(strlen.o)
                0x0000001e0003c334                strlen
 .text.strncmp  0x0000001e0003c350       0x38 /home/jongja.cho/Git/legacy/rebel_cds_collab_hw/bootloader/cp/tf-a/build/rebel_h/debug/lib/libc.a(strncmp.o)
                0x0000001e0003c350                strncmp
 .text.memset   0x0000001e0003c388       0x74 /home/jongja.cho/Git/legacy/rebel_cds_collab_hw/bootloader/cp/tf-a/build/rebel_h/debug/lib/libc.a(memset.o)
                0x0000001e0003c388                memset
 *(SORT_BY_ALIGNMENT(.rodata*))
 *fill*         0x0000001e0003c3fc        0x4 
 .rodata.old_lotid
                0x0000001e0003c400       0x18 /home/jongja.cho/Git/legacy/rebel_cds_collab_hw/bootloader/cp/tf-a/build/rebel_h/debug/bl2/hbm3_chipid.o
 .rodata.mailbox_data
                0x0000001e0003c418       0xf0 /home/jongja.cho/Git/legacy/rebel_cds_collab_hw/bootloader/cp/tf-a/build/rebel_h/debug/bl2/mailbox.o
 .rodata.CSWTCH.3
                0x0000001e0003c508       0x20 /home/jongja.cho/Git/legacy/rebel_cds_collab_hw/bootloader/cp/tf-a/build/rebel_h/debug/bl2/plat_common.o
 .rodata.plat_prefix_str
                0x0000001e0003c528       0x28 /home/jongja.cho/Git/legacy/rebel_cds_collab_hw/bootloader/cp/tf-a/build/rebel_h/debug/bl2/plat_log_common.o
 .rodata        0x0000001e0003c550       0xe4 /home/jongja.cho/Git/legacy/rebel_cds_collab_hw/bootloader/cp/tf-a/build/rebel_h/debug/bl2/icon.o
 .rodata.pll_table_f0435
                0x0000001e0003c634       0x64 /home/jongja.cho/Git/legacy/rebel_cds_collab_hw/bootloader/cp/tf-a/build/rebel_h/debug/bl2/cmu.o
 .rodata.pll_table_f0434
                0x0000001e0003c698       0xc8 /home/jongja.cho/Git/legacy/rebel_cds_collab_hw/bootloader/cp/tf-a/build/rebel_h/debug/bl2/cmu.o
 .rodata.hbm3_init
                0x0000001e0003c760       0x12 /home/jongja.cho/Git/legacy/rebel_cds_collab_hw/bootloader/cp/tf-a/build/rebel_h/debug/bl2/hbm3_init.o
 *fill*         0x0000001e0003c772        0x2 
 .rodata.pa_range_bits_arr
                0x0000001e0003c774       0x20 /home/jongja.cho/Git/legacy/rebel_cds_collab_hw/bootloader/cp/tf-a/build/rebel_h/debug/bl2/xlat_tables_arch.o
 .rodata.vprintf
                0x0000001e0003c794       0x30 /home/jongja.cho/Git/legacy/rebel_cds_collab_hw/bootloader/cp/tf-a/build/rebel_h/debug/lib/libc.a(printf.o)
 .rodata.vsnprintf
                0x0000001e0003c7c4       0x30 /home/jongja.cho/Git/legacy/rebel_cds_collab_hw/bootloader/cp/tf-a/build/rebel_h/debug/lib/libc.a(snprintf.o)
 .rodata.CSWTCH.192
                0x0000001e0003c7f4        0xa /home/jongja.cho/Git/legacy/rebel_cds_collab_hw/bootloader/cp/tf-a/build/rebel_h/debug/bl2/hbm3_init.o
 .rodata.icon_rx_lane_search.str1.1
                0x0000001e0003c7fe     0x113a /home/jongja.cho/Git/legacy/rebel_cds_collab_hw/bootloader/cp/tf-a/build/rebel_h/debug/bl2/icon.o
                                         0xa9 (size before relaxing)
 .rodata.icon_rx_extest.str1.1
                0x0000001e0003d938       0x3a /home/jongja.cho/Git/legacy/rebel_cds_collab_hw/bootloader/cp/tf-a/build/rebel_h/debug/bl2/icon.o
 .rodata.icon_tx_lane_search.str1.1
                0x0000001e0003d938       0x35 /home/jongja.cho/Git/legacy/rebel_cds_collab_hw/bootloader/cp/tf-a/build/rebel_h/debug/bl2/icon.o
 .rodata.icon_tx_extest.str1.1
                0x0000001e0003d938       0x19 /home/jongja.cho/Git/legacy/rebel_cds_collab_hw/bootloader/cp/tf-a/build/rebel_h/debug/bl2/icon.o
 .rodata.hbm3_lane_repair.str1.1
                0x0000001e0003d938       0x5a /home/jongja.cho/Git/legacy/rebel_cds_collab_hw/bootloader/cp/tf-a/build/rebel_h/debug/bl2/icon.o
 .rodata.bl2_load_images.str1.1
                0x0000001e0003d938       0xab /home/jongja.cho/Git/legacy/rebel_cds_collab_hw/bootloader/cp/tf-a/build/rebel_h/debug/bl2/bl2_image_load_v2.o
 .rodata.bl2_main.str1.1
                0x0000001e0003d938        0xa /home/jongja.cho/Git/legacy/rebel_cds_collab_hw/bootloader/cp/tf-a/build/rebel_h/debug/bl2/bl2_main.o
 .rodata.build_version_string
                0x0000001e0003d938       0x2e /home/jongja.cho/Git/legacy/rebel_cds_collab_hw/bootloader/cp/tf-a/build/rebel_h/debug/bl2/bl2_main.o
 .rodata.build_message
                0x0000001e0003d966       0x1e /home/jongja.cho/Git/legacy/rebel_cds_collab_hw/bootloader/cp/tf-a/build/rebel_h/debug/bl2/bl2_main.o
 .rodata.backtrace.str1.1
                0x0000001e0003d984       0xcd /home/jongja.cho/Git/legacy/rebel_cds_collab_hw/bootloader/cp/tf-a/build/rebel_h/debug/bl2/backtrace.o
 .rodata.load_image.str1.1
                0x0000001e0003d984       0xea /home/jongja.cho/Git/legacy/rebel_cds_collab_hw/bootloader/cp/tf-a/build/rebel_h/debug/bl2/bl_common.o
 .rodata.dma_start.str1.1
                0x0000001e0003d984       0x43 /home/jongja.cho/Git/legacy/rebel_cds_collab_hw/bootloader/cp/tf-a/build/rebel_h/debug/bl2/pl330.o
 .rodata.dma_load_image.str1.1
                0x0000001e0003d984       0x45 /home/jongja.cho/Git/legacy/rebel_cds_collab_hw/bootloader/cp/tf-a/build/rebel_h/debug/bl2/pl330.o
 .rodata.__func__.0
                0x0000001e0003d984        0xf /home/jongja.cho/Git/legacy/rebel_cds_collab_hw/bootloader/cp/tf-a/build/rebel_h/debug/bl2/pl330.o
 .rodata.get_lotid_for_hbm.str1.1
                0x0000001e0003d993        0xc /home/jongja.cho/Git/legacy/rebel_cds_collab_hw/bootloader/cp/tf-a/build/rebel_h/debug/bl2/hbm3_chipid.o
 .rodata.str1.1
                0x0000001e0003d993       0x12 /home/jongja.cho/Git/legacy/rebel_cds_collab_hw/bootloader/cp/tf-a/build/rebel_h/debug/bl2/hbm3_chipid.o
 .rodata.phy_find_read_training_fail_bit.str1.1
                0x0000001e0003d993      0x1d1 /home/jongja.cho/Git/legacy/rebel_cds_collab_hw/bootloader/cp/tf-a/build/rebel_h/debug/bl2/hbm3_init.o
 .rodata.phy_find_write_training_fail_bit.str1.1
                0x0000001e0003d993       0x47 /home/jongja.cho/Git/legacy/rebel_cds_collab_hw/bootloader/cp/tf-a/build/rebel_h/debug/bl2/hbm3_init.o
 .rodata.hbm3_dfi_init.str1.1
                0x0000001e0003d993       0x19 /home/jongja.cho/Git/legacy/rebel_cds_collab_hw/bootloader/cp/tf-a/build/rebel_h/debug/bl2/hbm3_init.o
 .rodata.get_read_latency.str1.1
                0x0000001e0003d993       0x13 /home/jongja.cho/Git/legacy/rebel_cds_collab_hw/bootloader/cp/tf-a/build/rebel_h/debug/bl2/hbm3_init.o
 .rodata.phy_read_training.str1.1
                0x0000001e0003d993       0x33 /home/jongja.cho/Git/legacy/rebel_cds_collab_hw/bootloader/cp/tf-a/build/rebel_h/debug/bl2/hbm3_init.o
 .rodata.phy_write_training.str1.1
                0x0000001e0003d993       0x23 /home/jongja.cho/Git/legacy/rebel_cds_collab_hw/bootloader/cp/tf-a/build/rebel_h/debug/bl2/hbm3_init.o
 .rodata.phy_read_training_LFSR.str1.1
                0x0000001e0003d993       0x43 /home/jongja.cho/Git/legacy/rebel_cds_collab_hw/bootloader/cp/tf-a/build/rebel_h/debug/bl2/hbm3_init.o
 .rodata.phy_write_training_LFSR.str1.1
                0x0000001e0003d993       0x44 /home/jongja.cho/Git/legacy/rebel_cds_collab_hw/bootloader/cp/tf-a/build/rebel_h/debug/bl2/hbm3_init.o
 .rodata.phy_read_vref_training_LFSR_vertical.str1.1
                0x0000001e0003d993      0x18f /home/jongja.cho/Git/legacy/rebel_cds_collab_hw/bootloader/cp/tf-a/build/rebel_h/debug/bl2/hbm3_init.o
 .rodata.phy_wdqs2ck_training.str1.1
                0x0000001e0003d993       0x30 /home/jongja.cho/Git/legacy/rebel_cds_collab_hw/bootloader/cp/tf-a/build/rebel_h/debug/bl2/hbm3_init.o
 .rodata.phy_prbs_training.str1.1
                0x0000001e0003d993       0xb9 /home/jongja.cho/Git/legacy/rebel_cds_collab_hw/bootloader/cp/tf-a/build/rebel_h/debug/bl2/hbm3_init.o
 .rodata.phy_dcm_init.str1.1
                0x0000001e0003d993       0x76 /home/jongja.cho/Git/legacy/rebel_cds_collab_hw/bootloader/cp/tf-a/build/rebel_h/debug/bl2/hbm3_init.o
 .rodata.set_errata_tmrs.str1.1
                0x0000001e0003d993       0x14 /home/jongja.cho/Git/legacy/rebel_cds_collab_hw/bootloader/cp/tf-a/build/rebel_h/debug/bl2/hbm3_init.o
 .rodata.hbm3_ctrl_phy_init.str1.1
                0x0000001e0003d993       0x10 /home/jongja.cho/Git/legacy/rebel_cds_collab_hw/bootloader/cp/tf-a/build/rebel_h/debug/bl2/hbm3_init.o
 .rodata.hbm3_init.str1.1
                0x0000001e0003d993      0x143 /home/jongja.cho/Git/legacy/rebel_cds_collab_hw/bootloader/cp/tf-a/build/rebel_h/debug/bl2/hbm3_init.o
 .rodata.parse_gpt_entry.str1.1
                0x0000001e0003d993       0x3e /home/jongja.cho/Git/legacy/rebel_cds_collab_hw/bootloader/cp/tf-a/build/rebel_h/debug/bl2/gpt.o
 .rodata.load_partition_gpt.str1.1
                0x0000001e0003d993       0x64 /home/jongja.cho/Git/legacy/rebel_cds_collab_hw/bootloader/cp/tf-a/build/rebel_h/debug/bl2/partition_simple.o
 .rodata.load_primary_gpt.str1.1
                0x0000001e0003d993       0x2e /home/jongja.cho/Git/legacy/rebel_cds_collab_hw/bootloader/cp/tf-a/build/rebel_h/debug/bl2/partition_simple.o
 .rodata.load_mbr_header.str1.1
                0x0000001e0003d993       0x8e /home/jongja.cho/Git/legacy/rebel_cds_collab_hw/bootloader/cp/tf-a/build/rebel_h/debug/bl2/partition_simple.o
 .rodata.load_partition_table.str1.1
                0x0000001e0003d993       0x57 /home/jongja.cho/Git/legacy/rebel_cds_collab_hw/bootloader/cp/tf-a/build/rebel_h/debug/bl2/partition_simple.o
 .rodata.gpt_partition_init.str1.1
                0x0000001e0003d993       0x26 /home/jongja.cho/Git/legacy/rebel_cds_collab_hw/bootloader/cp/tf-a/build/rebel_h/debug/bl2/partition_simple.o
 .rodata.mmap_add_region_ctx.str1.1
                0x0000001e0003d993       0x2b /home/jongja.cho/Git/legacy/rebel_cds_collab_hw/bootloader/cp/tf-a/build/rebel_h/debug/bl2/xlat_tables_core.o
 .rodata.init_xlat_tables_ctx.str1.1
                0x0000001e0003d993       0x4f /home/jongja.cho/Git/legacy/rebel_cds_collab_hw/bootloader/cp/tf-a/build/rebel_h/debug/bl2/xlat_tables_core.o
 .rodata.__func__.0
                0x0000001e0003d993       0x15 /home/jongja.cho/Git/legacy/rebel_cds_collab_hw/bootloader/cp/tf-a/build/rebel_h/debug/bl2/xlat_tables_core.o
 .rodata.str1.1
                0x0000001e0003d9a8       0x10 /home/jongja.cho/Git/legacy/rebel_cds_collab_hw/bootloader/cp/tf-a/build/rebel_h/debug/bl2/plat_common.o
 .rodata.str1.1
                0x0000001e0003d9a8       0x32 /home/jongja.cho/Git/legacy/rebel_cds_collab_hw/bootloader/cp/tf-a/build/rebel_h/debug/bl2/plat_log_common.o
 .rodata.bl2_early_platform_setup2.str1.1
                0x0000001e0003d9a8      0x250 /home/jongja.cho/Git/legacy/rebel_cds_collab_hw/bootloader/cp/tf-a/build/rebel_h/debug/bl2/rebel_h_bl2_setup.o
 .rodata.pmu_reset_blk_dram.str1.1
                0x0000001e0003d9a8       0x3b /home/jongja.cho/Git/legacy/rebel_cds_collab_hw/bootloader/cp/tf-a/build/rebel_h/debug/bl2/rebel_h_pmu.o
 .rodata.panic_str
                0x0000001e0003d9a8       0x11 /home/jongja.cho/Git/legacy/rebel_cds_collab_hw/bootloader/cp/tf-a/build/rebel_h/debug/bl2/debug.o
 .rodata.str1.1
                0x0000001e0003d9b9       0x28 /home/jongja.cho/Git/legacy/rebel_cds_collab_hw/bootloader/cp/tf-a/build/rebel_h/debug/bl2/16550_console.o
 .rodata.str1.1
                0x0000001e0003d9e1       0x1b /home/jongja.cho/Git/legacy/rebel_cds_collab_hw/bootloader/cp/tf-a/build/rebel_h/debug/bl2/misc_helpers.o
 .rodata.str1.1
                0x0000001e0003d9fc       0x28 /home/jongja.cho/Git/legacy/rebel_cds_collab_hw/bootloader/cp/tf-a/build/rebel_h/debug/bl2/enable_mmu.o
 .rodata.__assert.str1.1
                0x0000001e0003da24        0x7 /home/jongja.cho/Git/legacy/rebel_cds_collab_hw/bootloader/cp/tf-a/build/rebel_h/debug/lib/libc.a(assert.o)
 .rodata.vprintf.str1.1
                0x0000001e0003da24        0x3 /home/jongja.cho/Git/legacy/rebel_cds_collab_hw/bootloader/cp/tf-a/build/rebel_h/debug/lib/libc.a(printf.o)
 .rodata.vsnprintf.str1.1
                0x0000001e0003da24        0x3 /home/jongja.cho/Git/legacy/rebel_cds_collab_hw/bootloader/cp/tf-a/build/rebel_h/debug/lib/libc.a(snprintf.o)
                0x0000001e0003dbf8                . = ALIGN (0x8)
 *fill*         0x0000001e0003da24        0x4 
                0x0000001e0003da28                __RT_SVC_DESCS_START__ = .
 *(SORT_BY_ALIGNMENT(.rt_svc_descs))
                0x0000001e0003da28                __RT_SVC_DESCS_END__ = .
                0x0000001e0003da28                . = ALIGN (0x8)
                0x0000001e0003da28                __FCONF_POPULATOR_START__ = .
 *(SORT_BY_ALIGNMENT(.fconf_populator))
                0x0000001e0003da28                __FCONF_POPULATOR_END__ = .
                0x0000001e0003da28                . = ALIGN (0x8)
                0x0000001e0003da28                __PMF_SVC_DESCS_START__ = .
 *(SORT_BY_ALIGNMENT(.pmf_svc_descs))
                0x0000001e0003da28                __PMF_SVC_DESCS_END__ = .
                0x0000001e0003da28                . = ALIGN (0x8)
                0x0000001e0003da28                __PARSER_LIB_DESCS_START__ = .
 *(SORT_BY_ALIGNMENT(.img_parser_lib_descs))
                0x0000001e0003da28                __PARSER_LIB_DESCS_END__ = .
                0x0000001e0003da28                . = ALIGN (0x8)
                0x0000001e0003da28                __CPU_OPS_START__ = .
 *(SORT_BY_ALIGNMENT(.cpu_ops))
                0x0000001e0003da28                __CPU_OPS_END__ = .
                0x0000001e0003da28                . = ALIGN (0x8)
                0x0000001e0003da28                __GOT_START__ = .
 *(SORT_BY_ALIGNMENT(.got))
                0x0000001e0003da28                __GOT_END__ = .
 *(SORT_BY_ALIGNMENT(.vectors))
 *fill*         0x0000001e0003da28      0x5d8 
 .vectors       0x0000001e0003e000      0x800 /home/jongja.cho/Git/legacy/rebel_cds_collab_hw/bootloader/cp/tf-a/build/rebel_h/debug/bl2/early_exceptions.o
                0x0000001e0003e000                early_exceptions
                0x0000001e0003e800                __RO_END_UNALIGNED__ = .
                0x0000001e0003f000                . = ALIGN (0x1000)
 *fill*         0x0000001e0003e800      0x800 
                0x0000001e0003f000                __RO_END__ = .
                0x0000001e0003f000                __RW_START__ = .

.iplt           0x0000001e0003f000        0x0
 .iplt          0x0000001e0003f000        0x0 /home/jongja.cho/Git/legacy/rebel_cds_collab_hw/bootloader/cp/tf-a/build/rebel_h/debug/bl2/hbm3.o

.rela.dyn       0x0000001e0003f000        0x0
 .rela.iplt     0x0000001e0003f000        0x0 /home/jongja.cho/Git/legacy/rebel_cds_collab_hw/bootloader/cp/tf-a/build/rebel_h/debug/bl2/hbm3.o
 .rela.text.console_register
                0x0000001e0003f000        0x0 /home/jongja.cho/Git/legacy/rebel_cds_collab_hw/bootloader/cp/tf-a/build/rebel_h/debug/bl2/hbm3.o
 .rela.text.bl2_plat_arch_setup
                0x0000001e0003f000        0x0 /home/jongja.cho/Git/legacy/rebel_cds_collab_hw/bootloader/cp/tf-a/build/rebel_h/debug/bl2/hbm3.o
 .rela.text.asm.bl2_entrypoint
                0x0000001e0003f000        0x0 /home/jongja.cho/Git/legacy/rebel_cds_collab_hw/bootloader/cp/tf-a/build/rebel_h/debug/bl2/hbm3.o

.data           0x0000001e0003f000     0x142a
                0x0000001e0003f000                __DATA_START__ = .
 *(SORT_BY_ALIGNMENT(.data*))
 .data.region_info_cl3
                0x0000001e0003f000       0x28 /home/jongja.cho/Git/legacy/rebel_cds_collab_hw/bootloader/cp/tf-a/build/rebel_h/debug/bl2/smmu.o
 .data.pt_4k_region_info_cl3
                0x0000001e0003f028       0x20 /home/jongja.cho/Git/legacy/rebel_cds_collab_hw/bootloader/cp/tf-a/build/rebel_h/debug/bl2/smmu.o
 .data.pt_2m_region_info_cl3
                0x0000001e0003f048       0x80 /home/jongja.cho/Git/legacy/rebel_cds_collab_hw/bootloader/cp/tf-a/build/rebel_h/debug/bl2/smmu.o
 .data.pt_1g_region_info_cl3
                0x0000001e0003f0c8       0x20 /home/jongja.cho/Git/legacy/rebel_cds_collab_hw/bootloader/cp/tf-a/build/rebel_h/debug/bl2/smmu.o
 .data.region_info
                0x0000001e0003f0e8       0x28 /home/jongja.cho/Git/legacy/rebel_cds_collab_hw/bootloader/cp/tf-a/build/rebel_h/debug/bl2/smmu.o
 .data.pt_4k_region_info
                0x0000001e0003f110       0x20 /home/jongja.cho/Git/legacy/rebel_cds_collab_hw/bootloader/cp/tf-a/build/rebel_h/debug/bl2/smmu.o
 .data.pt_2m_region_info
                0x0000001e0003f130       0x80 /home/jongja.cho/Git/legacy/rebel_cds_collab_hw/bootloader/cp/tf-a/build/rebel_h/debug/bl2/smmu.o
 .data.pt_1g_region_info
                0x0000001e0003f1b0       0x20 /home/jongja.cho/Git/legacy/rebel_cds_collab_hw/bootloader/cp/tf-a/build/rebel_h/debug/bl2/smmu.o
 .data.tf_xlat_ctx
                0x0000001e0003f1d0       0x60 /home/jongja.cho/Git/legacy/rebel_cds_collab_hw/bootloader/cp/tf-a/build/rebel_h/debug/bl2/xlat_tables_context.o
 .data.bl_mem_params_desc_ptr
                0x0000001e0003f230        0x8 /home/jongja.cho/Git/legacy/rebel_cds_collab_hw/bootloader/cp/tf-a/build/rebel_h/debug/bl2/rebel_h_bl2_setup.o
                0x0000001e0003f230                bl_mem_params_desc_ptr
 .data.bl2_mem_params_descs
                0x0000001e0003f238      0x170 /home/jongja.cho/Git/legacy/rebel_cds_collab_hw/bootloader/cp/tf-a/build/rebel_h/debug/bl2/rebel_h_bl2_setup.o
 .data.max_log_level
                0x0000001e0003f3a8        0x4 /home/jongja.cho/Git/legacy/rebel_cds_collab_hw/bootloader/cp/tf-a/build/rebel_h/debug/bl2/tf_log.o
 .data.console_state
                0x0000001e0003f3ac        0x4 /home/jongja.cho/Git/legacy/rebel_cds_collab_hw/bootloader/cp/tf-a/build/rebel_h/debug/bl2/multi_console.o
 .data.bl_mem_params_desc_num
                0x0000001e0003f3b0        0x4 /home/jongja.cho/Git/legacy/rebel_cds_collab_hw/bootloader/cp/tf-a/build/rebel_h/debug/bl2/rebel_h_bl2_setup.o
                0x0000001e0003f3b0                bl_mem_params_desc_num
 .data.rx_lane  0x0000001e0003f3b4      0x700 /home/jongja.cho/Git/legacy/rebel_cds_collab_hw/bootloader/cp/tf-a/build/rebel_h/debug/bl2/icon.o
                0x0000001e0003f3b4                rx_lane
 .data.tx_lane  0x0000001e0003fab4      0x746 /home/jongja.cho/Git/legacy/rebel_cds_collab_hw/bootloader/cp/tf-a/build/rebel_h/debug/bl2/icon.o
                0x0000001e0003fab4                tx_lane
 .data.dbi_lane
                0x0000001e000401fa       0x38 /home/jongja.cho/Git/legacy/rebel_cds_collab_hw/bootloader/cp/tf-a/build/rebel_h/debug/bl2/hbm3_init.o
                0x0000001e000401fa                dbi_lane
 .data.sev_lane
                0x0000001e00040232       0x1c /home/jongja.cho/Git/legacy/rebel_cds_collab_hw/bootloader/cp/tf-a/build/rebel_h/debug/bl2/hbm3_init.o
                0x0000001e00040232                sev_lane
 .data.ecc_lane
                0x0000001e0004024e       0x1c /home/jongja.cho/Git/legacy/rebel_cds_collab_hw/bootloader/cp/tf-a/build/rebel_h/debug/bl2/hbm3_init.o
                0x0000001e0004024e                ecc_lane
 .data.dq_lane  0x0000001e0004026a      0x1c0 /home/jongja.cho/Git/legacy/rebel_cds_collab_hw/bootloader/cp/tf-a/build/rebel_h/debug/bl2/hbm3_init.o
                0x0000001e0004026a                dq_lane
                0x0000001e0004042a                __DATA_END__ = .

.igot.plt       0x0000001e00040430        0x0
 .igot.plt      0x0000001e00040430        0x0 /home/jongja.cho/Git/legacy/rebel_cds_collab_hw/bootloader/cp/tf-a/build/rebel_h/debug/bl2/hbm3.o

.stacks         0x0000001e00040440     0x4000
                0x0000001e00040440                __STACKS_START__ = .
 *(SORT_BY_ALIGNMENT(.tzfw_normal_stacks))
 .tzfw_normal_stacks
                0x0000001e00040440     0x4000 /home/jongja.cho/Git/legacy/rebel_cds_collab_hw/bootloader/cp/tf-a/build/rebel_h/debug/bl2/platform_mp_stack.o
                0x0000001e00044440                __STACKS_END__ = .

.bss            0x0000001e00044440     0x1750
                0x0000001e00044440                __BSS_START__ = .
 *(SORT_BY_ALIGNMENT(.bss*))
 .bss.mcode     0x0000001e00044440      0x400 /home/jongja.cho/Git/legacy/rebel_cds_collab_hw/bootloader/cp/tf-a/build/rebel_h/debug/bl2/pl330.o
                0x0000001e00044440                mcode
 .bss.hbm3_cfg  0x0000001e00044840      0x440 /home/jongja.cho/Git/legacy/rebel_cds_collab_hw/bootloader/cp/tf-a/build/rebel_h/debug/bl2/hbm3.o
 .bss.next_bl_params
                0x0000001e00044c80       0x10 /home/jongja.cho/Git/legacy/rebel_cds_collab_hw/bootloader/cp/tf-a/build/rebel_h/debug/bl2/desc_image_load.o
 .bss.bl_load_info
                0x0000001e00044c90       0x10 /home/jongja.cho/Git/legacy/rebel_cds_collab_hw/bootloader/cp/tf-a/build/rebel_h/debug/bl2/desc_image_load.o
 .bss.pl330_data
                0x0000001e00044ca0       0x90 /home/jongja.cho/Git/legacy/rebel_cds_collab_hw/bootloader/cp/tf-a/build/rebel_h/debug/bl2/pl330.o
 .bss.console_list
                0x0000001e00044d30        0x8 /home/jongja.cho/Git/legacy/rebel_cds_collab_hw/bootloader/cp/tf-a/build/rebel_h/debug/bl2/multi_console.o
                0x0000001e00044d30                console_list
 .bss.timer_ops
                0x0000001e00044d38        0x8 /home/jongja.cho/Git/legacy/rebel_cds_collab_hw/bootloader/cp/tf-a/build/rebel_h/debug/bl2/delay_timer.o
 .bss.ops       0x0000001e00044d40       0x20 /home/jongja.cho/Git/legacy/rebel_cds_collab_hw/bootloader/cp/tf-a/build/rebel_h/debug/bl2/generic_delay_timer.o
 .bss.entity_map
                0x0000001e00044d60       0x20 /home/jongja.cho/Git/legacy/rebel_cds_collab_hw/bootloader/cp/tf-a/build/rebel_h/debug/bl2/io_storage.o
 .bss.entity_pool
                0x0000001e00044d80       0x40 /home/jongja.cho/Git/legacy/rebel_cds_collab_hw/bootloader/cp/tf-a/build/rebel_h/debug/bl2/io_storage.o
 .bss.gpt_image_addr
                0x0000001e00044dc0        0x8 /home/jongja.cho/Git/legacy/rebel_cds_collab_hw/bootloader/cp/tf-a/build/rebel_h/debug/bl2/partition_simple.o
                0x0000001e00044dc0                gpt_image_addr
 .bss.binary_size
                0x0000001e00044dc8       0x50 /home/jongja.cho/Git/legacy/rebel_cds_collab_hw/bootloader/cp/tf-a/build/rebel_h/debug/bl2/partition_simple.o
                0x0000001e00044dc8                binary_size
 .bss.list      0x0000001e00044e18      0x378 /home/jongja.cho/Git/legacy/rebel_cds_collab_hw/bootloader/cp/tf-a/build/rebel_h/debug/bl2/partition_simple.o
                0x0000001e00044e18                list
 .bss.smmu_l3_pt_base
                0x0000001e00045190        0x8 /home/jongja.cho/Git/legacy/rebel_cds_collab_hw/bootloader/cp/tf-a/build/rebel_h/debug/bl2/smmu.o
 .bss.smmu_l2_pt_base
                0x0000001e00045198       0x28 /home/jongja.cho/Git/legacy/rebel_cds_collab_hw/bootloader/cp/tf-a/build/rebel_h/debug/bl2/smmu.o
 .bss.smmu_l1_pt_base
                0x0000001e000451c0       0x30 /home/jongja.cho/Git/legacy/rebel_cds_collab_hw/bootloader/cp/tf-a/build/rebel_h/debug/bl2/smmu.o
 .bss.tf_mmap   0x0000001e000451f0      0x398 /home/jongja.cho/Git/legacy/rebel_cds_collab_hw/bootloader/cp/tf-a/build/rebel_h/debug/bl2/xlat_tables_context.o
 .bss.mmu_cfg_params
                0x0000001e00045588       0x18 /home/jongja.cho/Git/legacy/rebel_cds_collab_hw/bootloader/cp/tf-a/build/rebel_h/debug/bl2/xlat_tables_context.o
                0x0000001e00045588                mmu_cfg_params
 .bss.plat_try_img_ops
                0x0000001e000455a0        0x8 /home/jongja.cho/Git/legacy/rebel_cds_collab_hw/bootloader/cp/tf-a/build/rebel_h/debug/bl2/plat_common.o
                0x0000001e000455a0                plat_try_img_ops
 .bss.rebel_console
                0x0000001e000455a8       0x28 /home/jongja.cho/Git/legacy/rebel_cds_collab_hw/bootloader/cp/tf-a/build/rebel_h/debug/bl2/rebel_h_bl2_setup.o
 .bss.entity_count
                0x0000001e000455d0        0x4 /home/jongja.cho/Git/legacy/rebel_cds_collab_hw/bootloader/cp/tf-a/build/rebel_h/debug/bl2/io_storage.o
 .bss.image_header
                0x0000001e000455d4       0x1c /home/jongja.cho/Git/legacy/rebel_cds_collab_hw/bootloader/cp/tf-a/build/rebel_h/debug/bl2/partition_simple.o
 .bss.smmu_l3_pt_index
                0x0000001e000455f0        0x4 /home/jongja.cho/Git/legacy/rebel_cds_collab_hw/bootloader/cp/tf-a/build/rebel_h/debug/bl2/smmu.o
 .bss.smmu_l2_pt_index
                0x0000001e000455f4       0x14 /home/jongja.cho/Git/legacy/rebel_cds_collab_hw/bootloader/cp/tf-a/build/rebel_h/debug/bl2/smmu.o
 .bss.smmu_l1_pt_index
                0x0000001e00045608       0x18 /home/jongja.cho/Git/legacy/rebel_cds_collab_hw/bootloader/cp/tf-a/build/rebel_h/debug/bl2/smmu.o
 .bss.ch_rep_lane
                0x0000001e00045620       0xa0 /home/jongja.cho/Git/legacy/rebel_cds_collab_hw/bootloader/cp/tf-a/build/rebel_h/debug/bl2/hbm3_init.o
                0x0000001e00045620                ch_rep_lane
 .bss.rep_status
                0x0000001e000456c0       0x10 /home/jongja.cho/Git/legacy/rebel_cds_collab_hw/bootloader/cp/tf-a/build/rebel_h/debug/bl2/hbm3_init.o
                0x0000001e000456c0                rep_status
 .bss.max_offset_buf
                0x0000001e000456d0      0x148 /home/jongja.cho/Git/legacy/rebel_cds_collab_hw/bootloader/cp/tf-a/build/rebel_h/debug/bl2/hbm3_init.o
                0x0000001e000456d0                max_offset_buf
 .bss.max_vwm_buf
                0x0000001e00045818       0xa0 /home/jongja.cho/Git/legacy/rebel_cds_collab_hw/bootloader/cp/tf-a/build/rebel_h/debug/bl2/hbm3_init.o
                0x0000001e00045818                max_vwm_buf
 .bss.vwm_buf   0x0000001e000458b8       0xa0 /home/jongja.cho/Git/legacy/rebel_cds_collab_hw/bootloader/cp/tf-a/build/rebel_h/debug/bl2/hbm3_init.o
                0x0000001e000458b8                vwm_buf
 .bss.mbr_sector
                0x0000001e00045958      0x200 /home/jongja.cho/Git/legacy/rebel_cds_collab_hw/bootloader/cp/tf-a/build/rebel_h/debug/bl2/partition_simple.o
                0x0000001e00045958                mbr_sector
 *(SORT_BY_ALIGNMENT(COMMON))
                0x0000001e00045b80                . = ALIGN (0x40)
 *fill*         0x0000001e00045b58       0x28 
                0x0000001e00045b80                __PMF_TIMESTAMP_START__ = .
 *(SORT_BY_ALIGNMENT(.pmf_timestamp_array))
                0x0000001e00045b80                . = ALIGN (0x40)
                0x0000001e00045b80                __PMF_PERCPU_TIMESTAMP_END__ = .
                0x0000000000000000                __PERCPU_TIMESTAMP_SIZE__ = ABSOLUTE ((. - __PMF_TIMESTAMP_START__))
                0x0000001e00045b80                . = (. + (__PERCPU_TIMESTAMP_SIZE__ * 0x3))
                0x0000001e00045b80                __PMF_TIMESTAMP_END__ = .
                0x0000001e00045b80                __BSS_END__ = .
                0x0000001e00045b80                . = ALIGN (0x10)
                0x0000001e00045b80                __BASE_XLAT_TABLE_START__ = .
 *(SORT_BY_ALIGNMENT(.base_xlat_table))
 .base_xlat_table
                0x0000001e00045b80       0x10 /home/jongja.cho/Git/legacy/rebel_cds_collab_hw/bootloader/cp/tf-a/build/rebel_h/debug/bl2/xlat_tables_context.o
                0x0000001e00045b90                __BASE_XLAT_TABLE_END__ = .

.xlat_table     0x0000001e00046000     0x7000
                0x0000001e00046000                __XLAT_TABLE_START__ = .
 *(SORT_BY_ALIGNMENT(.xlat_table))
 .xlat_table    0x0000001e00046000     0x7000 /home/jongja.cho/Git/legacy/rebel_cds_collab_hw/bootloader/cp/tf-a/build/rebel_h/debug/bl2/xlat_tables_context.o
                0x0000001e0004d000                __XLAT_TABLE_END__ = .

.coherent_ram   0x0000001e0004d000        0x0
                0x0000001e0004d000                __COHERENT_RAM_START__ = .
 *(SORT_BY_ALIGNMENT(.tzfw_coherent_mem))
                0x0000001e0004d000                __COHERENT_RAM_END_UNALIGNED__ = .
                0x0000001e0004d000                . = ALIGN (0x1000)
                0x0000001e0004d000                __COHERENT_RAM_END__ = .
                0x0000001e0004d000                __RW_END__ = .
                0x0000001e0004d000                __BL2_END__ = .
                0x0000001e0004d000                RAM_REGION_END = .
                0x0000000000001750                __BSS_SIZE__ = SIZEOF (.bss)
                0x0000000000000000                __COHERENT_RAM_UNALIGNED_SIZE__ = (__COHERENT_RAM_END_UNALIGNED__ - __COHERENT_RAM_START__)
                0x0000000000000001                ASSERT ((. <= 0x1e00050000), BL2 image has exceeded its limit.)
START GROUP
LOAD /home/jongja.cho/Git/legacy/rebel_cds_collab_hw/bootloader/cp/tf-a/build/rebel_h/debug/bl2/hbm3.o
LOAD /home/jongja.cho/Git/legacy/rebel_cds_collab_hw/bootloader/cp/tf-a/build/rebel_h/debug/bl2/icon.o
LOAD /home/jongja.cho/Git/legacy/rebel_cds_collab_hw/bootloader/cp/tf-a/build/rebel_h/debug/bl2/tmrs.o
LOAD /home/jongja.cho/Git/legacy/rebel_cds_collab_hw/bootloader/cp/tf-a/build/rebel_h/debug/bl2/bakery_lock.o
LOAD /home/jongja.cho/Git/legacy/rebel_cds_collab_hw/bootloader/cp/tf-a/build/rebel_h/debug/bl2/bl2_arch_setup.o
LOAD /home/jongja.cho/Git/legacy/rebel_cds_collab_hw/bootloader/cp/tf-a/build/rebel_h/debug/bl2/bl2_image_load_v2.o
LOAD /home/jongja.cho/Git/legacy/rebel_cds_collab_hw/bootloader/cp/tf-a/build/rebel_h/debug/bl2/bl2_main.o
LOAD /home/jongja.cho/Git/legacy/rebel_cds_collab_hw/bootloader/cp/tf-a/build/rebel_h/debug/bl2/backtrace.o
LOAD /home/jongja.cho/Git/legacy/rebel_cds_collab_hw/bootloader/cp/tf-a/build/rebel_h/debug/bl2/bl_common.o
LOAD /home/jongja.cho/Git/legacy/rebel_cds_collab_hw/bootloader/cp/tf-a/build/rebel_h/debug/bl2/desc_image_load.o
LOAD /home/jongja.cho/Git/legacy/rebel_cds_collab_hw/bootloader/cp/tf-a/build/rebel_h/debug/bl2/tf_crc32.o
LOAD /home/jongja.cho/Git/legacy/rebel_cds_collab_hw/bootloader/cp/tf-a/build/rebel_h/debug/bl2/tf_log.o
LOAD /home/jongja.cho/Git/legacy/rebel_cds_collab_hw/bootloader/cp/tf-a/build/rebel_h/debug/bl2/pl330.o
LOAD /home/jongja.cho/Git/legacy/rebel_cds_collab_hw/bootloader/cp/tf-a/build/rebel_h/debug/bl2/ucie.o
LOAD /home/jongja.cho/Git/legacy/rebel_cds_collab_hw/bootloader/cp/tf-a/build/rebel_h/debug/bl2/cmu.o
LOAD /home/jongja.cho/Git/legacy/rebel_cds_collab_hw/bootloader/cp/tf-a/build/rebel_h/debug/bl2/multi_console.o
LOAD /home/jongja.cho/Git/legacy/rebel_cds_collab_hw/bootloader/cp/tf-a/build/rebel_h/debug/bl2/delay_timer.o
LOAD /home/jongja.cho/Git/legacy/rebel_cds_collab_hw/bootloader/cp/tf-a/build/rebel_h/debug/bl2/generic_delay_timer.o
LOAD /home/jongja.cho/Git/legacy/rebel_cds_collab_hw/bootloader/cp/tf-a/build/rebel_h/debug/bl2/hbm3_chipid.o
LOAD /home/jongja.cho/Git/legacy/rebel_cds_collab_hw/bootloader/cp/tf-a/build/rebel_h/debug/bl2/hbm3_init.o
LOAD /home/jongja.cho/Git/legacy/rebel_cds_collab_hw/bootloader/cp/tf-a/build/rebel_h/debug/bl2/io_memmap.o
LOAD /home/jongja.cho/Git/legacy/rebel_cds_collab_hw/bootloader/cp/tf-a/build/rebel_h/debug/bl2/io_storage.o
LOAD /home/jongja.cho/Git/legacy/rebel_cds_collab_hw/bootloader/cp/tf-a/build/rebel_h/debug/bl2/mailbox.o
LOAD /home/jongja.cho/Git/legacy/rebel_cds_collab_hw/bootloader/cp/tf-a/build/rebel_h/debug/bl2/gpt.o
LOAD /home/jongja.cho/Git/legacy/rebel_cds_collab_hw/bootloader/cp/tf-a/build/rebel_h/debug/bl2/partition_simple.o
LOAD /home/jongja.cho/Git/legacy/rebel_cds_collab_hw/bootloader/cp/tf-a/build/rebel_h/debug/bl2/smmu.o
LOAD /home/jongja.cho/Git/legacy/rebel_cds_collab_hw/bootloader/cp/tf-a/build/rebel_h/debug/bl2/qspi_bridge.o
LOAD /home/jongja.cho/Git/legacy/rebel_cds_collab_hw/bootloader/cp/tf-a/build/rebel_h/debug/bl2/popcountdi2.o
LOAD /home/jongja.cho/Git/legacy/rebel_cds_collab_hw/bootloader/cp/tf-a/build/rebel_h/debug/bl2/popcountsi2.o
LOAD /home/jongja.cho/Git/legacy/rebel_cds_collab_hw/bootloader/cp/tf-a/build/rebel_h/debug/bl2/pmuv3.o
LOAD /home/jongja.cho/Git/legacy/rebel_cds_collab_hw/bootloader/cp/tf-a/build/rebel_h/debug/bl2/sic.o
LOAD /home/jongja.cho/Git/legacy/rebel_cds_collab_hw/bootloader/cp/tf-a/build/rebel_h/debug/bl2/xlat_tables_arch.o
LOAD /home/jongja.cho/Git/legacy/rebel_cds_collab_hw/bootloader/cp/tf-a/build/rebel_h/debug/bl2/xlat_tables_context.o
LOAD /home/jongja.cho/Git/legacy/rebel_cds_collab_hw/bootloader/cp/tf-a/build/rebel_h/debug/bl2/xlat_tables_core.o
LOAD /home/jongja.cho/Git/legacy/rebel_cds_collab_hw/bootloader/cp/tf-a/build/rebel_h/debug/bl2/xlat_tables_utils.o
LOAD /home/jongja.cho/Git/legacy/rebel_cds_collab_hw/bootloader/cp/tf-a/build/rebel_h/debug/bl2/plat_common.o
LOAD /home/jongja.cho/Git/legacy/rebel_cds_collab_hw/bootloader/cp/tf-a/build/rebel_h/debug/bl2/plat_bl_common.o
LOAD /home/jongja.cho/Git/legacy/rebel_cds_collab_hw/bootloader/cp/tf-a/build/rebel_h/debug/bl2/plat_log_common.o
LOAD /home/jongja.cho/Git/legacy/rebel_cds_collab_hw/bootloader/cp/tf-a/build/rebel_h/debug/bl2/rebel_h_bl2_setup.o
LOAD /home/jongja.cho/Git/legacy/rebel_cds_collab_hw/bootloader/cp/tf-a/build/rebel_h/debug/bl2/rebel_h_image_load.o
LOAD /home/jongja.cho/Git/legacy/rebel_cds_collab_hw/bootloader/cp/tf-a/build/rebel_h/debug/bl2/rebel_h_pcie.o
LOAD /home/jongja.cho/Git/legacy/rebel_cds_collab_hw/bootloader/cp/tf-a/build/rebel_h/debug/bl2/rebel_h_plat.o
LOAD /home/jongja.cho/Git/legacy/rebel_cds_collab_hw/bootloader/cp/tf-a/build/rebel_h/debug/bl2/rebel_h_pmu.o
LOAD /home/jongja.cho/Git/legacy/rebel_cds_collab_hw/bootloader/cp/tf-a/build/rebel_h/debug/bl2/rebel_h_rbc.o
LOAD /home/jongja.cho/Git/legacy/rebel_cds_collab_hw/bootloader/cp/tf-a/build/rebel_h/debug/bl2/rebel_h_topology.o
LOAD /home/jongja.cho/Git/legacy/rebel_cds_collab_hw/bootloader/cp/tf-a/build/rebel_h/debug/bl2/bl2_entrypoint.o
LOAD /home/jongja.cho/Git/legacy/rebel_cds_collab_hw/bootloader/cp/tf-a/build/rebel_h/debug/bl2/debug.o
LOAD /home/jongja.cho/Git/legacy/rebel_cds_collab_hw/bootloader/cp/tf-a/build/rebel_h/debug/bl2/early_exceptions.o
LOAD /home/jongja.cho/Git/legacy/rebel_cds_collab_hw/bootloader/cp/tf-a/build/rebel_h/debug/bl2/16550_console.o
LOAD /home/jongja.cho/Git/legacy/rebel_cds_collab_hw/bootloader/cp/tf-a/build/rebel_h/debug/bl2/cache_helpers.o
LOAD /home/jongja.cho/Git/legacy/rebel_cds_collab_hw/bootloader/cp/tf-a/build/rebel_h/debug/bl2/misc_helpers.o
LOAD /home/jongja.cho/Git/legacy/rebel_cds_collab_hw/bootloader/cp/tf-a/build/rebel_h/debug/bl2/wa_cve_2017_5715_bpiall.o
LOAD /home/jongja.cho/Git/legacy/rebel_cds_collab_hw/bootloader/cp/tf-a/build/rebel_h/debug/bl2/spinlock.o
LOAD /home/jongja.cho/Git/legacy/rebel_cds_collab_hw/bootloader/cp/tf-a/build/rebel_h/debug/bl2/enable_mmu.o
LOAD /home/jongja.cho/Git/legacy/rebel_cds_collab_hw/bootloader/cp/tf-a/build/rebel_h/debug/bl2/platform_helpers.o
LOAD /home/jongja.cho/Git/legacy/rebel_cds_collab_hw/bootloader/cp/tf-a/build/rebel_h/debug/bl2/platform_mp_stack.o
LOAD /home/jongja.cho/Git/legacy/rebel_cds_collab_hw/bootloader/cp/tf-a/build/rebel_h/debug/bl2/platform_up_stack.o
LOAD /home/jongja.cho/Git/legacy/rebel_cds_collab_hw/bootloader/cp/tf-a/build/rebel_h/debug/bl2/plat_helper.o
LOAD /home/jongja.cho/Git/legacy/rebel_cds_collab_hw/bootloader/cp/tf-a/build/rebel_h/debug/lib/libc.a
END GROUP
OUTPUT(/home/jongja.cho/Git/legacy/rebel_cds_collab_hw/bootloader/cp/tf-a/build/rebel_h/debug/bl2/bl2.elf elf64-littleaarch64)
LOAD linker stubs

.debug_info     0x0000000000000000   0x10d456
 .debug_info    0x0000000000000000    0x2d75f /home/jongja.cho/Git/legacy/rebel_cds_collab_hw/bootloader/cp/tf-a/build/rebel_h/debug/bl2/hbm3.o
 .debug_info    0x000000000002d75f    0x2c0f5 /home/jongja.cho/Git/legacy/rebel_cds_collab_hw/bootloader/cp/tf-a/build/rebel_h/debug/bl2/icon.o
 .debug_info    0x0000000000059854     0x7fa8 /home/jongja.cho/Git/legacy/rebel_cds_collab_hw/bootloader/cp/tf-a/build/rebel_h/debug/bl2/tmrs.o
 .debug_info    0x00000000000617fc      0x1f7 /home/jongja.cho/Git/legacy/rebel_cds_collab_hw/bootloader/cp/tf-a/build/rebel_h/debug/bl2/bakery_lock.o
 .debug_info    0x00000000000619f3      0x14e /home/jongja.cho/Git/legacy/rebel_cds_collab_hw/bootloader/cp/tf-a/build/rebel_h/debug/bl2/bl2_arch_setup.o
 .debug_info    0x0000000000061b41      0x5c6 /home/jongja.cho/Git/legacy/rebel_cds_collab_hw/bootloader/cp/tf-a/build/rebel_h/debug/bl2/bl2_image_load_v2.o
 .debug_info    0x0000000000062107      0x531 /home/jongja.cho/Git/legacy/rebel_cds_collab_hw/bootloader/cp/tf-a/build/rebel_h/debug/bl2/bl2_main.o
 .debug_info    0x0000000000062638      0x843 /home/jongja.cho/Git/legacy/rebel_cds_collab_hw/bootloader/cp/tf-a/build/rebel_h/debug/bl2/backtrace.o
 .debug_info    0x0000000000062e7b      0x824 /home/jongja.cho/Git/legacy/rebel_cds_collab_hw/bootloader/cp/tf-a/build/rebel_h/debug/bl2/bl_common.o
 .debug_info    0x000000000006369f      0x98b /home/jongja.cho/Git/legacy/rebel_cds_collab_hw/bootloader/cp/tf-a/build/rebel_h/debug/bl2/desc_image_load.o
 .debug_info    0x000000000006402a      0x158 /home/jongja.cho/Git/legacy/rebel_cds_collab_hw/bootloader/cp/tf-a/build/rebel_h/debug/bl2/tf_crc32.o
 .debug_info    0x0000000000064182      0x303 /home/jongja.cho/Git/legacy/rebel_cds_collab_hw/bootloader/cp/tf-a/build/rebel_h/debug/bl2/tf_log.o
 .debug_info    0x0000000000064485     0x24b4 /home/jongja.cho/Git/legacy/rebel_cds_collab_hw/bootloader/cp/tf-a/build/rebel_h/debug/bl2/pl330.o
 .debug_info    0x0000000000066939    0x5b973 /home/jongja.cho/Git/legacy/rebel_cds_collab_hw/bootloader/cp/tf-a/build/rebel_h/debug/bl2/cmu.o
 .debug_info    0x00000000000c22ac      0x513 /home/jongja.cho/Git/legacy/rebel_cds_collab_hw/bootloader/cp/tf-a/build/rebel_h/debug/bl2/multi_console.o
 .debug_info    0x00000000000c27bf      0x37e /home/jongja.cho/Git/legacy/rebel_cds_collab_hw/bootloader/cp/tf-a/build/rebel_h/debug/bl2/delay_timer.o
 .debug_info    0x00000000000c2b3d      0x48d /home/jongja.cho/Git/legacy/rebel_cds_collab_hw/bootloader/cp/tf-a/build/rebel_h/debug/bl2/generic_delay_timer.o
 .debug_info    0x00000000000c2fca      0x407 /home/jongja.cho/Git/legacy/rebel_cds_collab_hw/bootloader/cp/tf-a/build/rebel_h/debug/bl2/hbm3_chipid.o
 .debug_info    0x00000000000c33d1    0x3c090 /home/jongja.cho/Git/legacy/rebel_cds_collab_hw/bootloader/cp/tf-a/build/rebel_h/debug/bl2/hbm3_init.o
 .debug_info    0x00000000000ff461      0xfef /home/jongja.cho/Git/legacy/rebel_cds_collab_hw/bootloader/cp/tf-a/build/rebel_h/debug/bl2/io_storage.o
 .debug_info    0x0000000000100450     0x1ab8 /home/jongja.cho/Git/legacy/rebel_cds_collab_hw/bootloader/cp/tf-a/build/rebel_h/debug/bl2/mailbox.o
 .debug_info    0x0000000000101f08      0x48e /home/jongja.cho/Git/legacy/rebel_cds_collab_hw/bootloader/cp/tf-a/build/rebel_h/debug/bl2/gpt.o
 .debug_info    0x0000000000102396      0xd34 /home/jongja.cho/Git/legacy/rebel_cds_collab_hw/bootloader/cp/tf-a/build/rebel_h/debug/bl2/partition_simple.o
 .debug_info    0x00000000001030ca     0x1a2f /home/jongja.cho/Git/legacy/rebel_cds_collab_hw/bootloader/cp/tf-a/build/rebel_h/debug/bl2/smmu.o
 .debug_info    0x0000000000104af9      0x4cb /home/jongja.cho/Git/legacy/rebel_cds_collab_hw/bootloader/cp/tf-a/build/rebel_h/debug/bl2/sic.o
 .debug_info    0x0000000000104fc4      0xdfa /home/jongja.cho/Git/legacy/rebel_cds_collab_hw/bootloader/cp/tf-a/build/rebel_h/debug/bl2/xlat_tables_arch.o
 .debug_info    0x0000000000105dbe      0xa16 /home/jongja.cho/Git/legacy/rebel_cds_collab_hw/bootloader/cp/tf-a/build/rebel_h/debug/bl2/xlat_tables_context.o
 .debug_info    0x00000000001067d4      0xf6d /home/jongja.cho/Git/legacy/rebel_cds_collab_hw/bootloader/cp/tf-a/build/rebel_h/debug/bl2/xlat_tables_core.o
 .debug_info    0x0000000000107741      0xa6e /home/jongja.cho/Git/legacy/rebel_cds_collab_hw/bootloader/cp/tf-a/build/rebel_h/debug/bl2/xlat_tables_utils.o
 .debug_info    0x00000000001081af      0x1eb /home/jongja.cho/Git/legacy/rebel_cds_collab_hw/bootloader/cp/tf-a/build/rebel_h/debug/bl2/plat_common.o