Archive member included to satisfy reference by file (symbol)

/home/jongja.cho/Git/legacy/rebel_cds_collab_hw/bootloader/cp/tf-a/build/rebel_h/debug/lib/libc.a(assert.o)
                              /home/jongja.cho/Git/legacy/rebel_cds_collab_hw/bootloader/cp/tf-a/build/rebel_h/debug/bl31/bl31_context_mgmt.o (__assert)
/home/jongja.cho/Git/legacy/rebel_cds_collab_hw/bootloader/cp/tf-a/build/rebel_h/debug/lib/libc.a(memcpy.o)
                              /home/jongja.cho/Git/legacy/rebel_cds_collab_hw/bootloader/cp/tf-a/build/rebel_h/debug/bl31/context_mgmt.o (memcpy)
/home/jongja.cho/Git/legacy/rebel_cds_collab_hw/bootloader/cp/tf-a/build/rebel_h/debug/lib/libc.a(memmove.o)
                              /home/jongja.cho/Git/legacy/rebel_cds_collab_hw/bootloader/cp/tf-a/build/rebel_h/debug/bl31/xlat_tables_core.o (memmove)
/home/jongja.cho/Git/legacy/rebel_cds_collab_hw/bootloader/cp/tf-a/build/rebel_h/debug/lib/libc.a(printf.o)
                              /home/jongja.cho/Git/legacy/rebel_cds_collab_hw/bootloader/cp/tf-a/build/rebel_h/debug/bl31/tf_log.o (vprintf)
/home/jongja.cho/Git/legacy/rebel_cds_collab_hw/bootloader/cp/tf-a/build/rebel_h/debug/lib/libc.a(memset.o)
                              /home/jongja.cho/Git/legacy/rebel_cds_collab_hw/bootloader/cp/tf-a/build/rebel_h/debug/bl31/runtime_svc.o (memset)

Discarded input sections

 .text          0x0000000000000000        0x0 /home/jongja.cho/Git/legacy/rebel_cds_collab_hw/bootloader/cp/tf-a/build/rebel_h/debug/bl31/bakery_lock.o
 .data          0x0000000000000000        0x0 /home/jongja.cho/Git/legacy/rebel_cds_collab_hw/bootloader/cp/tf-a/build/rebel_h/debug/bl31/bakery_lock.o
 .bss           0x0000000000000000        0x0 /home/jongja.cho/Git/legacy/rebel_cds_collab_hw/bootloader/cp/tf-a/build/rebel_h/debug/bl31/bakery_lock.o
 .text.rebel_bakery_lock_init
                0x0000000000000000       0x34 /home/jongja.cho/Git/legacy/rebel_cds_collab_hw/bootloader/cp/tf-a/build/rebel_h/debug/bl31/bakery_lock.o
 .text          0x0000000000000000        0x0 /home/jongja.cho/Git/legacy/rebel_cds_collab_hw/bootloader/cp/tf-a/build/rebel_h/debug/bl31/bl31_context_mgmt.o
 .data          0x0000000000000000        0x0 /home/jongja.cho/Git/legacy/rebel_cds_collab_hw/bootloader/cp/tf-a/build/rebel_h/debug/bl31/bl31_context_mgmt.o
 .bss           0x0000000000000000        0x0 /home/jongja.cho/Git/legacy/rebel_cds_collab_hw/bootloader/cp/tf-a/build/rebel_h/debug/bl31/bl31_context_mgmt.o
 .text.cm_set_context
                0x0000000000000000       0x3c /home/jongja.cho/Git/legacy/rebel_cds_collab_hw/bootloader/cp/tf-a/build/rebel_h/debug/bl31/bl31_context_mgmt.o
 .text.cm_get_context_by_index
                0x0000000000000000       0x38 /home/jongja.cho/Git/legacy/rebel_cds_collab_hw/bootloader/cp/tf-a/build/rebel_h/debug/bl31/bl31_context_mgmt.o
 .text          0x0000000000000000        0x0 /home/jongja.cho/Git/legacy/rebel_cds_collab_hw/bootloader/cp/tf-a/build/rebel_h/debug/bl31/bl31_main.o
 .data          0x0000000000000000        0x0 /home/jongja.cho/Git/legacy/rebel_cds_collab_hw/bootloader/cp/tf-a/build/rebel_h/debug/bl31/bl31_main.o
 .bss           0x0000000000000000        0x0 /home/jongja.cho/Git/legacy/rebel_cds_collab_hw/bootloader/cp/tf-a/build/rebel_h/debug/bl31/bl31_main.o
 .text.bl31_set_next_image_type
                0x0000000000000000       0x20 /home/jongja.cho/Git/legacy/rebel_cds_collab_hw/bootloader/cp/tf-a/build/rebel_h/debug/bl31/bl31_main.o
 .text.bl31_register_bl32_init
                0x0000000000000000        0xc /home/jongja.cho/Git/legacy/rebel_cds_collab_hw/bootloader/cp/tf-a/build/rebel_h/debug/bl31/bl31_main.o
 .text          0x0000000000000000        0x0 /home/jongja.cho/Git/legacy/rebel_cds_collab_hw/bootloader/cp/tf-a/build/rebel_h/debug/bl31/bl31_traps.o
 .data          0x0000000000000000        0x0 /home/jongja.cho/Git/legacy/rebel_cds_collab_hw/bootloader/cp/tf-a/build/rebel_h/debug/bl31/bl31_traps.o
 .bss           0x0000000000000000        0x0 /home/jongja.cho/Git/legacy/rebel_cds_collab_hw/bootloader/cp/tf-a/build/rebel_h/debug/bl31/bl31_traps.o
 .text          0x0000000000000000        0x0 /home/jongja.cho/Git/legacy/rebel_cds_collab_hw/bootloader/cp/tf-a/build/rebel_h/debug/bl31/interrupt_mgmt.o
 .data          0x0000000000000000        0x0 /home/jongja.cho/Git/legacy/rebel_cds_collab_hw/bootloader/cp/tf-a/build/rebel_h/debug/bl31/interrupt_mgmt.o
 .bss           0x0000000000000000        0x0 /home/jongja.cho/Git/legacy/rebel_cds_collab_hw/bootloader/cp/tf-a/build/rebel_h/debug/bl31/interrupt_mgmt.o
 .text.set_scr_el3_from_rm
                0x0000000000000000       0x84 /home/jongja.cho/Git/legacy/rebel_cds_collab_hw/bootloader/cp/tf-a/build/rebel_h/debug/bl31/interrupt_mgmt.o
 .text.set_routing_model
                0x0000000000000000       0x94 /home/jongja.cho/Git/legacy/rebel_cds_collab_hw/bootloader/cp/tf-a/build/rebel_h/debug/bl31/interrupt_mgmt.o
 .text.disable_intr_rm_local
[...]
Memory Configuration

Name             Origin             Length             Attributes
RAM              0x0000000014100000 0x0000000000100000 xrw
*default*        0x0000000000000000 0xffffffffffffffff

Linker script and memory map

                0x0000000014100000                RAM_REGION_START = ORIGIN (RAM)
                0x0000000000100000                RAM_REGION_LENGTH = LENGTH (RAM)
                0x0000000014100000                . = 0x14100000
                0x0000000000000001                ASSERT ((. == ALIGN (0x1000)), BL31_BASE address is not aligned on a page boundary.)
                0x0000000014100000                __BL31_START__ = .

.ro             0x0000000014100000     0xa000
                0x0000000000000001                ASSERT ((. == ALIGN (0x1000)), .ro is not aligned on a page boundary.)
                0x0000000014100000                __RO_START__ = .
 *bl31_entrypoint.o(SORT_BY_ALIGNMENT(.text*))
 .text.asm.bl31_entrypoint
                0x0000000014100000      0x184 /home/jongja.cho/Git/legacy/rebel_cds_collab_hw/bootloader/cp/tf-a/build/rebel_h/debug/bl31/bl31_entrypoint.o
                0x0000000014100000                bl31_entrypoint
 .text.asm.bl31_warm_entrypoint
                0x0000000014100184       0xb8 /home/jongja.cho/Git/legacy/rebel_cds_collab_hw/bootloader/cp/tf-a/build/rebel_h/debug/bl31/bl31_entrypoint.o
                0x0000000014100184                bl31_warm_entrypoint
 *(SORT_BY_ALIGNMENT(.text*))
 .text.rebel_bakery_lock_acquire
                0x000000001410023c       0xcc /home/jongja.cho/Git/legacy/rebel_cds_collab_hw/bootloader/cp/tf-a/build/rebel_h/debug/bl31/bakery_lock.o
                0x000000001410023c                rebel_bakery_lock_acquire
 .text.rebel_bakery_lock_release
                0x0000000014100308       0x28 /home/jongja.cho/Git/legacy/rebel_cds_collab_hw/bootloader/cp/tf-a/build/rebel_h/debug/bl31/bakery_lock.o
                0x0000000014100308                rebel_bakery_lock_release
 .text.cm_get_context
                0x0000000014100330       0x38 /home/jongja.cho/Git/legacy/rebel_cds_collab_hw/bootloader/cp/tf-a/build/rebel_h/debug/bl31/bl31_context_mgmt.o
                0x0000000014100330                cm_get_context
 .text.cm_set_context_by_index
                0x0000000014100368       0x3c /home/jongja.cho/Git/legacy/rebel_cds_collab_hw/bootloader/cp/tf-a/build/rebel_h/debug/bl31/bl31_context_mgmt.o
                0x0000000014100368                cm_set_context_by_index
 .text.get_arm_std_svc_args
                0x00000000141003a4       0x24 /home/jongja.cho/Git/legacy/rebel_cds_collab_hw/bootloader/cp/tf-a/build/rebel_h/debug/bl31/bl31_main.o
                0x00000000141003a4                get_arm_std_svc_args
 .text.bl31_warmboot
                0x00000000141003c8       0x34 /home/jongja.cho/Git/legacy/rebel_cds_collab_hw/bootloader/cp/tf-a/build/rebel_h/debug/bl31/bl31_main.o
                0x00000000141003c8                bl31_warmboot
 .text.bl31_prepare_next_image_entry
                0x00000000141003fc       0xa8 /home/jongja.cho/Git/legacy/rebel_cds_collab_hw/bootloader/cp/tf-a/build/rebel_h/debug/bl31/bl31_main.o
                0x00000000141003fc                bl31_prepare_next_image_entry
 .text.bl31_main
                0x00000000141004a4       0xd0 /home/jongja.cho/Git/legacy/rebel_cds_collab_hw/bootloader/cp/tf-a/build/rebel_h/debug/bl31/bl31_main.o
                0x00000000141004a4                bl31_main
 .text.is_tge_enabled
                0x0000000014100574       0x18 /home/jongja.cho/Git/legacy/rebel_cds_collab_hw/bootloader/cp/tf-a/build/rebel_h/debug/bl31/bl31_traps.o
 .text.handle_sysreg_trap
                0x000000001410058c        0x8 /home/jongja.cho/Git/legacy/rebel_cds_collab_hw/bootloader/cp/tf-a/build/rebel_h/debug/bl31/bl31_traps.o
                0x000000001410058c                handle_sysreg_trap
 .text.create_spsr
                0x0000000014100594      0x284 /home/jongja.cho/Git/legacy/rebel_cds_collab_hw/bootloader/cp/tf-a/build/rebel_h/debug/bl31/bl31_traps.o
                0x0000000014100594                create_spsr
 .text.inject_undef64
                0x0000000014100818       0xb8 /home/jongja.cho/Git/legacy/rebel_cds_collab_hw/bootloader/cp/tf-a/build/rebel_h/debug/bl31/bl31_traps.o
                0x0000000014100818                inject_undef64
 .text.get_scr_el3_from_routing_model
                0x00000000141008d0       0x40 /home/jongja.cho/Git/legacy/rebel_cds_collab_hw/bootloader/cp/tf-a/build/rebel_h/debug/bl31/interrupt_mgmt.o
                0x00000000141008d0                get_scr_el3_from_routing_model
 .text.get_interrupt_type_handler
                0x0000000014100910       0x3c /home/jongja.cho/Git/legacy/rebel_cds_collab_hw/bootloader/cp/tf-a/build/rebel_h/debug/bl31/interrupt_mgmt.o
                0x0000000014100910                get_interrupt_type_handler
 .text.is_address_readable
                0x000000001410094c       0x40 /home/jongja.cho/Git/legacy/rebel_cds_collab_hw/bootloader/cp/tf-a/build/rebel_h/debug/bl31/backtrace.o
 .text.is_valid_object.constprop.0
                0x000000001410098c       0x5c /home/jongja.cho/Git/legacy/rebel_cds_collab_hw/bootloader/cp/tf-a/build/rebel_h/debug/bl31/backtrace.o
 .text.backtrace
                0x00000000141009e8      0x120 /home/jongja.cho/Git/legacy/rebel_cds_collab_hw/bootloader/cp/tf-a/build/rebel_h/debug/bl31/backtrace.o
                0x00000000141009e8                backtrace
 .text.print_entry_point_info
                0x0000000014100b08        0x4 /home/jongja.cho/Git/legacy/rebel_cds_collab_hw/bootloader/cp/tf-a/build/rebel_h/debug/bl31/bl_common.o
                0x0000000014100b08                print_entry_point_info
 .text.runtime_svc_init
                0x0000000014100b0c      0x15c /home/jongja.cho/Git/legacy/rebel_cds_collab_hw/bootloader/cp/tf-a/build/rebel_h/debug/bl31/runtime_svc.o
                0x0000000014100b0c                runtime_svc_init
 .text.tf_log   0x0000000014100c68       0xb4 /home/jongja.cho/Git/legacy/rebel_cds_collab_hw/bootloader/cp/tf-a/build/rebel_h/debug/bl31/tf_log.o
                0x0000000014100c68                tf_log
 .text.gicr_wait_group_not_in_transit
                0x0000000014100d1c       0x14 /home/jongja.cho/Git/legacy/rebel_cds_collab_hw/bootloader/cp/tf-a/build/rebel_h/debug/bl31/gic-x00.o
 .text.gicv3_redists_need_power_mgmt
                0x0000000014100d30       0x48 /home/jongja.cho/Git/legacy/rebel_cds_collab_hw/bootloader/cp/tf-a/build/rebel_h/debug/bl31/gic-x00.o
 .text.get_gicr_base
                0x0000000014100d78       0x38 /home/jongja.cho/Git/legacy/rebel_cds_collab_hw/bootloader/cp/tf-a/build/rebel_h/debug/bl31/gic-x00.o
 .text.gicv3_rdistif_on
                0x0000000014100db0       0x34 /home/jongja.cho/Git/legacy/rebel_cds_collab_hw/bootloader/cp/tf-a/build/rebel_h/debug/bl31/gic-x00.o
                0x0000000014100db0                gicv3_rdistif_on
 .text.gicv3_apply_errata_wa_2384374
                0x0000000014100de4       0x24 /home/jongja.cho/Git/legacy/rebel_cds_collab_hw/bootloader/cp/tf-a/build/rebel_h/debug/bl31/gic-x00.o
                0x0000000014100de4                gicv3_apply_errata_wa_2384374
 .text.gicv3_check_erratas_applies
                0x0000000014100e08       0x5c /home/jongja.cho/Git/legacy/rebel_cds_collab_hw/bootloader/cp/tf-a/build/rebel_h/debug/bl31/gic-x00.o
                0x0000000014100e08                gicv3_check_erratas_applies
 .text.gicd_set_icfgr
                0x0000000014100e64       0x34 /home/jongja.cho/Git/legacy/rebel_cds_collab_hw/bootloader/cp/tf-a/build/rebel_h/debug/bl31/gicdv3_helpers.o
                0x0000000014100e64                gicd_set_icfgr
 .text.gicd_clr_igroupr
                0x0000000014100e98       0x24 /home/jongja.cho/Git/legacy/rebel_cds_collab_hw/bootloader/cp/tf-a/build/rebel_h/debug/bl31/gicdv3_helpers.o
                0x0000000014100e98                gicd_clr_igroupr
 .text.gicd_set_igrpmodr
                0x0000000014100ebc       0x24 /home/jongja.cho/Git/legacy/rebel_cds_collab_hw/bootloader/cp/tf-a/build/rebel_h/debug/bl31/gicdv3_helpers.o
                0x0000000014100ebc                gicd_set_igrpmodr
 .text.gicd_clr_igrpmodr
                0x0000000014100ee0       0x24 /home/jongja.cho/Git/legacy/rebel_cds_collab_hw/bootloader/cp/tf-a/build/rebel_h/debug/bl31/gicdv3_helpers.o
                0x0000000014100ee0                gicd_clr_igrpmodr
 .text.gicd_set_isenabler
                0x0000000014100f04       0x1c /home/jongja.cho/Git/legacy/rebel_cds_collab_hw/bootloader/cp/tf-a/build/rebel_h/debug/bl31/gicdv3_helpers.o
                0x0000000014100f04                gicd_set_isenabler
 .text.gicd_set_ipriorityr
                0x0000000014100f20       0x14 /home/jongja.cho/Git/legacy/rebel_cds_collab_hw/bootloader/cp/tf-a/build/rebel_h/debug/bl31/gicdv3_helpers.o
                0x0000000014100f20                gicd_set_ipriorityr
 .text.gicd_write_icfgr
                0x0000000014100f34       0x14 /home/jongja.cho/Git/legacy/rebel_cds_collab_hw/bootloader/cp/tf-a/build/rebel_h/debug/bl31/gicdv3_helpers.o
                0x0000000014100f34                gicd_write_icfgr
 .text.gicd_write_igroupr
                0x0000000014100f48       0x14 /home/jongja.cho/Git/legacy/rebel_cds_collab_hw/bootloader/cp/tf-a/build/rebel_h/debug/bl31/gicdv3_helpers.o
                0x0000000014100f48                gicd_write_igroupr
 .text.gicd_write_ipriorityr
                0x0000000014100f5c       0x10 /home/jongja.cho/Git/legacy/rebel_cds_collab_hw/bootloader/cp/tf-a/build/rebel_h/debug/bl31/gicdv3_helpers.o
                0x0000000014100f5c                gicd_write_ipriorityr
 .text.gicr_write_ipriorityr
                0x0000000014100f6c       0x14 /home/jongja.cho/Git/legacy/rebel_cds_collab_hw/bootloader/cp/tf-a/build/rebel_h/debug/bl31/gicrv3_helpers.o
                0x0000000014100f6c                gicr_write_ipriorityr
 .text.gicr_set_ipriorityr
                0x0000000014100f80       0x18 /home/jongja.cho/Git/legacy/rebel_cds_collab_hw/bootloader/cp/tf-a/build/rebel_h/debug/bl31/gicrv3_helpers.o
                0x0000000014100f80                gicr_set_ipriorityr
 .text.gicr_clr_igroupr
                0x0000000014100f98       0x28 /home/jongja.cho/Git/legacy/rebel_cds_collab_hw/bootloader/cp/tf-a/build/rebel_h/debug/bl31/gicrv3_helpers.o
                0x0000000014100f98                gicr_clr_igroupr
 .text.gicr_set_igrpmodr
                0x0000000014100fc0       0x28 /home/jongja.cho/Git/legacy/rebel_cds_collab_hw/bootloader/cp/tf-a/build/rebel_h/debug/bl31/gicrv3_helpers.o
                0x0000000014100fc0                gicr_set_igrpmodr
 .text.gicr_clr_igrpmodr
                0x0000000014100fe8       0x28 /home/jongja.cho/Git/legacy/rebel_cds_collab_hw/bootloader/cp/tf-a/build/rebel_h/debug/bl31/gicrv3_helpers.o
                0x0000000014100fe8                gicr_clr_igrpmodr
 .text.gicr_set_isenabler
                0x0000000014101010       0x20 /home/jongja.cho/Git/legacy/rebel_cds_collab_hw/bootloader/cp/tf-a/build/rebel_h/debug/bl31/gicrv3_helpers.o
                0x0000000014101010                gicr_set_isenabler
 .text.gicr_set_icfgr
                0x0000000014101030       0x38 /home/jongja.cho/Git/legacy/rebel_cds_collab_hw/bootloader/cp/tf-a/build/rebel_h/debug/bl31/gicrv3_helpers.o
                0x0000000014101030                gicr_set_icfgr
 .text.gicv3_rdistif_mark_core_awake
                0x0000000014101068       0x54 /home/jongja.cho/Git/legacy/rebel_cds_collab_hw/bootloader/cp/tf-a/build/rebel_h/debug/bl31/gicv3_helpers.o
                0x0000000014101068                gicv3_rdistif_mark_core_awake
 .text.gicv3_rdistif_mark_core_asleep
                0x00000000141010bc       0x1c /home/jongja.cho/Git/legacy/rebel_cds_collab_hw/bootloader/cp/tf-a/build/rebel_h/debug/bl31/gicv3_helpers.o
                0x00000000141010bc                gicv3_rdistif_mark_core_asleep
 .text.gicv3_rdistif_base_addrs_probe
                0x00000000141010d8       0x74 /home/jongja.cho/Git/legacy/rebel_cds_collab_hw/bootloader/cp/tf-a/build/rebel_h/debug/bl31/gicv3_helpers.o
                0x00000000141010d8                gicv3_rdistif_base_addrs_probe
 .text.gicv3_get_spi_limit
                0x000000001410114c       0x1c /home/jongja.cho/Git/legacy/rebel_cds_collab_hw/bootloader/cp/tf-a/build/rebel_h/debug/bl31/gicv3_helpers.o
                0x000000001410114c                gicv3_get_spi_limit
 .text.gicv3_spis_config_defaults
                0x0000000014101168       0x98 /home/jongja.cho/Git/legacy/rebel_cds_collab_hw/bootloader/cp/tf-a/build/rebel_h/debug/bl31/gicv3_helpers.o
                0x0000000014101168                gicv3_spis_config_defaults
 .text.gicv3_secure_spis_config_props
                0x0000000014101200      0x104 /home/jongja.cho/Git/legacy/rebel_cds_collab_hw/bootloader/cp/tf-a/build/rebel_h/debug/bl31/gicv3_helpers.o
                0x0000000014101200                gicv3_secure_spis_config_props
 .text.gicv3_ppi_sgi_config_defaults
                0x0000000014101304       0x70 /home/jongja.cho/Git/legacy/rebel_cds_collab_hw/bootloader/cp/tf-a/build/rebel_h/debug/bl31/gicv3_helpers.o
                0x0000000014101304                gicv3_ppi_sgi_config_defaults
 .text.gicv3_secure_ppi_sgi_config_props
                0x0000000014101374       0xe4 /home/jongja.cho/Git/legacy/rebel_cds_collab_hw/bootloader/cp/tf-a/build/rebel_h/debug/bl31/gicv3_helpers.o
                0x0000000014101374                gicv3_secure_ppi_sgi_config_props
 .text.gicv3_get_component_prodid_rev
                0x0000000014101458       0x18 /home/jongja.cho/Git/legacy/rebel_cds_collab_hw/bootloader/cp/tf-a/build/rebel_h/debug/bl31/gicv3_helpers.o
                0x0000000014101458                gicv3_get_component_prodid_rev
 .text.gicd_wait_for_pending_write
                0x0000000014101470        0xc /home/jongja.cho/Git/legacy/rebel_cds_collab_hw/bootloader/cp/tf-a/build/rebel_h/debug/bl31/gicv3_main.o
 .text.gicv3_driver_init
                0x000000001410147c       0xc4 /home/jongja.cho/Git/legacy/rebel_cds_collab_hw/bootloader/cp/tf-a/build/rebel_h/debug/bl31/gicv3_main.o
                0x000000001410147c                gicv3_driver_init
 .text.gicv3_distif_init
                0x0000000014101540       0x90 /home/jongja.cho/Git/legacy/rebel_cds_collab_hw/bootloader/cp/tf-a/build/rebel_h/debug/bl31/gicv3_main.o
                0x0000000014101540                gicv3_distif_init
 .text.gicv3_rdistif_init
                0x00000000141015d0       0xc8 /home/jongja.cho/Git/legacy/rebel_cds_collab_hw/bootloader/cp/tf-a/build/rebel_h/debug/bl31/gicv3_main.o
                0x00000000141015d0                gicv3_rdistif_init
 .text.gicv3_cpuif_enable
                0x0000000014101698       0xb8 /home/jongja.cho/Git/legacy/rebel_cds_collab_hw/bootloader/cp/tf-a/build/rebel_h/debug/bl31/gicv3_main.o
                0x0000000014101698                gicv3_cpuif_enable
 .text.gicv3_cpuif_disable
                0x0000000014101750       0x94 /home/jongja.cho/Git/legacy/rebel_cds_collab_hw/bootloader/cp/tf-a/build/rebel_h/debug/bl31/gicv3_main.o
                0x0000000014101750                gicv3_cpuif_disable
 .text.gicv3_get_pending_interrupt_type
                0x00000000141017e4       0x28 /home/jongja.cho/Git/legacy/rebel_cds_collab_hw/bootloader/cp/tf-a/build/rebel_h/debug/bl31/gicv3_main.o
                0x00000000141017e4                gicv3_get_pending_interrupt_type
 .text.gicv3_rdistif_probe
                0x000000001410180c       0xc0 /home/jongja.cho/Git/legacy/rebel_cds_collab_hw/bootloader/cp/tf-a/build/rebel_h/debug/bl31/gicv3_main.o
                0x000000001410180c                gicv3_rdistif_probe
 .text.console_is_registered
                0x00000000141018cc       0x3c /home/jongja.cho/Git/legacy/rebel_cds_collab_hw/bootloader/cp/tf-a/build/rebel_h/debug/bl31/multi_console.o
                0x00000000141018cc                console_is_registered
 .text.console_register
                0x0000000014101908       0x64 /home/jongja.cho/Git/legacy/rebel_cds_collab_hw/bootloader/cp/tf-a/build/rebel_h/debug/bl31/multi_console.o
                0x0000000014101908                console_register
 .text.console_switch_state
                0x000000001410196c        0xc /home/jongja.cho/Git/legacy/rebel_cds_collab_hw/bootloader/cp/tf-a/build/rebel_h/debug/bl31/multi_console.o
                0x000000001410196c                console_switch_state
 .text.console_set_scope
                0x0000000014101978       0x28 /home/jongja.cho/Git/legacy/rebel_cds_collab_hw/bootloader/cp/tf-a/build/rebel_h/debug/bl31/multi_console.o
                0x0000000014101978                console_set_scope
 .text.console_putc
                0x00000000141019a0       0xa8 /home/jongja.cho/Git/legacy/rebel_cds_collab_hw/bootloader/cp/tf-a/build/rebel_h/debug/bl31/multi_console.o
                0x00000000141019a0                console_putc
 .text.putchar  0x0000000014101a48       0x28 /home/jongja.cho/Git/legacy/rebel_cds_collab_hw/bootloader/cp/tf-a/build/rebel_h/debug/bl31/multi_console.o
                0x0000000014101a48                putchar
 .text.console_flush
                0x0000000014101a70       0x54 /home/jongja.cho/Git/legacy/rebel_cds_collab_hw/bootloader/cp/tf-a/build/rebel_h/debug/bl31/multi_console.o
                0x0000000014101a70                console_flush
 .text.flash_spi_set_quad_mode
                0x0000000014101ac4       0xa0 /home/jongja.cho/Git/legacy/rebel_cds_collab_hw/bootloader/cp/tf-a/build/rebel_h/debug/bl31/mt25q_flash.o
 .text.flash_read_one_register
                0x0000000014101b64       0x44 /home/jongja.cho/Git/legacy/rebel_cds_collab_hw/bootloader/cp/tf-a/build/rebel_h/debug/bl31/mt25q_flash.o
                0x0000000014101b64                flash_read_one_register
 .text.flash_check_ready
                0x0000000014101ba8       0x1c /home/jongja.cho/Git/legacy/rebel_cds_collab_hw/bootloader/cp/tf-a/build/rebel_h/debug/bl31/mt25q_flash.o
                0x0000000014101ba8                flash_check_ready
 .text.flash_write_mode
                0x0000000014101bc4       0x44 /home/jongja.cho/Git/legacy/rebel_cds_collab_hw/bootloader/cp/tf-a/build/rebel_h/debug/bl31/mt25q_flash.o
                0x0000000014101bc4                flash_write_mode
 .text.flash_write_mode_i_a
                0x0000000014101c08       0x4c /home/jongja.cho/Git/legacy/rebel_cds_collab_hw/bootloader/cp/tf-a/build/rebel_h/debug/bl31/mt25q_flash.o
                0x0000000014101c08                flash_write_mode_i_a
 .text.write_flash_fast_256_data
                0x0000000014101c54       0x5c /home/jongja.cho/Git/legacy/rebel_cds_collab_hw/bootloader/cp/tf-a/build/rebel_h/debug/bl31/mt25q_flash.o
                0x0000000014101c54                write_flash_fast_256_data
 .text.write_flash_fast_size_data
                0x0000000014101cb0       0x64 /home/jongja.cho/Git/legacy/rebel_cds_collab_hw/bootloader/cp/tf-a/build/rebel_h/debug/bl31/mt25q_flash.o
                0x0000000014101cb0                write_flash_fast_size_data
 .text.enable_write
                0x0000000014101d14       0x5c /home/jongja.cho/Git/legacy/rebel_cds_collab_hw/bootloader/cp/tf-a/build/rebel_h/debug/bl31/mt25q_flash.o
                0x0000000014101d14                enable_write
 .text.erase_flash
                0x0000000014101d70      0x150 /home/jongja.cho/Git/legacy/rebel_cds_collab_hw/bootloader/cp/tf-a/build/rebel_h/debug/bl31/mt25q_flash.o
                0x0000000014101d70                erase_flash
 .text.read_flash
                0x0000000014101ec0       0x68 /home/jongja.cho/Git/legacy/rebel_cds_collab_hw/bootloader/cp/tf-a/build/rebel_h/debug/bl31/mt25q_flash.o
                0x0000000014101ec0                read_flash
 .text.write_flash
                0x0000000014101f28       0xf0 /home/jongja.cho/Git/legacy/rebel_cds_collab_hw/bootloader/cp/tf-a/build/rebel_h/debug/bl31/mt25q_flash.o
                0x0000000014101f28                write_flash
 .text.qspi_boot_wait_busy_state
                0x0000000014102018       0x20 /home/jongja.cho/Git/legacy/rebel_cds_collab_hw/bootloader/cp/tf-a/build/rebel_h/debug/bl31/qspi_boot.o
 .text.qspi_boot_wait_idle
                0x0000000014102038       0x14 /home/jongja.cho/Git/legacy/rebel_cds_collab_hw/bootloader/cp/tf-a/build/rebel_h/debug/bl31/qspi_boot.o
 .text.qspi_boot_ser_enable
                0x000000001410204c       0x28 /home/jongja.cho/Git/legacy/rebel_cds_collab_hw/bootloader/cp/tf-a/build/rebel_h/debug/bl31/qspi_boot.o
 .text.qspi_boot_ser_disable
                0x0000000014102074       0x18 /home/jongja.cho/Git/legacy/rebel_cds_collab_hw/bootloader/cp/tf-a/build/rebel_h/debug/bl31/qspi_boot.o
 .text.qspi_boot_enable
                0x000000001410208c       0x18 /home/jongja.cho/Git/legacy/rebel_cds_collab_hw/bootloader/cp/tf-a/build/rebel_h/debug/bl31/qspi_boot.o
                0x000000001410208c                qspi_boot_enable
 .text.qspi_boot_config
                0x00000000141020a4       0xf8 /home/jongja.cho/Git/legacy/rebel_cds_collab_hw/bootloader/cp/tf-a/build/rebel_h/debug/bl31/qspi_boot.o
                0x00000000141020a4                qspi_boot_config
 .text.qspi_boot_std_tx_d_multiple
                0x000000001410219c       0x48 /home/jongja.cho/Git/legacy/rebel_cds_collab_hw/bootloader/cp/tf-a/build/rebel_h/debug/bl31/qspi_boot.o
                0x000000001410219c                qspi_boot_std_tx_d_multiple
 .text.qspi_boot_enhance_rx_i_d_once
                0x00000000141021e4       0x44 /home/jongja.cho/Git/legacy/rebel_cds_collab_hw/bootloader/cp/tf-a/build/rebel_h/debug/bl31/qspi_boot.o
                0x00000000141021e4                qspi_boot_enhance_rx_i_d_once
 .text.qspi_boot_std_tx_rx_d_multiple
                0x0000000014102228       0xcc /home/jongja.cho/Git/legacy/rebel_cds_collab_hw/bootloader/cp/tf-a/build/rebel_h/debug/bl31/qspi_boot.o
                0x0000000014102228                qspi_boot_std_tx_rx_d_multiple
 .text.qspi_boot_config_controller
                0x00000000141022f4       0xb0 /home/jongja.cho/Git/legacy/rebel_cds_collab_hw/bootloader/cp/tf-a/build/rebel_h/debug/bl31/qspi_boot.o
                0x00000000141022f4                qspi_boot_config_controller
 .text.qspi_boot_config_for_flash
                0x00000000141023a4        0x4 /home/jongja.cho/Git/legacy/rebel_cds_collab_hw/bootloader/cp/tf-a/build/rebel_h/debug/bl31/qspi_boot.o
                0x00000000141023a4                qspi_boot_config_for_flash
 .text.qspi_boot_enhance_tx_i_once
                0x00000000141023a8       0x2c /home/jongja.cho/Git/legacy/rebel_cds_collab_hw/bootloader/cp/tf-a/build/rebel_h/debug/bl31/qspi_boot.o
                0x00000000141023a8                qspi_boot_enhance_tx_i_once
 .text.qspi_boot_enhance_tx_i_a_once
                0x00000000141023d4       0x34 /home/jongja.cho/Git/legacy/rebel_cds_collab_hw/bootloader/cp/tf-a/build/rebel_h/debug/bl31/qspi_boot.o
                0x00000000141023d4                qspi_boot_enhance_tx_i_a_once
 .text.qspi_boot_enhance_tx_i_a_d_256
                0x0000000014102408       0x5c /home/jongja.cho/Git/legacy/rebel_cds_collab_hw/bootloader/cp/tf-a/build/rebel_h/debug/bl31/qspi_boot.o
                0x0000000014102408                qspi_boot_enhance_tx_i_a_d_256
 .text.qspi_boot_enhance_tx_i_a_d_size
                0x0000000014102464       0x64 /home/jongja.cho/Git/legacy/rebel_cds_collab_hw/bootloader/cp/tf-a/build/rebel_h/debug/bl31/qspi_boot.o
                0x0000000014102464                qspi_boot_enhance_tx_i_a_d_size
 .text.find_erratum_entry
                0x00000000141024c8       0x78 /home/jongja.cho/Git/legacy/rebel_cds_collab_hw/bootloader/cp/tf-a/build/rebel_h/debug/bl31/errata_common.o
                0x00000000141024c8                find_erratum_entry
 .text.check_erratum_applies
                0x0000000014102540       0xa4 /home/jongja.cho/Git/legacy/rebel_cds_collab_hw/bootloader/cp/tf-a/build/rebel_h/debug/bl31/errata_common.o
                0x0000000014102540                check_erratum_applies
 .text.generic_errata_report
                0x00000000141025e4      0x130 /home/jongja.cho/Git/legacy/rebel_cds_collab_hw/bootloader/cp/tf-a/build/rebel_h/debug/bl31/errata_report.o
                0x00000000141025e4                generic_errata_report
 .text.print_errata_status
                0x0000000014102714       0x78 /home/jongja.cho/Git/legacy/rebel_cds_collab_hw/bootloader/cp/tf-a/build/rebel_h/debug/bl31/errata_report.o
                0x0000000014102714                print_errata_status
 .text.cm_init  0x000000001410278c        0x4 /home/jongja.cho/Git/legacy/rebel_cds_collab_hw/bootloader/cp/tf-a/build/rebel_h/debug/bl31/context_mgmt.o
                0x000000001410278c                cm_init
 .text.cm_setup_context
                0x0000000014102790      0x1d0 /home/jongja.cho/Git/legacy/rebel_cds_collab_hw/bootloader/cp/tf-a/build/rebel_h/debug/bl31/context_mgmt.o
                0x0000000014102790                cm_setup_context
 .text.cm_manage_extensions_el3
                0x0000000014102960       0x40 /home/jongja.cho/Git/legacy/rebel_cds_collab_hw/bootloader/cp/tf-a/build/rebel_h/debug/bl31/context_mgmt.o
                0x0000000014102960                cm_manage_extensions_el3
 .text.cm_manage_extensions_per_world
                0x00000000141029a0       0x9c /home/jongja.cho/Git/legacy/rebel_cds_collab_hw/bootloader/cp/tf-a/build/rebel_h/debug/bl31/context_mgmt.o
                0x00000000141029a0                cm_manage_extensions_per_world
 .text.cm_init_percpu_once_regs
                0x0000000014102a3c        0x4 /home/jongja.cho/Git/legacy/rebel_cds_collab_hw/bootloader/cp/tf-a/build/rebel_h/debug/bl31/context_mgmt.o
                0x0000000014102a3c                cm_init_percpu_once_regs
 .text.cm_init_my_context
                0x0000000014102a40       0x30 /home/jongja.cho/Git/legacy/rebel_cds_collab_hw/bootloader/cp/tf-a/build/rebel_h/debug/bl31/context_mgmt.o
                0x0000000014102a40                cm_init_my_context
 .text.cm_el1_sysregs_context_restore
                0x0000000014102a70      0x17c /home/jongja.cho/Git/legacy/rebel_cds_collab_hw/bootloader/cp/tf-a/build/rebel_h/debug/bl31/context_mgmt.o
                0x0000000014102a70                cm_el1_sysregs_context_restore
 .text.cm_set_next_eret_context
                0x0000000014102bec       0x34 /home/jongja.cho/Git/legacy/rebel_cds_collab_hw/bootloader/cp/tf-a/build/rebel_h/debug/bl31/context_mgmt.o
                0x0000000014102bec                cm_set_next_eret_context
 .text.cm_prepare_el3_exit
                0x0000000014102c20       0x5c /home/jongja.cho/Git/legacy/rebel_cds_collab_hw/bootloader/cp/tf-a/build/rebel_h/debug/bl31/context_mgmt.o
                0x0000000014102c20                cm_prepare_el3_exit
 .text.cm_prepare_el3_exit_ns
                0x0000000014102c7c        0x8 /home/jongja.cho/Git/legacy/rebel_cds_collab_hw/bootloader/cp/tf-a/build/rebel_h/debug/bl31/context_mgmt.o
                0x0000000014102c7c                cm_prepare_el3_exit_ns
 .text.cpu_data_init_cpu_ops
                0x0000000014102c84       0x44 /home/jongja.cho/Git/legacy/rebel_cds_collab_hw/bootloader/cp/tf-a/build/rebel_h/debug/bl31/cpu_data_array.o
                0x0000000014102c84                cpu_data_init_cpu_ops
 .text.mpam_enable_per_world
                0x0000000014102cc8       0x14 /home/jongja.cho/Git/legacy/rebel_cds_collab_hw/bootloader/cp/tf-a/build/rebel_h/debug/bl31/mpam.o
                0x0000000014102cc8                mpam_enable_per_world
 .text.mpam_init_el3
                0x0000000014102cdc        0x4 /home/jongja.cho/Git/legacy/rebel_cds_collab_hw/bootloader/cp/tf-a/build/rebel_h/debug/bl31/mpam.o
                0x0000000014102cdc                mpam_init_el3
 .text.pmuv3_enable
                0x0000000014102ce0       0x28 /home/jongja.cho/Git/legacy/rebel_cds_collab_hw/bootloader/cp/tf-a/build/rebel_h/debug/bl31/pmuv3.o
                0x0000000014102ce0                pmuv3_enable
 .text.pmuv3_init_el3
                0x0000000014102d08       0x1c /home/jongja.cho/Git/legacy/rebel_cds_collab_hw/bootloader/cp/tf-a/build/rebel_h/debug/bl31/pmuv3.o
                0x0000000014102d08                pmuv3_init_el3
 .text.spe_enable_ns
                0x0000000014102d24       0x1c /home/jongja.cho/Git/legacy/rebel_cds_collab_hw/bootloader/cp/tf-a/build/rebel_h/debug/bl31/spe.o
                0x0000000014102d24                spe_enable_ns
 .text.spe_disable_secure
                0x0000000014102d40       0x1c /home/jongja.cho/Git/legacy/rebel_cds_collab_hw/bootloader/cp/tf-a/build/rebel_h/debug/bl31/spe.o
                0x0000000014102d40                spe_disable_secure
 .text.sve_init_el3
                0x0000000014102d5c        0xc /home/jongja.cho/Git/legacy/rebel_cds_collab_hw/bootloader/cp/tf-a/build/rebel_h/debug/bl31/sve.o
                0x0000000014102d5c                sve_init_el3
 .text.sve_enable_per_world
                0x0000000014102d68       0x10 /home/jongja.cho/Git/legacy/rebel_cds_collab_hw/bootloader/cp/tf-a/build/rebel_h/debug/bl31/sve.o
                0x0000000014102d68                sve_enable_per_world
 .text.sve_disable_per_world
                0x0000000014102d78       0x14 /home/jongja.cho/Git/legacy/rebel_cds_collab_hw/bootloader/cp/tf-a/build/rebel_h/debug/bl31/sve.o
                0x0000000014102d78                sve_disable_per_world
 .text.bakery_lock_get
                0x0000000014102d8c       0xd4 /home/jongja.cho/Git/legacy/rebel_cds_collab_hw/bootloader/cp/tf-a/build/rebel_h/debug/bl31/bakery_lock_coherent.o
                0x0000000014102d8c                bakery_lock_get
 .text.bakery_lock_release
                0x0000000014102e60       0x50 /home/jongja.cho/Git/legacy/rebel_cds_collab_hw/bootloader/cp/tf-a/build/rebel_h/debug/bl31/bakery_lock_coherent.o
                0x0000000014102e60                bakery_lock_release
 .text.per_cpu_by_index_compute
                0x0000000014102eb0       0x30 /home/jongja.cho/Git/legacy/rebel_cds_collab_hw/bootloader/cp/tf-a/build/rebel_h/debug/bl31/per_cpu.o
                0x0000000014102eb0                per_cpu_by_index_compute
 .text.per_cpu_cur_compute
                0x0000000014102ee0       0x18 /home/jongja.cho/Git/legacy/rebel_cds_collab_hw/bootloader/cp/tf-a/build/rebel_h/debug/bl31/per_cpu.o
                0x0000000014102ee0                per_cpu_cur_compute
 .text.psci_validate_power_state
                0x0000000014102ef8       0x38 /home/jongja.cho/Git/legacy/rebel_cds_collab_hw/bootloader/cp/tf-a/build/rebel_h/debug/bl31/psci_common.o
                0x0000000014102ef8                psci_validate_power_state
 .text.psci_query_sys_suspend_pwrstate
                0x0000000014102f30       0x24 /home/jongja.cho/Git/legacy/rebel_cds_collab_hw/bootloader/cp/tf-a/build/rebel_h/debug/bl31/psci_common.o
                0x0000000014102f30                psci_query_sys_suspend_pwrstate
 .text.psci_is_last_on_cpu
                0x0000000014102f54       0x88 /home/jongja.cho/Git/legacy/rebel_cds_collab_hw/bootloader/cp/tf-a/build/rebel_h/debug/bl31/psci_common.o
                0x0000000014102f54                psci_is_last_on_cpu
 .text.psci_init_req_local_pwr_states
                0x0000000014102fdc       0x30 /home/jongja.cho/Git/legacy/rebel_cds_collab_hw/bootloader/cp/tf-a/build/rebel_h/debug/bl31/psci_common.o
                0x0000000014102fdc                psci_init_req_local_pwr_states
 .text.psci_get_target_local_pwr_states
                0x000000001410300c       0x8c /home/jongja.cho/Git/legacy/rebel_cds_collab_hw/bootloader/cp/tf-a/build/rebel_h/debug/bl31/psci_common.o
                0x000000001410300c                psci_get_target_local_pwr_states
 .text.psci_set_target_local_pwr_states
                0x0000000014103098       0xa0 /home/jongja.cho/Git/legacy/rebel_cds_collab_hw/bootloader/cp/tf-a/build/rebel_h/debug/bl31/psci_common.o
                0x0000000014103098                psci_set_target_local_pwr_states
 .text.psci_get_parent_pwr_domain_nodes
                0x0000000014103138       0x5c /home/jongja.cho/Git/legacy/rebel_cds_collab_hw/bootloader/cp/tf-a/build/rebel_h/debug/bl31/psci_common.o
                0x0000000014103138                psci_get_parent_pwr_domain_nodes
 .text.psci_set_pwr_domains_to_run
                0x0000000014103194       0xc0 /home/jongja.cho/Git/legacy/rebel_cds_collab_hw/bootloader/cp/tf-a/build/rebel_h/debug/bl31/psci_common.o
                0x0000000014103194                psci_set_pwr_domains_to_run
 .text.psci_do_state_coordination
                0x0000000014103254       0xa4 /home/jongja.cho/Git/legacy/rebel_cds_collab_hw/bootloader/cp/tf-a/build/rebel_h/debug/bl31/psci_common.o
                0x0000000014103254                psci_do_state_coordination
 .text.psci_find_max_off_lvl
                0x00000000141032f8       0x2c /home/jongja.cho/Git/legacy/rebel_cds_collab_hw/bootloader/cp/tf-a/build/rebel_h/debug/bl31/psci_common.o
                0x00000000141032f8                psci_find_max_off_lvl
 .text.psci_find_target_suspend_lvl
                0x0000000014103324       0x24 /home/jongja.cho/Git/legacy/rebel_cds_collab_hw/bootloader/cp/tf-a/build/rebel_h/debug/bl31/psci_common.o
                0x0000000014103324                psci_find_target_suspend_lvl
 .text.psci_validate_suspend_req
                0x0000000014103348       0x9c /home/jongja.cho/Git/legacy/rebel_cds_collab_hw/bootloader/cp/tf-a/build/rebel_h/debug/bl31/psci_common.o
                0x0000000014103348                psci_validate_suspend_req
 .text.psci_acquire_pwr_domain_locks
                0x00000000141033e4       0x6c /home/jongja.cho/Git/legacy/rebel_cds_collab_hw/bootloader/cp/tf-a/build/rebel_h/debug/bl31/psci_common.o
                0x00000000141033e4                psci_acquire_pwr_domain_locks
 .text.psci_release_pwr_domain_locks
                0x0000000014103450       0x58 /home/jongja.cho/Git/legacy/rebel_cds_collab_hw/bootloader/cp/tf-a/build/rebel_h/debug/bl31/psci_common.o
                0x0000000014103450                psci_release_pwr_domain_locks
 .text.psci_validate_entry_point
                0x00000000141034a8       0xf4 /home/jongja.cho/Git/legacy/rebel_cds_collab_hw/bootloader/cp/tf-a/build/rebel_h/debug/bl31/psci_common.o
                0x00000000141034a8                psci_validate_entry_point
 .text.psci_warmboot_entrypoint
                0x000000001410359c      0x118 /home/jongja.cho/Git/legacy/rebel_cds_collab_hw/bootloader/cp/tf-a/build/rebel_h/debug/bl31/psci_common.o
                0x000000001410359c                psci_warmboot_entrypoint
 .text.psci_spd_migrate_info
                0x00000000141036b4       0x40 /home/jongja.cho/Git/legacy/rebel_cds_collab_hw/bootloader/cp/tf-a/build/rebel_h/debug/bl31/psci_common.o
                0x00000000141036b4                psci_spd_migrate_info
 .text.psci_print_power_domain_map
                0x00000000141036f4        0x4 /home/jongja.cho/Git/legacy/rebel_cds_collab_hw/bootloader/cp/tf-a/build/rebel_h/debug/bl31/psci_common.o
                0x00000000141036f4                psci_print_power_domain_map
 .text.psci_pwrdown_cpu_start
                0x00000000141036f8       0x50 /home/jongja.cho/Git/legacy/rebel_cds_collab_hw/bootloader/cp/tf-a/build/rebel_h/debug/bl31/psci_common.o
                0x00000000141036f8                psci_pwrdown_cpu_start
 .text.psci_pwrdown_cpu_end_terminal
                0x0000000014103748       0x3c /home/jongja.cho/Git/legacy/rebel_cds_collab_hw/bootloader/cp/tf-a/build/rebel_h/debug/bl31/psci_common.o
                0x0000000014103748                psci_pwrdown_cpu_end_terminal
 .text.psci_pwrdown_cpu_end_wakeup
                0x0000000014103784       0x30 /home/jongja.cho/Git/legacy/rebel_cds_collab_hw/bootloader/cp/tf-a/build/rebel_h/debug/bl31/psci_common.o
                0x0000000014103784                psci_pwrdown_cpu_end_wakeup
 .text.is_valid_mpidr
                0x00000000141037b4       0x1c /home/jongja.cho/Git/legacy/rebel_cds_collab_hw/bootloader/cp/tf-a/build/rebel_h/debug/bl31/psci_main.o
 .text.psci_cpu_on
                0x00000000141037d0       0x84 /home/jongja.cho/Git/legacy/rebel_cds_collab_hw/bootloader/cp/tf-a/build/rebel_h/debug/bl31/psci_main.o
                0x00000000141037d0                psci_cpu_on
 .text.psci_cpu_suspend
                0x0000000014103854      0x144 /home/jongja.cho/Git/legacy/rebel_cds_collab_hw/bootloader/cp/tf-a/build/rebel_h/debug/bl31/psci_main.o
                0x0000000014103854                psci_cpu_suspend
 .text.psci_system_suspend
                0x0000000014103998       0xb0 /home/jongja.cho/Git/legacy/rebel_cds_collab_hw/bootloader/cp/tf-a/build/rebel_h/debug/bl31/psci_main.o
                0x0000000014103998                psci_system_suspend
 .text.psci_cpu_off
                0x0000000014103a48       0x24 /home/jongja.cho/Git/legacy/rebel_cds_collab_hw/bootloader/cp/tf-a/build/rebel_h/debug/bl31/psci_main.o
                0x0000000014103a48                psci_cpu_off
 .text.psci_affinity_info
                0x0000000014103a6c       0x6c /home/jongja.cho/Git/legacy/rebel_cds_collab_hw/bootloader/cp/tf-a/build/rebel_h/debug/bl31/psci_main.o
                0x0000000014103a6c                psci_affinity_info
 .text.psci_migrate
                0x0000000014103ad8       0xa0 /home/jongja.cho/Git/legacy/rebel_cds_collab_hw/bootloader/cp/tf-a/build/rebel_h/debug/bl31/psci_main.o
                0x0000000014103ad8                psci_migrate
 .text.psci_migrate_info_type
                0x0000000014103b78       0x1c /home/jongja.cho/Git/legacy/rebel_cds_collab_hw/bootloader/cp/tf-a/build/rebel_h/debug/bl31/psci_main.o
                0x0000000014103b78                psci_migrate_info_type
 .text.psci_migrate_info_up_cpu
                0x0000000014103b94       0x2c /home/jongja.cho/Git/legacy/rebel_cds_collab_hw/bootloader/cp/tf-a/build/rebel_h/debug/bl31/psci_main.o
                0x0000000014103b94                psci_migrate_info_up_cpu
 .text.psci_node_hw_state
                0x0000000014103bc0       0x68 /home/jongja.cho/Git/legacy/rebel_cds_collab_hw/bootloader/cp/tf-a/build/rebel_h/debug/bl31/psci_main.o
                0x0000000014103bc0                psci_node_hw_state
 .text.psci_features
                0x0000000014103c28       0x64 /home/jongja.cho/Git/legacy/rebel_cds_collab_hw/bootloader/cp/tf-a/build/rebel_h/debug/bl31/psci_main.o
                0x0000000014103c28                psci_features
 .text.psci_smc_handler
                0x0000000014103c8c      0x15c /home/jongja.cho/Git/legacy/rebel_cds_collab_hw/bootloader/cp/tf-a/build/rebel_h/debug/bl31/psci_main.o
                0x0000000014103c8c                psci_smc_handler
 .text.psci_mem_protect
                0x0000000014103de8       0x70 /home/jongja.cho/Git/legacy/rebel_cds_collab_hw/bootloader/cp/tf-a/build/rebel_h/debug/bl31/psci_mem_protect.o
                0x0000000014103de8                psci_mem_protect
 .text.psci_mem_chk_range
                0x0000000014103e58       0x48 /home/jongja.cho/Git/legacy/rebel_cds_collab_hw/bootloader/cp/tf-a/build/rebel_h/debug/bl31/psci_mem_protect.o
                0x0000000014103e58                psci_mem_chk_range
 .text.psci_do_cpu_off
                0x0000000014103ea0      0x158 /home/jongja.cho/Git/legacy/rebel_cds_collab_hw/bootloader/cp/tf-a/build/rebel_h/debug/bl31/psci_off.o
                0x0000000014103ea0                psci_do_cpu_off
 .text.psci_cpu_on_start
                0x0000000014103ff8      0x1c4 /home/jongja.cho/Git/legacy/rebel_cds_collab_hw/bootloader/cp/tf-a/build/rebel_h/debug/bl31/psci_on.o
                0x0000000014103ff8                psci_cpu_on_start
 .text.psci_cpu_on_finish
                0x00000000141041bc      0x100 /home/jongja.cho/Git/legacy/rebel_cds_collab_hw/bootloader/cp/tf-a/build/rebel_h/debug/bl31/psci_on.o
                0x00000000141041bc                psci_cpu_on_finish
 .text.psci_arch_setup
                0x00000000141042bc       0x24 /home/jongja.cho/Git/legacy/rebel_cds_collab_hw/bootloader/cp/tf-a/build/rebel_h/debug/bl31/psci_setup.o
                0x00000000141042bc                psci_arch_setup
 .text.psci_setup
                0x00000000141042e0      0x3e4 /home/jongja.cho/Git/legacy/rebel_cds_collab_hw/bootloader/cp/tf-a/build/rebel_h/debug/bl31/psci_setup.o
                0x00000000141042e0                psci_setup
 .text.psci_cpu_suspend_to_powerdown_finish
                0x00000000141046c4       0xd4 /home/jongja.cho/Git/legacy/rebel_cds_collab_hw/bootloader/cp/tf-a/build/rebel_h/debug/bl31/psci_suspend.o
                0x00000000141046c4                psci_cpu_suspend_to_powerdown_finish
 .text.psci_cpu_suspend_start
                0x0000000014104798      0x1fc /home/jongja.cho/Git/legacy/rebel_cds_collab_hw/bootloader/cp/tf-a/build/rebel_h/debug/bl31/psci_suspend.o
                0x0000000014104798                psci_cpu_suspend_start
 .text.psci_system_off
                0x0000000014104994       0x50 /home/jongja.cho/Git/legacy/rebel_cds_collab_hw/bootloader/cp/tf-a/build/rebel_h/debug/bl31/psci_system_off.o
                0x0000000014104994                psci_system_off
 .text.psci_system_reset
                0x00000000141049e4       0x50 /home/jongja.cho/Git/legacy/rebel_cds_collab_hw/bootloader/cp/tf-a/build/rebel_h/debug/bl31/psci_system_off.o
                0x00000000141049e4                psci_system_reset
 .text.psci_system_reset2
                0x0000000014104a34       0xb4 /home/jongja.cho/Git/legacy/rebel_cds_collab_hw/bootloader/cp/tf-a/build/rebel_h/debug/bl31/psci_system_off.o
                0x0000000014104a34                psci_system_reset2
 .text.touch_dummy_mmu_cfg
                0x0000000014104ae8        0x8 /home/jongja.cho/Git/legacy/rebel_cds_collab_hw/bootloader/cp/tf-a/build/rebel_h/debug/bl31/xlat_tables_arch.o
                0x0000000014104ae8                touch_dummy_mmu_cfg
 .text.touch_dummy_mmu_cfg_el3
                0x0000000014104af0       0x14 /home/jongja.cho/Git/legacy/rebel_cds_collab_hw/bootloader/cp/tf-a/build/rebel_h/debug/bl31/xlat_tables_context.o
                0x0000000014104af0                touch_dummy_mmu_cfg_el3
 .text.arm_gicv3_mpidr_hash
                0x0000000014104b04       0x10 /home/jongja.cho/Git/legacy/rebel_cds_collab_hw/bootloader/cp/tf-a/build/rebel_h/debug/bl31/arm_gicv3.o
 .text.plat_arm_gic_driver_init
                0x0000000014104b14       0x50 /home/jongja.cho/Git/legacy/rebel_cds_collab_hw/bootloader/cp/tf-a/build/rebel_h/debug/bl31/arm_gicv3.o
                0x0000000014104b14                plat_arm_gic_driver_init
 .text.plat_arm_gic_init
                0x0000000014104b64       0x20 /home/jongja.cho/Git/legacy/rebel_cds_collab_hw/bootloader/cp/tf-a/build/rebel_h/debug/bl31/arm_gicv3.o
                0x0000000014104b64                plat_arm_gic_init
 .text.plat_arm_gic_cpuif_enable
                0x0000000014104b84       0x14 /home/jongja.cho/Git/legacy/rebel_cds_collab_hw/bootloader/cp/tf-a/build/rebel_h/debug/bl31/arm_gicv3.o
                0x0000000014104b84                plat_arm_gic_cpuif_enable
 .text.plat_arm_gic_cpuif_disable
                0x0000000014104b98       0x14 /home/jongja.cho/Git/legacy/rebel_cds_collab_hw/bootloader/cp/tf-a/build/rebel_h/debug/bl31/arm_gicv3.o
                0x0000000014104b98                plat_arm_gic_cpuif_disable
 .text.plat_arm_gic_pcpu_init
                0x0000000014104bac       0x64 /home/jongja.cho/Git/legacy/rebel_cds_collab_hw/bootloader/cp/tf-a/build/rebel_h/debug/bl31/arm_gicv3.o
                0x0000000014104bac                plat_arm_gic_pcpu_init
 .text.bl31_plat_runtime_setup
                0x0000000014104c10        0x4 /home/jongja.cho/Git/legacy/rebel_cds_collab_hw/bootloader/cp/tf-a/build/rebel_h/debug/bl31/plat_common.o
                0x0000000014104c10                bl31_plat_runtime_setup
 .text.get_el_str
                0x0000000014104c14       0x24 /home/jongja.cho/Git/legacy/rebel_cds_collab_hw/bootloader/cp/tf-a/build/rebel_h/debug/bl31/plat_common.o
                0x0000000014104c14                get_el_str
 .text.plat_get_soc_version
                0x0000000014104c38        0x8 /home/jongja.cho/Git/legacy/rebel_cds_collab_hw/bootloader/cp/tf-a/build/rebel_h/debug/bl31/plat_bl_common.o
                0x0000000014104c38                plat_get_soc_version
 .text.plat_get_soc_revision
                0x0000000014104c40        0x8 /home/jongja.cho/Git/legacy/rebel_cds_collab_hw/bootloader/cp/tf-a/build/rebel_h/debug/bl31/plat_bl_common.o
                0x0000000014104c40                plat_get_soc_revision
 .text.plat_get_soc_name
                0x0000000014104c48        0x8 /home/jongja.cho/Git/legacy/rebel_cds_collab_hw/bootloader/cp/tf-a/build/rebel_h/debug/bl31/plat_bl_common.o
                0x0000000014104c48                plat_get_soc_name
 .text.plat_is_smccc_feature_available
                0x0000000014104c50        0x8 /home/jongja.cho/Git/legacy/rebel_cds_collab_hw/bootloader/cp/tf-a/build/rebel_h/debug/bl31/plat_bl_common.o
                0x0000000014104c50                plat_is_smccc_feature_available
 .text.plat_ic_get_pending_interrupt_type
                0x0000000014104c58       0x48 /home/jongja.cho/Git/legacy/rebel_cds_collab_hw/bootloader/cp/tf-a/build/rebel_h/debug/bl31/plat_gicv3.o
                0x0000000014104c58                plat_ic_get_pending_interrupt_type
 .text.plat_ic_has_interrupt_type
                0x0000000014104ca0        0xc /home/jongja.cho/Git/legacy/rebel_cds_collab_hw/bootloader/cp/tf-a/build/rebel_h/debug/bl31/plat_gicv3.o
                0x0000000014104ca0                plat_ic_has_interrupt_type
 .text.plat_log_get_prefix
                0x0000000014104cac       0x30 /home/jongja.cho/Git/legacy/rebel_cds_collab_hw/bootloader/cp/tf-a/build/rebel_h/debug/bl31/plat_log_common.o
                0x0000000014104cac                plat_log_get_prefix
 .text.plat_get_target_pwr_state
                0x0000000014104cdc       0x38 /home/jongja.cho/Git/legacy/rebel_cds_collab_hw/bootloader/cp/tf-a/build/rebel_h/debug/bl31/plat_psci_common.o
                0x0000000014104cdc                plat_get_target_pwr_state
 .text.rebel_sip_smc_handler
                0x0000000014104d14       0x18 /home/jongja.cho/Git/legacy/rebel_cds_collab_hw/bootloader/cp/tf-a/build/rebel_h/debug/bl31/rebel_sip_svc.o
                0x0000000014104d14                rebel_sip_smc_handler
 .text.bl31_early_platform_setup2
                0x0000000014104d2c      0x110 /home/jongja.cho/Git/legacy/rebel_cds_collab_hw/bootloader/cp/tf-a/build/rebel_h/debug/bl31/rebel_h_bl31_setup.o
                0x0000000014104d2c                bl31_early_platform_setup2
 .text.bl31_plat_arch_setup
                0x0000000014104e3c        0x4 /home/jongja.cho/Git/legacy/rebel_cds_collab_hw/bootloader/cp/tf-a/build/rebel_h/debug/bl31/rebel_h_bl31_setup.o
                0x0000000014104e3c                bl31_plat_arch_setup
 .text.tzpc_init_sysreg
                0x0000000014104e40      0x2e8 /home/jongja.cho/Git/legacy/rebel_cds_collab_hw/bootloader/cp/tf-a/build/rebel_h/debug/bl31/rebel_h_bl31_setup.o
                0x0000000014104e40                tzpc_init_sysreg
 .text.tzpc_init_gpio
                0x0000000014105128      0x158 /home/jongja.cho/Git/legacy/rebel_cds_collab_hw/bootloader/cp/tf-a/build/rebel_h/debug/bl31/rebel_h_bl31_setup.o
                0x0000000014105128                tzpc_init_gpio
 .text.bl31_platform_setup
                0x0000000014105280       0x44 /home/jongja.cho/Git/legacy/rebel_cds_collab_hw/bootloader/cp/tf-a/build/rebel_h/debug/bl31/rebel_h_bl31_setup.o
                0x0000000014105280                bl31_platform_setup
 .text.bl31_plat_get_next_image_ep_info
                0x00000000141052c4       0x14 /home/jongja.cho/Git/legacy/rebel_cds_collab_hw/bootloader/cp/tf-a/build/rebel_h/debug/bl31/rebel_h_bl31_setup.o
                0x00000000141052c4                bl31_plat_get_next_image_ep_info
 .text.plat_get_syscnt_freq2
                0x00000000141052d8        0xc /home/jongja.cho/Git/legacy/rebel_cds_collab_hw/bootloader/cp/tf-a/build/rebel_h/debug/bl31/rebel_h_bl31_setup.o
                0x00000000141052d8                plat_get_syscnt_freq2
 .text.rebel_h_validate_power_state
                0x00000000141052e4        0x8 /home/jongja.cho/Git/legacy/rebel_cds_collab_hw/bootloader/cp/tf-a/build/rebel_h/debug/bl31/rebel_h_pm.o
 .text.rebel_h_cpu_standby
                0x00000000141052ec        0x4 /home/jongja.cho/Git/legacy/rebel_cds_collab_hw/bootloader/cp/tf-a/build/rebel_h/debug/bl31/rebel_h_pm.o
 .text.rebel_h_pwr_domain_on_finish
                0x00000000141052f0        0x4 /home/jongja.cho/Git/legacy/rebel_cds_collab_hw/bootloader/cp/tf-a/build/rebel_h/debug/bl31/rebel_h_pm.o
 .text.rebel_h_pwr_domain_on_finish_late
                0x00000000141052f4       0x14 /home/jongja.cho/Git/legacy/rebel_cds_collab_hw/bootloader/cp/tf-a/build/rebel_h/debug/bl31/rebel_h_pm.o
 .text.rebel_h_pwr_domain_off
                0x0000000014105308       0x3c /home/jongja.cho/Git/legacy/rebel_cds_collab_hw/bootloader/cp/tf-a/build/rebel_h/debug/bl31/rebel_h_pm.o
 .text.rebel_h_pwr_domain_on
                0x0000000014105344       0x74 /home/jongja.cho/Git/legacy/rebel_cds_collab_hw/bootloader/cp/tf-a/build/rebel_h/debug/bl31/rebel_h_pm.o
 .text.plat_setup_psci_ops
                0x00000000141053b8       0x1c /home/jongja.cho/Git/legacy/rebel_cds_collab_hw/bootloader/cp/tf-a/build/rebel_h/debug/bl31/rebel_h_pm.o
                0x00000000141053b8                plat_setup_psci_ops
 .text.pmu_get_bootreason_str
                0x00000000141053d4       0xdc /home/jongja.cho/Git/legacy/rebel_cds_collab_hw/bootloader/cp/tf-a/build/rebel_h/debug/bl31/rebel_h_pmu.o
                0x00000000141053d4                pmu_get_bootreason_str
 .text.pmu_get_bootreason
                0x00000000141054b0       0x14 /home/jongja.cho/Git/legacy/rebel_cds_collab_hw/bootloader/cp/tf-a/build/rebel_h/debug/bl31/rebel_h_pmu.o
                0x00000000141054b0                pmu_get_bootreason
 .text.rebel_plat_sip_handler
                0x00000000141054c4       0xc4 /home/jongja.cho/Git/legacy/rebel_cds_collab_hw/bootloader/cp/tf-a/build/rebel_h/debug/bl31/rebel_h_sip_svc.o
                0x00000000141054c4                rebel_plat_sip_handler
 .text.plat_get_power_domain_tree_desc
                0x0000000014105588        0xc /home/jongja.cho/Git/legacy/rebel_cds_collab_hw/bootloader/cp/tf-a/build/rebel_h/debug/bl31/rebel_h_topology.o
                0x0000000014105588                plat_get_power_domain_tree_desc
 .text.plat_core_pos_by_mpidr
                0x0000000014105594       0x3c /home/jongja.cho/Git/legacy/rebel_cds_collab_hw/bootloader/cp/tf-a/build/rebel_h/debug/bl31/rebel_h_topology.o
                0x0000000014105594                plat_core_pos_by_mpidr
 .text.arm_arch_svc_smc_handler
                0x00000000141055d0      0x244 /home/jongja.cho/Git/legacy/rebel_cds_collab_hw/bootloader/cp/tf-a/build/rebel_h/debug/bl31/arm_arch_svc_setup.o
 .text.std_svc_smc_handler
                0x0000000014105814       0xb8 /home/jongja.cho/Git/legacy/rebel_cds_collab_hw/bootloader/cp/tf-a/build/rebel_h/debug/bl31/std_svc_setup.o
 .text.std_svc_setup
                0x00000000141058cc       0x2c /home/jongja.cho/Git/legacy/rebel_cds_collab_hw/bootloader/cp/tf-a/build/rebel_h/debug/bl31/std_svc_setup.o
 .text.asm.size_controlled_print_helper
                0x00000000141058f8       0x4c /home/jongja.cho/Git/legacy/rebel_cds_collab_hw/bootloader/cp/tf-a/build/rebel_h/debug/bl31/crash_reporting.o
 .text.asm.print_alignment
                0x0000000014105944        0xc /home/jongja.cho/Git/legacy/rebel_cds_collab_hw/bootloader/cp/tf-a/build/rebel_h/debug/bl31/crash_reporting.o
 .text.asm.str_in_crash_buf_print
                0x0000000014105950       0x18 /home/jongja.cho/Git/legacy/rebel_cds_collab_hw/bootloader/cp/tf-a/build/rebel_h/debug/bl31/crash_reporting.o
 .text.asm.report_unhandled_exception
                0x0000000014105968       0x40 /home/jongja.cho/Git/legacy/rebel_cds_collab_hw/bootloader/cp/tf-a/build/rebel_h/debug/bl31/crash_reporting.o
                0x0000000014105968                report_unhandled_exception
 .text.asm.report_unhandled_interrupt
                0x00000000141059a8       0x40 /home/jongja.cho/Git/legacy/rebel_cds_collab_hw/bootloader/cp/tf-a/build/rebel_h/debug/bl31/crash_reporting.o
                0x00000000141059a8                report_unhandled_interrupt
 .text.asm.report_elx_panic
                0x00000000141059e8       0xc0 /home/jongja.cho/Git/legacy/rebel_cds_collab_hw/bootloader/cp/tf-a/build/rebel_h/debug/bl31/crash_reporting.o
                0x00000000141059e8                report_elx_panic
 .text.asm.report_el3_panic
                0x0000000014105aa8      0x128 /home/jongja.cho/Git/legacy/rebel_cds_collab_hw/bootloader/cp/tf-a/build/rebel_h/debug/bl31/crash_reporting.o
                0x0000000014105aa8                report_el3_panic
 .text.asm.crash_panic
                0x0000000014105bd0        0x8 /home/jongja.cho/Git/legacy/rebel_cds_collab_hw/bootloader/cp/tf-a/build/rebel_h/debug/bl31/crash_reporting.o
 .text.asm.sync_exception_handler
                0x0000000014105bd8      0x110 /home/jongja.cho/Git/legacy/rebel_cds_collab_hw/bootloader/cp/tf-a/build/rebel_h/debug/bl31/runtime_exceptions.o
 .text.asm.handle_interrupt_exception
                0x0000000014105ce8       0x54 /home/jongja.cho/Git/legacy/rebel_cds_collab_hw/bootloader/cp/tf-a/build/rebel_h/debug/bl31/runtime_exceptions.o
 .text.asm.imp_def_el3_handler
                0x0000000014105d3c       0x3c /home/jongja.cho/Git/legacy/rebel_cds_collab_hw/bootloader/cp/tf-a/build/rebel_h/debug/bl31/runtime_exceptions.o
 .text.asm.reflect_pending_async_ea_to_lower_el
                0x0000000014105d78       0x80 /home/jongja.cho/Git/legacy/rebel_cds_collab_hw/bootloader/cp/tf-a/build/rebel_h/debug/bl31/runtime_exceptions.o
 .text.asm.asm_assert
                0x0000000014105df8        0x8 /home/jongja.cho/Git/legacy/rebel_cds_collab_hw/bootloader/cp/tf-a/build/rebel_h/debug/bl31/debug.o
                0x0000000014105df8                asm_assert
 .text.asm.asm_print_str
                0x0000000014105e00       0x18 /home/jongja.cho/Git/legacy/rebel_cds_collab_hw/bootloader/cp/tf-a/build/rebel_h/debug/bl31/debug.o
                0x0000000014105e00                asm_print_str
 .text.asm.asm_print_hex
                0x0000000014105e18       0x30 /home/jongja.cho/Git/legacy/rebel_cds_collab_hw/bootloader/cp/tf-a/build/rebel_h/debug/bl31/debug.o
                0x0000000014105e18                asm_print_hex
                0x0000000014105e1c                asm_print_hex_bits
 .text.asm.asm_print_newline
                0x0000000014105e48        0x8 /home/jongja.cho/Git/legacy/rebel_cds_collab_hw/bootloader/cp/tf-a/build/rebel_h/debug/bl31/debug.o
                0x0000000014105e48                asm_print_newline
 .text.asm.elx_panic
                0x0000000014105e50        0x8 /home/jongja.cho/Git/legacy/rebel_cds_collab_hw/bootloader/cp/tf-a/build/rebel_h/debug/bl31/debug.o
                0x0000000014105e50                elx_panic
 .text.asm.el3_panic
                0x0000000014105e58       0x34 /home/jongja.cho/Git/legacy/rebel_cds_collab_hw/bootloader/cp/tf-a/build/rebel_h/debug/bl31/debug.o
                0x0000000014105e58                el3_panic
 .text.asm.console_16550_core_init
                0x0000000014105e8c       0x70 /home/jongja.cho/Git/legacy/rebel_cds_collab_hw/bootloader/cp/tf-a/build/rebel_h/debug/bl31/16550_console.o
                0x0000000014105e8c                console_16550_core_init
 .text.asm.console_16550_register
                0x0000000014105efc       0x4c /home/jongja.cho/Git/legacy/rebel_cds_collab_hw/bootloader/cp/tf-a/build/rebel_h/debug/bl31/16550_console.o
                0x0000000014105efc                console_16550_register
 .text.asm.console_16550_core_putc
                0x0000000014105f48       0x4c /home/jongja.cho/Git/legacy/rebel_cds_collab_hw/bootloader/cp/tf-a/build/rebel_h/debug/bl31/16550_console.o
                0x0000000014105f48                console_16550_core_putc
 .text.asm.console_16550_putc
                0x0000000014105f94       0x1c /home/jongja.cho/Git/legacy/rebel_cds_collab_hw/bootloader/cp/tf-a/build/rebel_h/debug/bl31/16550_console.o
                0x0000000014105f94                console_16550_putc
 .text.asm.console_16550_core_flush
                0x0000000014105fb0       0x28 /home/jongja.cho/Git/legacy/rebel_cds_collab_hw/bootloader/cp/tf-a/build/rebel_h/debug/bl31/16550_console.o
                0x0000000014105fb0                console_16550_core_flush
 .text.asm.console_16550_flush
                0x0000000014105fd8       0x1c /home/jongja.cho/Git/legacy/rebel_cds_collab_hw/bootloader/cp/tf-a/build/rebel_h/debug/bl31/16550_console.o
                0x0000000014105fd8                console_16550_flush
 .text.asm.flush_dcache_range
                0x0000000014105ff4       0x38 /home/jongja.cho/Git/legacy/rebel_cds_collab_hw/bootloader/cp/tf-a/build/rebel_h/debug/bl31/cache_helpers.o
                0x0000000014105ff4                flush_dcache_range
 .text.asm.clean_dcache_range
                0x000000001410602c       0x38 /home/jongja.cho/Git/legacy/rebel_cds_collab_hw/bootloader/cp/tf-a/build/rebel_h/debug/bl31/cache_helpers.o
                0x000000001410602c                clean_dcache_range
 .text.asm.inv_dcache_range
                0x0000000014106064       0x38 /home/jongja.cho/Git/legacy/rebel_cds_collab_hw/bootloader/cp/tf-a/build/rebel_h/debug/bl31/cache_helpers.o
                0x0000000014106064                inv_dcache_range
 .text.asm.do_dcsw_op
                0x000000001410609c       0xfc /home/jongja.cho/Git/legacy/rebel_cds_collab_hw/bootloader/cp/tf-a/build/rebel_h/debug/bl31/cache_helpers.o
 .text.asm.dcsw_op_level1
                0x0000000014106198       0x10 /home/jongja.cho/Git/legacy/rebel_cds_collab_hw/bootloader/cp/tf-a/build/rebel_h/debug/bl31/cache_helpers.o
                0x0000000014106198                dcsw_op_level1
 .text.asm.dcsw_op_level2
                0x00000000141061a8       0x10 /home/jongja.cho/Git/legacy/rebel_cds_collab_hw/bootloader/cp/tf-a/build/rebel_h/debug/bl31/cache_helpers.o
                0x00000000141061a8                dcsw_op_level2
 .text.asm.zeromem
                0x00000000141061b8        0x8 /home/jongja.cho/Git/legacy/rebel_cds_collab_hw/bootloader/cp/tf-a/build/rebel_h/debug/bl31/misc_helpers.o
                0x00000000141061b8                zeromem
 .text.asm.zeromem_dczva
                0x00000000141061c0      0x114 /home/jongja.cho/Git/legacy/rebel_cds_collab_hw/bootloader/cp/tf-a/build/rebel_h/debug/bl31/misc_helpers.o
                0x00000000141061c0                zero_normalmem
 .text.asm.cortex_a73_reset_func
                0x00000000141062d4       0x9c /home/jongja.cho/Git/legacy/rebel_cds_collab_hw/bootloader/cp/tf-a/build/rebel_h/debug/bl31/cortex_a73.o
 .text.asm.cortex_a73_disable_smp
                0x0000000014106370       0x18 /home/jongja.cho/Git/legacy/rebel_cds_collab_hw/bootloader/cp/tf-a/build/rebel_h/debug/bl31/cortex_a73.o
 .text.asm.check_erratum_cortex_a73_3
                0x0000000014106388        0x8 /home/jongja.cho/Git/legacy/rebel_cds_collab_hw/bootloader/cp/tf-a/build/rebel_h/debug/bl31/cortex_a73.o
 .text.asm.check_erratum_cortex_a73_852427
                0x0000000014106390        0xc /home/jongja.cho/Git/legacy/rebel_cds_collab_hw/bootloader/cp/tf-a/build/rebel_h/debug/bl31/cortex_a73.o
 .text.asm.check_erratum_cortex_a73_855423
                0x000000001410639c        0xc /home/jongja.cho/Git/legacy/rebel_cds_collab_hw/bootloader/cp/tf-a/build/rebel_h/debug/bl31/cortex_a73.o
 .text.asm.check_erratum_cortex_a73_5715
                0x00000000141063a8       0x34 /home/jongja.cho/Git/legacy/rebel_cds_collab_hw/bootloader/cp/tf-a/build/rebel_h/debug/bl31/cortex_a73.o
 .text.asm.check_erratum_cortex_a73_3639
                0x00000000141063dc        0x8 /home/jongja.cho/Git/legacy/rebel_cds_collab_hw/bootloader/cp/tf-a/build/rebel_h/debug/bl31/cortex_a73.o
 .text.asm.check_erratum_cortex_a73_23960
                0x00000000141063e4       0x3c /home/jongja.cho/Git/legacy/rebel_cds_collab_hw/bootloader/cp/tf-a/build/rebel_h/debug/bl31/cortex_a73.o
 .text.asm.cortex_a73_core_pwr_dwn
                0x0000000014106420       0x14 /home/jongja.cho/Git/legacy/rebel_cds_collab_hw/bootloader/cp/tf-a/build/rebel_h/debug/bl31/cortex_a73.o
 .text.asm.cortex_a73_cluster_pwr_dwn
                0x0000000014106434       0x20 /home/jongja.cho/Git/legacy/rebel_cds_collab_hw/bootloader/cp/tf-a/build/rebel_h/debug/bl31/cortex_a73.o
 .text.asm.cortex_a73_cpu_reg_dump
                0x0000000014106454       0x10 /home/jongja.cho/Git/legacy/rebel_cds_collab_hw/bootloader/cp/tf-a/build/rebel_h/debug/bl31/cortex_a73.o
 .text.asm.do_cpu_reg_dump
                0x0000000014106464       0x20 /home/jongja.cho/Git/legacy/rebel_cds_collab_hw/bootloader/cp/tf-a/build/rebel_h/debug/bl31/cpu_helpers.o
                0x0000000014106464                do_cpu_reg_dump
 .text.asm.get_cpu_ops_ptr
                0x0000000014106484       0x70 /home/jongja.cho/Git/legacy/rebel_cds_collab_hw/bootloader/cp/tf-a/build/rebel_h/debug/bl31/cpu_helpers.o
                0x0000000014106484                get_cpu_ops_ptr
 .text.asm.cpu_get_rev_var
                0x00000000141064f4       0x10 /home/jongja.cho/Git/legacy/rebel_cds_collab_hw/bootloader/cp/tf-a/build/rebel_h/debug/bl31/cpu_helpers.o
                0x00000000141064f4                cpu_get_rev_var
 .text.asm.bpiall_ret_sync_exception_aarch32_tail
                0x0000000014106504        0x8 /home/jongja.cho/Git/legacy/rebel_cds_collab_hw/bootloader/cp/tf-a/build/rebel_h/debug/bl31/wa_cve_2017_5715_bpiall.o
 .text.asm.prepare_el3_entry
                0x000000001410650c       0x9c /home/jongja.cho/Git/legacy/rebel_cds_collab_hw/bootloader/cp/tf-a/build/rebel_h/debug/bl31/context.o
                0x000000001410650c                prepare_el3_entry
 .text.asm.restore_gp_pmcr_pauth_regs
                0x00000000141065a8       0x50 /home/jongja.cho/Git/legacy/rebel_cds_collab_hw/bootloader/cp/tf-a/build/rebel_h/debug/bl31/context.o
                0x00000000141065a8                restore_gp_pmcr_pauth_regs
 .text.asm.el3_exit
                0x00000000141065f8       0xc4 /home/jongja.cho/Git/legacy/rebel_cds_collab_hw/bootloader/cp/tf-a/build/rebel_h/debug/bl31/context.o
                0x00000000141065f8                el3_exit
 .text.asm.spin_lock
                0x00000000141066bc       0x20 /home/jongja.cho/Git/legacy/rebel_cds_collab_hw/bootloader/cp/tf-a/build/rebel_h/debug/bl31/spinlock.o
                0x00000000141066bc                spin_lock
 .text.asm.spin_unlock
                0x00000000141066dc        0x8 /home/jongja.cho/Git/legacy/rebel_cds_collab_hw/bootloader/cp/tf-a/build/rebel_h/debug/bl31/spinlock.o
                0x00000000141066dc                spin_unlock
 .text.asm.per_cpu_base
                0x00000000141066e4       0x1c /home/jongja.cho/Git/legacy/rebel_cds_collab_hw/bootloader/cp/tf-a/build/rebel_h/debug/bl31/per_cpu_asm.o
                0x00000000141066e4                per_cpu_base
 .text.asm.psci_do_pwrdown_cache_maintenance
                0x0000000014106700       0x48 /home/jongja.cho/Git/legacy/rebel_cds_collab_hw/bootloader/cp/tf-a/build/rebel_h/debug/bl31/psci_helpers.o
                0x0000000014106700                psci_do_pwrdown_cache_maintenance
 .text.asm.enable_mmu_direct_el3
                0x0000000014106748       0x70 /home/jongja.cho/Git/legacy/rebel_cds_collab_hw/bootloader/cp/tf-a/build/rebel_h/debug/bl31/enable_mmu.o
                0x0000000014106748                enable_mmu_direct_el3
 .text.asm.plat_disable_acp
                0x00000000141067b8        0x4 /home/jongja.cho/Git/legacy/rebel_cds_collab_hw/bootloader/cp/tf-a/build/rebel_h/debug/bl31/platform_helpers.o
                0x00000000141067b8                plat_disable_acp
 .text.asm.plat_panic_handler
                0x00000000141067bc        0x8 /home/jongja.cho/Git/legacy/rebel_cds_collab_hw/bootloader/cp/tf-a/build/rebel_h/debug/bl31/platform_helpers.o
                0x00000000141067bc                plat_panic_handler
 .text.asm.bl31_plat_enable_mmu
                0x00000000141067c4        0x4 /home/jongja.cho/Git/legacy/rebel_cds_collab_hw/bootloader/cp/tf-a/build/rebel_h/debug/bl31/platform_helpers.o
                0x00000000141067c4                bl31_plat_enable_mmu
 .text.asm.plat_handle_el3_ea
                0x00000000141067c8        0x4 /home/jongja.cho/Git/legacy/rebel_cds_collab_hw/bootloader/cp/tf-a/build/rebel_h/debug/bl31/platform_helpers.o
                0x00000000141067c8                plat_handle_el3_ea
 .text.asm.plat_get_my_stack
                0x00000000141067cc       0x1c /home/jongja.cho/Git/legacy/rebel_cds_collab_hw/bootloader/cp/tf-a/build/rebel_h/debug/bl31/platform_mp_stack.o
                0x00000000141067cc                plat_get_my_stack
 .text.asm.plat_set_my_stack
                0x00000000141067e8       0x10 /home/jongja.cho/Git/legacy/rebel_cds_collab_hw/bootloader/cp/tf-a/build/rebel_h/debug/bl31/platform_mp_stack.o
                0x00000000141067e8                plat_set_my_stack
 .text.asm.plat_my_core_pos
                0x00000000141067f8        0x8 /home/jongja.cho/Git/legacy/rebel_cds_collab_hw/bootloader/cp/tf-a/build/rebel_h/debug/bl31/plat_helper.o
                0x00000000141067f8                plat_my_core_pos
 .text.asm.plat_arm_calc_core_pos
                0x0000000014106800        0x8 /home/jongja.cho/Git/legacy/rebel_cds_collab_hw/bootloader/cp/tf-a/build/rebel_h/debug/bl31/plat_helper.o
                0x0000000014106800                plat_arm_calc_core_pos
 .text.asm.platform_mem_init
                0x0000000014106808        0x4 /home/jongja.cho/Git/legacy/rebel_cds_collab_hw/bootloader/cp/tf-a/build/rebel_h/debug/bl31/plat_helper.o
                0x0000000014106808                platform_mem_init
 .text.asm.plat_reset_handler
                0x000000001410680c        0x0 /home/jongja.cho/Git/legacy/rebel_cds_collab_hw/bootloader/cp/tf-a/build/rebel_h/debug/bl31/plat_helper.o
                0x000000001410680c                plat_reset_handler
 .text.asm.plat_crash_console_init
                0x000000001410680c       0x20 /home/jongja.cho/Git/legacy/rebel_cds_collab_hw/bootloader/cp/tf-a/build/rebel_h/debug/bl31/plat_helper.o
                0x000000001410680c                plat_crash_console_init
 .text.asm.plat_crash_console_putc
                0x000000001410682c        0xc /home/jongja.cho/Git/legacy/rebel_cds_collab_hw/bootloader/cp/tf-a/build/rebel_h/debug/bl31/plat_helper.o
                0x000000001410682c                plat_crash_console_putc
 .text.asm.plat_crash_console_flush
                0x0000000014106838        0xc /home/jongja.cho/Git/legacy/rebel_cds_collab_hw/bootloader/cp/tf-a/build/rebel_h/debug/bl31/plat_helper.o
                0x0000000014106838                plat_crash_console_flush
 .text.__assert
                0x0000000014106844       0x1c /home/jongja.cho/Git/legacy/rebel_cds_collab_hw/bootloader/cp/tf-a/build/rebel_h/debug/lib/libc.a(assert.o)
                0x0000000014106844                __assert
 .text.memcpy   0x0000000014106860       0x20 /home/jongja.cho/Git/legacy/rebel_cds_collab_hw/bootloader/cp/tf-a/build/rebel_h/debug/lib/libc.a(memcpy.o)
                0x0000000014106860                memcpy
 .text.unsigned_num_print.part.0
                0x0000000014106880       0xf4 /home/jongja.cho/Git/legacy/rebel_cds_collab_hw/bootloader/cp/tf-a/build/rebel_h/debug/lib/libc.a(printf.o)
 .text.vprintf  0x0000000014106974      0x4a8 /home/jongja.cho/Git/legacy/rebel_cds_collab_hw/bootloader/cp/tf-a/build/rebel_h/debug/lib/libc.a(printf.o)
                0x0000000014106974                vprintf
 .text.printf   0x0000000014106e1c       0x54 /home/jongja.cho/Git/legacy/rebel_cds_collab_hw/bootloader/cp/tf-a/build/rebel_h/debug/lib/libc.a(printf.o)
                0x0000000014106e1c                printf
 .text.memset   0x0000000014106e70       0x74 /home/jongja.cho/Git/legacy/rebel_cds_collab_hw/bootloader/cp/tf-a/build/rebel_h/debug/lib/libc.a(memset.o)
                0x0000000014106e70                memset
 *(SORT_BY_ALIGNMENT(.rodata*))
 *fill*         0x0000000014106ee4        0x4 
 .rodata.psci_args.1
                0x0000000014106ee8       0x10 /home/jongja.cho/Git/legacy/rebel_cds_collab_hw/bootloader/cp/tf-a/build/rebel_h/debug/bl31/bl31_main.o
 .rodata.arm_gic_data
                0x0000000014106ef8       0x30 /home/jongja.cho/Git/legacy/rebel_cds_collab_hw/bootloader/cp/tf-a/build/rebel_h/debug/bl31/arm_gicv3.o
 .rodata.gicr_base_addrs
                0x0000000014106f28       0x10 /home/jongja.cho/Git/legacy/rebel_cds_collab_hw/bootloader/cp/tf-a/build/rebel_h/debug/bl31/arm_gicv3.o
 .rodata.CSWTCH.3
                0x0000000014106f38       0x20 /home/jongja.cho/Git/legacy/rebel_cds_collab_hw/bootloader/cp/tf-a/build/rebel_h/debug/bl31/plat_common.o
 .rodata.plat_prefix_str
                0x0000000014106f58       0x28 /home/jongja.cho/Git/legacy/rebel_cds_collab_hw/bootloader/cp/tf-a/build/rebel_h/debug/bl31/plat_log_common.o
 .rodata.plat_rebel_h_psci_pm_ops
                0x0000000014106f80       0xb0 /home/jongja.cho/Git/legacy/rebel_cds_collab_hw/bootloader/cp/tf-a/build/rebel_h/debug/bl31/rebel_h_pm.o
 .rodata.errata_entries
                0x0000000014107030       0x60 /home/jongja.cho/Git/legacy/rebel_cds_collab_hw/bootloader/cp/tf-a/build/rebel_h/debug/bl31/cortex_a73.o
 .rodata.psci_smc_handler
                0x0000000014107090       0x2c /home/jongja.cho/Git/legacy/rebel_cds_collab_hw/bootloader/cp/tf-a/build/rebel_h/debug/bl31/psci_main.o
 .rodata.arm_interrupt_props
                0x00000000141070bc        0x8 /home/jongja.cho/Git/legacy/rebel_cds_collab_hw/bootloader/cp/tf-a/build/rebel_h/debug/bl31/arm_gicv3.o
 .rodata.vprintf
                0x00000000141070c4       0x30 /home/jongja.cho/Git/legacy/rebel_cds_collab_hw/bootloader/cp/tf-a/build/rebel_h/debug/lib/libc.a(printf.o)
 .rodata.bl31_prepare_next_image_entry.str1.1
                0x00000000141070f4      0x675 /home/jongja.cho/Git/legacy/rebel_cds_collab_hw/bootloader/cp/tf-a/build/rebel_h/debug/bl31/bl31_main.o
                                         0x50 (size before relaxing)
 .rodata.bl31_main.str1.1
                0x0000000014107769       0x2e /home/jongja.cho/Git/legacy/rebel_cds_collab_hw/bootloader/cp/tf-a/build/rebel_h/debug/bl31/bl31_main.o
 .rodata.__func__.0
                0x0000000014107769       0x1e /home/jongja.cho/Git/legacy/rebel_cds_collab_hw/bootloader/cp/tf-a/build/rebel_h/debug/bl31/bl31_main.o
 .rodata.build_version_string
                0x0000000014107787       0x2e /home/jongja.cho/Git/legacy/rebel_cds_collab_hw/bootloader/cp/tf-a/build/rebel_h/debug/bl31/bl31_main.o
 .rodata.build_message
                0x00000000141077b5       0x1e /home/jongja.cho/Git/legacy/rebel_cds_collab_hw/bootloader/cp/tf-a/build/rebel_h/debug/bl31/bl31_main.o
 .rodata.backtrace.str1.1
                0x00000000141077d3       0xcd /home/jongja.cho/Git/legacy/rebel_cds_collab_hw/bootloader/cp/tf-a/build/rebel_h/debug/bl31/backtrace.o
 .rodata.runtime_svc_init.str1.1
                0x00000000141077d3       0x50 /home/jongja.cho/Git/legacy/rebel_cds_collab_hw/bootloader/cp/tf-a/build/rebel_h/debug/bl31/runtime_svc.o
 .rodata.__func__.0
                0x00000000141077d3       0x11 /home/jongja.cho/Git/legacy/rebel_cds_collab_hw/bootloader/cp/tf-a/build/rebel_h/debug/bl31/runtime_svc.o
 .rodata.gicv3_rdistif_mark_core_awake.str1.1
                0x00000000141077e4       0x39 /home/jongja.cho/Git/legacy/rebel_cds_collab_hw/bootloader/cp/tf-a/build/rebel_h/debug/bl31/gicv3_helpers.o
 .rodata.flash_spi_set_quad_mode.str1.1
                0x00000000141077e4       0x28 /home/jongja.cho/Git/legacy/rebel_cds_collab_hw/bootloader/cp/tf-a/build/rebel_h/debug/bl31/mt25q_flash.o
 .rodata.enable_write.str1.1
                0x00000000141077e4       0x34 /home/jongja.cho/Git/legacy/rebel_cds_collab_hw/bootloader/cp/tf-a/build/rebel_h/debug/bl31/mt25q_flash.o
 .rodata.erase_flash.str1.1
                0x00000000141077e4       0x8d /home/jongja.cho/Git/legacy/rebel_cds_collab_hw/bootloader/cp/tf-a/build/rebel_h/debug/bl31/mt25q_flash.o
 .rodata.write_flash.str1.1
                0x00000000141077e4       0x70 /home/jongja.cho/Git/legacy/rebel_cds_collab_hw/bootloader/cp/tf-a/build/rebel_h/debug/bl31/mt25q_flash.o
 .rodata.generic_errata_report.str1.1
                0x00000000141077e4       0x6d /home/jongja.cho/Git/legacy/rebel_cds_collab_hw/bootloader/cp/tf-a/build/rebel_h/debug/bl31/errata_report.o
 .rodata.cm_setup_context.str1.1
                0x00000000141077e4       0x19 /home/jongja.cho/Git/legacy/rebel_cds_collab_hw/bootloader/cp/tf-a/build/rebel_h/debug/bl31/context_mgmt.o
 .rodata.__func__.0
                0x00000000141077e4       0x11 /home/jongja.cho/Git/legacy/rebel_cds_collab_hw/bootloader/cp/tf-a/build/rebel_h/debug/bl31/context_mgmt.o
 .rodata.psci_warmboot_entrypoint.str1.1
                0x00000000141077f5       0x22 /home/jongja.cho/Git/legacy/rebel_cds_collab_hw/bootloader/cp/tf-a/build/rebel_h/debug/bl31/psci_common.o
 .rodata.psci_pwrdown_cpu_end_terminal.str1.1
                0x00000000141077f5       0x1b /home/jongja.cho/Git/legacy/rebel_cds_collab_hw/bootloader/cp/tf-a/build/rebel_h/debug/bl31/psci_common.o
 .rodata.psci_pwrdown_cpu_end_wakeup.str1.1
                0x00000000141077f5       0x25 /home/jongja.cho/Git/legacy/rebel_cds_collab_hw/bootloader/cp/tf-a/build/rebel_h/debug/bl31/psci_common.o
 .rodata.__func__.0
                0x00000000141077f5       0x1c /home/jongja.cho/Git/legacy/rebel_cds_collab_hw/bootloader/cp/tf-a/build/rebel_h/debug/bl31/psci_common.o
 .rodata.__func__.1
                0x0000000014107811       0x1e /home/jongja.cho/Git/legacy/rebel_cds_collab_hw/bootloader/cp/tf-a/build/rebel_h/debug/bl31/psci_common.o
 .rodata.__func__.2
                0x000000001410782f       0x19 /home/jongja.cho/Git/legacy/rebel_cds_collab_hw/bootloader/cp/tf-a/build/rebel_h/debug/bl31/psci_common.o
 .rodata.psci_cpu_suspend.str1.1
                0x0000000014107848       0x33 /home/jongja.cho/Git/legacy/rebel_cds_collab_hw/bootloader/cp/tf-a/build/rebel_h/debug/bl31/psci_main.o
 .rodata.psci_smc_handler.str1.1
                0x0000000014107848       0x20 /home/jongja.cho/Git/legacy/rebel_cds_collab_hw/bootloader/cp/tf-a/build/rebel_h/debug/bl31/psci_main.o
 .rodata.__func__.0
                0x0000000014107848       0x11 /home/jongja.cho/Git/legacy/rebel_cds_collab_hw/bootloader/cp/tf-a/build/rebel_h/debug/bl31/psci_main.o
 .rodata.plat_arm_gic_driver_init.str1.1
                0x0000000014107859       0x2b /home/jongja.cho/Git/legacy/rebel_cds_collab_hw/bootloader/cp/tf-a/build/rebel_h/debug/bl31/arm_gicv3.o
 .rodata.plat_arm_gic_pcpu_init.str1.1
                0x0000000014107859       0x29 /home/jongja.cho/Git/legacy/rebel_cds_collab_hw/bootloader/cp/tf-a/build/rebel_h/debug/bl31/arm_gicv3.o
 .rodata.__func__.0
                0x0000000014107859       0x17 /home/jongja.cho/Git/legacy/rebel_cds_collab_hw/bootloader/cp/tf-a/build/rebel_h/debug/bl31/arm_gicv3.o
 .rodata.__func__.1
                0x0000000014107870       0x19 /home/jongja.cho/Git/legacy/rebel_cds_collab_hw/bootloader/cp/tf-a/build/rebel_h/debug/bl31/arm_gicv3.o
 .rodata.str1.1
                0x0000000014107889       0x10 /home/jongja.cho/Git/legacy/rebel_cds_collab_hw/bootloader/cp/tf-a/build/rebel_h/debug/bl31/plat_common.o
 .rodata.CSWTCH.17
                0x0000000014107889        0x4 /home/jongja.cho/Git/legacy/rebel_cds_collab_hw/bootloader/cp/tf-a/build/rebel_h/debug/bl31/plat_gicv3.o
 .rodata.str1.1
                0x000000001410788d       0x32 /home/jongja.cho/Git/legacy/rebel_cds_collab_hw/bootloader/cp/tf-a/build/rebel_h/debug/bl31/plat_log_common.o
 .rodata.str1.1
                0x000000001410788d        0xe /home/jongja.cho/Git/legacy/rebel_cds_collab_hw/bootloader/cp/tf-a/build/rebel_h/debug/bl31/rebel_sip_svc.o
 .rodata.bl31_early_platform_setup2.str1.1
                0x000000001410788d       0x25 /home/jongja.cho/Git/legacy/rebel_cds_collab_hw/bootloader/cp/tf-a/build/rebel_h/debug/bl31/rebel_h_bl31_setup.o
 .rodata.pmu_get_bootmode_str.str1.1
                0x000000001410788d        0x8 /home/jongja.cho/Git/legacy/rebel_cds_collab_hw/bootloader/cp/tf-a/build/rebel_h/debug/bl31/rebel_h_pmu.o
 .rodata.pmu_get_bootreason_str.str1.1
                0x000000001410788d       0xcd /home/jongja.cho/Git/legacy/rebel_cds_collab_hw/bootloader/cp/tf-a/build/rebel_h/debug/bl31/rebel_h_pmu.o
 .rodata.rebel_plat_sip_handler.str1.1
                0x000000001410788d       0x1b /home/jongja.cho/Git/legacy/rebel_cds_collab_hw/bootloader/cp/tf-a/build/rebel_h/debug/bl31/rebel_h_sip_svc.o
 .rodata.__func__.0
                0x000000001410788d       0x17 /home/jongja.cho/Git/legacy/rebel_cds_collab_hw/bootloader/cp/tf-a/build/rebel_h/debug/bl31/rebel_h_sip_svc.o
 .rodata.arm_arch_svc_smc_handler.str1.1
                0x00000000141078a4       0x35 /home/jongja.cho/Git/legacy/rebel_cds_collab_hw/bootloader/cp/tf-a/build/rebel_h/debug/bl31/arm_arch_svc_setup.o
 .rodata.str1.1
                0x00000000141078a4        0xd /home/jongja.cho/Git/legacy/rebel_cds_collab_hw/bootloader/cp/tf-a/build/rebel_h/debug/bl31/arm_arch_svc_setup.o
 .rodata.str1.1
                0x00000000141078a4        0x8 /home/jongja.cho/Git/legacy/rebel_cds_collab_hw/bootloader/cp/tf-a/build/rebel_h/debug/bl31/std_svc_setup.o
 .rodata.crash_prints
                0x00000000141078a4      0x18f /home/jongja.cho/Git/legacy/rebel_cds_collab_hw/bootloader/cp/tf-a/build/rebel_h/debug/bl31/crash_reporting.o
 .rodata.panic_str
                0x0000000014107a33       0x11 /home/jongja.cho/Git/legacy/rebel_cds_collab_hw/bootloader/cp/tf-a/build/rebel_h/debug/bl31/debug.o
 .rodata.str1.1
                0x0000000014107a44       0x28 /home/jongja.cho/Git/legacy/rebel_cds_collab_hw/bootloader/cp/tf-a/build/rebel_h/debug/bl31/16550_console.o
 .rodata.str1.1
                0x0000000014107a6c       0x1b /home/jongja.cho/Git/legacy/rebel_cds_collab_hw/bootloader/cp/tf-a/build/rebel_h/debug/bl31/misc_helpers.o
 .rodata.str1.1
                0x0000000014107a87       0x26 /home/jongja.cho/Git/legacy/rebel_cds_collab_hw/bootloader/cp/tf-a/build/rebel_h/debug/bl31/cortex_a73.o
 .rodata.cortex_a73_regs
                0x0000000014107aad       0x1b /home/jongja.cho/Git/legacy/rebel_cds_collab_hw/bootloader/cp/tf-a/build/rebel_h/debug/bl31/cortex_a73.o
 .rodata        0x0000000014107ac8        0xb /home/jongja.cho/Git/legacy/rebel_cds_collab_hw/bootloader/cp/tf-a/build/rebel_h/debug/bl31/cortex_a73.o
 .rodata.str1.1
                0x0000000014107ad3       0x1f /home/jongja.cho/Git/legacy/rebel_cds_collab_hw/bootloader/cp/tf-a/build/rebel_h/debug/bl31/cpu_helpers.o
 .rodata.str1.1
                0x0000000014107af2       0x22 /home/jongja.cho/Git/legacy/rebel_cds_collab_hw/bootloader/cp/tf-a/build/rebel_h/debug/bl31/context.o
 .rodata.str1.1
                0x0000000014107b14       0x28 /home/jongja.cho/Git/legacy/rebel_cds_collab_hw/bootloader/cp/tf-a/build/rebel_h/debug/bl31/enable_mmu.o
 .rodata.__assert.str1.1
                0x0000000014107b3c        0x7 /home/jongja.cho/Git/legacy/rebel_cds_collab_hw/bootloader/cp/tf-a/build/rebel_h/debug/lib/libc.a(assert.o)
 .rodata.vprintf.str1.1
                0x0000000014107b3c        0x3 /home/jongja.cho/Git/legacy/rebel_cds_collab_hw/bootloader/cp/tf-a/build/rebel_h/debug/lib/libc.a(printf.o)
                0x0000000014107b48                . = ALIGN (0x8)
 *fill*         0x0000000014107b3c        0x4 
                0x0000000014107b40                __RT_SVC_DESCS_START__ = .
 *(SORT_BY_ALIGNMENT(.rt_svc_descs))
 .rt_svc_descs  0x0000000014107b40       0x20 /home/jongja.cho/Git/legacy/rebel_cds_collab_hw/bootloader/cp/tf-a/build/rebel_h/debug/bl31/rebel_sip_svc.o
 .rt_svc_descs  0x0000000014107b60       0x20 /home/jongja.cho/Git/legacy/rebel_cds_collab_hw/bootloader/cp/tf-a/build/rebel_h/debug/bl31/arm_arch_svc_setup.o
 .rt_svc_descs  0x0000000014107b80       0x20 /home/jongja.cho/Git/legacy/rebel_cds_collab_hw/bootloader/cp/tf-a/build/rebel_h/debug/bl31/std_svc_setup.o
                0x0000000014107ba0                __RT_SVC_DESCS_END__ = .
                0x0000000014107ba0                . = ALIGN (0x8)
                0x0000000014107ba0                __FCONF_POPULATOR_START__ = .
 *(SORT_BY_ALIGNMENT(.fconf_populator))
                0x0000000014107ba0                __FCONF_POPULATOR_END__ = .
                0x0000000014107ba0                . = ALIGN (0x8)
                0x0000000014107ba0                __PMF_SVC_DESCS_START__ = .
 *(SORT_BY_ALIGNMENT(.pmf_svc_descs))
                0x0000000014107ba0                __PMF_SVC_DESCS_END__ = .
                0x0000000014107ba0                . = ALIGN (0x8)
                0x0000000014107ba0                __PARSER_LIB_DESCS_START__ = .
 *(SORT_BY_ALIGNMENT(.img_parser_lib_descs))
                0x0000000014107ba0                __PARSER_LIB_DESCS_END__ = .
                0x0000000014107ba0                . = ALIGN (0x8)
                0x0000000014107ba0                __CPU_OPS_START__ = .
 *(SORT_BY_ALIGNMENT(.cpu_ops))
 .cpu_ops       0x0000000014107ba0       0x58 /home/jongja.cho/Git/legacy/rebel_cds_collab_hw/bootloader/cp/tf-a/build/rebel_h/debug/bl31/cortex_a73.o
                0x0000000014107bf8                __CPU_OPS_END__ = .
                0x0000000014107bf8                . = ALIGN (0x8)
                0x0000000014107bf8                __GOT_START__ = .
 *(SORT_BY_ALIGNMENT(.got))
                0x0000000014107bf8                __GOT_END__ = .
                0x0000000014107bf8                . = ALIGN (0x8)
                0x0000000014107bf8                __pubsub_psci_cpu_on_finish_start = .
 *(SORT_BY_ALIGNMENT(.__pubsub_psci_cpu_on_finish))
                0x0000000014107bf8                __pubsub_psci_cpu_on_finish_end = .
                0x0000000014107bf8                __pubsub_psci_suspend_pwrdown_start_start = .
 *(SORT_BY_ALIGNMENT(.__pubsub_psci_suspend_pwrdown_start))
                0x0000000014107bf8                __pubsub_psci_suspend_pwrdown_start_end = .
                0x0000000014107bf8                __pubsub_psci_suspend_pwrdown_finish_start = .
 *(SORT_BY_ALIGNMENT(.__pubsub_psci_suspend_pwrdown_finish))
                0x0000000014107bf8                __pubsub_psci_suspend_pwrdown_finish_end = .
                0x0000000014107bf8                __pubsub_cm_entering_secure_world_start = .
 *(SORT_BY_ALIGNMENT(.__pubsub_cm_entering_secure_world))
                0x0000000014107bf8                __pubsub_cm_entering_secure_world_end = .
                0x0000000014107bf8                __pubsub_cm_exited_secure_world_start = .
 *(SORT_BY_ALIGNMENT(.__pubsub_cm_exited_secure_world))
                0x0000000014107bf8                __pubsub_cm_exited_secure_world_end = .
                0x0000000014107bf8                __pubsub_cm_entering_normal_world_start = .
 *(SORT_BY_ALIGNMENT(.__pubsub_cm_entering_normal_world))
                0x0000000014107bf8                __pubsub_cm_entering_normal_world_end = .
                0x0000000014107bf8                __pubsub_cm_exited_normal_world_start = .
 *(SORT_BY_ALIGNMENT(.__pubsub_cm_exited_normal_world))
                0x0000000014107bf8                __pubsub_cm_exited_normal_world_end = .
 *(SORT_BY_ALIGNMENT(.vectors))
 *fill*         0x0000000014107bf8      0x408 
 .vectors       0x0000000014108000      0x800 /home/jongja.cho/Git/legacy/rebel_cds_collab_hw/bootloader/cp/tf-a/build/rebel_h/debug/bl31/runtime_exceptions.o
                0x0000000014108000                sync_exception_sp_el0
                0x0000000014108000                runtime_exceptions
                0x0000000014108080                irq_sp_el0
                0x0000000014108100                fiq_sp_el0
                0x0000000014108180                serror_sp_el0
                0x0000000014108200                sync_exception_sp_elx
                0x0000000014108280                irq_sp_elx
                0x0000000014108300                fiq_sp_elx
                0x0000000014108380                serror_sp_elx
                0x0000000014108400                sync_exception_aarch64
                0x0000000014108480                irq_aarch64
                0x0000000014108500                fiq_aarch64
                0x0000000014108580                serror_aarch64
                0x0000000014108600                sync_exception_aarch32
                0x0000000014108680                irq_aarch32
                0x0000000014108700                fiq_aarch32
                0x0000000014108780                serror_aarch32
 .vectors       0x0000000014108800     0x1000 /home/jongja.cho/Git/legacy/rebel_cds_collab_hw/bootloader/cp/tf-a/build/rebel_h/debug/bl31/wa_cve_2017_5715_bpiall.o
                0x0000000014108800                wa_cve_2017_5715_bpiall_vbar
                0x0000000014109800                __RO_END_UNALIGNED__ = .
                0x000000001410a000                . = ALIGN (0x1000)
 *fill*         0x0000000014109800      0x800 
                0x000000001410a000                __RO_END__ = .
                0x0000000000000001                ASSERT ((__CPU_OPS_END__ > __CPU_OPS_START__), cpu_ops not defined for this platform.)
                0x000000001410a000                __RW_START__ = .

.iplt           0x000000001410a000        0x0
 .iplt          0x000000001410a000        0x0 /home/jongja.cho/Git/legacy/rebel_cds_collab_hw/bootloader/cp/tf-a/build/rebel_h/debug/bl31/bl31_context_mgmt.o

.data           0x000000001410a000       0x7e
                0x000000001410a000                __DATA_START__ = .
 *(SORT_BY_ALIGNMENT(.data*))
 .data.tf_xlat_ctx
                0x000000001410a000       0x60 /home/jongja.cho/Git/legacy/rebel_cds_collab_hw/bootloader/cp/tf-a/build/rebel_h/debug/bl31/xlat_tables_context.o
 .data.gicr_frames
                0x000000001410a060        0x8 /home/jongja.cho/Git/legacy/rebel_cds_collab_hw/bootloader/cp/tf-a/build/rebel_h/debug/bl31/arm_gicv3.o
 .data.next_image_type
                0x000000001410a068        0x4 /home/jongja.cho/Git/legacy/rebel_cds_collab_hw/bootloader/cp/tf-a/build/rebel_h/debug/bl31/bl31_main.o
 .data.max_log_level
                0x000000001410a06c        0x4 /home/jongja.cho/Git/legacy/rebel_cds_collab_hw/bootloader/cp/tf-a/build/rebel_h/debug/bl31/tf_log.o
 .data.console_state
                0x000000001410a070        0x4 /home/jongja.cho/Git/legacy/rebel_cds_collab_hw/bootloader/cp/tf-a/build/rebel_h/debug/bl31/multi_console.o
 .data          0x000000001410a074        0x8 /home/jongja.cho/Git/legacy/rebel_cds_collab_hw/bootloader/cp/tf-a/build/rebel_h/debug/bl31/cortex_a73.o
 .data.power_domain_tree_desc
                0x000000001410a07c        0x2 /home/jongja.cho/Git/legacy/rebel_cds_collab_hw/bootloader/cp/tf-a/build/rebel_h/debug/bl31/rebel_h_topology.o
                0x000000001410a07e                __DATA_END__ = .

.igot.plt       0x000000001410a080        0x0
 .igot.plt      0x000000001410a080        0x0 /home/jongja.cho/Git/legacy/rebel_cds_collab_hw/bootloader/cp/tf-a/build/rebel_h/debug/bl31/bl31_context_mgmt.o

.rela.dyn       0x000000001410a080        0x0
                0x000000001410a080                __RELA_START__ = .
 *(SORT_BY_ALIGNMENT(.rela*))
 .rela.iplt     0x000000001410a080        0x0 /home/jongja.cho/Git/legacy/rebel_cds_collab_hw/bootloader/cp/tf-a/build/rebel_h/debug/bl31/bl31_context_mgmt.o
 .rela.text.runtime_svc_init
                0x000000001410a080        0x0 /home/jongja.cho/Git/legacy/rebel_cds_collab_hw/bootloader/cp/tf-a/build/rebel_h/debug/bl31/bl31_context_mgmt.o
 .rela.text.console_register
                0x000000001410a080        0x0 /home/jongja.cho/Git/legacy/rebel_cds_collab_hw/bootloader/cp/tf-a/build/rebel_h/debug/bl31/bl31_context_mgmt.o
 .rela.text.cm_el1_sysregs_context_restore
                0x000000001410a080        0x0 /home/jongja.cho/Git/legacy/rebel_cds_collab_hw/bootloader/cp/tf-a/build/rebel_h/debug/bl31/bl31_context_mgmt.o
 .rela.text.per_cpu_by_index_compute
                0x000000001410a080        0x0 /home/jongja.cho/Git/legacy/rebel_cds_collab_hw/bootloader/cp/tf-a/build/rebel_h/debug/bl31/bl31_context_mgmt.o
 .rela.text.per_cpu_cur_compute
                0x000000001410a080        0x0 /home/jongja.cho/Git/legacy/rebel_cds_collab_hw/bootloader/cp/tf-a/build/rebel_h/debug/bl31/bl31_context_mgmt.o
 .rela.text.psci_cpu_on_finish
                0x000000001410a080        0x0 /home/jongja.cho/Git/legacy/rebel_cds_collab_hw/bootloader/cp/tf-a/build/rebel_h/debug/bl31/bl31_context_mgmt.o
 .rela.text.psci_cpu_suspend_to_powerdown_finish
                0x000000001410a080        0x0 /home/jongja.cho/Git/legacy/rebel_cds_collab_hw/bootloader/cp/tf-a/build/rebel_h/debug/bl31/bl31_context_mgmt.o
 .rela.text.psci_cpu_suspend_start
                0x000000001410a080        0x0 /home/jongja.cho/Git/legacy/rebel_cds_collab_hw/bootloader/cp/tf-a/build/rebel_h/debug/bl31/bl31_context_mgmt.o
 .rela.text.asm.bl31_entrypoint
                0x000000001410a080        0x0 /home/jongja.cho/Git/legacy/rebel_cds_collab_hw/bootloader/cp/tf-a/build/rebel_h/debug/bl31/bl31_context_mgmt.o
 .rela.text.asm.report_unhandled_exception
                0x000000001410a080        0x0 /home/jongja.cho/Git/legacy/rebel_cds_collab_hw/bootloader/cp/tf-a/build/rebel_h/debug/bl31/bl31_context_mgmt.o
 .rela.text.asm.report_unhandled_interrupt
                0x000000001410a080        0x0 /home/jongja.cho/Git/legacy/rebel_cds_collab_hw/bootloader/cp/tf-a/build/rebel_h/debug/bl31/bl31_context_mgmt.o
 .rela.text.asm.report_elx_panic
                0x000000001410a080        0x0 /home/jongja.cho/Git/legacy/rebel_cds_collab_hw/bootloader/cp/tf-a/build/rebel_h/debug/bl31/bl31_context_mgmt.o
 .rela.text.asm.report_el3_panic
                0x000000001410a080        0x0 /home/jongja.cho/Git/legacy/rebel_cds_collab_hw/bootloader/cp/tf-a/build/rebel_h/debug/bl31/bl31_context_mgmt.o
 .rela.text.asm.sync_exception_handler
                0x000000001410a080        0x0 /home/jongja.cho/Git/legacy/rebel_cds_collab_hw/bootloader/cp/tf-a/build/rebel_h/debug/bl31/bl31_context_mgmt.o
 .rela.text.asm.get_cpu_ops_ptr
                0x000000001410a080        0x0 /home/jongja.cho/Git/legacy/rebel_cds_collab_hw/bootloader/cp/tf-a/build/rebel_h/debug/bl31/bl31_context_mgmt.o
 .rela.text.asm.per_cpu_base
                0x000000001410a080        0x0 /home/jongja.cho/Git/legacy/rebel_cds_collab_hw/bootloader/cp/tf-a/build/rebel_h/debug/bl31/bl31_context_mgmt.o
                0x000000001410a080                __RELA_END__ = .
                0x0000000000000001                ASSERT ((. <= 0x14200000), BL31 progbits has exceeded its limit. Consider disabling some features.)

.stacks         0x000000001410a080     0x4000
                0x000000001410a080                __STACKS_START__ = .
 *(SORT_BY_ALIGNMENT(.tzfw_normal_stacks))
 .tzfw_normal_stacks
                0x000000001410a080     0x4000 /home/jongja.cho/Git/legacy/rebel_cds_collab_hw/bootloader/cp/tf-a/build/rebel_h/debug/bl31/platform_mp_stack.o
                0x000000001410e080                __STACKS_END__ = .

.bss            0x000000001410e080      0x750
                0x000000001410e080                __BSS_START__ = .
 *(SORT_BY_ALIGNMENT(.bss*))
 .bss.bl32_init
                0x000000001410e080        0x8 /home/jongja.cho/Git/legacy/rebel_cds_collab_hw/bootloader/cp/tf-a/build/rebel_h/debug/bl31/bl31_main.o
 .bss.intr_type_descs
                0x000000001410e088       0x80 /home/jongja.cho/Git/legacy/rebel_cds_collab_hw/bootloader/cp/tf-a/build/rebel_h/debug/bl31/interrupt_mgmt.o
 .bss.gicv3_driver_data
                0x000000001410e108        0x8 /home/jongja.cho/Git/legacy/rebel_cds_collab_hw/bootloader/cp/tf-a/build/rebel_h/debug/bl31/gicv3_main.o
                0x000000001410e108                gicv3_driver_data
 .bss.console_list
                0x000000001410e110        0x8 /home/jongja.cho/Git/legacy/rebel_cds_collab_hw/bootloader/cp/tf-a/build/rebel_h/debug/bl31/multi_console.o
                0x000000001410e110                console_list
 .bss.per_world_context
                0x000000001410e118       0x20 /home/jongja.cho/Git/legacy/rebel_cds_collab_hw/bootloader/cp/tf-a/build/rebel_h/debug/bl31/context_mgmt.o
                0x000000001410e118                per_world_context
 .bss.psci_plat_pm_ops
                0x000000001410e138        0x8 /home/jongja.cho/Git/legacy/rebel_cds_collab_hw/bootloader/cp/tf-a/build/rebel_h/debug/bl31/psci_common.o
                0x000000001410e138                psci_plat_pm_ops
 .bss.psci_spd_pm
                0x000000001410e140        0x8 /home/jongja.cho/Git/legacy/rebel_cds_collab_hw/bootloader/cp/tf-a/build/rebel_h/debug/bl31/psci_common.o
                0x000000001410e140                psci_spd_pm
 .bss.warmboot_ep_info
                0x000000001410e148      0x160 /home/jongja.cho/Git/legacy/rebel_cds_collab_hw/bootloader/cp/tf-a/build/rebel_h/debug/bl31/psci_setup.o
 .bss.tf_mmap   0x000000001410e2a8      0x398 /home/jongja.cho/Git/legacy/rebel_cds_collab_hw/bootloader/cp/tf-a/build/rebel_h/debug/bl31/xlat_tables_context.o
 .bss.mmu_cfg_params
                0x000000001410e640       0x18 /home/jongja.cho/Git/legacy/rebel_cds_collab_hw/bootloader/cp/tf-a/build/rebel_h/debug/bl31/xlat_tables_context.o
                0x000000001410e640                mmu_cfg_params
 .bss.rdistif_base_addrs
                0x000000001410e658       0x20 /home/jongja.cho/Git/legacy/rebel_cds_collab_hw/bootloader/cp/tf-a/build/rebel_h/debug/bl31/arm_gicv3.o
 .bss.rebel_console
                0x000000001410e678       0x28 /home/jongja.cho/Git/legacy/rebel_cds_collab_hw/bootloader/cp/tf-a/build/rebel_h/debug/bl31/rebel_h_bl31_setup.o
 .bss.bl33_image_ep_info