Archive member included to satisfy reference by file (symbol)

libfreertos_kernel.a(queue.c.o)
                              CMakeFiles/freertos_kernel.elf.dir/main_cm7.c.o (xQueueGenericSend)
libfreertos_kernel.a(tasks.c.o)
                              CMakeFiles/freertos_kernel.elf.dir/main_cm7.c.o (xTaskCreate)
libfreertos_kernel.a(timers.c.o)
                              libfreertos_kernel.a(tasks.c.o) (xTimerCreateTimerTask)
libfreertos_kernel.a(heap_4.c.o)
                              libfreertos_kernel.a(queue.c.o) (pvPortMalloc)
libfreertos_kernel.a(list.c.o)
                              libfreertos_kernel.a(queue.c.o) (vListInitialise)
portable/libfreertos_kernel_port.a(start.S.o)
                              (_vector_table)
portable/libfreertos_kernel_port.a(system_rebelh_cm7.c.o)
                              portable/libfreertos_kernel_port.a(start.S.o) (system_init)
portable/libfreertos_kernel_port.a(port.c.o)
                              libfreertos_kernel.a(tasks.c.o) (pxPortInitialiseStack)
portable/libfreertos_kernel_port.a(fpu.S.o)
                              portable/libfreertos_kernel_port.a(system_rebelh_cm7.c.o) (fpu_enable)
build/drivers/common/libdriver.a(driver.c.o)
                              CMakeFiles/freertos_kernel.elf.dir/main_cm7.c.o (init_drivers_by_calling_init_entry)
build/drivers/common/libassert.a(assert.c.o)
                              build/drivers/pvt_con/CMakeFiles/pvt_con.dir/pvt_con.c.o (assert)
build/drivers/common/libinterrupt.a(interrupt.c.o)
                              build/drivers/mailbox/CMakeFiles/mailbox.dir/mailbox.c.o (enable_all_interrupts)
build/drivers/bat/libbat.a(bat.c.o)
                              portable/libfreertos_kernel_port.a(system_rebelh_cm7.c.o) (bat_set_page)
services/cli_service/libcli_service.a(cli_task.c.o)
                              CMakeFiles/freertos_kernel.elf.dir/main_cm7.c.o (cli_task_init)
services/cli_service/libcli_service.a(sys_command_line.c.o)
                              services/cli_service/libcli_service.a(cli_task.c.o) (cli_init)
services/terminal_service/libterminal_service.a(console_uart.c.o)
                              CMakeFiles/freertos_kernel.elf.dir/main_cm7.c.o (console_uart_init)
services/terminal_service/libterminal_service.a(console.c.o)
                              services/terminal_service/libterminal_service.a(console_uart.c.o) (console_dev_register)
services/terminal_service/libterminal_service.a(terminal_task.c.o)
                              CMakeFiles/freertos_kernel.elf.dir/main_cm7.c.o (terminal_init)
build/unity/libunity.a(unity.c.o)
                              build/tests/interrupt_test_helper_example/CMakeFiles/interrupt_test_helper_example.dir/example_test.c.o (UnityAssertEqualNumber)
build/unity/libunity.a(unity_fixture.c.o)
                              build/unity/libunity.a(unity.c.o) (set_up)
build/interrupt_test_helper/libinterrupt_test_helper.a(interrupt_test_helper.c.o)
                              build/tests/interrupt_test_helper_example/CMakeFiles/interrupt_test_helper_example.dir/example_test.c.o (interrupt_test_init)
libfreertos_kernel.a(event_groups.c.o)
                              services/terminal_service/libterminal_service.a(terminal_task.c.o) (xEventGroupCreate)
libfreertos_kernel.a(stream_buffer.c.o)
                              services/terminal_service/libterminal_service.a(terminal_task.c.o) (xStreamBufferSend)
build/common/arch/libcommon.a(printf.c.o)
                              CMakeFiles/freertos_kernel.elf.dir/main_cm7.c.o (printf_)
build/common/arch/libcommon.a(system_api.c.o)
                              build/tests/pvt_con/CMakeFiles/pvt_cli.dir/pvt_cli_show.c.o (mdelay)
/tools/arm-gnu-toolchain-13.2.Rel1-x86_64-arm-none-eabi/bin/../lib/gcc/arm-none-eabi/13.2.1/thumb/v7e-m+dp/hard/libgcc.a(_aeabi_uldivmod.o)
                              gloss/CMakeFiles/freedom_metal.dir/sys_gettimeofday.c.o (__aeabi_uldivmod)
/tools/arm-gnu-toolchain-13.2.Rel1-x86_64-arm-none-eabi/bin/../lib/gcc/arm-none-eabi/13.2.1/thumb/v7e-m+dp/hard/libgcc.a(_udivmoddi4.o)
                              /tools/arm-gnu-toolchain-13.2.Rel1-x86_64-arm-none-eabi/bin/../lib/gcc/arm-none-eabi/13.2.1/thumb/v7e-m+dp/hard/libgcc.a(_aeabi_uldivmod.o) (__udivmoddi4)
/tools/arm-gnu-toolchain-13.2.Rel1-x86_64-arm-none-eabi/bin/../lib/gcc/arm-none-eabi/13.2.1/thumb/v7e-m+dp/hard/libgcc.a(_dvmd_tls.o)
                              /tools/arm-gnu-toolchain-13.2.Rel1-x86_64-arm-none-eabi/bin/../lib/gcc/arm-none-eabi/13.2.1/thumb/v7e-m+dp/hard/libgcc.a(_aeabi_uldivmod.o) (__aeabi_ldiv0)
/tools/arm-gnu-toolchain-13.2.Rel1-x86_64-arm-none-eabi/bin/../lib/gcc/arm-none-eabi/13.2.1/../../../../arm-none-eabi/lib/thumb/v7e-m+dp/hard/libg.a(libc_a-strtol.o)
                              build/tests/pcie/CMakeFiles/pcie_test.dir/test_pcie_capability.c.o (strtol)
[...]
Memory Configuration

Name             Origin             Length             Attributes
SRAM             0x00000000         0x00040000         xwl
*default*        0x00000000         0xffffffff

Linker script and memory map

LOAD CMakeFiles/freertos_kernel.elf.dir/main_cm7.c.o
LOAD gloss/CMakeFiles/freedom_metal.dir/freedom_metal.c.o
LOAD gloss/CMakeFiles/freedom_metal.dir/nanosleep.c.o
LOAD gloss/CMakeFiles/freedom_metal.dir/sys_access.c.o
LOAD gloss/CMakeFiles/freedom_metal.dir/sys_chdir.c.o
LOAD gloss/CMakeFiles/freedom_metal.dir/sys_chmod.c.o
LOAD gloss/CMakeFiles/freedom_metal.dir/sys_chown.c.o
LOAD gloss/CMakeFiles/freedom_metal.dir/sys_clock_gettime.c.o
LOAD gloss/CMakeFiles/freedom_metal.dir/sys_close.c.o
LOAD gloss/CMakeFiles/freedom_metal.dir/sys_execve.c.o
LOAD gloss/CMakeFiles/freedom_metal.dir/sys_exit.c.o
LOAD gloss/CMakeFiles/freedom_metal.dir/sys_faccessat.c.o
LOAD gloss/CMakeFiles/freedom_metal.dir/sys_fork.c.o
LOAD gloss/CMakeFiles/freedom_metal.dir/sys_fstat.c.o
LOAD gloss/CMakeFiles/freedom_metal.dir/sys_fstatat.c.o
LOAD gloss/CMakeFiles/freedom_metal.dir/sys_ftime.c.o
LOAD gloss/CMakeFiles/freedom_metal.dir/sys_getcwd.c.o
LOAD gloss/CMakeFiles/freedom_metal.dir/sys_getpid.c.o
LOAD gloss/CMakeFiles/freedom_metal.dir/sys_gettimeofday.c.o
LOAD gloss/CMakeFiles/freedom_metal.dir/sys_isatty.c.o
LOAD gloss/CMakeFiles/freedom_metal.dir/sys_kill.c.o
LOAD gloss/CMakeFiles/freedom_metal.dir/sys_link.c.o
LOAD gloss/CMakeFiles/freedom_metal.dir/sys_lseek.c.o
LOAD gloss/CMakeFiles/freedom_metal.dir/sys_lstat.c.o
LOAD gloss/CMakeFiles/freedom_metal.dir/sys_open.c.o
LOAD gloss/CMakeFiles/freedom_metal.dir/sys_openat.c.o
LOAD gloss/CMakeFiles/freedom_metal.dir/sys_read.c.o
LOAD gloss/CMakeFiles/freedom_metal.dir/sys_sbrk.c.o
LOAD gloss/CMakeFiles/freedom_metal.dir/sys_sysconf.c.o
LOAD gloss/CMakeFiles/freedom_metal.dir/sys_times.c.o
LOAD gloss/CMakeFiles/freedom_metal.dir/sys_unlink.c.o
LOAD gloss/CMakeFiles/freedom_metal.dir/sys_utime.c.o
LOAD gloss/CMakeFiles/freedom_metal.dir/sys_wait.c.o
LOAD gloss/CMakeFiles/freedom_metal.dir/sys_write.c.o
LOAD build/drivers/uart/CMakeFiles/uart.dir/uart.c.o
LOAD build/drivers/pcie/CMakeFiles/pcie.dir/pcie_ep.c.o
LOAD build/drivers/pcie/CMakeFiles/pcie.dir/pcie_dw.c.o
LOAD build/drivers/pcie/CMakeFiles/pcie.dir/pcie_snps_phy.c.o
LOAD build/drivers/pcie/CMakeFiles/pcie.dir/pcie_dw_hdma.c.o
LOAD build/drivers/pcie/CMakeFiles/pcie.dir/pcie_irq.c.o
LOAD build/drivers/pcie/CMakeFiles/pcie.dir/pcie_dw_iatu.c.o
LOAD build/drivers/pcie/CMakeFiles/pcie.dir/pcie_dw_bar.c.o
LOAD build/drivers/pcie/CMakeFiles/pcie.dir/pcie_dw_msix.c.o
LOAD build/drivers/pcie/CMakeFiles/pcie.dir/pcie_subctrl.c.o
LOAD build/drivers/pcie/CMakeFiles/pcie.dir/pcie_doe.c.o
LOAD build/drivers/pcie/CMakeFiles/pcie.dir/pcie_dw_ide.c.o
LOAD build/drivers/pcie/CMakeFiles/pcie.dir/pcie_sysreg.c.o
LOAD build/drivers/mailbox/CMakeFiles/mailbox.dir/mailbox.c.o
LOAD build/drivers/mailbox/CMakeFiles/mailbox.dir/mailbox_cb.c.o
LOAD build/drivers/pmu/CMakeFiles/pmu.dir/pmu.c.o
LOAD build/drivers/pvt_con/CMakeFiles/pvt_con.dir/pvt_con.c.o
LOAD build/drivers/watchdog/CMakeFiles/watchdog.dir/dw_apb_wdt.c.o
LOAD build/tests/common/CMakeFiles/test_common.dir/test_mailbox_cb.c.o
LOAD build/tests/interrupt_test_helper_example/CMakeFiles/interrupt_test_helper_example.dir/example_test.c.o
LOAD build/tests/interrupt_test_helper_example/CMakeFiles/interrupt_test_helper_example.dir/example_driver.c.o
LOAD build/tests/arch/CMakeFiles/test_arch.dir/test_cli.c.o
LOAD build/tests/pcie/CMakeFiles/pcie_test.dir/test_pcie_main.c.o
LOAD build/tests/pcie/CMakeFiles/pcie_test.dir/test_pcie_msix.c.o
LOAD build/tests/pcie/CMakeFiles/pcie_test.dir/test_pcie_hdma.c.o
LOAD build/tests/pcie/CMakeFiles/pcie_test.dir/test_pcie_capability.c.o
LOAD build/tests/pcie/CMakeFiles/pcie_test.dir/test_pcie_mode.c.o
LOAD build/tests/pcie/CMakeFiles/pcie_test.dir/test_pcie_iatu.c.o
LOAD build/tests/pcie/CMakeFiles/pcie_test.dir/test_pcie_history_store.c.o
LOAD build/tests/pcie/CMakeFiles/pcie_test.dir/test_pcie_doe.c.o
LOAD build/tests/pcie/CMakeFiles/pcie_test.dir/test_pcie_ide.c.o
LOAD build/tests/pcie/CMakeFiles/pcie_test.dir/test_pcie_ide_scenario.c.o
LOAD build/tests/pcie/CMakeFiles/pcie_test.dir/test_pcie_rasdp.c.o
LOAD build/tests/pcie/CMakeFiles/pcie_test.dir/test_pcie_rasdes.c.o
LOAD build/tests/pcie/CMakeFiles/pcie_test.dir/test_pcie_epf.c.o
LOAD build/tests/mailbox/CMakeFiles/mailbox_test.dir/test_mailbox_main.c.o
LOAD build/tests/arch/arm/CMakeFiles/test_arm.dir/test_cm7.c.o
LOAD build/tests/log/CMakeFiles/show_log.dir/rebel_h_log.c.o
LOAD build/tests/interrupt_test/CMakeFiles/test_irq.dir/test_m7_irq.c.o
LOAD build/tests/pvt_con/CMakeFiles/pvt_cli.dir/pvt_cli.c.o
LOAD build/tests/pvt_con/CMakeFiles/pvt_cli.dir/pvt_cli_show.c.o
LOAD build/tests/pvt_con/CMakeFiles/pvt_cli.dir/pvt_cli_enable.c.o
LOAD build/tests/pvt_con/CMakeFiles/pvt_cli.dir/pvt_cli_disable.c.o
LOAD build/tests/pvt_con/CMakeFiles/pvt_cli.dir/pvt_cli_set.c.o
LOAD libfreertos_kernel.a
LOAD portable/libfreertos_kernel_port.a
LOAD build/drivers/common/libdriver.a
LOAD build/drivers/common/libassert.a
LOAD build/drivers/common/libinterrupt.a
LOAD build/drivers/bat/libbat.a
LOAD services/cli_service/libcli_service.a
LOAD services/terminal_service/libterminal_service.a
LOAD build/unity/libunity.a
LOAD build/drivers/bat/libbat.a
LOAD build/interrupt_test_helper/libinterrupt_test_helper.a
LOAD services/cli_service/libcli_service.a
LOAD libfreertos_kernel.a
LOAD build/common/arch/libcommon.a
LOAD build/drivers/common/libdriver.a
LOAD build/drivers/common/libassert.a
LOAD build/drivers/common/libinterrupt.a
START GROUP
LOAD /tools/arm-gnu-toolchain-13.2.Rel1-x86_64-arm-none-eabi/bin/../lib/gcc/arm-none-eabi/13.2.1/thumb/v7e-m+dp/hard/libgcc.a
LOAD /tools/arm-gnu-toolchain-13.2.Rel1-x86_64-arm-none-eabi/bin/../lib/gcc/arm-none-eabi/13.2.1/../../../../arm-none-eabi/lib/thumb/v7e-m+dp/hard/libg.a
LOAD /tools/arm-gnu-toolchain-13.2.Rel1-x86_64-arm-none-eabi/bin/../lib/gcc/arm-none-eabi/13.2.1/../../../../arm-none-eabi/lib/thumb/v7e-m+dp/hard/libc.a
END GROUP
                0x00000200                        _heap_size = 0x200
                0x00000200                        pl330_reserved_size = 0x200

.text           0x00000000    0x1acb4
 *(.vector)
 .vector        0x00000000       0x40 portable/libfreertos_kernel_port.a(start.S.o)
                0x00000000                _vector_table
 *(.interrupt)
 .interrupt     0x00000040        0x0 portable/libfreertos_kernel_port.a(start.S.o)
 .interrupt     0x00000040      0x100 portable/libfreertos_kernel_port.a(system_rebelh_cm7.c.o)
                0x00000040                INTERRUPT_RESERVED
 *(.text.VectorHandlers)
 .text.VectorHandlers
                0x00000140       0x18 portable/libfreertos_kernel_port.a(start.S.o)
 *(.text.Start)
 .text.Start    0x00000158        0xc portable/libfreertos_kernel_port.a(start.S.o)
 .text          0x00000164      0x15c CMakeFiles/freertos_kernel.elf.dir/main_cm7.c.o
                0x00000164                prvSetupHardware
                0x00000170                main
 .text          0x000002c0       0xa8 gloss/CMakeFiles/freedom_metal.dir/freedom_metal.c.o
                0x000002c0                metal_cpu_get_current_hartid
                0x000002d0                metal_timer_get_timebase_frequency
                0x000002e8                metal_timer_get_cyclecount
                0x00000300                metal_shutdown
                0x00000316                metal_mem_scrub
                0x0000034c                metal_tty_putc
 .text          0x00000368       0x20 gloss/CMakeFiles/freedom_metal.dir/nanosleep.c.o
                0x00000368                nanosleep
 .text          0x00000388       0x20 gloss/CMakeFiles/freedom_metal.dir/sys_access.c.o
                0x00000388                _access
 .text          0x000003a8       0x1e gloss/CMakeFiles/freedom_metal.dir/sys_chdir.c.o
                0x000003a8                _chdir
 .text          0x000003c6       0x20 gloss/CMakeFiles/freedom_metal.dir/sys_chmod.c.o
                0x000003c6                _chmod
 .text          0x000003e6       0x26 gloss/CMakeFiles/freedom_metal.dir/sys_chown.c.o
                0x000003e6                _chown
 .text          0x0000040c       0x60 gloss/CMakeFiles/freedom_metal.dir/sys_clock_gettime.c.o
                0x0000040c                clock_getres
                0x0000042c                clock_gettime
                0x0000044c                clock_settime
 .text          0x0000046c       0x1e gloss/CMakeFiles/freedom_metal.dir/sys_close.c.o
                0x0000046c                _close
 .text          0x0000048a       0x22 gloss/CMakeFiles/freedom_metal.dir/sys_execve.c.o
                0x0000048a                _execve
 .text          0x000004ac       0x12 gloss/CMakeFiles/freedom_metal.dir/sys_exit.c.o
                0x000004ac                _exit
 .text          0x000004be       0x24 gloss/CMakeFiles/freedom_metal.dir/sys_faccessat.c.o
                0x000004be                _faccessat
 .text          0x000004e2       0x16 gloss/CMakeFiles/freedom_metal.dir/sys_fork.c.o
                0x000004e2                _fork
 .text          0x000004f8       0x22 gloss/CMakeFiles/freedom_metal.dir/sys_fstat.c.o
                0x000004f8                _fstat
 .text          0x0000051a       0x24 gloss/CMakeFiles/freedom_metal.dir/sys_fstatat.c.o
                0x0000051a                _fstatat
 .text          0x0000053e       0x1e gloss/CMakeFiles/freedom_metal.dir/sys_ftime.c.o
                0x0000053e                _ftime
 .text          0x0000055c       0x20 gloss/CMakeFiles/freedom_metal.dir/sys_getcwd.c.o
                0x0000055c                _getcwd
 .text          0x0000057c       0x1e gloss/CMakeFiles/freedom_metal.dir/sys_getpid.c.o
                0x0000057c                get_current_cpuid
                0x0000058c                _getpid
 .text          0x0000059a       0xf8 gloss/CMakeFiles/freedom_metal.dir/sys_gettimeofday.c.o
                0x0000059a                gettimeofday
                0x0000059a                _gettimeofday
 .text          0x00000692       0x20 gloss/CMakeFiles/freedom_metal.dir/sys_isatty.c.o
                0x00000692                _isatty
 .text          0x000006b2       0x20 gloss/CMakeFiles/freedom_metal.dir/sys_kill.c.o
                0x000006b2                _kill
 .text          0x000006d2       0x20 gloss/CMakeFiles/freedom_metal.dir/sys_link.c.o
                0x000006d2                _link
 .text          0x000006f2       0x22 gloss/CMakeFiles/freedom_metal.dir/sys_lseek.c.o
                0x000006f2                _lseek
 .text          0x00000714       0x20 gloss/CMakeFiles/freedom_metal.dir/sys_lstat.c.o
                0x00000714                _lstat
 .text          0x00000734       0x22 gloss/CMakeFiles/freedom_metal.dir/sys_open.c.o
                0x00000734                _open
 .text          0x00000756       0x24 gloss/CMakeFiles/freedom_metal.dir/sys_openat.c.o
                0x00000756                _openat
 .text          0x0000077a       0x22 gloss/CMakeFiles/freedom_metal.dir/sys_read.c.o
                0x0000077a                _read
 .text          0x0000079c       0x80 gloss/CMakeFiles/freedom_metal.dir/sys_sbrk.c.o
                0x0000079c                _brk
                0x000007bc                _sbrk
 .text          0x0000081c       0x22 gloss/CMakeFiles/freedom_metal.dir/sys_sysconf.c.o
                0x0000081c                sysconf
                0x0000081c                _sysconf
 .text          0x0000083e       0xf6 gloss/CMakeFiles/freedom_metal.dir/sys_times.c.o
                0x000008c8                times
                0x000008c8                _times
 .text          0x00000934       0x1e gloss/CMakeFiles/freedom_metal.dir/sys_unlink.c.o
                0x00000934                _unlink
 .text          0x00000952       0x20 gloss/CMakeFiles/freedom_metal.dir/sys_utime.c.o
                0x00000952                _utime
 .text          0x00000972       0x1e gloss/CMakeFiles/freedom_metal.dir/sys_wait.c.o
                0x00000972                _wait
 .text          0x00000990       0x52 gloss/CMakeFiles/freedom_metal.dir/sys_write.c.o
                0x00000990                _write
 *fill*         0x000009e2        0x2 
 .text          0x000009e4      0x62c build/drivers/uart/CMakeFiles/uart.dir/uart.c.o
                0x00000a5c                uart_register_rx_callback
                0x00000a84                uart_register_tx_callback
                0x00000ad4                uart_is_tx_fifo_empty
                0x00000bb0                uart_putc
                0x00000bd6                uart_puts
                0x00000c0c                uart_out_all_fifo
                0x00000d4c                uart_getc
                0x00000de0                uart_irq_rx_enable
                0x00000e08                uart_irq_rx_disable
                0x00000e30                uart_irq_tx_enable
                0x00000e58                uart_irq_tx_disable
                0x00000e80                uart_is_irq_rx_ready
                0x00000eb0                uart_init
                0x00000fd8                uart_int_config
 .text          0x00001010      0xadc build/drivers/pcie/CMakeFiles/pcie.dir/pcie_ep.c.o
                0x00001968                pcie_get_epc
                0x00001a6c                dram_init_done_cb
 .text          0x00001aec      0xf2c build/drivers/pcie/CMakeFiles/pcie.dir/pcie_dw.c.o
                0x00001aec                pcie_dbi_ro_wr_enable
                0x00001b4a                pcie_link_setup
                0x00001c88                pcie_set_width
                0x00001d3c                pcie_get_width
                0x00001d68                pcie_set_speed
                0x00001dfc                pcie_get_speed
                0x00001e28                pcie_eq_setup
                0x00001eee                pcie_cap_setup
                0x00001f46                pcie_find_capability
                0x00001faa                pcie_disable_capability
                0x0000209a                pcie_find_ext_capability
                0x000020fa                pcie_disable_ext_capability
                0x000021c8                pcie_rasdp_enable_error_mode
                0x00002212                pcie_rasdp_clear_error_mode
                0x00002242                pcie_rasdp_enable_error_injection
                0x00002344                pcie_rasdp_get_count
                0x000023ae                pcie_rasdp_get_region
                0x000023f8                pcie_rasdp_select_region
                0x00002484                pcie_rasdp_clear_count
                0x000024ce                pcie_rasdes_get_tba_info
                0x00002514                pcie_rasdes_start_tba
                0x00002590                pcie_rasdes_stop_tba
                0x000025c8                pcie_rasdes_get_tba_data
                0x00002620                pcie_rasdes_select_ecnt
                0x00002692                pcie_rasdes_get_selected_ecnt
                0x000026f8                pcie_rasdes_get_ecnt_data
                0x00002726                pcie_rasdes_enable_ecnt
                0x00002762                pcie_rasdes_clear_ecnt
                0x000027ae                pcie_rasdes_sd_l1_lane_sel
                0x000027ea                pcie_rasdes_get_sd_status
                0x00002884                pcie_rasdes_sd_eq_rate_sel
                0x000028c0                pcie_rasdes_sd_eq_lane_sel
                0x000028fc                pcie_rasdes_get_sd_eq_status
                0x00002966                pcie_lane_margin_setup
 .text          0x00002a18     0x1ace build/drivers/pcie/CMakeFiles/pcie.dir/pcie_snps_phy.c.o
                0x00004014                pcie_phy_init
 *fill*         0x000044e6        0x2 
 .text          0x000044e8      0xa38 build/drivers/pcie/CMakeFiles/pcie.dir/pcie_dw_hdma.c.o
                0x0000458c                pcie_hdmac_create
                0x00004c14                pcie_hdma_transfer_start
                0x00004ce0                pcie_hdma_transfer_stop
                0x00004d8c                pcie_hdma_select_function
                0x00004e70                dw_hdma_config
 .text          0x00004f20      0xf44 build/drivers/pcie/CMakeFiles/pcie.dir/pcie_irq.c.o
                0x00005b50                pcie_ep_request_irq
 .text          0x00005e64      0xef0 build/drivers/pcie/CMakeFiles/pcie.dir/pcie_dw_iatu.c.o
                0x000063da                pcie_set_iatu_inbound
                0x0000646e                pcie_set_iatu_outbound
                0x000064d0                pcie_iatu_disable_region
                0x000065c8                pcie_iatu_disable_match_mode_region
                0x0000672a                pcie_find_iatu_region_by_bar_num
                0x0000681c                pcie_reconfigure_bar_match_mode
                0x00006958                pcie_configure_inbound_address_match_mode
                0x000069e8                pcie_configure_outbound_address_match_mode
                0x00006a74                pcie_get_iatu_ib_info
                0x00006c2a                pcie_get_iatu_ob_info
 .text          0x00006d54      0xb1c build/drivers/pcie/CMakeFiles/pcie.dir/pcie_dw_bar.c.o
                0x00006d54                pcie_get_num_valid_bar
                0x00006dee                pcie_get_bar_info
                0x00006e7c                pcie_get_vfbar_info
                0x00006f14                pcie_set_resizable_bar_size
                0x00007274                pcie_change_resizable_bar_size
                0x000075dc                pcie_set_programmable_bar_size
                0x000076f0                pcie_set_bar
                0x00007764                pcie_load_bar_info
                0x00007804                pcie_clear_bar
 .text          0x00007870      0x210 build/drivers/pcie/CMakeFiles/pcie.dir/pcie_dw_msix.c.o
                0x00007892                pcie_msix_setup
                0x00007910                pcie_raise_msix_irq
 .text          0x00007a80      0xe0c build/drivers/pcie/CMakeFiles/pcie.dir/pcie_subctrl.c.o
                0x00007a80                pcie_subctrl_history_store_config
                0x00007b38                pcie_subctrl_history_store_start
                0x00007c14                pcie_subctrl_history_select_group
                0x00007c4e                pcie_subctrl_history_buf_clear
                0x0000820c                pcie_subctrl_show_history
                0x000087cc                pcie_ltssm_enable
                0x000087f8                pcie_crs_enable
                0x00008860                pcie_get_ltssm_state
 .text          0x0000888c      0x17c build/drivers/pcie/CMakeFiles/pcie.dir/pcie_doe.c.o
                0x000088ae                pcie_doe_read_wmb
                0x0000896c                pcie_doe_write_rmb
                0x000089c0                pcie_doe_setup
 .text          0x00008a08      0x1d0 build/drivers/pcie/CMakeFiles/pcie.dir/pcie_dw_ide.c.o
                0x00008a2a                pcie_ide_setup
                0x00008a7e                pcie_ide_enable_stream
                0x00008b0c                pcie_ide_swap_key
                0x00008bac                pcie_ide_cb
 .text          0x00008bd8      0x884 build/drivers/pcie/CMakeFiles/pcie.dir/pcie_sysreg.c.o
                0x00008bd8                set_hdma_lut
                0x00009198                invalidate_hdma_lut
 .text          0x0000945c      0x528 build/drivers/mailbox/CMakeFiles/mailbox.dir/mailbox.c.o
                0x00009482                ipm_samsung_write
                0x00009520                ipm_samsung_send
                0x00009580                ipm_samsung_receive
                0x0000971c                ipm_samsung_isr
                0x00009800                ipm_samsung_register_callback
                0x00009838                ipm_samsung_init
                0x000098e8                ipm_samsung_read
 .text          0x00009984      0x138 build/drivers/mailbox/CMakeFiles/mailbox.dir/mailbox_cb.c.o
                0x00009984                mailbox_register_callback
                0x000099a4                default_cb
 .text          0x00009abc      0x294 build/drivers/pmu/CMakeFiles/pmu.dir/pmu.c.o
                0x00009abc                pmu_get_bootmode
                0x00009ae0                pmu_sw_reset
                0x00009b08                pmu_rbc_lpi_entry
                0x00009c1c                pmu_rbc_lpi_exit
                0x00009d30                pmu_get_num_of_secondary_chiplet
 .text          0x00009d50     0x13dc build/drivers/pvt_con/CMakeFiles/pvt_con.dir/pvt_con.c.o
                0x0000a994                PVT_GET_INSTANCE
                0x0000a9ac                PVT_CONTROL_RISE_INTERRUPT
                0x0000ab08                PVT_CONTROL_FALL_INTERRUPT
                0x0000ac42                PVT_GET_RISE_INTERRUPT_PENDING
                0x0000ac72                PVT_GET_FALL_INTERRUPT_PENDING
                0x0000aca4                PVT_CLEAR_RISE_INTERRUPT
                0x0000acd4                PVT_CLEAR_FALL_INTERRUPT
                0x0000ad06                PVT_GET_RISE_INTERRUPT_STATE
                0x0000ae18                PVT_GET_FALL_INTERRUPT_STATE
                0x0000af0e                PVT_CONVERT_TO_PROC
                0x0000af30                PVT_CONVERT_TO_VOLT
                0x0000af52                PVT_CONVERT_TO_CALIBRATED_VOLT
                0x0000af74                PVT_CONVERT_TO_TEMP
                0x0000af96                PVT_CONVERT_TO_CALIBRATED_TEMP
                0x0000afb8                PVT_GET_CURRENT_PROC_VALUE
                0x0000afd4                PVT_GET_CURRENT_VOLT_VALUE
                0x0000aff0                PVT_GET_CURRENT_TEMP_VALUE
                0x0000b00c                PVT_GET_PAST_PROC_VALUE
                0x0000b02a                PVT_GET_PAST_VOLT_VALUE
                0x0000b048                PVT_GET_PAST_TEMP_VALUE
                0x0000b066                PVT_SET_FALL_THRESHOLD
                0x0000b084                PVT_GET_FALL_THRESHOLD
                0x0000b0a2                PVT_SET_RISE_THRESHOLD
                0x0000b0c0                PVT_GET_RISE_THRESHOLD
                0x0000b0de                pvt_init
 .text          0x0000b12c      0x178 build/drivers/watchdog/CMakeFiles/watchdog.dir/dw_apb_wdt.c.o
                0x0000b12c                dw_apb_wdt_get_version
                0x0000b14c                dw_apb_wdt_get_enabled
                0x0000b170                dw_apb_wdt_set_timeout
                0x0000b1a0                dw_apb_wdt_enable
                0x0000b1c4                dw_apb_wdt_set_rmod
                0x0000b1f2                dw_apb_wdt_disable
                0x0000b218                dw_apb_wdt_kick
                0x0000b258                dw_apb_wdt_init
 .text          0x0000b2a4       0x74 build/tests/common/CMakeFiles/test_common.dir/test_mailbox_cb.c.o
                0x0000b2a4                test_cb
 .text          0x0000b318      0x354 build/tests/interrupt_test_helper_example/CMakeFiles/interrupt_test_helper_example.dir/example_test.c.o
                0x0000b326                TEST_interrupt_test_helper_example_SETUP
                0x0000b364                TEST_interrupt_test_helper_example_TEAR_DOWN
                0x0000b384                TEST_interrupt_test_helper_example_check_device_init_run
                0x0000b3c8                TEST_interrupt_test_helper_example_check_device_init_
                0x0000b3fc                TEST_interrupt_test_helper_example_check_set_device_state_run
                0x0000b440                TEST_interrupt_test_helper_example_check_set_device_state_
                0x0000b46a                TEST_interrupt_test_helper_example_is_isr_called_run
                0x0000b4b0                TEST_interrupt_test_helper_example_is_isr_called_
                0x0000b4da                TEST_interrupt_test_helper_example_check_updating_dev_state_by_isr_run
                0x0000b520                TEST_interrupt_test_helper_example_check_updating_dev_state_by_isr_
                0x0000b552                TEST_interrupt_test_helper_example_check_multi_calling_isr_run
                0x0000b598                TEST_interrupt_test_helper_example_check_multi_calling_isr_
                0x0000b5f4                TEST_interrupt_test_helper_example_1_GROUP_RUNNER
                0x0000b604                TEST_interrupt_test_helper_example_2_GROUP_RUNNER
                0x0000b628                example_driver_isr_test
                0x0000b650                cli_register_interrupt_helper_example
 .text          0x0000b66c       0xa4 build/tests/interrupt_test_helper_example/CMakeFiles/interrupt_test_helper_example.dir/example_driver.c.o
                0x0000b66c                driver_init
                0x0000b690                set_device_state
                0x0000b6b0                get_device_state
                0x0000b6c8                get_isr_call_count
                0x0000b6e0                driver_isr
 .text          0x0000b710       0x7c build/tests/arch/CMakeFiles/test_arch.dir/test_cli.c.o
                0x0000b744                test_cli
                0x0000b76c                cli_register_cli
 .text          0x0000b78c      0x580 build/tests/pcie/CMakeFiles/pcie_test.dir/test_pcie_main.c.o
                0x0000b78c                pcie_commands
                0x0000bc28                test_pcie_main
                0x0000bcd0                cli_register_pcie
                0x0000bcf0                cli_register_test_pcie
 .text          0x0000bd0c      0xca0 build/tests/pcie/CMakeFiles/pcie_test.dir/test_pcie_msix.c.o
                0x0000bd8c                test_pcie_request_msix
                0x0000be64                TEST_pcie_msix_test_SETUP
                0x0000be7c                TEST_pcie_msix_test_TEAR_DOWN
                0x0000c108                TEST_pcie_msix_test_raise_msix_pf_run
                0x0000c14c                TEST_pcie_msix_test_raise_msix_pf_
                0x0000c16c                TEST_pcie_msix_test_raise_msix_vf0_run
                0x0000c1b0                TEST_pcie_msix_test_raise_msix_vf0_
                0x0000c1d0                TEST_pcie_msix_test_raise_msix_vf1_run
                0x0000c214                TEST_pcie_msix_test_raise_msix_vf1_
                0x0000c234                TEST_pcie_msix_test_raise_msix_vf2_run
                0x0000c278                TEST_pcie_msix_test_raise_msix_vf2_
                0x0000c298                TEST_pcie_msix_test_raise_msix_vf3_run
                0x0000c2dc                TEST_pcie_msix_test_raise_msix_vf3_
                0x0000c2fc                TEST_pcie_msix_test_raise_msix_vf4_run
                0x0000c340                TEST_pcie_msix_test_raise_msix_vf4_
                0x0000c360                TEST_pcie_msix_test_raise_msix_vf5_run
                0x0000c3a4                TEST_pcie_msix_test_raise_msix_vf5_
                0x0000c3c4                TEST_pcie_msix_test_raise_msix_vf6_run
                0x0000c408                TEST_pcie_msix_test_raise_msix_vf6_
                0x0000c428                TEST_pcie_msix_test_raise_msix_vf7_run
                0x0000c46c                TEST_pcie_msix_test_raise_msix_vf7_
                0x0000c48c                TEST_pcie_msix_test_raise_msix_vf8_run
                0x0000c4d0                TEST_pcie_msix_test_raise_msix_vf8_
                0x0000c4f0                TEST_pcie_msix_test_raise_msix_vf9_run
                0x0000c534                TEST_pcie_msix_test_raise_msix_vf9_
                0x0000c554                TEST_pcie_msix_test_raise_msix_vf10_run
                0x0000c598                TEST_pcie_msix_test_raise_msix_vf10_
                0x0000c5b8                TEST_pcie_msix_test_raise_msix_vf11_run
                0x0000c5fc                TEST_pcie_msix_test_raise_msix_vf11_
                0x0000c61c                TEST_pcie_msix_test_raise_msix_vf12_run
                0x0000c660                TEST_pcie_msix_test_raise_msix_vf12_
                0x0000c680                TEST_pcie_msix_test_raise_msix_vf13_run
                0x0000c6c4                TEST_pcie_msix_test_raise_msix_vf13_
                0x0000c6e4                TEST_pcie_msix_test_raise_msix_vf14_run
                0x0000c728                TEST_pcie_msix_test_raise_msix_vf14_
                0x0000c748                TEST_pcie_msix_test_raise_msix_vf15_run
                0x0000c78c                TEST_pcie_msix_test_raise_msix_vf15_
                0x0000c7ac                TEST_pcie_msix_test_fail_to_raise_msix_pf1_run
                0x0000c7f0                TEST_pcie_msix_test_fail_to_raise_msix_pf1_
                0x0000c802                TEST_pcie_msix_test_fail_to_raise_msix_pf0_v0_run
                0x0000c848                TEST_pcie_msix_test_fail_to_raise_msix_pf0_v0_
                0x0000c85a                TEST_pcie_msix_test_fail_to_raise_msix_vf16_run
                0x0000c8a0                TEST_pcie_msix_test_fail_to_raise_msix_vf16_
                0x0000c8b2                TEST_pcie_msix_test_fail_to_raise_msix_vf0_v0_run
                0x0000c8f8                TEST_pcie_msix_test_fail_to_raise_msix_vf0_v0_
                0x0000c90a                TEST_raise_msix_pf_group_GROUP_RUNNER
                0x0000c916                TEST_raise_msix_vf_group_GROUP_RUNNER
                0x0000c95e                TEST_raise_msix_fail_group_GROUP_RUNNER
                0x0000c98a                test_pcie_msix
 .text          0x0000c9ac      0xfbc build/tests/pcie/CMakeFiles/pcie_test.dir/test_pcie_hdma.c.o
                0x0000d164                test_non_linked_list_write
                0x0000d1cc                test_non_linked_list_read
                0x0000d458                epf_test_start_hdma_linked_list
                0x0000d4f8                test_pcie_set_hdma_lut
                0x0000d590                test_pcie_invalidate_hdma_lut
                0x0000d5ec                test_pcie_prepare_data
                0x0000d654                test_pcie_hdma_non_ll_mode
                0x0000d76c                test_pcie_hdma_ll_mode
                0x0000d8b0                test_pcie_select_function
 .text          0x0000d968      0x218 build/tests/pcie/CMakeFiles/pcie_test.dir/test_pcie_capability.c.o
                0x0000d968                test_pcie_find_capability
                0x0000d9ec                test_pcie_find_ext_capability
                0x0000da70                test_pcie_disable_capability
                0x0000daf8                test_pcie_disable_ext_capability
 .text          0x0000db80      0x9d8 build/tests/pcie/CMakeFiles/pcie_test.dir/test_pcie_mode.c.o
                0x0000db80                test_pcie_set_speed
                0x0000dbec                test_pcie_set_width
                0x0000dc58                test_pcie_get_speed
                0x0000dcf4                test_pcie_get_width
                0x0000dd34                TEST_pcie_change_speed_SETUP
                0x0000dd60                TEST_pcie_change_speed_TEAR_DOWN
                0x0000dd8c                TEST_pcie_change_speed_change_speed_gen1_run
                0x0000ddd0                TEST_pcie_change_speed_change_speed_gen1_
                0x0000de1c                TEST_pcie_change_speed_change_speed_gen2_run
                0x0000de60                TEST_pcie_change_speed_change_speed_gen2_
                0x0000deac                TEST_pcie_change_speed_change_speed_gen3_run
                0x0000def0                TEST_pcie_change_speed_change_speed_gen3_
                0x0000df3c                TEST_pcie_change_speed_change_speed_gen4_run
                0x0000df80                TEST_pcie_change_speed_change_speed_gen4_
                0x0000dfcc                TEST_pcie_change_speed_change_speed_gen5_run
                0x0000e010                TEST_pcie_change_speed_change_speed_gen5_
                0x0000e05c                TEST_pcie_change_speed_fail_to_change_speed_gen6_run
                0x0000e0a0                TEST_pcie_change_speed_fail_to_change_speed_gen6_
                0x0000e0d0                TEST_pcie_change_speed_group_GROUP_RUNNER
                0x0000e0f0                TEST_pcie_change_width_SETUP
                0x0000e11c                TEST_pcie_change_width_TEAR_DOWN
                0x0000e148                TEST_pcie_change_width_change_speed_width_1_run
                0x0000e18c                TEST_pcie_change_width_change_speed_width_1_
                0x0000e1d8                TEST_pcie_change_width_change_speed_width_2_run
                0x0000e21c                TEST_pcie_change_width_change_speed_width_2_
                0x0000e268                TEST_pcie_change_width_change_speed_width_4_run
                0x0000e2ac                TEST_pcie_change_width_change_speed_width_4_
                0x0000e2f8                TEST_pcie_change_width_change_speed_width_8_run
                0x0000e33c                TEST_pcie_change_width_change_speed_width_8_
                0x0000e388                TEST_pcie_change_width_change_speed_width_16_run
                0x0000e3cc                TEST_pcie_change_width_change_speed_width_16_
                0x0000e418                TEST_pcie_change_width_fail_to_change_speed_width_32_run
                0x0000e45c                TEST_pcie_change_width_fail_to_change_speed_width_32_
                0x0000e48c                TEST_pcie_change_width_fail_to_change_speed_width_6_run
                0x0000e4d0                TEST_pcie_change_width_fail_to_change_speed_width_6_
                0x0000e500                TEST_pcie_change_width_group_GROUP_RUNNER
                0x0000e534                test_pcie_mode
 .text          0x0000e558      0xc18 build/tests/pcie/CMakeFiles/pcie_test.dir/test_pcie_iatu.c.o
                0x0000e59c                test_pcie_iatu_inbound
                0x0000e730                test_pcie_iatu_outbound
                0x0000e864                test_pcie_iatu_disable_region
                0x0000e8e8                test_pcie_outbound_write
                0x0000ea10                test_pcie_outbound_read
                0x0000eb00                test_pcie_iatu_disable_inbound_region_all
                0x0000eb34                test_pcie_show_iatu_table
                0x0000ed7c                TEST_pcie_iatu_SETUP
                0x0000ed8a                TEST_pcie_iatu_TEAR_DOWN
                0x0000ef04                TEST_pcie_iatu_change_resizable_bar01_run
                0x0000ef4c                TEST_pcie_iatu_change_resizable_bar01_
                0x0000ef5c                TEST_pcie_iatu_change_programmable_bar23_run
                0x0000efa4                TEST_pcie_iatu_change_programmable_bar23_
                0x0000efb4                TEST_pcie_iatu_change_programmable_bar4_run
                0x0000effc                TEST_pcie_iatu_change_programmable_bar4_
                0x0000f00c                TEST_pcie_iatu_change_resizable_vf_bar01_run
                0x0000f054                TEST_pcie_iatu_change_resizable_vf_bar01_
                0x0000f064                TEST_pcie_iatu_change_programmable_vf_bar23_run
                0x0000f0ac                TEST_pcie_iatu_change_programmable_vf_bar23_
                0x0000f0bc                TEST_pcie_iatu_change_programmable_vf_bar4_run
                0x0000f104                TEST_pcie_iatu_change_programmable_vf_bar4_
                0x0000f114                TEST_pcie_change_bar_size_group_pf_GROUP_RUNNER
                0x0000f128                TEST_pcie_change_bar_size_group_vf_GROUP_RUNNER
                0x0000f14c                test_pcie_iatu
 .text          0x0000f170      0x9ec build/tests/pcie/CMakeFiles/pcie_test.dir/test_pcie_history_store.c.o
                0x0000f550                test_pcie_show_history
                0x0000f6b8                test_pcie_clear_buffer
                0x0000f7fc                test_pcie_history_store
 .text          0x0000fb5c      0x4b8 build/tests/pcie/CMakeFiles/pcie_test.dir/test_pcie_doe.c.o
                0x0000fbdc                test_pcie_write_to_rmb
                0x0000fcf4                test_pcie_doe_print_wmb_data
                0x0000fdb4                test_pcie_doe_setup_addr
                0x0000fe1c                TEST_pcie_doe_test_SETUP
                0x0000fe34                TEST_pcie_doe_test_TEAR_DOWN
                0x0000fe4c                TEST_pcie_doe_test_pcie_doe_lb_run
                0x0000fe90                TEST_pcie_doe_test_pcie_doe_lb_
                0x0000fff0                test_pcie_doe
 .text          0x00010014       0xf8 build/tests/pcie/CMakeFiles/pcie_test.dir/test_pcie_ide.c.o
                0x00010014                test_pcie_ide
                0x00010084                test_pcie_ide_key_swap
 .text          0x0001010c      0x430 build/tests/pcie/CMakeFiles/pcie_test.dir/test_pcie_ide_scenario.c.o
                0x00010150                write_to_rmb
                0x000104d0                test_pcie_ide_key_mg
                0x00010520                cli_register_test_ide
 .text          0x0001053c      0x270 build/tests/pcie/CMakeFiles/pcie_test.dir/test_pcie_rasdp.c.o
                0x00010618                test_pcie_rasdp
 .text          0x000107ac      0xbb0 build/tests/pcie/CMakeFiles/pcie_test.dir/test_pcie_rasdes.c.o
                0x00010844                test_pcie_rasdes_tba
                0x00010b04                test_pcie_rasdes_ecnt
                0x00010c68                test_pcie_rasdes_sd
                0x000111ec                test_pcie_rasdes_sd_eq
 .text          0x0001135c      0xcd0 build/tests/pcie/CMakeFiles/pcie_test.dir/test_pcie_epf.c.o
                0x0001135c                crc32_le
                0x000113cc                get_random_bytes
                0x00011d48                pcie_epf_main
                0x00012010                cli_register_pcie_epf
 .text          0x0001202c      0x360 build/tests/mailbox/CMakeFiles/mailbox_test.dir/test_mailbox_main.c.o
                0x0001202c                test_mailbox_inter_chiplet
                0x00012120                test_mailbox_loopback
                0x00012224                test_main_mailbox
                0x0001236c                cli_register_test_mailbox
 .text          0x0001238c       0xa8 build/tests/arch/arm/CMakeFiles/test_arm.dir/test_cm7.c.o
                0x000123d2                test_cm7_cli
                0x00012414                cli_register_cm7
 .text          0x00012434      0x35c build/tests/log/CMakeFiles/show_log.dir/rebel_h_log.c.o
                0x000125d0                print_log
                0x00012750                test_main_log
                0x00012770                cli_register_show_log
 .text          0x00012790       0xac build/tests/interrupt_test/CMakeFiles/test_irq.dir/test_m7_irq.c.o
                0x00012790                call_all_pcie_isr
                0x000127b8                call_specific_isr
                0x000127ce                test_m7_pcie_isr
                0x0001281e                cli_register_test_irq
 .text          0x0001283c      0x358 build/tests/pvt_con/CMakeFiles/pvt_cli.dir/pvt_cli.c.o
                0x0001283c                pvt_cli
                0x00012b74                cli_register_pvt
 .text          0x00012b94      0x838 build/tests/pvt_con/CMakeFiles/pvt_cli.dir/pvt_cli_show.c.o
                0x00012b94                pvt_cli_show_process
                0x00012ca8                pvt_cli_show_voltage
                0x00012e20                pvt_cli_save_otp
                0x00012ef4                pvt_cli_get_current_temperature
                0x00012f88                pvt_cli_show_temperature
                0x000130c4                pvt_cli_show_interrupt
                0x000132e8                pvt_cli_show_dram
 .text          0x000133cc      0x224 build/tests/pvt_con/CMakeFiles/pvt_cli.dir/pvt_cli_enable.c.o
                0x000133cc                pvt_cli_enable_dfs
                0x00013404                pvt_cli_enable_trip
                0x0001343c                pvt_cli_enable_process
                0x000134c4                pvt_cli_enable_voltage
                0x00013558                pvt_cli_enable_temperature
 .text          0x000135f0      0x1c4 build/tests/pvt_con/CMakeFiles/pvt_cli.dir/pvt_cli_disable.c.o
                0x000135f0                pvt_cli_disable_dfs
                0x00013628                pvt_cli_disable_trip
                0x00013660                pvt_cli_disable_process
                0x000136d0                pvt_cli_disable_voltage
                0x00013740                pvt_cli_disable_temperature
 .text          0x000137b4       0xb4 build/tests/pvt_con/CMakeFiles/pvt_cli.dir/pvt_cli_set.c.o
                0x000137b4                pvt_cli_set_dfs_trip_threshold
                0x00013830                pvt_cli_set_sampling_interval
 .text          0x00013868        0x0 libfreertos_kernel.a(queue.c.o)
 .text          0x00013868       0x98 libfreertos_kernel.a(tasks.c.o)
 .text          0x00013900        0x0 libfreertos_kernel.a(timers.c.o)
 .text          0x00013900       0xbc libfreertos_kernel.a(heap_4.c.o)
                0x00013900                vPortGetHeapStats
 .text          0x000139bc        0x0 libfreertos_kernel.a(list.c.o)
 .text          0x000139bc        0x0 portable/libfreertos_kernel_port.a(start.S.o)
 .text          0x000139bc      0x77c portable/libfreertos_kernel_port.a(system_rebelh_cm7.c.o)
                0x00013a90                exception_enable
                0x00013ae4                exception_priority
                0x00013af2                mpu_configuration
                0x00013b08                mpu_enable
                0x00013b16                SystemCoreClockUpdate
                0x00013b34                mpu_clear
                0x00013b70                bss_clear
                0x00013ba0                system_init
 *fill*         0x00014138        0x8 
 .text          0x00014140      0x308 portable/libfreertos_kernel_port.a(port.c.o)
                0x000141a4                SVC_Handler
                0x000141ee                vPortEnterCritical
                0x00014258                vPortExitCritical
                0x000142b0                PendSV_Handler
                0x00014316                SysTick_Handler
                0x00014360                vPortSetupTimerInterrupt
                0x000143be                vPortValidateInterruptPriority
 .text          0x00014448       0x14 portable/libfreertos_kernel_port.a(fpu.S.o)
                0x00014448                fpu_enable
 .text          0x0001445c       0x88 build/drivers/common/libdriver.a(driver.c.o)
                0x0001445c                init_drivers_by_calling_init_entry
 .text          0x000144e4       0xe8 build/drivers/common/libassert.a(assert.c.o)
                0x000144e4                assert
                0x0001451a                assert_with_message
                0x00014550                conditional_assert
                0x00014586                conditional_assert_with_message
 .text          0x000145cc      0x1fc build/drivers/common/libinterrupt.a(interrupt.c.o)
                0x000146d0                set_dev_interrupt_priority
                0x000146ee                enable_dev_interrupt
                0x00014708                enable_all_interrupts
                0x00014726                disable_all_interrupts
                0x00014750                connect_interrupt_with_handler
 .text          0x000147c8       0xb8 build/drivers/bat/libbat.a(bat.c.o)
                0x000147c8                bat_set_page
 .text          0x00014880      0x158 services/cli_service/libcli_service.a(cli_task.c.o)
                0x00014880                cli_task_init
                0x000148e0                cli_task
                0x000149a0                cli_enqueue
 .text          0x000149d8      0xf80 services/cli_service/libcli_service.a(sys_command_line.c.o)
                0x00014afc                cli_cmd_cmp
                0x00014e2c                cli_init
                0x00014ee0                cli_find_function
                0x00015164                cli_rx_handle
                0x00015896                cli_run
                0x000158b4                cli_register
 .text          0x00015958       0xdc services/terminal_service/libterminal_service.a(console_uart.c.o)
                0x000159c4                console_uart_init
                0x00015a00                console_uart_enable
                0x00015a18                console_uart_putc
 .text          0x00015a34      0x34c services/terminal_service/libterminal_service.a(console.c.o)
                0x00015a34                console_dev_register
                0x00015a88                console_putc
                0x00015ad4                console_flush
                0x00015b78                console_assert_print
                0x00015bb2                console_register_rx_handler
                0x00015d60                cli_register_console
 .text          0x00015d80      0x378 services/terminal_service/libterminal_service.a(terminal_task.c.o)
                0x00015d80                terminal_rx_handler
                0x00015d9a                terminal_init
                0x00015df4                terminal_task
                0x00015e60                terminal_tx_bytes
                0x00015f50                terminal_tx_byte
                0x00016014                terminal_printf
                0x000160ae                terminal_print_buf
 .text          0x000160f8     0x2040 build/unity/libunity.a(unity.c.o)
                0x00016168                UnityPrint
                0x00016198                UnityPrintLen
                0x00016232                UnityPrintNumberByStyle
                0x000162f8                UnityPrintNumber
                0x00016324                UnityPrintNumberUnsigned
                0x00016390                UnityPrintNumberHex
                0x000163f6                UnityPrintMask
                0x00016452                UnityPrintFloat
                0x00016920                UnityConcludeTest
                0x00016b28                UnityAssertBits
                0x00016b9c                UnityAssertEqualNumber
                0x00016c08                UnityAssertGreaterOrLessOrEqualNumber
                0x00016d48                UnityAssertEqualIntArray
                0x00017096                UnityAssertWithinFloatArray
                0x00017278                UnityAssertFloatsWithin
                0x000172f4                UnityAssertFloatsNotWithin
                0x00017370                UnityAssertGreaterOrLessFloat
                0x000174a8                UnityAssertFloatSpecial
                0x00017688                UnityAssertNumbersWithin
                0x00017788                UnityAssertNumbersArrayWithin
                0x00017a18                UnityAssertEqualString
                0x00017ac4                UnityAssertEqualStringLen
                0x00017b80                UnityAssertEqualStringArray
                0x00017cd8                UnityAssertEqualMemory
                0x00017e38                UnityNumToPtr
                0x00017e80                UnityFloatToPtr
                0x00017ea4                UnityFail
                0x00017f48                UnityIgnore
                0x00017fa0                UnityMessage
                0x00017fec                UnityDefaultTestRun
                0x00018038                UnitySetTestFile
                0x00018058                UnityBegin
                0x000180ac                UnityEnd
 .text          0x00018138      0x654 build/unity/libunity.a(unity_fixture.c.o)
                0x00018138                set_up
                0x00018146                tear_down
                0x00018198                UnityMain
                0x00018280                UnityTestRunner
                0x00018310                UnityIgnoreTest
                0x0001837c                UnityPointer_Init
                0x00018394                UnityPointer_Set
                0x000183f4                UnityPointer_UndoAllSets
                0x00018438                UnityGetCommandLineOptions
                0x00018718                UnityConcludeFixtureTest
 .text          0x0001878c      0x448 build/interrupt_test_helper/libinterrupt_test_helper.a(interrupt_test_helper.c.o)
                0x00018a98                interrupt_test_init
                0x00018b20                interrupt_set_pending
                0x00018b3a                interrupt_clear_pending
                0x00018b54                interrupt_test_end
 .text          0x00018bd4        0x0 libfreertos_kernel.a(event_groups.c.o)
 .text          0x00018bd4        0x0 libfreertos_kernel.a(stream_buffer.c.o)
 *fill*         0x00018bd4        0x4 
 .text          0x00018bd8     0x1908 build/common/arch/libcommon.a(printf.c.o)
                0x0001a39e                printf_
                0x0001a3d4                sprintf_
                0x0001a40c                snprintf_
                0x0001a444                vprintf_
                0x0001a470                vsnprintf_
                0x0001a49c                fctprintf
 .text          0x0001a4e0      0x280 build/common/arch/libcommon.a(system_api.c.o)
                0x0001a604                ndelay
                0x0001a664                udelay
                0x0001a6c0                mdelay
                0x0001a718                delay
 .text          0x0001a760       0x30 /tools/arm-gnu-toolchain-13.2.Rel1-x86_64-arm-none-eabi/bin/../lib/gcc/arm-none-eabi/13.2.1/thumb/v7e-m+dp/hard/libgcc.a(_aeabi_uldivmod.o)
                0x0001a760                __aeabi_uldivmod
 .text          0x0001a790        0x0 /tools/arm-gnu-toolchain-13.2.Rel1-x86_64-arm-none-eabi/bin/../lib/gcc/arm-none-eabi/13.2.1/thumb/v7e-m+dp/hard/libgcc.a(_udivmoddi4.o)
 .text          0x0001a790        0x4 /tools/arm-gnu-toolchain-13.2.Rel1-x86_64-arm-none-eabi/bin/../lib/gcc/arm-none-eabi/13.2.1/thumb/v7e-m+dp/hard/libgcc.a(_dvmd_tls.o)
                0x0001a790                __aeabi_ldiv0
                0x0001a790                __aeabi_idiv0
 .text          0x0001a794        0x0 /tools/arm-gnu-toolchain-13.2.Rel1-x86_64-arm-none-eabi/bin/../lib/gcc/arm-none-eabi/13.2.1/../../../../arm-none-eabi/lib/thumb/v7e-m+dp/hard/libg.a(libc_a-strtol.o)
 .text          0x0001a794        0x0 /tools/arm-gnu-toolchain-13.2.Rel1-x86_64-arm-none-eabi/bin/../lib/gcc/arm-none-eabi/13.2.1/../../../../arm-none-eabi/lib/thumb/v7e-m+dp/hard/libg.a(libc_a-strtoul.o)
 .text          0x0001a794        0x0 /tools/arm-gnu-toolchain-13.2.Rel1-x86_64-arm-none-eabi/bin/../lib/gcc/arm-none-eabi/13.2.1/../../../../arm-none-eabi/lib/thumb/v7e-m+dp/hard/libg.a(libc_a-strncmp.o)
 .text          0x0001a794        0x0 /tools/arm-gnu-toolchain-13.2.Rel1-x86_64-arm-none-eabi/bin/../lib/gcc/arm-none-eabi/13.2.1/../../../../arm-none-eabi/lib/thumb/v7e-m+dp/hard/libg.a(libc_a-strtoll.o)
 .text          0x0001a794        0x0 /tools/arm-gnu-toolchain-13.2.Rel1-x86_64-arm-none-eabi/bin/../lib/gcc/arm-none-eabi/13.2.1/../../../../arm-none-eabi/lib/thumb/v7e-m+dp/hard/libg.a(libc_a-strncpy.o)
 .text          0x0001a794        0x0 /tools/arm-gnu-toolchain-13.2.Rel1-x86_64-arm-none-eabi/bin/../lib/gcc/arm-none-eabi/13.2.1/../../../../arm-none-eabi/lib/thumb/v7e-m+dp/hard/libg.a(libc_a-strtoull.o)
 .text          0x0001a794        0x0 /tools/arm-gnu-toolchain-13.2.Rel1-x86_64-arm-none-eabi/bin/../lib/gcc/arm-none-eabi/13.2.1/../../../../arm-none-eabi/lib/thumb/v7e-m+dp/hard/libg.a(libc_a-strpbrk.o)
 *fill*         0x0001a794       0x2c 
 .text          0x0001a7c0       0xd8 /tools/arm-gnu-toolchain-13.2.Rel1-x86_64-arm-none-eabi/bin/../lib/gcc/arm-none-eabi/13.2.1/../../../../arm-none-eabi/lib/thumb/v7e-m+dp/hard/libg.a(libc_a-strlen.o)
                0x0001a7c0                strlen
 .text          0x0001a898        0x0 /tools/arm-gnu-toolchain-13.2.Rel1-x86_64-arm-none-eabi/bin/../lib/gcc/arm-none-eabi/13.2.1/../../../../arm-none-eabi/lib/thumb/v7e-m+dp/hard/libg.a(libc_a-strspn.o)
 .text          0x0001a898        0x0 /tools/arm-gnu-toolchain-13.2.Rel1-x86_64-arm-none-eabi/bin/../lib/gcc/arm-none-eabi/13.2.1/../../../../arm-none-eabi/lib/thumb/v7e-m+dp/hard/libg.a(libc_a-strstr.o)
 .text          0x0001a898        0x0 /tools/arm-gnu-toolchain-13.2.Rel1-x86_64-arm-none-eabi/bin/../lib/gcc/arm-none-eabi/13.2.1/../../../../arm-none-eabi/lib/thumb/v7e-m+dp/hard/libg.a(libc_a-errno.o)
 .text          0x0001a898        0x0 /tools/arm-gnu-toolchain-13.2.Rel1-x86_64-arm-none-eabi/bin/../lib/gcc/arm-none-eabi/13.2.1/../../../../arm-none-eabi/lib/thumb/v7e-m+dp/hard/libg.a(libc_a-time.o)
 .text          0x0001a898        0x0 /tools/arm-gnu-toolchain-13.2.Rel1-x86_64-arm-none-eabi/bin/../lib/gcc/arm-none-eabi/13.2.1/../../../../arm-none-eabi/lib/thumb/v7e-m+dp/hard/libg.a(libc_a-memcmp.o)
 .text          0x0001a898        0x0 /tools/arm-gnu-toolchain-13.2.Rel1-x86_64-arm-none-eabi/bin/../lib/gcc/arm-none-eabi/13.2.1/../../../../arm-none-eabi/lib/thumb/v7e-m+dp/hard/libg.a(libc_a-memset.o)
 *fill*         0x0001a898        0x8 
 .text          0x0001a8a0      0x2e0 /tools/arm-gnu-toolchain-13.2.Rel1-x86_64-arm-none-eabi/bin/../lib/gcc/arm-none-eabi/13.2.1/../../../../arm-none-eabi/lib/thumb/v7e-m+dp/hard/libg.a(libc_a-strcmp.o)
                0x0001a8a0                strcmp
 .text          0x0001ab80        0x0 /tools/arm-gnu-toolchain-13.2.Rel1-x86_64-arm-none-eabi/bin/../lib/gcc/arm-none-eabi/13.2.1/../../../../arm-none-eabi/lib/thumb/v7e-m+dp/hard/libg.a(libc_a-atoi.o)
 .text          0x0001ab80        0x0 /tools/arm-gnu-toolchain-13.2.Rel1-x86_64-arm-none-eabi/bin/../lib/gcc/arm-none-eabi/13.2.1/../../../../arm-none-eabi/lib/thumb/v7e-m+dp/hard/libg.a(libc_a-strchr.o)
 .text          0x0001ab80        0x0 /tools/arm-gnu-toolchain-13.2.Rel1-x86_64-arm-none-eabi/bin/../lib/gcc/arm-none-eabi/13.2.1/../../../../arm-none-eabi/lib/thumb/v7e-m+dp/hard/libg.a(libc_a-rand.o)
 .text          0x0001ab80        0x0 /tools/arm-gnu-toolchain-13.2.Rel1-x86_64-arm-none-eabi/bin/../lib/gcc/arm-none-eabi/13.2.1/../../../../arm-none-eabi/lib/thumb/v7e-m+dp/hard/libg.a(libc_a-ctype_.o)
 .text          0x0001ab80        0x0 /tools/arm-gnu-toolchain-13.2.Rel1-x86_64-arm-none-eabi/bin/../lib/gcc/arm-none-eabi/13.2.1/../../../../arm-none-eabi/lib/thumb/v7e-m+dp/hard/libg.a(libc_a-impure.o)
 .text          0x0001ab80        0x0 /tools/arm-gnu-toolchain-13.2.Rel1-x86_64-arm-none-eabi/bin/../lib/gcc/arm-none-eabi/13.2.1/../../../../arm-none-eabi/lib/thumb/v7e-m+dp/hard/libg.a(libc_a-findfp.o)
 .text          0x0001ab80      0x134 /tools/arm-gnu-toolchain-13.2.Rel1-x86_64-arm-none-eabi/bin/../lib/gcc/arm-none-eabi/13.2.1/../../../../arm-none-eabi/lib/thumb/v7e-m+dp/hard/libg.a(libc_a-memcpy.o)
                0x0001ab80                memcpy
 .text          0x0001acb4        0x0 /tools/arm-gnu-toolchain-13.2.Rel1-x86_64-arm-none-eabi/bin/../lib/gcc/arm-none-eabi/13.2.1/../../../../arm-none-eabi/lib/thumb/v7e-m+dp/hard/libg.a(libc_a-strnlen.o)
 .text          0x0001acb4        0x0 /tools/arm-gnu-toolchain-13.2.Rel1-x86_64-arm-none-eabi/bin/../lib/gcc/arm-none-eabi/13.2.1/../../../../arm-none-eabi/lib/thumb/v7e-m+dp/hard/libg.a(libc_a-gettimeofdayr.o)
 .text          0x0001acb4        0x0 /tools/arm-gnu-toolchain-13.2.Rel1-x86_64-arm-none-eabi/bin/../lib/gcc/arm-none-eabi/13.2.1/../../../../arm-none-eabi/lib/thumb/v7e-m+dp/hard/libg.a(libc_a-stdio.o)
 .text          0x0001acb4        0x0 /tools/arm-gnu-toolchain-13.2.Rel1-x86_64-arm-none-eabi/bin/../lib/gcc/arm-none-eabi/13.2.1/../../../../arm-none-eabi/lib/thumb/v7e-m+dp/hard/libg.a(libc_a-fwalk.o)
 .text          0x0001acb4        0x0 /tools/arm-gnu-toolchain-13.2.Rel1-x86_64-arm-none-eabi/bin/../lib/gcc/arm-none-eabi/13.2.1/../../../../arm-none-eabi/lib/thumb/v7e-m+dp/hard/libg.a(libc_a-writer.o)
 .text          0x0001acb4        0x0 /tools/arm-gnu-toolchain-13.2.Rel1-x86_64-arm-none-eabi/bin/../lib/gcc/arm-none-eabi/13.2.1/../../../../arm-none-eabi/lib/thumb/v7e-m+dp/hard/libg.a(libc_a-mallocr.o)
 .text          0x0001acb4        0x0 /tools/arm-gnu-toolchain-13.2.Rel1-x86_64-arm-none-eabi/bin/../lib/gcc/arm-none-eabi/13.2.1/../../../../arm-none-eabi/lib/thumb/v7e-m+dp/hard/libg.a(libc_a-lock.o)
 .text          0x0001acb4        0x0 /tools/arm-gnu-toolchain-13.2.Rel1-x86_64-arm-none-eabi/bin/../lib/gcc/arm-none-eabi/13.2.1/../../../../arm-none-eabi/lib/thumb/v7e-m+dp/hard/libg.a(libc_a-fclose.o)
 .text          0x0001acb4        0x0 /tools/arm-gnu-toolchain-13.2.Rel1-x86_64-arm-none-eabi/bin/../lib/gcc/arm-none-eabi/13.2.1/../../../../arm-none-eabi/lib/thumb/v7e-m+dp/hard/libg.a(libc_a-mlock.o)
 .text          0x0001acb4        0x0 /tools/arm-gnu-toolchain-13.2.Rel1-x86_64-arm-none-eabi/bin/../lib/gcc/arm-none-eabi/13.2.1/../../../../arm-none-eabi/lib/thumb/v7e-m+dp/hard/libg.a(libc_a-closer.o)
 .text          0x0001acb4        0x0 /tools/arm-gnu-toolchain-13.2.Rel1-x86_64-arm-none-eabi/bin/../lib/gcc/arm-none-eabi/13.2.1/../../../../arm-none-eabi/lib/thumb/v7e-m+dp/hard/libg.a(libc_a-reent.o)
 .text          0x0001acb4        0x0 /tools/arm-gnu-toolchain-13.2.Rel1-x86_64-arm-none-eabi/bin/../lib/gcc/arm-none-eabi/13.2.1/../../../../arm-none-eabi/lib/thumb/v7e-m+dp/hard/libg.a(libc_a-fflush.o)
 .text          0x0001acb4        0x0 /tools/arm-gnu-toolchain-13.2.Rel1-x86_64-arm-none-eabi/bin/../lib/gcc/arm-none-eabi/13.2.1/../../../../arm-none-eabi/lib/thumb/v7e-m+dp/hard/libg.a(libc_a-freer.o)
 .text          0x0001acb4        0x0 /tools/arm-gnu-toolchain-13.2.Rel1-x86_64-arm-none-eabi/bin/../lib/gcc/arm-none-eabi/13.2.1/../../../../arm-none-eabi/lib/thumb/v7e-m+dp/hard/libg.a(libc_a-lseekr.o)
 .text          0x0001acb4        0x0 /tools/arm-gnu-toolchain-13.2.Rel1-x86_64-arm-none-eabi/bin/../lib/gcc/arm-none-eabi/13.2.1/../../../../arm-none-eabi/lib/thumb/v7e-m+dp/hard/libg.a(libc_a-readr.o)
 .text          0x0001acb4        0x0 /tools/arm-gnu-toolchain-13.2.Rel1-x86_64-arm-none-eabi/bin/../lib/gcc/arm-none-eabi/13.2.1/../../../../arm-none-eabi/lib/thumb/v7e-m+dp/hard/libg.a(libc_a-sbrkr.o)

.glue_7         0x0001acb4        0x0
 .glue_7        0x0001acb4        0x0 linker stubs

.glue_7t        0x0001acb4        0x0
 .glue_7t       0x0001acb4        0x0 linker stubs

.vfp11_veneer   0x0001acb4        0x0
 .vfp11_veneer  0x0001acb4        0x0 linker stubs

.v4_bx          0x0001acb4        0x0
 .v4_bx         0x0001acb4        0x0 linker stubs

.iplt           0x0001acb4        0x0
 .iplt          0x0001acb4        0x0 CMakeFiles/freertos_kernel.elf.dir/main_cm7.c.o

privileged_functions
                0x0001acb4     0x6bc6
 privileged_functions
                0x0001acb4     0x1800 libfreertos_kernel.a(queue.c.o)
                0x0001acb4                xQueueGenericSend
                0x0001af00                xQueuePeek
                0x0001b0d4                xQueuePeekFromISR
                0x0001b1bc                xQueueReceive
                0x0001b38c                uxQueueMessagesWaiting
                0x0001b3ce                uxQueueSpacesAvailable
                0x0001b41a                vQueueDelete
                0x0001b456                xQueueGenericSendFromISR
                0x0001b604                xQueueGiveFromISR
                0x0001b78a                xQueueReceiveFromISR
                0x0001b8ce                xQueueIsQueueEmptyFromISR
                0x0001b91c                xQueueIsQueueFullFromISR
                0x0001b96e                uxQueueMessagesWaitingFromISR
                0x0001b9b0                xQueueCreateMutex
                0x0001b9e0                xQueueCreateCountingSemaphore
                0x0001ba42                xQueueSemaphoreTake
                0x0001bc50                xQueueTakeMutexRecursive
                0x0001bcc2                xQueueGiveMutexRecursive
                0x0001bd30                xQueueGenericCreate
                0x0001bdd2                xQueueCreateSet
                0x0001bdf0                xQueueAddToSet
                0x0001be32                xQueueRemoveFromSet
                0x0001be7a                xQueueSelectFromSet
                0x0001bea0                xQueueSelectFromSetFromISR
                0x0001bec4                vQueueWaitForMessageRestricted
                0x0001bf2c                xQueueGenericReset
                0x0001c058                vQueueSetQueueNumber
                0x0001c074                uxQueueGetQueueNumber
                0x0001c08c                ucQueueGetQueueType
                0x0001c0a6                uxQueueGetQueueItemSize
                0x0001c0be                uxQueueGetQueueLength
 privileged_functions
                0x0001c4b4     0x2aac libfreertos_kernel.a(tasks.c.o)
                0x0001c4b4                xTaskCreate
                0x0001c4fc                vTaskDelay
                0x0001c56c                xTaskDelayUntil
                0x0001c67c                eTaskGetState
                0x0001c778                vTaskGetInfo
                0x0001c88c                vTaskSuspend
                0x0001c9d4                vTaskResume
                0x0001cae4                vTaskStartScheduler
                0x0001cb88                vTaskEndScheduler
                0x0001cbbc                vTaskSuspendAll
                0x0001cbd8                xTaskResumeAll
                0x0001cde8                xTaskGetTickCount
                0x0001ce08                xTaskGetTickCountFromISR
                0x0001ce2c                uxTaskGetNumberOfTasks
                0x0001ce44                pcTaskGetName
                0x0001ce94                uxTaskGetSystemState
                0x0001cf88                xTaskGenericNotify
                0x0001d1e8                xTaskGenericNotifyFromISR
                0x0001d4c0                xTaskGenericNotifyWait
                0x0001d5e8                vTaskGenericNotifyGiveFromISR
                0x0001d80c                ulTaskGenericNotifyTake
                0x0001d900                xTaskGenericNotifyStateClear
                0x0001d97c                ulTaskGenericNotifyValueClear
                0x0001d9f8                vTaskSetTimeOutState
                0x0001da4c                xTaskCheckForTimeOut
                0x0001db24                xTaskCatchUpTicks
                0x0001db80                xTaskIncrementTick
                0x0001ddb4                vTaskPlaceOnEventList
                0x0001de04                vTaskPlaceOnUnorderedEventList
                0x0001debc                vTaskPlaceOnEventListRestricted
                0x0001df4c                xTaskRemoveFromEventList
                0x0001e100                vTaskRemoveFromUnorderedEventList
                0x0001e28c                vTaskSwitchContext
                0x0001e358                uxTaskResetEventItemValue
                0x0001e388                xTaskGetCurrentTaskHandle
                0x0001e3a8                vTaskMissedYield
                0x0001e3c0                xTaskGetSchedulerState
                0x0001e3fc                xTaskPriorityInherit
                0x0001e538                xTaskPriorityDisinherit
                0x0001e68c                vTaskPriorityDisinheritAfterTimeout
                0x0001e808                uxTaskGetTaskNumber
                0x0001e834                vTaskSetTaskNumber
                0x0001e85a                pvTaskIncrementMutexHeldCount
                0x0001e888                vTaskInternalSetTimeOutState
 privileged_functions
                0x0001ef60      0xad8 libfreertos_kernel.a(timers.c.o)
                0x0001ef60                xTimerCreate
                0x0001efa2                pvTimerGetTimerID
                0x0001efe8                vTimerSetTimerID
                0x0001f02e                xTimerIsTimerActive
                0x0001f086                xTimerGetTimerDaemonTaskHandle
                0x0001f0c4                xTimerPendFunctionCallFromISR
                0x0001f104                xTimerPendFunctionCall
                0x0001f168                pcTimerGetName
                0x0001f1a6                vTimerSetReloadMode
                0x0001f212                xTimerGetReloadMode
                0x0001f26a                uxTimerGetReloadMode
                0x0001f286                xTimerGetPeriod
                0x0001f2c4                xTimerGetExpiryTime
                0x0001f306                xTimerCreateTimerTask
                0x0001f370                xTimerGenericCommandFromTask
                0x0001f420                xTimerGenericCommandFromISR
                0x0001f4b0                vTimerSetTimerNumber
                0x0001f4cc                uxTimerGetTimerNumber
 privileged_functions
                0x0001fa38      0x5bc libfreertos_kernel.a(heap_4.c.o)
                0x0001fa38                pvPortMalloc
                0x0001fcb4                pvPortCalloc
                0x0001fd14                vPortFree
                0x0001fe0c                vPortInitialiseBlocks
                0x0001fe1a                xPortGetFreeHeapSize
                0x0001fe30                xPortGetMinimumEverFreeHeapSize
 privileged_functions
                0x0001fff4      0x168 libfreertos_kernel.a(list.c.o)
                0x0001fff4                vListInitialise
                0x00020034                vListInitialiseItem
                0x0002004e                vListInsert
                0x000200c0                vListInsertEnd
                0x00020108                uxListRemove
 privileged_functions
                0x0002015c      0x244 portable/libfreertos_kernel_port.a(port.c.o)
                0x0002015c                pxPortInitialiseStack
                0x000201c4                xPortStartScheduler
                0x00020364                vPortEndScheduler
 privileged_functions
                0x000203a0      0x6cc libfreertos_kernel.a(event_groups.c.o)
                0x000203a0                xEventGroupCreate
                0x000203ce                xEventGroupWaitBits
                0x00020580                xEventGroupClearBits
                0x000205fa                xEventGroupClearBitsFromISR
                0x00020620                xEventGroupSetBits
                0x00020740                xEventGroupSetBitsFromISR
                0x00020768                xEventGroupSync
                0x000208d4                xEventGroupGetBitsFromISR
                0x00020920                vEventGroupDelete
                0x000209aa                vEventGroupSetBitsCallback
                0x000209c4                vEventGroupClearBitsCallback
                0x000209de                uxEventGroupGetNumber
                0x00020a0a                vEventGroupSetNumber
 privileged_functions
                0x00020a6c      0xe0e libfreertos_kernel.a(stream_buffer.c.o)
                0x00020a6c                xStreamBufferSend
                0x00020c1e                xStreamBufferSendFromISR
                0x00020d14                xStreamBufferReceive
                0x00020e56                xStreamBufferReceiveFromISR
                0x00020f44                vStreamBufferDelete
                0x00020f98                xStreamBufferIsFull
                0x00020ffe                xStreamBufferIsEmpty
                0x00021054                xStreamBufferReset
                0x000210e4                xStreamBufferSpacesAvailable
                0x00021160                xStreamBufferBytesAvailable
                0x000211a0                xStreamBufferSetTriggerLevel
                0x00021202                xStreamBufferSendCompletedFromISR
                0x00021296                xStreamBufferReceiveCompletedFromISR
                0x0002132a                xStreamBufferGenericCreate
                0x0002140a                xStreamBufferNextMessageLengthBytes
                0x0002149e                vStreamBufferSetStreamBufferNumber
                0x000214ba                uxStreamBufferGetStreamBufferNumber
                0x000214d2                ucStreamBufferGetStreamBufferType

.text.__udivmoddi4
                0x0002187c      0x2bc
 .text.__udivmoddi4
                0x0002187c      0x2bc /tools/arm-gnu-toolchain-13.2.Rel1-x86_64-arm-none-eabi/bin/../lib/gcc/arm-none-eabi/13.2.1/thumb/v7e-m+dp/hard/libgcc.a(_udivmoddi4.o)
                0x0002187c                __udivmoddi4

.text._strtol_l.isra.0
                0x00021b38      0x138
 .text._strtol_l.isra.0
                0x00021b38      0x138 /tools/arm-gnu-toolchain-13.2.Rel1-x86_64-arm-none-eabi/bin/../lib/gcc/arm-none-eabi/13.2.1/../../../../arm-none-eabi/lib/thumb/v7e-m+dp/hard/libg.a(libc_a-strtol.o)

.text._strtol_r
                0x00021c70        0x4
 .text._strtol_r
                0x00021c70        0x4 /tools/arm-gnu-toolchain-13.2.Rel1-x86_64-arm-none-eabi/bin/../lib/gcc/arm-none-eabi/13.2.1/../../../../arm-none-eabi/lib/thumb/v7e-m+dp/hard/libg.a(libc_a-strtol.o)
                0x00021c70                _strtol_r

.text.strtol_l  0x00021c74       0x1c
 .text.strtol_l
                0x00021c74       0x1c /tools/arm-gnu-toolchain-13.2.Rel1-x86_64-arm-none-eabi/bin/../lib/gcc/arm-none-eabi/13.2.1/../../../../arm-none-eabi/lib/thumb/v7e-m+dp/hard/libg.a(libc_a-strtol.o)
                0x00021c74                strtol_l

.text.strtol    0x00021c90       0x1c
 .text.strtol   0x00021c90       0x1c /tools/arm-gnu-toolchain-13.2.Rel1-x86_64-arm-none-eabi/bin/../lib/gcc/arm-none-eabi/13.2.1/../../../../arm-none-eabi/lib/thumb/v7e-m+dp/hard/libg.a(libc_a-strtol.o)
                0x00021c90                strtol

.text._strtoul_l.isra.0
                0x00021cac      0x134
 .text._strtoul_l.isra.0
                0x00021cac      0x134 /tools/arm-gnu-toolchain-13.2.Rel1-x86_64-arm-none-eabi/bin/../lib/gcc/arm-none-eabi/13.2.1/../../../../arm-none-eabi/lib/thumb/v7e-m+dp/hard/libg.a(libc_a-strtoul.o)

.text._strtoul_r
                0x00021de0        0x4
 .text._strtoul_r
                0x00021de0        0x4 /tools/arm-gnu-toolchain-13.2.Rel1-x86_64-arm-none-eabi/bin/../lib/gcc/arm-none-eabi/13.2.1/../../../../arm-none-eabi/lib/thumb/v7e-m+dp/hard/libg.a(libc_a-strtoul.o)
                0x00021de0                _strtoul_r

.text.strtoul_l
                0x00021de4       0x1c
 .text.strtoul_l
                0x00021de4       0x1c /tools/arm-gnu-toolchain-13.2.Rel1-x86_64-arm-none-eabi/bin/../lib/gcc/arm-none-eabi/13.2.1/../../../../arm-none-eabi/lib/thumb/v7e-m+dp/hard/libg.a(libc_a-strtoul.o)
                0x00021de4                strtoul_l

.text.strtoul   0x00021e00       0x1c
 .text.strtoul  0x00021e00       0x1c /tools/arm-gnu-toolchain-13.2.Rel1-x86_64-arm-none-eabi/bin/../lib/gcc/arm-none-eabi/13.2.1/../../../../arm-none-eabi/lib/thumb/v7e-m+dp/hard/libg.a(libc_a-strtoul.o)
                0x00021e00                strtoul

.text.strncmp   0x00021e1c       0x8c
 .text.strncmp  0x00021e1c       0x8c /tools/arm-gnu-toolchain-13.2.Rel1-x86_64-arm-none-eabi/bin/../lib/gcc/arm-none-eabi/13.2.1/../../../../arm-none-eabi/lib/thumb/v7e-m+dp/hard/libg.a(libc_a-strncmp.o)
                0x00021e1c                strncmp

.text._strtoll_l.isra.0
                0x00021ea8      0x17c
 .text._strtoll_l.isra.0
                0x00021ea8      0x17c /tools/arm-gnu-toolchain-13.2.Rel1-x86_64-arm-none-eabi/bin/../lib/gcc/arm-none-eabi/13.2.1/../../../../arm-none-eabi/lib/thumb/v7e-m+dp/hard/libg.a(libc_a-strtoll.o)

.text._strtoll_r
                0x00022024        0x4
 .text._strtoll_r
                0x00022024        0x4 /tools/arm-gnu-toolchain-13.2.Rel1-x86_64-arm-none-eabi/bin/../lib/gcc/arm-none-eabi/13.2.1/../../../../arm-none-eabi/lib/thumb/v7e-m+dp/hard/libg.a(libc_a-strtoll.o)
                0x00022024                _strtoll_r

.text.strtoll_l
                0x00022028       0x1c
 .text.strtoll_l
                0x00022028       0x1c /tools/arm-gnu-toolchain-13.2.Rel1-x86_64-arm-none-eabi/bin/../lib/gcc/arm-none-eabi/13.2.1/../../../../arm-none-eabi/lib/thumb/v7e-m+dp/hard/libg.a(libc_a-strtoll.o)
                0x00022028                strtoll_l

.text.strtoll   0x00022044       0x1c
 .text.strtoll  0x00022044       0x1c /tools/arm-gnu-toolchain-13.2.Rel1-x86_64-arm-none-eabi/bin/../lib/gcc/arm-none-eabi/13.2.1/../../../../arm-none-eabi/lib/thumb/v7e-m+dp/hard/libg.a(libc_a-strtoll.o)
                0x00022044                strtoll

.text.strncpy   0x00022060       0x68
 .text.strncpy  0x00022060       0x68 /tools/arm-gnu-toolchain-13.2.Rel1-x86_64-arm-none-eabi/bin/../lib/gcc/arm-none-eabi/13.2.1/../../../../arm-none-eabi/lib/thumb/v7e-m+dp/hard/libg.a(libc_a-strncpy.o)
                0x00022060                strncpy

.text._strtoull_l.isra.0
                0x000220c8      0x194
 .text._strtoull_l.isra.0
                0x000220c8      0x194 /tools/arm-gnu-toolchain-13.2.Rel1-x86_64-arm-none-eabi/bin/../lib/gcc/arm-none-eabi/13.2.1/../../../../arm-none-eabi/lib/thumb/v7e-m+dp/hard/libg.a(libc_a-strtoull.o)

.text._strtoull_r
                0x0002225c        0x4
 .text._strtoull_r
                0x0002225c        0x4 /tools/arm-gnu-toolchain-13.2.Rel1-x86_64-arm-none-eabi/bin/../lib/gcc/arm-none-eabi/13.2.1/../../../../arm-none-eabi/lib/thumb/v7e-m+dp/hard/libg.a(libc_a-strtoull.o)
                0x0002225c                _strtoull_r

.text.strtoull_l
                0x00022260       0x1c
 .text.strtoull_l
                0x00022260       0x1c /tools/arm-gnu-toolchain-13.2.Rel1-x86_64-arm-none-eabi/bin/../lib/gcc/arm-none-eabi/13.2.1/../../../../arm-none-eabi/lib/thumb/v7e-m+dp/hard/libg.a(libc_a-strtoull.o)
                0x00022260                strtoull_l

.text.strtoull  0x0002227c       0x1c
 .text.strtoull
                0x0002227c       0x1c /tools/arm-gnu-toolchain-13.2.Rel1-x86_64-arm-none-eabi/bin/../lib/gcc/arm-none-eabi/13.2.1/../../../../arm-none-eabi/lib/thumb/v7e-m+dp/hard/libg.a(libc_a-strtoull.o)
                0x0002227c                strtoull

.text.strpbrk   0x00022298       0x44
 .text.strpbrk  0x00022298       0x44 /tools/arm-gnu-toolchain-13.2.Rel1-x86_64-arm-none-eabi/bin/../lib/gcc/arm-none-eabi/13.2.1/../../../../arm-none-eabi/lib/thumb/v7e-m+dp/hard/libg.a(libc_a-strpbrk.o)
                0x00022298                strpbrk

.text.strspn    0x000222dc       0x30
 .text.strspn   0x000222dc       0x30 /tools/arm-gnu-toolchain-13.2.Rel1-x86_64-arm-none-eabi/bin/../lib/gcc/arm-none-eabi/13.2.1/../../../../arm-none-eabi/lib/thumb/v7e-m+dp/hard/libg.a(libc_a-strspn.o)
                0x000222dc                strspn

.text.critical_factorization
                0x0002230c       0xc8
 .text.critical_factorization
                0x0002230c       0xc8 /tools/arm-gnu-toolchain-13.2.Rel1-x86_64-arm-none-eabi/bin/../lib/gcc/arm-none-eabi/13.2.1/../../../../arm-none-eabi/lib/thumb/v7e-m+dp/hard/libg.a(libc_a-strstr.o)

.text.two_way_short_needle
                0x000223d4      0x188
 .text.two_way_short_needle
                0x000223d4      0x188 /tools/arm-gnu-toolchain-13.2.Rel1-x86_64-arm-none-eabi/bin/../lib/gcc/arm-none-eabi/13.2.1/../../../../arm-none-eabi/lib/thumb/v7e-m+dp/hard/libg.a(libc_a-strstr.o)

.text.two_way_long_needle
                0x0002255c      0x200
 .text.two_way_long_needle
                0x0002255c      0x200 /tools/arm-gnu-toolchain-13.2.Rel1-x86_64-arm-none-eabi/bin/../lib/gcc/arm-none-eabi/13.2.1/../../../../arm-none-eabi/lib/thumb/v7e-m+dp/hard/libg.a(libc_a-strstr.o)

.text.strstr    0x0002275c      0x16c
 .text.strstr   0x0002275c      0x16c /tools/arm-gnu-toolchain-13.2.Rel1-x86_64-arm-none-eabi/bin/../lib/gcc/arm-none-eabi/13.2.1/../../../../arm-none-eabi/lib/thumb/v7e-m+dp/hard/libg.a(libc_a-strstr.o)
                0x0002275c                strstr

.text.__errno   0x000228c8        0xc
 .text.__errno  0x000228c8        0xc /tools/arm-gnu-toolchain-13.2.Rel1-x86_64-arm-none-eabi/bin/../lib/gcc/arm-none-eabi/13.2.1/../../../../arm-none-eabi/lib/thumb/v7e-m+dp/hard/libg.a(libc_a-errno.o)
                0x000228c8                __errno

.text.time      0x000228d4       0x38
 .text.time     0x000228d4       0x38 /tools/arm-gnu-toolchain-13.2.Rel1-x86_64-arm-none-eabi/bin/../lib/gcc/arm-none-eabi/13.2.1/../../../../arm-none-eabi/lib/thumb/v7e-m+dp/hard/libg.a(libc_a-time.o)
                0x000228d4                time

.text.memcmp    0x0002290c       0x5c
 .text.memcmp   0x0002290c       0x5c /tools/arm-gnu-toolchain-13.2.Rel1-x86_64-arm-none-eabi/bin/../lib/gcc/arm-none-eabi/13.2.1/../../../../arm-none-eabi/lib/thumb/v7e-m+dp/hard/libg.a(libc_a-memcmp.o)
                0x0002290c                memcmp

.text.memset    0x00022968       0xa4
 .text.memset   0x00022968       0xa4 /tools/arm-gnu-toolchain-13.2.Rel1-x86_64-arm-none-eabi/bin/../lib/gcc/arm-none-eabi/13.2.1/../../../../arm-none-eabi/lib/thumb/v7e-m+dp/hard/libg.a(libc_a-memset.o)
                0x00022968                memset

.text.atoi      0x00022a0c        0x8
 .text.atoi     0x00022a0c        0x8 /tools/arm-gnu-toolchain-13.2.Rel1-x86_64-arm-none-eabi/bin/../lib/gcc/arm-none-eabi/13.2.1/../../../../arm-none-eabi/lib/thumb/v7e-m+dp/hard/libg.a(libc_a-atoi.o)
                0x00022a0c                atoi

.text._atoi_r   0x00022a14        0x8
 .text._atoi_r  0x00022a14        0x8 /tools/arm-gnu-toolchain-13.2.Rel1-x86_64-arm-none-eabi/bin/../lib/gcc/arm-none-eabi/13.2.1/../../../../arm-none-eabi/lib/thumb/v7e-m+dp/hard/libg.a(libc_a-atoi.o)
                0x00022a14                _atoi_r

.text.strchr    0x00022a1c       0xd0
 .text.strchr   0x00022a1c       0xd0 /tools/arm-gnu-toolchain-13.2.Rel1-x86_64-arm-none-eabi/bin/../lib/gcc/arm-none-eabi/13.2.1/../../../../arm-none-eabi/lib/thumb/v7e-m+dp/hard/libg.a(libc_a-strchr.o)
                0x00022a1c                strchr

.text.srand     0x00022aec       0x10
 .text.srand    0x00022aec       0x10 /tools/arm-gnu-toolchain-13.2.Rel1-x86_64-arm-none-eabi/bin/../lib/gcc/arm-none-eabi/13.2.1/../../../../arm-none-eabi/lib/thumb/v7e-m+dp/hard/libg.a(libc_a-rand.o)
                0x00022aec                srand

.text.rand      0x00022afc       0x40
 .text.rand     0x00022afc       0x40 /tools/arm-gnu-toolchain-13.2.Rel1-x86_64-arm-none-eabi/bin/../lib/gcc/arm-none-eabi/13.2.1/../../../../arm-none-eabi/lib/thumb/v7e-m+dp/hard/libg.a(libc_a-rand.o)
                0x00022afc                rand

.text.__set_ctype
                0x00022b3c        0xc
 .text.__set_ctype
                0x00022b3c        0xc /tools/arm-gnu-toolchain-13.2.Rel1-x86_64-arm-none-eabi/bin/../lib/gcc/arm-none-eabi/13.2.1/../../../../arm-none-eabi/lib/thumb/v7e-m+dp/hard/libg.a(libc_a-ctype_.o)
                0x00022b3c                __set_ctype

.text.stdio_exit_handler
                0x00022b48       0x18
 .text.stdio_exit_handler
                0x00022b48       0x18 /tools/arm-gnu-toolchain-13.2.Rel1-x86_64-arm-none-eabi/bin/../lib/gcc/arm-none-eabi/13.2.1/../../../../arm-none-eabi/lib/thumb/v7e-m+dp/hard/libg.a(libc_a-findfp.o)

.text.cleanup_stdio
                0x00022b60       0x40
 .text.cleanup_stdio
                0x00022b60       0x40 /tools/arm-gnu-toolchain-13.2.Rel1-x86_64-arm-none-eabi/bin/../lib/gcc/arm-none-eabi/13.2.1/../../../../arm-none-eabi/lib/thumb/v7e-m+dp/hard/libg.a(libc_a-findfp.o)

.text.__fp_lock
                0x00022ba0       0x1c
 .text.__fp_lock
                0x00022ba0       0x1c /tools/arm-gnu-toolchain-13.2.Rel1-x86_64-arm-none-eabi/bin/../lib/gcc/arm-none-eabi/13.2.1/../../../../arm-none-eabi/lib/thumb/v7e-m+dp/hard/libg.a(libc_a-findfp.o)

.text.__fp_unlock
                0x00022bbc       0x1c
 .text.__fp_unlock
                0x00022bbc       0x1c /tools/arm-gnu-toolchain-13.2.Rel1-x86_64-arm-none-eabi/bin/../lib/gcc/arm-none-eabi/13.2.1/../../../../arm-none-eabi/lib/thumb/v7e-m+dp/hard/libg.a(libc_a-findfp.o)

.text.global_stdio_init.part.0
                0x00022bd8       0xf0
 .text.global_stdio_init.part.0
                0x00022bd8       0xf0 /tools/arm-gnu-toolchain-13.2.Rel1-x86_64-arm-none-eabi/bin/../lib/gcc/arm-none-eabi/13.2.1/../../../../arm-none-eabi/lib/thumb/v7e-m+dp/hard/libg.a(libc_a-findfp.o)

.text.__sfp     0x00022cc8       0xc0
 .text.__sfp    0x00022cc8       0xc0 /tools/arm-gnu-toolchain-13.2.Rel1-x86_64-arm-none-eabi/bin/../lib/gcc/arm-none-eabi/13.2.1/../../../../arm-none-eabi/lib/thumb/v7e-m+dp/hard/libg.a(libc_a-findfp.o)
                0x00022cc8                __sfp

.text.__sinit   0x00022d88       0x3c
 .text.__sinit  0x00022d88       0x3c /tools/arm-gnu-toolchain-13.2.Rel1-x86_64-arm-none-eabi/bin/../lib/gcc/arm-none-eabi/13.2.1/../../../../arm-none-eabi/lib/thumb/v7e-m+dp/hard/libg.a(libc_a-findfp.o)
                0x00022d88                __sinit

.text.__sfp_lock_acquire
                0x00022dc4        0xc
 .text.__sfp_lock_acquire
                0x00022dc4        0xc /tools/arm-gnu-toolchain-13.2.Rel1-x86_64-arm-none-eabi/bin/../lib/gcc/arm-none-eabi/13.2.1/../../../../arm-none-eabi/lib/thumb/v7e-m+dp/hard/libg.a(libc_a-findfp.o)
                0x00022dc4                __sfp_lock_acquire

.text.__sfp_lock_release
                0x00022dd0        0xc
 .text.__sfp_lock_release
                0x00022dd0        0xc /tools/arm-gnu-toolchain-13.2.Rel1-x86_64-arm-none-eabi/bin/../lib/gcc/arm-none-eabi/13.2.1/../../../../arm-none-eabi/lib/thumb/v7e-m+dp/hard/libg.a(libc_a-findfp.o)
                0x00022dd0                __sfp_lock_release

.text.__fp_lock_all
                0x00022ddc       0x24
 .text.__fp_lock_all
                0x00022ddc       0x24 /tools/arm-gnu-toolchain-13.2.Rel1-x86_64-arm-none-eabi/bin/../lib/gcc/arm-none-eabi/13.2.1/../../../../arm-none-eabi/lib/thumb/v7e-m+dp/hard/libg.a(libc_a-findfp.o)
                0x00022ddc                __fp_lock_all

.text.__fp_unlock_all
                0x00022e00       0x24
 .text.__fp_unlock_all
                0x00022e00       0x24 /tools/arm-gnu-toolchain-13.2.Rel1-x86_64-arm-none-eabi/bin/../lib/gcc/arm-none-eabi/13.2.1/../../../../arm-none-eabi/lib/thumb/v7e-m+dp/hard/libg.a(libc_a-findfp.o)
                0x00022e00                __fp_unlock_all

.text.strnlen   0x00022e24       0x24
 .text.strnlen  0x00022e24       0x24 /tools/arm-gnu-toolchain-13.2.Rel1-x86_64-arm-none-eabi/bin/../lib/gcc/arm-none-eabi/13.2.1/../../../../arm-none-eabi/lib/thumb/v7e-m+dp/hard/libg.a(libc_a-strnlen.o)
                0x00022e24                strnlen

.text._gettimeofday_r
                0x00022e48       0x2c
 .text._gettimeofday_r
                0x00022e48       0x2c /tools/arm-gnu-toolchain-13.2.Rel1-x86_64-arm-none-eabi/bin/../lib/gcc/arm-none-eabi/13.2.1/../../../../arm-none-eabi/lib/thumb/v7e-m+dp/hard/libg.a(libc_a-gettimeofdayr.o)
                0x00022e48                _gettimeofday_r

.text.__sread   0x00022e74       0x24
 .text.__sread  0x00022e74       0x24 /tools/arm-gnu-toolchain-13.2.Rel1-x86_64-arm-none-eabi/bin/../lib/gcc/arm-none-eabi/13.2.1/../../../../arm-none-eabi/lib/thumb/v7e-m+dp/hard/libg.a(libc_a-stdio.o)
                0x00022e74                __sread

.text.__seofread
                0x00022e98        0x4
 .text.__seofread
                0x00022e98        0x4 /tools/arm-gnu-toolchain-13.2.Rel1-x86_64-arm-none-eabi/bin/../lib/gcc/arm-none-eabi/13.2.1/../../../../arm-none-eabi/lib/thumb/v7e-m+dp/hard/libg.a(libc_a-stdio.o)
                0x00022e98                __seofread

.text.__swrite  0x00022e9c       0x40
 .text.__swrite
                0x00022e9c       0x40 /tools/arm-gnu-toolchain-13.2.Rel1-x86_64-arm-none-eabi/bin/../lib/gcc/arm-none-eabi/13.2.1/../../../../arm-none-eabi/lib/thumb/v7e-m+dp/hard/libg.a(libc_a-stdio.o)
                0x00022e9c                __swrite

.text.__sseek   0x00022edc       0x24
 .text.__sseek  0x00022edc       0x24 /tools/arm-gnu-toolchain-13.2.Rel1-x86_64-arm-none-eabi/bin/../lib/gcc/arm-none-eabi/13.2.1/../../../../arm-none-eabi/lib/thumb/v7e-m+dp/hard/libg.a(libc_a-stdio.o)
                0x00022edc                __sseek

.text.__sclose  0x00022f00        0x8
 .text.__sclose
                0x00022f00        0x8 /tools/arm-gnu-toolchain-13.2.Rel1-x86_64-arm-none-eabi/bin/../lib/gcc/arm-none-eabi/13.2.1/../../../../arm-none-eabi/lib/thumb/v7e-m+dp/hard/libg.a(libc_a-stdio.o)
                0x00022f00                __sclose

.text._fwalk_sglue
                0x00022f08       0x44
 .text._fwalk_sglue
                0x00022f08       0x44 /tools/arm-gnu-toolchain-13.2.Rel1-x86_64-arm-none-eabi/bin/../lib/gcc/arm-none-eabi/13.2.1/../../../../arm-none-eabi/lib/thumb/v7e-m+dp/hard/libg.a(libc_a-fwalk.o)
                0x00022f08                _fwalk_sglue

.text._write_r  0x00022f4c       0x2c
 .text._write_r
                0x00022f4c       0x2c /tools/arm-gnu-toolchain-13.2.Rel1-x86_64-arm-none-eabi/bin/../lib/gcc/arm-none-eabi/13.2.1/../../../../arm-none-eabi/lib/thumb/v7e-m+dp/hard/libg.a(libc_a-writer.o)
                0x00022f4c                _write_r

.text._malloc_r
                0x00022f78      0x564
 .text._malloc_r
                0x00022f78      0x564 /tools/arm-gnu-toolchain-13.2.Rel1-x86_64-arm-none-eabi/bin/../lib/gcc/arm-none-eabi/13.2.1/../../../../arm-none-eabi/lib/thumb/v7e-m+dp/hard/libg.a(libc_a-mallocr.o)
                0x00022f78                _malloc_r

.text.__retarget_lock_init
                0x000234dc        0x4
 .text.__retarget_lock_init
                0x000234dc        0x4 /tools/arm-gnu-toolchain-13.2.Rel1-x86_64-arm-none-eabi/bin/../lib/gcc/arm-none-eabi/13.2.1/../../../../arm-none-eabi/lib/thumb/v7e-m+dp/hard/libg.a(libc_a-lock.o)
                0x000234dc                __retarget_lock_init

.text.__retarget_lock_init_recursive
                0x000234e0        0x4
 .text.__retarget_lock_init_recursive
                0x000234e0        0x4 /tools/arm-gnu-toolchain-13.2.Rel1-x86_64-arm-none-eabi/bin/../lib/gcc/arm-none-eabi/13.2.1/../../../../arm-none-eabi/lib/thumb/v7e-m+dp/hard/libg.a(libc_a-lock.o)
                0x000234e0                __retarget_lock_init_recursive

.text.__retarget_lock_close
                0x000234e4        0x4
 .text.__retarget_lock_close
                0x000234e4        0x4 /tools/arm-gnu-toolchain-13.2.Rel1-x86_64-arm-none-eabi/bin/../lib/gcc/arm-none-eabi/13.2.1/../../../../arm-none-eabi/lib/thumb/v7e-m+dp/hard/libg.a(libc_a-lock.o)
                0x000234e4                __retarget_lock_close

.text.__retarget_lock_close_recursive
                0x000234e8        0x4
 .text.__retarget_lock_close_recursive
                0x000234e8        0x4 /tools/arm-gnu-toolchain-13.2.Rel1-x86_64-arm-none-eabi/bin/../lib/gcc/arm-none-eabi/13.2.1/../../../../arm-none-eabi/lib/thumb/v7e-m+dp/hard/libg.a(libc_a-lock.o)
                0x000234e8                __retarget_lock_close_recursive

.text.__retarget_lock_acquire
                0x000234ec        0x4
 .text.__retarget_lock_acquire
                0x000234ec        0x4 /tools/arm-gnu-toolchain-13.2.Rel1-x86_64-arm-none-eabi/bin/../lib/gcc/arm-none-eabi/13.2.1/../../../../arm-none-eabi/lib/thumb/v7e-m+dp/hard/libg.a(libc_a-lock.o)
                0x000234ec                __retarget_lock_acquire

.text.__retarget_lock_acquire_recursive
                0x000234f0        0x4
 .text.__retarget_lock_acquire_recursive
                0x000234f0        0x4 /tools/arm-gnu-toolchain-13.2.Rel1-x86_64-arm-none-eabi/bin/../lib/gcc/arm-none-eabi/13.2.1/../../../../arm-none-eabi/lib/thumb/v7e-m+dp/hard/libg.a(libc_a-lock.o)
                0x000234f0                __retarget_lock_acquire_recursive

.text.__retarget_lock_try_acquire
                0x000234f4        0x4
 .text.__retarget_lock_try_acquire
                0x000234f4        0x4 /tools/arm-gnu-toolchain-13.2.Rel1-x86_64-arm-none-eabi/bin/../lib/gcc/arm-none-eabi/13.2.1/../../../../arm-none-eabi/lib/thumb/v7e-m+dp/hard/libg.a(libc_a-lock.o)
                0x000234f4                __retarget_lock_try_acquire

.text.__retarget_lock_try_acquire_recursive
                0x000234f8        0x4
 .text.__retarget_lock_try_acquire_recursive
                0x000234f8        0x4 /tools/arm-gnu-toolchain-13.2.Rel1-x86_64-arm-none-eabi/bin/../lib/gcc/arm-none-eabi/13.2.1/../../../../arm-none-eabi/lib/thumb/v7e-m+dp/hard/libg.a(libc_a-lock.o)
                0x000234f8                __retarget_lock_try_acquire_recursive

.text.__retarget_lock_release
                0x000234fc        0x4
 .text.__retarget_lock_release
                0x000234fc        0x4 /tools/arm-gnu-toolchain-13.2.Rel1-x86_64-arm-none-eabi/bin/../lib/gcc/arm-none-eabi/13.2.1/../../../../arm-none-eabi/lib/thumb/v7e-m+dp/hard/libg.a(libc_a-lock.o)
                0x000234fc                __retarget_lock_release

.text.__retarget_lock_release_recursive
                0x00023500        0x4
 .text.__retarget_lock_release_recursive
                0x00023500        0x4 /tools/arm-gnu-toolchain-13.2.Rel1-x86_64-arm-none-eabi/bin/../lib/gcc/arm-none-eabi/13.2.1/../../../../arm-none-eabi/lib/thumb/v7e-m+dp/hard/libg.a(libc_a-lock.o)
                0x00023500                __retarget_lock_release_recursive

.text._fclose_r
                0x00023504       0xc0
 .text._fclose_r
                0x00023504       0xc0 /tools/arm-gnu-toolchain-13.2.Rel1-x86_64-arm-none-eabi/bin/../lib/gcc/arm-none-eabi/13.2.1/../../../../arm-none-eabi/lib/thumb/v7e-m+dp/hard/libg.a(libc_a-fclose.o)
                0x00023504                _fclose_r

.text.fclose    0x000235c4       0x10
 .text.fclose   0x000235c4       0x10 /tools/arm-gnu-toolchain-13.2.Rel1-x86_64-arm-none-eabi/bin/../lib/gcc/arm-none-eabi/13.2.1/../../../../arm-none-eabi/lib/thumb/v7e-m+dp/hard/libg.a(libc_a-fclose.o)
                0x000235c4                fclose

.text.__malloc_lock
                0x000235d4        0xc
 .text.__malloc_lock
                0x000235d4        0xc /tools/arm-gnu-toolchain-13.2.Rel1-x86_64-arm-none-eabi/bin/../lib/gcc/arm-none-eabi/13.2.1/../../../../arm-none-eabi/lib/thumb/v7e-m+dp/hard/libg.a(libc_a-mlock.o)
                0x000235d4                __malloc_lock

.text.__malloc_unlock
                0x000235e0        0xc
 .text.__malloc_unlock
                0x000235e0        0xc /tools/arm-gnu-toolchain-13.2.Rel1-x86_64-arm-none-eabi/bin/../lib/gcc/arm-none-eabi/13.2.1/../../../../arm-none-eabi/lib/thumb/v7e-m+dp/hard/libg.a(libc_a-mlock.o)
                0x000235e0                __malloc_unlock

.text._close_r  0x000235ec       0x24
 .text._close_r
                0x000235ec       0x24 /tools/arm-gnu-toolchain-13.2.Rel1-x86_64-arm-none-eabi/bin/../lib/gcc/arm-none-eabi/13.2.1/../../../../arm-none-eabi/lib/thumb/v7e-m+dp/hard/libg.a(libc_a-closer.o)
                0x000235ec                _close_r

.text._reclaim_reent
                0x00023610       0x5c
 .text._reclaim_reent
                0x00023610       0x5c /tools/arm-gnu-toolchain-13.2.Rel1-x86_64-arm-none-eabi/bin/../lib/gcc/arm-none-eabi/13.2.1/../../../../arm-none-eabi/lib/thumb/v7e-m+dp/hard/libg.a(libc_a-reent.o)
                0x00023610                _reclaim_reent

.text.__sflush_r
                0x0002366c      0x138
 .text.__sflush_r
                0x0002366c      0x138 /tools/arm-gnu-toolchain-13.2.Rel1-x86_64-arm-none-eabi/bin/../lib/gcc/arm-none-eabi/13.2.1/../../../../arm-none-eabi/lib/thumb/v7e-m+dp/hard/libg.a(libc_a-fflush.o)
                0x0002366c                __sflush_r

.text._fflush_r
                0x000237a4       0x54
 .text._fflush_r
                0x000237a4       0x54 /tools/arm-gnu-toolchain-13.2.Rel1-x86_64-arm-none-eabi/bin/../lib/gcc/arm-none-eabi/13.2.1/../../../../arm-none-eabi/lib/thumb/v7e-m+dp/hard/libg.a(libc_a-fflush.o)
                0x000237a4                _fflush_r

.text.fflush    0x000237f8       0x74
 .text.fflush   0x000237f8       0x74 /tools/arm-gnu-toolchain-13.2.Rel1-x86_64-arm-none-eabi/bin/../lib/gcc/arm-none-eabi/13.2.1/../../../../arm-none-eabi/lib/thumb/v7e-m+dp/hard/libg.a(libc_a-fflush.o)
                0x000237f8                fflush

.text._malloc_trim_r
                0x0002386c       0xb8
 .text._malloc_trim_r
                0x0002386c       0xb8 /tools/arm-gnu-toolchain-13.2.Rel1-x86_64-arm-none-eabi/bin/../lib/gcc/arm-none-eabi/13.2.1/../../../../arm-none-eabi/lib/thumb/v7e-m+dp/hard/libg.a(libc_a-freer.o)
                0x0002386c                _malloc_trim_r

.text._free_r   0x00023924      0x1f8
 .text._free_r  0x00023924      0x1f8 /tools/arm-gnu-toolchain-13.2.Rel1-x86_64-arm-none-eabi/bin/../lib/gcc/arm-none-eabi/13.2.1/../../../../arm-none-eabi/lib/thumb/v7e-m+dp/hard/libg.a(libc_a-freer.o)
                0x00023924                _free_r

.text._lseek_r  0x00023b1c       0x2c
 .text._lseek_r
                0x00023b1c       0x2c /tools/arm-gnu-toolchain-13.2.Rel1-x86_64-arm-none-eabi/bin/../lib/gcc/arm-none-eabi/13.2.1/../../../../arm-none-eabi/lib/thumb/v7e-m+dp/hard/libg.a(libc_a-lseekr.o)
                0x00023b1c                _lseek_r

.text._read_r   0x00023b48       0x2c
 .text._read_r  0x00023b48       0x2c /tools/arm-gnu-toolchain-13.2.Rel1-x86_64-arm-none-eabi/bin/../lib/gcc/arm-none-eabi/13.2.1/../../../../arm-none-eabi/lib/thumb/v7e-m+dp/hard/libg.a(libc_a-readr.o)
                0x00023b48                _read_r

.text._sbrk_r   0x00023b74       0x24
 .text._sbrk_r  0x00023b74       0x24 /tools/arm-gnu-toolchain-13.2.Rel1-x86_64-arm-none-eabi/bin/../lib/gcc/arm-none-eabi/13.2.1/../../../../arm-none-eabi/lib/thumb/v7e-m+dp/hard/libg.a(libc_a-sbrkr.o)
                0x00023b74                _sbrk_r

.init_func      0x00023b98       0x10
                0x00023b98                        start_init_func = .
 *(SORT_BY_NAME(.init_func_[_A-Z0-9]*))
 .init_func_1   0x00023b98        0x4 build/drivers/uart/CMakeFiles/uart.dir/uart.c.o
 .init_func_2   0x00023b9c        0x4 build/drivers/pcie/CMakeFiles/pcie.dir/pcie_ep.c.o