Archive member included to satisfy reference by file (symbol)

libfreertos_kernel.a(queue.c.o)
                              build/drivers/timer/dw_apb_timer/CMakeFiles/dw_apb_timer.dir/dw_apb_timer.c.o (xQueueGenericSend)
libfreertos_kernel.a(tasks.c.o)
                              libfreertos_kernel.a(queue.c.o) (vTaskSuspendAll)
libfreertos_kernel.a(timers.c.o)
                              libfreertos_kernel.a(tasks.c.o) (xTimerCreateTimerTask)
libfreertos_kernel.a(heap_4.c.o)
                              libfreertos_kernel.a(queue.c.o) (pvPortMalloc)
libfreertos_kernel.a(list.c.o)
                              libfreertos_kernel.a(queue.c.o) (vListInitialise)
portable/libfreertos_kernel_port.a(port.c.o)
                              libfreertos_kernel.a(tasks.c.o) (pxPortInitialiseStack)
portable/libfreertos_kernel_port.a(portASM.S.o)
                              portable/libfreertos_kernel_port.a(port.c.o) (vPortRestoreTaskContext)
build/drivers/common/libdriver.a(driver.c.o)
                              CMakeFiles/freertos_kernel.elf.dir/main_cp1.c.o (init_drivers_by_calling_init_entry)
build/drivers/common/libassert.a(assert.c.o)
                              build/drivers/common/libdriver.a(driver.c.o) (assert_with_message)
build/drivers/common/libinterrupt.a(interrupt.c.o)
                              build/drivers/mailbox/CMakeFiles/mailbox.dir/mailbox.c.o (enable_all_interrupts)
build/drivers/intc/libintc.a(gicv3.c.o)
                              libfreertos_kernel.a(tasks.c.o) (gic_raise_sgi)
build/drivers/intc/libintc.a(bakery_lock.c.o)
                              build/drivers/intc/libintc.a(gicv3.c.o) (rebel_bakery_lock_acquire)
portable/libfreertos_arch.a(startup.S.o)
                              (_start)
portable/libfreertos_arch.a(vector.S.o)
                              portable/libfreertos_arch.a(startup.S.o) (_freertos_vector_table)
portable/libfreertos_arch.a(prep_c.c.o)
                              portable/libfreertos_arch.a(startup.S.o) (primary_prep_c)
libfreertos_kernel_config.a(FreeRTOS_tick_config.c.o)
                              portable/libfreertos_kernel_port.a(port.c.o) (vSetupTickInterrupt)
portable/libsmp.a(smp.c.o)    libfreertos_kernel_config.a(FreeRTOS_tick_config.c.o) (ipi_handler)
portable/libsmp.a(smp.S.o)    portable/libfreertos_kernel_port.a(port.c.o) (GateSmp_tryLock)
portable/libsmccc.a(smccc.S.o)
                              build/drivers/flash/CMakeFiles/flash.dir/mt25q_flash.c.o (arm_smccc_smc)
build/common/arch/libcommon.a(printf.c.o)
                              CMakeFiles/freertos_kernel.elf.dir/main_cp1.c.o (printf_)
build/drivers/psci/libpsci.a(psci.c.o)
                              portable/libsmp.a(smp.c.o) (psci_cpu_on)
portable/libmmu.a(mmu.c.o)    portable/libfreertos_arch.a(prep_c.c.o) (mmu_init)
build/drivers/timer/generic_timer/libgeneric_timer.a(generic_timer.c.o)
                              libfreertos_kernel_config.a(FreeRTOS_tick_config.c.o) (arch_timer_update_compare)
/tools/arm-gnu-toolchain-13.2.Rel1-x86_64-aarch64-none-elf/bin/../lib/gcc/aarch64-none-elf/13.2.1/../../../../aarch64-none-elf/lib/libg.a(libc_a-strlen.o)
                              libfreertos_kernel.a(tasks.c.o) (strlen)
/tools/arm-gnu-toolchain-13.2.Rel1-x86_64-aarch64-none-elf/bin/../lib/gcc/aarch64-none-elf/13.2.1/../../../../aarch64-none-elf/lib/libg.a(libc_a-errno.o)
                              gloss/CMakeFiles/freedom_metal.dir/nanosleep.c.o (__errno)
/tools/arm-gnu-toolchain-13.2.Rel1-x86_64-aarch64-none-elf/bin/../lib/gcc/aarch64-none-elf/13.2.1/../../../../aarch64-none-elf/lib/libg.a(libc_a-printf.o)
                              build/drivers/mailbox/CMakeFiles/mailbox.dir/mailbox_cb.c.o (printf)
/tools/arm-gnu-toolchain-13.2.Rel1-x86_64-aarch64-none-elf/bin/../lib/gcc/aarch64-none-elf/13.2.1/../../../../aarch64-none-elf/lib/libg.a(libc_a-memcpy.o)
                              libfreertos_kernel.a(queue.c.o) (memcpy)
/tools/arm-gnu-toolchain-13.2.Rel1-x86_64-aarch64-none-elf/bin/../lib/gcc/aarch64-none-elf/13.2.1/../../../../aarch64-none-elf/lib/libg.a(libc_a-putchar.o)
                              build/drivers/mailbox/CMakeFiles/mailbox.dir/mailbox_cb.c.o (putchar)
/tools/arm-gnu-toolchain-13.2.Rel1-x86_64-aarch64-none-elf/bin/../lib/gcc/aarch64-none-elf/13.2.1/../../../../aarch64-none-elf/lib/libg.a(libc_a-reent.o)
                              libfreertos_kernel.a(tasks.c.o) (_reclaim_reent)
/tools/arm-gnu-toolchain-13.2.Rel1-x86_64-aarch64-none-elf/bin/../lib/gcc/aarch64-none-elf/13.2.1/../../../../aarch64-none-elf/lib/libg.a(libc_a-impure.o)
                              libfreertos_kernel.a(tasks.c.o) (_impure_ptr)
/tools/arm-gnu-toolchain-13.2.Rel1-x86_64-aarch64-none-elf/bin/../lib/gcc/aarch64-none-elf/13.2.1/../../../../aarch64-none-elf/lib/libg.a(libc_a-findfp.o)
                              libfreertos_kernel.a(tasks.c.o) (__sf)
[...]
Memory Configuration

Name             Origin             Length             Attributes
bl31             0x0000000000000000 0x0000000000200000 !xrw
dram0_pa         0x0000000014200000 0x0000000029e00000 xrw
dram0            0x0000010014200000 0x0000000029e00000 xrw
cs_q             0x000001000fc00000 0x0000000000200000 rw
*default*        0x0000000000000000 0xffffffffffffffff

Linker script and memory map

LOAD /tools/arm-gnu-toolchain-13.2.Rel1-x86_64-aarch64-none-elf/bin/../lib/gcc/aarch64-none-elf/13.2.1/../../../../aarch64-none-elf/lib/libc.a
LOAD /tools/arm-gnu-toolchain-13.2.Rel1-x86_64-aarch64-none-elf/bin/../lib/gcc/aarch64-none-elf/13.2.1/libgcc.a
LOAD /tools/arm-gnu-toolchain-13.2.Rel1-x86_64-aarch64-none-elf/bin/../lib/gcc/aarch64-none-elf/13.2.1/../../../../aarch64-none-elf/lib/libm.a
LOAD CMakeFiles/freertos_kernel.elf.dir/main_cp1.c.o
LOAD gloss/CMakeFiles/freedom_metal.dir/freedom_metal.c.o
LOAD gloss/CMakeFiles/freedom_metal.dir/nanosleep.c.o
LOAD gloss/CMakeFiles/freedom_metal.dir/sys_access.c.o
LOAD gloss/CMakeFiles/freedom_metal.dir/sys_chdir.c.o
LOAD gloss/CMakeFiles/freedom_metal.dir/sys_chmod.c.o
LOAD gloss/CMakeFiles/freedom_metal.dir/sys_chown.c.o
LOAD gloss/CMakeFiles/freedom_metal.dir/sys_clock_gettime.c.o
LOAD gloss/CMakeFiles/freedom_metal.dir/sys_close.c.o
LOAD gloss/CMakeFiles/freedom_metal.dir/sys_execve.c.o
LOAD gloss/CMakeFiles/freedom_metal.dir/sys_exit.c.o
LOAD gloss/CMakeFiles/freedom_metal.dir/sys_faccessat.c.o
LOAD gloss/CMakeFiles/freedom_metal.dir/sys_fork.c.o
LOAD gloss/CMakeFiles/freedom_metal.dir/sys_fstat.c.o
LOAD gloss/CMakeFiles/freedom_metal.dir/sys_fstatat.c.o
LOAD gloss/CMakeFiles/freedom_metal.dir/sys_ftime.c.o
LOAD gloss/CMakeFiles/freedom_metal.dir/sys_getcwd.c.o
LOAD gloss/CMakeFiles/freedom_metal.dir/sys_getpid.c.o
LOAD gloss/CMakeFiles/freedom_metal.dir/sys_gettimeofday.c.o
LOAD gloss/CMakeFiles/freedom_metal.dir/sys_isatty.c.o
LOAD gloss/CMakeFiles/freedom_metal.dir/sys_kill.c.o
LOAD gloss/CMakeFiles/freedom_metal.dir/sys_link.c.o
LOAD gloss/CMakeFiles/freedom_metal.dir/sys_lseek.c.o
LOAD gloss/CMakeFiles/freedom_metal.dir/sys_lstat.c.o
LOAD gloss/CMakeFiles/freedom_metal.dir/sys_open.c.o
LOAD gloss/CMakeFiles/freedom_metal.dir/sys_openat.c.o
LOAD gloss/CMakeFiles/freedom_metal.dir/sys_read.c.o
LOAD gloss/CMakeFiles/freedom_metal.dir/sys_sbrk.c.o
LOAD gloss/CMakeFiles/freedom_metal.dir/sys_sysconf.c.o
LOAD gloss/CMakeFiles/freedom_metal.dir/sys_times.c.o
LOAD gloss/CMakeFiles/freedom_metal.dir/sys_unlink.c.o
LOAD gloss/CMakeFiles/freedom_metal.dir/sys_utime.c.o
LOAD gloss/CMakeFiles/freedom_metal.dir/sys_wait.c.o
LOAD gloss/CMakeFiles/freedom_metal.dir/sys_write.c.o
LOAD build/drivers/mailbox/CMakeFiles/mailbox.dir/mailbox.c.o
LOAD build/drivers/mailbox/CMakeFiles/mailbox.dir/mailbox_cb.c.o
LOAD build/drivers/pmu/CMakeFiles/pmu.dir/pmu.c.o
LOAD build/drivers/timer/dw_apb_timer/CMakeFiles/dw_apb_timer.dir/dw_apb_timer.c.o
LOAD build/drivers/qspi/qspi_apb/CMakeFiles/qspi_apb.dir/qspi_apb.c.o
LOAD build/drivers/flash/CMakeFiles/flash.dir/mt25q_flash.c.o
LOAD libfreertos_kernel.a
LOAD portable/libfreertos_kernel_port.a
LOAD build/drivers/common/libdriver.a
LOAD build/drivers/common/libassert.a
LOAD build/drivers/common/libinterrupt.a
LOAD build/drivers/intc/libintc.a
LOAD build/drivers/psci/libpsci.a
LOAD build/drivers/timer/generic_timer/libgeneric_timer.a
LOAD portable/libfreertos_arch.a
LOAD libfreertos_kernel_config.a
LOAD portable/libsmp.a
LOAD portable/libsmccc.a
LOAD build/common/arch/libcommon.a
LOAD build/drivers/psci/libpsci.a
LOAD portable/libsmccc.a
LOAD portable/libmmu.a
LOAD portable/libfreertos_arch.a
LOAD build/drivers/intc/libintc.a
LOAD build/drivers/timer/generic_timer/libgeneric_timer.a
LOAD build/drivers/common/libdriver.a
LOAD build/drivers/common/libassert.a
LOAD build/drivers/common/libinterrupt.a
LOAD /tools/arm-gnu-toolchain-13.2.Rel1-x86_64-aarch64-none-elf/bin/../lib/gcc/aarch64-none-elf/13.2.1/libgcc.a
LOAD /tools/arm-gnu-toolchain-13.2.Rel1-x86_64-aarch64-none-elf/bin/../lib/gcc/aarch64-none-elf/13.2.1/../../../../aarch64-none-elf/lib/libg.a
LOAD /tools/arm-gnu-toolchain-13.2.Rel1-x86_64-aarch64-none-elf/bin/../lib/gcc/aarch64-none-elf/13.2.1/../../../../aarch64-none-elf/lib/libc.a
LOAD /tools/arm-gnu-toolchain-13.2.Rel1-x86_64-aarch64-none-elf/bin/../lib/gcc/aarch64-none-elf/13.2.1/libgcc.a
                0x0000000000004000                isr_stack_size = 0x4000
                0x0000000000004000                _stack_size = 0x4000
                0x0000000000001000                mmu_page_size = 0x1000
                0x0000000000002000                mmu_page_2mb = 0x2000
                0x0000000000002000                dma_mcode_region_size = 0x2000
                0x0000000000001000                dma_reserved_size = 0x1000
                0x0000000000001000                smmu_cte_size = 0x1000
                0x0000000000001000                smmu_cd_size = 0x1000
                0x0000000000008000                smmu_cmdq_size = 0x8000
                0x0000000000008000                smmu_evtq_size = 0x8000
                0x0000000000001000                dma_smmu_reserved_size = 0x1000
                0x0000000000200000                dyn_heap_size = 0x200000

.text           0x0000010014200000    0x105d0 load address 0x0000000014200000
                0x0000010014200000                text_region_start = .
 *(.text.startup)
 .text.startup  0x0000010014200000       0xf8 portable/libfreertos_arch.a(startup.S.o)
                0x0000010014200000                _start
 *(.text.vectors)
 *fill*         0x00000100142000f8      0x708 
 .text.vectors  0x0000010014200800      0x784 portable/libfreertos_arch.a(vector.S.o)
                0x0000010014200800                _freertos_vector_table
 *(.text)
 *fill*         0x0000010014200f84       0x1c 
 .text          0x0000010014200fa0       0xe4 CMakeFiles/freertos_kernel.elf.dir/main_cp1.c.o
                0x0000010014200fa0                vAssertCalled
                0x0000010014200ff0                prvSetupHardware
                0x0000010014201010                main
 *fill*         0x0000010014201084       0x1c 
 .text          0x00000100142010a0       0x98 gloss/CMakeFiles/freedom_metal.dir/freedom_metal.c.o
                0x00000100142010a0                metal_cpu_get_current_hartid
                0x00000100142010b0                metal_timer_get_timebase_frequency
                0x00000100142010c0                metal_timer_get_cyclecount
                0x00000100142010d0                metal_shutdown
                0x00000100142010e0                metal_mem_scrub
                0x0000010014201130                metal_tty_putc
 *fill*         0x0000010014201138        0x8 
 .text          0x0000010014201140       0x24 gloss/CMakeFiles/freedom_metal.dir/nanosleep.c.o
                0x0000010014201140                nanosleep
 *fill*         0x0000010014201164        0xc 
 .text          0x0000010014201170       0x24 gloss/CMakeFiles/freedom_metal.dir/sys_access.c.o
                0x0000010014201170                _access
 *fill*         0x0000010014201194        0xc 
 .text          0x00000100142011a0       0x24 gloss/CMakeFiles/freedom_metal.dir/sys_chdir.c.o
                0x00000100142011a0                _chdir
 *fill*         0x00000100142011c4        0xc 
 .text          0x00000100142011d0       0x24 gloss/CMakeFiles/freedom_metal.dir/sys_chmod.c.o
                0x00000100142011d0                _chmod
 *fill*         0x00000100142011f4        0xc 
 .text          0x0000010014201200       0x24 gloss/CMakeFiles/freedom_metal.dir/sys_chown.c.o
                0x0000010014201200                _chown
 *fill*         0x0000010014201224        0xc 
 .text          0x0000010014201230       0x84 gloss/CMakeFiles/freedom_metal.dir/sys_clock_gettime.c.o
                0x0000010014201230                clock_getres
                0x0000010014201260                clock_gettime
                0x0000010014201290                clock_settime
 *fill*         0x00000100142012b4        0xc 
 .text          0x00000100142012c0       0x24 gloss/CMakeFiles/freedom_metal.dir/sys_close.c.o
                0x00000100142012c0                _close
 *fill*         0x00000100142012e4        0xc 
 .text          0x00000100142012f0       0x24 gloss/CMakeFiles/freedom_metal.dir/sys_execve.c.o
                0x00000100142012f0                _execve
 *fill*         0x0000010014201314        0xc 
 .text          0x0000010014201320       0x24 gloss/CMakeFiles/freedom_metal.dir/sys_exit.c.o
                0x0000010014201320                _exit
 *fill*         0x0000010014201344        0xc 
 .text          0x0000010014201350       0x24 gloss/CMakeFiles/freedom_metal.dir/sys_faccessat.c.o
                0x0000010014201350                _faccessat
 *fill*         0x0000010014201374        0xc 
 .text          0x0000010014201380       0x24 gloss/CMakeFiles/freedom_metal.dir/sys_fork.c.o
                0x0000010014201380                _fork
 *fill*         0x00000100142013a4        0xc 
 .text          0x00000100142013b0       0x24 gloss/CMakeFiles/freedom_metal.dir/sys_fstat.c.o
                0x00000100142013b0                _fstat
 *fill*         0x00000100142013d4        0xc 
 .text          0x00000100142013e0       0x24 gloss/CMakeFiles/freedom_metal.dir/sys_fstatat.c.o
                0x00000100142013e0                _fstatat
 *fill*         0x0000010014201404        0xc 
 .text          0x0000010014201410       0x24 gloss/CMakeFiles/freedom_metal.dir/sys_ftime.c.o
                0x0000010014201410                _ftime
 *fill*         0x0000010014201434        0xc 
 .text          0x0000010014201440       0x24 gloss/CMakeFiles/freedom_metal.dir/sys_getcwd.c.o
                0x0000010014201440                _getcwd
 *fill*         0x0000010014201464        0xc 
 .text          0x0000010014201470        0xc gloss/CMakeFiles/freedom_metal.dir/sys_getpid.c.o
                0x0000010014201470                _getpid
 *fill*         0x000001001420147c        0x4 
 .text          0x0000010014201480       0x88 gloss/CMakeFiles/freedom_metal.dir/sys_gettimeofday.c.o
                0x0000010014201480                gettimeofday
                0x0000010014201480                _gettimeofday
 *fill*         0x0000010014201508        0x8 
 .text          0x0000010014201510        0xc gloss/CMakeFiles/freedom_metal.dir/sys_isatty.c.o
                0x0000010014201510                _isatty
 *fill*         0x000001001420151c        0x4 
 .text          0x0000010014201520       0x24 gloss/CMakeFiles/freedom_metal.dir/sys_kill.c.o
                0x0000010014201520                _kill
 *fill*         0x0000010014201544        0xc 
 .text          0x0000010014201550       0x24 gloss/CMakeFiles/freedom_metal.dir/sys_link.c.o
                0x0000010014201550                _link
 *fill*         0x0000010014201574        0xc 
 .text          0x0000010014201580       0x24 gloss/CMakeFiles/freedom_metal.dir/sys_lseek.c.o
                0x0000010014201580                _lseek
 *fill*         0x00000100142015a4        0xc 
 .text          0x00000100142015b0       0x24 gloss/CMakeFiles/freedom_metal.dir/sys_lstat.c.o
                0x00000100142015b0                _lstat
 *fill*         0x00000100142015d4        0xc 
 .text          0x00000100142015e0       0x24 gloss/CMakeFiles/freedom_metal.dir/sys_open.c.o
                0x00000100142015e0                _open
 *fill*         0x0000010014201604        0xc 
 .text          0x0000010014201610       0x24 gloss/CMakeFiles/freedom_metal.dir/sys_openat.c.o
                0x0000010014201610                _openat
 *fill*         0x0000010014201634        0xc 
 .text          0x0000010014201640       0x24 gloss/CMakeFiles/freedom_metal.dir/sys_read.c.o
                0x0000010014201640                _read
 *fill*         0x0000010014201664       0x1c 
 .text          0x0000010014201680       0xa0 gloss/CMakeFiles/freedom_metal.dir/sys_sbrk.c.o
                0x0000010014201680                _brk
                0x00000100142016a0                _sbrk
 .text          0x0000010014201720       0x10 gloss/CMakeFiles/freedom_metal.dir/sys_sysconf.c.o
                0x0000010014201720                sysconf
                0x0000010014201720                _sysconf
 .text          0x0000010014201730       0x68 gloss/CMakeFiles/freedom_metal.dir/sys_times.c.o
                0x0000010014201730                times
                0x0000010014201730                _times
 *fill*         0x0000010014201798        0x8 
 .text          0x00000100142017a0       0x24 gloss/CMakeFiles/freedom_metal.dir/sys_unlink.c.o
                0x00000100142017a0                _unlink
 *fill*         0x00000100142017c4        0xc 
 .text          0x00000100142017d0       0x24 gloss/CMakeFiles/freedom_metal.dir/sys_utime.c.o
                0x00000100142017d0                _utime
 *fill*         0x00000100142017f4        0xc 
 .text          0x0000010014201800       0x24 gloss/CMakeFiles/freedom_metal.dir/sys_wait.c.o
                0x0000010014201800                _wait
 *fill*         0x0000010014201824       0x1c 
 .text          0x0000010014201840       0xb8 gloss/CMakeFiles/freedom_metal.dir/sys_write.c.o
                0x0000010014201840                _write
 *fill*         0x00000100142018f8        0x8 
 .text          0x0000010014201900      0x608 build/drivers/mailbox/CMakeFiles/mailbox.dir/mailbox.c.o
                0x0000010014201900                ipm_samsung_isr
                0x00000100142019f0                ipm_samsung_init
                0x0000010014201b00                ipm_samsung_write
                0x0000010014201c30                ipm_samsung_send
                0x0000010014201c90                ipm_samsung_receive
                0x0000010014201db0                ipm_samsung_register_callback
                0x0000010014201df0                ipm_samsung_read
 *fill*         0x0000010014201f08       0x18 
 .text          0x0000010014201f20      0x114 build/drivers/mailbox/CMakeFiles/mailbox.dir/mailbox_cb.c.o
                0x0000010014201f20                mailbox_register_callback
                0x0000010014201f30                default_cb
 *fill*         0x0000010014202034        0xc 
 .text          0x0000010014202040      0x220 build/drivers/pmu/CMakeFiles/pmu.dir/pmu.c.o
                0x0000010014202040                pmu_get_bootmode
                0x0000010014202060                pmu_sw_reset
                0x0000010014202080                pmu_rbc_lpi_entry
                0x0000010014202170                pmu_rbc_lpi_exit
                0x0000010014202250                pmu_get_num_of_secondary_chiplet
 .text          0x0000010014202260      0x5a8 build/drivers/timer/dw_apb_timer/CMakeFiles/dw_apb_timer.dir/dw_apb_timer.c.o
                0x0000010014202260                dw_apb_timer_default_callback
                0x0000010014202270                dw_apb_timer_irq_handler
                0x0000010014202390                dw_apb_timer_init
                0x00000100142024c0                dw_apb_timer_start
                0x0000010014202530                dw_apb_timer_disable
                0x0000010014202560                dw_apb_timer_get_load_count
                0x0000010014202580                dw_apb_timer_get_value
                0x00000100142025a0                dw_apb_timer_set_load_count
                0x0000010014202680                dw_apb_timer_set_alarm_callback
                0x0000010014202790                dw_apb_timer_cancel_alarm_callback
                0x0000010014202800                dw_apb_timer_get_freq
 *fill*         0x0000010014202808       0x18 
 .text          0x0000010014202820      0x428 build/drivers/qspi/qspi_apb/CMakeFiles/qspi_apb.dir/qspi_apb.c.o
                0x0000010014202820                qspi_apb_enable_loopback
                0x0000010014202860                qspi_apb_set
                0x0000010014202920                qspi_apb_init
                0x00000100142029a0                qspi_apb_transfer
 *fill*         0x0000010014202c48        0x8 
 .text          0x0000010014202c50       0xf0 build/drivers/flash/CMakeFiles/flash.dir/mt25q_flash.c.o
                0x0000010014202c50                read_flash
                0x0000010014202ca0                write_flash
                0x0000010014202cf0                erase_flash
 .text          0x0000010014202d40        0x0 libfreertos_kernel.a(queue.c.o)
 .text          0x0000010014202d40      0xb90 libfreertos_kernel.a(tasks.c.o)
                0x00000100142033e0                vTaskYieldWithinAPI
                0x0000010014203440                vTaskEnterCritical
                0x0000010014203560                vTaskCoreAffinitySet
                0x00000100142036d0                vTaskCoreAffinityGet
                0x0000010014203760                vTaskEnterCriticalFromISR
                0x0000010014203790                vTaskExitCritical
                0x00000100142037d0                vTaskExitCriticalFromISR
 .text          0x00000100142038d0        0x0 libfreertos_kernel.a(timers.c.o)
 *fill*         0x00000100142038d0       0x10 
 .text          0x00000100142038e0       0xd0 libfreertos_kernel.a(heap_4.c.o)
                0x00000100142038e0                vPortGetHeapStats
 .text          0x00000100142039b0        0x0 libfreertos_kernel.a(list.c.o)
 *fill*         0x00000100142039b0       0x10 
 .text          0x00000100142039c0      0x414 portable/libfreertos_kernel_port.a(port.c.o)
                0x00000100142039c0                FreeRTOS_Tick_Handler
                0x0000010014203a60                vPortValidateInterruptPriority
                0x0000010014203a70                vApplicationIdleHook
                0x0000010014203a80                vApplicationPassiveIdleHook
                0x0000010014203a90                vApplicationTickHook
                0x0000010014203aa0                vApplicationGetTimerTaskMemory
                0x0000010014203ad0                Get_64
                0x0000010014203ae0                Set_64
                0x0000010014203af0                vPortRecursiveLock
 *fill*         0x0000010014203dd4       0x2c 
 .text          0x0000010014203e00      0x720 portable/libfreertos_kernel_port.a(portASM.S.o)
                0x0000010014203e00                FreeRTOS_SWI_Handler
                0x0000010014204000                vPortRestoreTaskContext
                0x0000010014204100                FreeRTOS_IRQ_Handler
 .text          0x0000010014204520      0x140 build/drivers/common/libdriver.a(driver.c.o)
                0x0000010014204520                init_drivers_by_calling_init_entry
 .text          0x0000010014204660       0xd8 build/drivers/common/libassert.a(assert.c.o)
                0x0000010014204660                assert
                0x0000010014204690                assert_with_message
                0x00000100142046c0                conditional_assert
                0x00000100142046f0                conditional_assert_with_message
 *fill*         0x0000010014204738        0x8 
 .text          0x0000010014204740       0xec build/drivers/common/libinterrupt.a(interrupt.c.o)
                0x0000010014204740                set_dev_interrupt_priority
                0x0000010014204750                enable_dev_interrupt
                0x0000010014204760                enable_all_interrupts
                0x0000010014204770                disable_all_interrupts
                0x0000010014204780                connect_interrupt_with_handler
                0x00000100142047d0                connect_interrupt_with_core_handler
 *fill*         0x000001001420482c       0x14 
 .text          0x0000010014204840      0x810 build/drivers/intc/libintc.a(gicv3.c.o)
                0x0000010014204890                gic_get_active
                0x00000100142048a0                gic_eoi
                0x00000100142048b0                gic_raise_sgi
                0x0000010014204900                gic_irq_set_priority
                0x00000100142049f0                gic_irq_route_dedicated_core
                0x0000010014204a30                gic_irq_enable
                0x0000010014204aa0                gic_irq_enable_dedicated_core
                0x0000010014204b00                gic_irq_disable
                0x0000010014204b80                gic_irq_is_enabled
                0x0000010014204c10                gic_irq_connect
                0x0000010014204c30                cpuif_init
                0x0000010014204d00                rdist_init
                0x0000010014204d70                dist_init
                0x0000010014204f90                gic_init
                0x0000010014205030                gic_in_isr
 *fill*         0x0000010014205050       0x10 
 .text          0x0000010014205060      0x1e4 build/drivers/intc/libintc.a(bakery_lock.c.o)
                0x0000010014205060                rebel_bakery_lock_acquire
                0x00000100142051c0                rebel_bakery_lock_release
                0x0000010014205210                rebel_bakery_lock_init
 .text          0x0000010014205244        0x0 portable/libfreertos_arch.a(startup.S.o)
 .text          0x0000010014205244        0x0 portable/libfreertos_arch.a(vector.S.o)
 *fill*         0x0000010014205244       0x1c 
 .text          0x0000010014205260       0xb0 portable/libfreertos_arch.a(prep_c.c.o)
                0x0000010014205260                primary_prep_c
 *fill*         0x0000010014205310       0x10 
 .text          0x0000010014205320      0x124 libfreertos_kernel_config.a(FreeRTOS_tick_config.c.o)
                0x0000010014205320                vSetupTickInterrupt
                0x00000100142053b0                vClearTickInterrupt
                0x00000100142053c0                vApplicationIRQHandler
 *fill*         0x0000010014205444       0x1c 
 .text          0x0000010014205460      0x140 portable/libsmp.a(smp.c.o)
                0x0000010014205460                ipi_handler
                0x0000010014205480                secondary_prep_c
                0x00000100142054d0                init_smp
 .text          0x00000100142055a0       0x40 portable/libsmp.a(smp.S.o)
                0x00000100142055a0                GateSmp_tryLock
                0x00000100142055c8                GateSmp_unlock
 *fill*         0x00000100142055e0       0x20 
 .text          0x0000010014205600       0x1c portable/libsmccc.a(smccc.S.o)
                0x0000010014205600                arm_smccc_smc
 *fill*         0x000001001420561c        0x4 
 .text          0x0000010014205620       0x58 build/common/arch/libcommon.a(printf.c.o)
                0x0000010014205620                printf_
                0x0000010014205630                sprintf_
                0x0000010014205640                snprintf_
                0x0000010014205650                vprintf_
                0x0000010014205660                vsnprintf_
                0x0000010014205670                fctprintf
 *fill*         0x0000010014205678        0x8 
 .text          0x0000010014205680       0x98 build/drivers/psci/libpsci.a(psci.c.o)
                0x0000010014205680                psci_cpu_on
                0x00000100142056d0                psci_cpu_off
 *fill*         0x0000010014205718        0x8 
 .text          0x0000010014205720      0xfe0 portable/libmmu.a(mmu.c.o)
                0x00000100142059e0                new_table
                0x0000010014205f50                setup_page_tables
                0x00000100142063d0                va_to_pa
                0x00000100142064e0                is_pa_continuous
                0x0000010014206550                mmu_init
 .text          0x0000010014206700       0xb0 build/drivers/timer/generic_timer/libgeneric_timer.a(generic_timer.c.o)
                0x0000010014206700                arch_timer_update_compare
                0x0000010014206760                generic_timer_init
 *fill*         0x00000100142067b0       0x10 
 .text          0x00000100142067c0      0x130 /tools/arm-gnu-toolchain-13.2.Rel1-x86_64-aarch64-none-elf/bin/../lib/gcc/aarch64-none-elf/13.2.1/../../../../aarch64-none-elf/lib/libg.a(libc_a-strlen.o)
                0x00000100142067c0                strlen
 .text          0x00000100142068f0        0x0 /tools/arm-gnu-toolchain-13.2.Rel1-x86_64-aarch64-none-elf/bin/../lib/gcc/aarch64-none-elf/13.2.1/../../../../aarch64-none-elf/lib/libg.a(libc_a-errno.o)
 .text          0x00000100142068f0        0x0 /tools/arm-gnu-toolchain-13.2.Rel1-x86_64-aarch64-none-elf/bin/../lib/gcc/aarch64-none-elf/13.2.1/../../../../aarch64-none-elf/lib/libg.a(libc_a-printf.o)
 *fill*         0x00000100142068f0       0x10 
 .text          0x0000010014206900      0x22c /tools/arm-gnu-toolchain-13.2.Rel1-x86_64-aarch64-none-elf/bin/../lib/gcc/aarch64-none-elf/13.2.1/../../../../aarch64-none-elf/lib/libg.a(libc_a-memcpy.o)
                0x0000010014206900                memmove
                0x0000010014206900                memcpy
 .text          0x0000010014206b2c        0x0 /tools/arm-gnu-toolchain-13.2.Rel1-x86_64-aarch64-none-elf/bin/../lib/gcc/aarch64-none-elf/13.2.1/../../../../aarch64-none-elf/lib/libg.a(libc_a-putchar.o)
 .text          0x0000010014206b2c        0x0 /tools/arm-gnu-toolchain-13.2.Rel1-x86_64-aarch64-none-elf/bin/../lib/gcc/aarch64-none-elf/13.2.1/../../../../aarch64-none-elf/lib/libg.a(libc_a-reent.o)
 .text          0x0000010014206b2c        0x0 /tools/arm-gnu-toolchain-13.2.Rel1-x86_64-aarch64-none-elf/bin/../lib/gcc/aarch64-none-elf/13.2.1/../../../../aarch64-none-elf/lib/libg.a(libc_a-impure.o)
 .text          0x0000010014206b2c        0x0 /tools/arm-gnu-toolchain-13.2.Rel1-x86_64-aarch64-none-elf/bin/../lib/gcc/aarch64-none-elf/13.2.1/../../../../aarch64-none-elf/lib/libg.a(libc_a-findfp.o)
 *fill*         0x0000010014206b2c       0x14 
 .text          0x0000010014206b40      0x104 /tools/arm-gnu-toolchain-13.2.Rel1-x86_64-aarch64-none-elf/bin/../lib/gcc/aarch64-none-elf/13.2.1/../../../../aarch64-none-elf/lib/libg.a(libc_a-memset.o)
                0x0000010014206b40                memset
 .text          0x0000010014206c44        0x0 /tools/arm-gnu-toolchain-13.2.Rel1-x86_64-aarch64-none-elf/bin/../lib/gcc/aarch64-none-elf/13.2.1/../../../../aarch64-none-elf/lib/libg.a(libc_a-freer.o)
 .text          0x0000010014206c44        0x0 /tools/arm-gnu-toolchain-13.2.Rel1-x86_64-aarch64-none-elf/bin/../lib/gcc/aarch64-none-elf/13.2.1/../../../../aarch64-none-elf/lib/libg.a(libc_a-stdio.o)
 .text          0x0000010014206c44        0x0 /tools/arm-gnu-toolchain-13.2.Rel1-x86_64-aarch64-none-elf/bin/../lib/gcc/aarch64-none-elf/13.2.1/../../../../aarch64-none-elf/lib/libg.a(libc_a-sbrkr.o)
 .text          0x0000010014206c44        0x0 /tools/arm-gnu-toolchain-13.2.Rel1-x86_64-aarch64-none-elf/bin/../lib/gcc/aarch64-none-elf/13.2.1/../../../../aarch64-none-elf/lib/libg.a(libc_a-fwalk.o)
 .text          0x0000010014206c44        0x0 /tools/arm-gnu-toolchain-13.2.Rel1-x86_64-aarch64-none-elf/bin/../lib/gcc/aarch64-none-elf/13.2.1/../../../../aarch64-none-elf/lib/libg.a(libc_a-writer.o)
 .text          0x0000010014206c44        0x0 /tools/arm-gnu-toolchain-13.2.Rel1-x86_64-aarch64-none-elf/bin/../lib/gcc/aarch64-none-elf/13.2.1/../../../../aarch64-none-elf/lib/libg.a(libc_a-vfprintf.o)
 .text          0x0000010014206c44        0x0 /tools/arm-gnu-toolchain-13.2.Rel1-x86_64-aarch64-none-elf/bin/../lib/gcc/aarch64-none-elf/13.2.1/../../../../aarch64-none-elf/lib/libg.a(libc_a-vfiprintf.o)
 .text          0x0000010014206c44        0x0 /tools/arm-gnu-toolchain-13.2.Rel1-x86_64-aarch64-none-elf/bin/../lib/gcc/aarch64-none-elf/13.2.1/../../../../aarch64-none-elf/lib/libg.a(libc_a-mallocr.o)
 .text          0x0000010014206c44        0x0 /tools/arm-gnu-toolchain-13.2.Rel1-x86_64-aarch64-none-elf/bin/../lib/gcc/aarch64-none-elf/13.2.1/../../../../aarch64-none-elf/lib/libg.a(libc_a-wcrtomb.o)
 .text          0x0000010014206c44        0x0 /tools/arm-gnu-toolchain-13.2.Rel1-x86_64-aarch64-none-elf/bin/../lib/gcc/aarch64-none-elf/13.2.1/../../../../aarch64-none-elf/lib/libg.a(libc_a-lock.o)
 .text          0x0000010014206c44        0x0 /tools/arm-gnu-toolchain-13.2.Rel1-x86_64-aarch64-none-elf/bin/../lib/gcc/aarch64-none-elf/13.2.1/../../../../aarch64-none-elf/lib/libg.a(libc_a-locale.o)
 .text          0x0000010014206c44        0x0 /tools/arm-gnu-toolchain-13.2.Rel1-x86_64-aarch64-none-elf/bin/../lib/gcc/aarch64-none-elf/13.2.1/../../../../aarch64-none-elf/lib/libg.a(libc_a-localeconv.o)
 .text          0x0000010014206c44        0x0 /tools/arm-gnu-toolchain-13.2.Rel1-x86_64-aarch64-none-elf/bin/../lib/gcc/aarch64-none-elf/13.2.1/../../../../aarch64-none-elf/lib/libg.a(libc_a-fclose.o)
 *fill*         0x0000010014206c44       0x3c 
 .text          0x0000010014206c80       0xdc /tools/arm-gnu-toolchain-13.2.Rel1-x86_64-aarch64-none-elf/bin/../lib/gcc/aarch64-none-elf/13.2.1/../../../../aarch64-none-elf/lib/libg.a(libc_a-memchr.o)
                0x0000010014206c80                memchr
 .text          0x0000010014206d5c        0x0 /tools/arm-gnu-toolchain-13.2.Rel1-x86_64-aarch64-none-elf/bin/../lib/gcc/aarch64-none-elf/13.2.1/../../../../aarch64-none-elf/lib/libg.a(libc_a-wsetup.o)
 .text          0x0000010014206d5c        0x0 /tools/arm-gnu-toolchain-13.2.Rel1-x86_64-aarch64-none-elf/bin/../lib/gcc/aarch64-none-elf/13.2.1/../../../../aarch64-none-elf/lib/libg.a(libc_a-makebuf.o)
 .text          0x0000010014206d5c        0x0 /tools/arm-gnu-toolchain-13.2.Rel1-x86_64-aarch64-none-elf/bin/../lib/gcc/aarch64-none-elf/13.2.1/../../../../aarch64-none-elf/lib/libg.a(libc_a-putc.o)
 .text          0x0000010014206d5c        0x0 /tools/arm-gnu-toolchain-13.2.Rel1-x86_64-aarch64-none-elf/bin/../lib/gcc/aarch64-none-elf/13.2.1/../../../../aarch64-none-elf/lib/libg.a(libc_a-mlock.o)
 .text          0x0000010014206d5c        0x0 /tools/arm-gnu-toolchain-13.2.Rel1-x86_64-aarch64-none-elf/bin/../lib/gcc/aarch64-none-elf/13.2.1/../../../../aarch64-none-elf/lib/libg.a(libc_a-wcsrtombs.o)
 .text          0x0000010014206d5c        0x0 /tools/arm-gnu-toolchain-13.2.Rel1-x86_64-aarch64-none-elf/bin/../lib/gcc/aarch64-none-elf/13.2.1/../../../../aarch64-none-elf/lib/libg.a(libc_a-dtoa.o)
 .text          0x0000010014206d5c        0x0 /tools/arm-gnu-toolchain-13.2.Rel1-x86_64-aarch64-none-elf/bin/../lib/gcc/aarch64-none-elf/13.2.1/../../../../aarch64-none-elf/lib/libg.a(libc_a-ctype_.o)
 .text          0x0000010014206d5c        0x0 /tools/arm-gnu-toolchain-13.2.Rel1-x86_64-aarch64-none-elf/bin/../lib/gcc/aarch64-none-elf/13.2.1/../../../../aarch64-none-elf/lib/libg.a(libc_a-closer.o)
 .text          0x0000010014206d5c        0x0 /tools/arm-gnu-toolchain-13.2.Rel1-x86_64-aarch64-none-elf/bin/../lib/gcc/aarch64-none-elf/13.2.1/../../../../aarch64-none-elf/lib/libg.a(libc_a-fflush.o)
 .text          0x0000010014206d5c        0x0 /tools/arm-gnu-toolchain-13.2.Rel1-x86_64-aarch64-none-elf/bin/../lib/gcc/aarch64-none-elf/13.2.1/../../../../aarch64-none-elf/lib/libg.a(libm_a-s_frexp.o)
 .text          0x0000010014206d5c        0x0 /tools/arm-gnu-toolchain-13.2.Rel1-x86_64-aarch64-none-elf/bin/../lib/gcc/aarch64-none-elf/13.2.1/../../../../aarch64-none-elf/lib/libg.a(libc_a-strlcpy.o)
 .text          0x0000010014206d5c        0x0 /tools/arm-gnu-toolchain-13.2.Rel1-x86_64-aarch64-none-elf/bin/../lib/gcc/aarch64-none-elf/13.2.1/../../../../aarch64-none-elf/lib/libg.a(libc_a-strtol.o)
 .text          0x0000010014206d5c        0x0 /tools/arm-gnu-toolchain-13.2.Rel1-x86_64-aarch64-none-elf/bin/../lib/gcc/aarch64-none-elf/13.2.1/../../../../aarch64-none-elf/lib/libg.a(libc_a-strncasecmp.o)
 .text          0x0000010014206d5c        0x0 /tools/arm-gnu-toolchain-13.2.Rel1-x86_64-aarch64-none-elf/bin/../lib/gcc/aarch64-none-elf/13.2.1/../../../../aarch64-none-elf/lib/libg.a(libc_a-getenv_r.o)
 .text          0x0000010014206d5c        0x0 /tools/arm-gnu-toolchain-13.2.Rel1-x86_64-aarch64-none-elf/bin/../lib/gcc/aarch64-none-elf/13.2.1/../../../../aarch64-none-elf/lib/libg.a(libc_a-strncpy.o)
 .text          0x0000010014206d5c        0x0 /tools/arm-gnu-toolchain-13.2.Rel1-x86_64-aarch64-none-elf/bin/../lib/gcc/aarch64-none-elf/13.2.1/../../../../aarch64-none-elf/lib/libg.a(libc_a-fstatr.o)
 .text          0x0000010014206d5c        0x0 /tools/arm-gnu-toolchain-13.2.Rel1-x86_64-aarch64-none-elf/bin/../lib/gcc/aarch64-none-elf/13.2.1/../../../../aarch64-none-elf/lib/libg.a(libc_a-isattyr.o)
 .text          0x0000010014206d5c        0x0 /tools/arm-gnu-toolchain-13.2.Rel1-x86_64-aarch64-none-elf/bin/../lib/gcc/aarch64-none-elf/13.2.1/../../../../aarch64-none-elf/lib/libg.a(libc_a-lseekr.o)
 .text          0x0000010014206d5c        0x0 /tools/arm-gnu-toolchain-13.2.Rel1-x86_64-aarch64-none-elf/bin/../lib/gcc/aarch64-none-elf/13.2.1/../../../../aarch64-none-elf/lib/libg.a(libc_a-readr.o)
 *fill*         0x0000010014206d5c       0x24 
 .text          0x0000010014206d80       0xcc /tools/arm-gnu-toolchain-13.2.Rel1-x86_64-aarch64-none-elf/bin/../lib/gcc/aarch64-none-elf/13.2.1/../../../../aarch64-none-elf/lib/libg.a(libc_a-strchr.o)
                0x0000010014206d80                strchr
 *fill*         0x0000010014206e4c       0x34 
 .text          0x0000010014206e80      0x134 /tools/arm-gnu-toolchain-13.2.Rel1-x86_64-aarch64-none-elf/bin/../lib/gcc/aarch64-none-elf/13.2.1/../../../../aarch64-none-elf/lib/libg.a(libc_a-strcmp.o)
                0x0000010014206e80                strcmp
 *fill*         0x0000010014206fb4        0xc 
 .text          0x0000010014206fc0      0x12c /tools/arm-gnu-toolchain-13.2.Rel1-x86_64-aarch64-none-elf/bin/../lib/gcc/aarch64-none-elf/13.2.1/../../../../aarch64-none-elf/lib/libg.a(libc_a-strcpy.o)
                0x0000010014206fc0                strcpy
 .text          0x00000100142070ec        0x0 /tools/arm-gnu-toolchain-13.2.Rel1-x86_64-aarch64-none-elf/bin/../lib/gcc/aarch64-none-elf/13.2.1/../../../../aarch64-none-elf/lib/libg.a(libc_a-fputwc.o)
 .text          0x00000100142070ec        0x0 /tools/arm-gnu-toolchain-13.2.Rel1-x86_64-aarch64-none-elf/bin/../lib/gcc/aarch64-none-elf/13.2.1/../../../../aarch64-none-elf/lib/libg.a(libc_a-wctomb_r.o)
 .text          0x00000100142070ec        0x0 /tools/arm-gnu-toolchain-13.2.Rel1-x86_64-aarch64-none-elf/bin/../lib/gcc/aarch64-none-elf/13.2.1/../../../../aarch64-none-elf/lib/libg.a(libc_a-fvwrite.o)
 *fill*         0x00000100142070ec       0x14 
 .text          0x0000010014207100      0x1b4 /tools/arm-gnu-toolchain-13.2.Rel1-x86_64-aarch64-none-elf/bin/../lib/gcc/aarch64-none-elf/13.2.1/../../../../aarch64-none-elf/lib/libg.a(libc_a-strncmp.o)
                0x0000010014207100                strncmp
 .text          0x00000100142072b4        0x0 /tools/arm-gnu-toolchain-13.2.Rel1-x86_64-aarch64-none-elf/bin/../lib/gcc/aarch64-none-elf/13.2.1/../../../../aarch64-none-elf/lib/libg.a(libc_a-wbuf.o)
 .text          0x00000100142072b4        0x0 /tools/arm-gnu-toolchain-13.2.Rel1-x86_64-aarch64-none-elf/bin/../lib/gcc/aarch64-none-elf/13.2.1/../../../../aarch64-none-elf/lib/libg.a(libc_a-mbtowc_r.o)
 .text          0x00000100142072b4        0x0 /tools/arm-gnu-toolchain-13.2.Rel1-x86_64-aarch64-none-elf/bin/../lib/gcc/aarch64-none-elf/13.2.1/../../../../aarch64-none-elf/lib/libg.a(libc_a-assert.o)
 .text          0x00000100142072b4        0x0 /tools/arm-gnu-toolchain-13.2.Rel1-x86_64-aarch64-none-elf/bin/../lib/gcc/aarch64-none-elf/13.2.1/../../../../aarch64-none-elf/lib/libg.a(libc_a-strcasecmp.o)
 .text          0x00000100142072b4        0x0 /tools/arm-gnu-toolchain-13.2.Rel1-x86_64-aarch64-none-elf/bin/../lib/gcc/aarch64-none-elf/13.2.1/../../../../aarch64-none-elf/lib/libg.a(libc_a-strcat.o)
 .text          0x00000100142072b4        0x0 /tools/arm-gnu-toolchain-13.2.Rel1-x86_64-aarch64-none-elf/bin/../lib/gcc/aarch64-none-elf/13.2.1/../../../../aarch64-none-elf/lib/libg.a(libc_a-mprec.o)
 .text          0x00000100142072b4        0x0 /tools/arm-gnu-toolchain-13.2.Rel1-x86_64-aarch64-none-elf/bin/../lib/gcc/aarch64-none-elf/13.2.1/../../../../aarch64-none-elf/lib/libg.a(libc_a-callocr.o)
 .text          0x00000100142072b4        0x0 /tools/arm-gnu-toolchain-13.2.Rel1-x86_64-aarch64-none-elf/bin/../lib/gcc/aarch64-none-elf/13.2.1/../../../../aarch64-none-elf/lib/libg.a(libc_a-wcsnrtombs.o)
 .text          0x00000100142072b4        0x0 /tools/arm-gnu-toolchain-13.2.Rel1-x86_64-aarch64-none-elf/bin/../lib/gcc/aarch64-none-elf/13.2.1/../../../../aarch64-none-elf/lib/libg.a(libc_a-environ.o)
 .text          0x00000100142072b4        0x0 /tools/arm-gnu-toolchain-13.2.Rel1-x86_64-aarch64-none-elf/bin/../lib/gcc/aarch64-none-elf/13.2.1/../../../../aarch64-none-elf/lib/libg.a(libc_a-reallocr.o)
 .text          0x00000100142072b4        0x0 /tools/arm-gnu-toolchain-13.2.Rel1-x86_64-aarch64-none-elf/bin/../lib/gcc/aarch64-none-elf/13.2.1/../../../../aarch64-none-elf/lib/libg.a(libc_a-envlock.o)
 .text          0x00000100142072b4        0x0 /tools/arm-gnu-toolchain-13.2.Rel1-x86_64-aarch64-none-elf/bin/../lib/gcc/aarch64-none-elf/13.2.1/../../../../aarch64-none-elf/lib/libg.a(libc_a-fiprintf.o)
 .text          0x00000100142072b4        0x0 /tools/arm-gnu-toolchain-13.2.Rel1-x86_64-aarch64-none-elf/bin/../lib/gcc/aarch64-none-elf/13.2.1/../../../../aarch64-none-elf/lib/libg.a(libc_a-abort.o)
 .text          0x00000100142072b4        0x0 /tools/arm-gnu-toolchain-13.2.Rel1-x86_64-aarch64-none-elf/bin/../lib/gcc/aarch64-none-elf/13.2.1/../../../../aarch64-none-elf/lib/libg.a(libc_a-signal.o)
 .text          0x00000100142072b4        0x0 /tools/arm-gnu-toolchain-13.2.Rel1-x86_64-aarch64-none-elf/bin/../lib/gcc/aarch64-none-elf/13.2.1/../../../../aarch64-none-elf/lib/libg.a(libc_a-signalr.o)
 .text          0x00000100142072b4        0x0 /tools/arm-gnu-toolchain-13.2.Rel1-x86_64-aarch64-none-elf/bin/../lib/gcc/aarch64-none-elf/13.2.1/libgcc.a(trunctfdf2.o)
 .text          0x00000100142072b4        0x0 /tools/arm-gnu-toolchain-13.2.Rel1-x86_64-aarch64-none-elf/bin/../lib/gcc/aarch64-none-elf/13.2.1/libgcc.a(sfp-exceptions.o)
 *(privileged_functions)
 *fill*         0x00000100142072b4        0xc 
 privileged_functions
                0x00000100142072c0     0x2038 libfreertos_kernel.a(queue.c.o)
                0x00000100142075f0                xQueueGenericSend
                0x0000010014207960                xQueuePeek
                0x0000010014207bc0                xQueuePeekFromISR
                0x0000010014207d20                xQueueReceive
                0x0000010014207f80                uxQueueMessagesWaiting
                0x0000010014207ff0                uxQueueSpacesAvailable
                0x0000010014208080                xQueueGenericSendFromISR
                0x00000100142082e0                xQueueGiveFromISR
                0x00000100142084a0                xQueueReceiveFromISR
                0x0000010014208680                xQueueIsQueueEmptyFromISR
                0x00000100142086f0                xQueueIsQueueFullFromISR
                0x0000010014208750                uxQueueMessagesWaitingFromISR
                0x00000100142087a0                xQueueSemaphoreTake
                0x0000010014208b50                xQueueGetMutexHolder
                0x0000010014208be0                xQueueGetMutexHolderFromISR
                0x0000010014208c60                vQueueAddToRegistry
                0x0000010014208d80                vQueueUnregisterQueue
                0x0000010014208e40                vQueueDelete
                0x0000010014208eb0                pcQueueGetName
                0x0000010014208f80                vQueueWaitForMessageRestricted
                0x0000010014209030                xQueueGenericReset
                0x0000010014209160                xQueueGenericCreate
                0x0000010014209250                xQueueCreateMutex
                0x00000100142092b0                vQueueSetQueueNumber
                0x00000100142092c0                uxQueueGetQueueNumber
                0x00000100142092d0                ucQueueGetQueueType
                0x00000100142092e0                uxQueueGetQueueItemSize
                0x00000100142092f0                uxQueueGetQueueLength
 *fill*         0x00000100142092f8        0x8 
 privileged_functions
                0x0000010014209300     0x58cc libfreertos_kernel.a(tasks.c.o)
                0x0000010014209a10                vTaskEndScheduler
                0x0000010014209a30                vTaskSuspendAll
                0x0000010014209b20                xTaskGetTickCount
                0x0000010014209b30                xTaskGetTickCountFromISR
                0x0000010014209b50                uxTaskGetNumberOfTasks
                0x0000010014209b60                pcTaskGetName
                0x0000010014209be0                vTaskSetThreadLocalStoragePointer
                0x0000010014209c90                pvTaskGetThreadLocalStoragePointer
                0x0000010014209d30                xTaskIncrementTick
                0x000001001420a130                vTaskPlaceOnEventList
                0x000001001420a1e0                vTaskPlaceOnUnorderedEventList
                0x000001001420a360                vTaskPlaceOnEventListRestricted
                0x000001001420a480                xTaskRemoveFromEventList
                0x000001001420a6e0                vTaskSwitchContext
                0x000001001420ad30                uxTaskResetEventItemValue
                0x000001001420ada0                xTaskGetCurrentTaskHandle
                0x000001001420add0                xTaskGetCurrentTaskHandleForCore
                0x000001001420ae10                vTaskMissedYield
                0x000001001420ae30                xTaskPriorityInherit
                0x000001001420b0c0                xTaskPriorityDisinherit
                0x000001001420b310                vTaskPriorityDisinheritAfterTimeout
                0x000001001420b5c0                uxTaskGetTaskNumber
                0x000001001420b5f0                vTaskSetTaskNumber
                0x000001001420b610                pvTaskIncrementMutexHeldCount
                0x000001001420b670                vTaskInternalSetTimeOutState
                0x000001001420b9f0                xTaskCreate
                0x000001001420ba30                vTaskStartScheduler
                0x000001001420bbb0                xTaskCreateAffinitySet
                0x000001001420bc10                vTaskDelete
                0x000001001420be40                uxTaskPriorityGet
                0x000001001420bec0                uxTaskBasePriorityGet
                0x000001001420bf40                eTaskGetState
                0x000001001420c080                vTaskPrioritySet
                0x000001001420c360                vTaskSuspend
                0x000001001420c590                vTaskResume
                0x000001001420c6d0                xTaskResumeAll
                0x000001001420c980                vTaskDelay
                0x000001001420ca50                xTaskDelayUntil
                0x000001001420cc00                xTaskGetHandle
                0x000001001420ccf0                xTaskAbortDelay
                0x000001001420ce80                vTaskGetInfo
                0x000001001420d250                uxTaskGetSystemState
                0x000001001420d380                xTaskGenericNotify
                0x000001001420d6b0                xTaskGenericNotifyWait
                0x000001001420d920                ulTaskGenericNotifyTake
                0x000001001420db60                xTaskGenericNotifyStateClear
                0x000001001420dc60                ulTaskGenericNotifyValueClear
                0x000001001420dd40                vTaskSetTimeOutState
                0x000001001420dde0                xTaskCheckForTimeOut
                0x000001001420dfc0                xTaskCatchUpTicks
                0x000001001420e040                vTaskRemoveFromUnorderedEventList
                0x000001001420e250                xTaskGetSchedulerState
                0x000001001420e2e0                uxTaskPriorityGetFromISR
                0x000001001420e380                uxTaskBasePriorityGetFromISR
                0x000001001420e420                xTaskResumeFromISR
                0x000001001420e580                xTaskGenericNotifyFromISR
                0x000001001420e930                vTaskGenericNotifyGiveFromISR
 *fill*         0x000001001420ebcc       0x14 
 privileged_functions
                0x000001001420ebe0      0xeb8 libfreertos_kernel.a(timers.c.o)
                0x000001001420f2a0                xTimerCreate
                0x000001001420f370                pvTimerGetTimerID
                0x000001001420f3d0                vTimerSetTimerID
                0x000001001420f430                xTimerIsTimerActive
                0x000001001420f4b0                xTimerGetTimerDaemonTaskHandle
                0x000001001420f500                xTimerPendFunctionCallFromISR
                0x000001001420f550                xTimerPendFunctionCall
                0x000001001420f5e0                pcTimerGetName
                0x000001001420f640                vTimerSetReloadMode
                0x000001001420f6c0                xTimerGetReloadMode
                0x000001001420f730                uxTimerGetReloadMode
                0x000001001420f740                xTimerGetPeriod
                0x000001001420f7a0                xTimerGetExpiryTime
                0x000001001420f800                xTimerCreateTimerTask
                0x000001001420f890                xTimerGenericCommandFromTask
                0x000001001420f9b0                xTimerGenericCommandFromISR
                0x000001001420fa80                vTimerSetTimerNumber
                0x000001001420fa90                uxTimerGetTimerNumber
 *fill*         0x000001001420fa98        0x8 
 privileged_functions
                0x000001001420faa0      0x75c libfreertos_kernel.a(heap_4.c.o)
                0x000001001420faa0                pvPortMalloc
                0x000001001420feb0                pvPortCalloc
                0x000001001420ff10                vPortFree
                0x00000100142101d0                vPortInitialiseBlocks
                0x00000100142101e0                xPortGetFreeHeapSize
                0x00000100142101f0                xPortGetMinimumEverFreeHeapSize
 *fill*         0x00000100142101fc        0x4 
 privileged_functions
                0x0000010014210200      0x140 libfreertos_kernel.a(list.c.o)
                0x0000010014210200                vListInitialise
                0x0000010014210220                vListInitialiseItem
                0x0000010014210230                vListInsert
                0x00000100142102b0                vListInsertEnd
                0x00000100142102e0                uxListRemove
 privileged_functions
                0x0000010014210340      0x290 portable/libfreertos_kernel_port.a(port.c.o)
                0x0000010014210340                pxPortInitialiseStack
                0x00000100142104e0                xPortStartScheduler
                0x00000100142105a0                vPortEndScheduler
 *(freertos_system_calls)

.iplt           0x00000100142105d0        0x0 load address 0x00000000142105d0
 .iplt          0x00000100142105d0        0x0 CMakeFiles/freertos_kernel.elf.dir/main_cp1.c.o

.text.__errno   0x00000100142105d0        0xc load address 0x00000000142105d0
 .text.__errno  0x00000100142105d0        0xc /tools/arm-gnu-toolchain-13.2.Rel1-x86_64-aarch64-none-elf/bin/../lib/gcc/aarch64-none-elf/13.2.1/../../../../aarch64-none-elf/lib/libg.a(libc_a-errno.o)
                0x00000100142105d0                __errno

.text._printf_r
                0x00000100142105e0       0x70 load address 0x00000000142105e0
 .text._printf_r
                0x00000100142105e0       0x70 /tools/arm-gnu-toolchain-13.2.Rel1-x86_64-aarch64-none-elf/bin/../lib/gcc/aarch64-none-elf/13.2.1/../../../../aarch64-none-elf/lib/libg.a(libc_a-printf.o)
                0x00000100142105e0                _printf_r

.text.printf    0x0000010014210650       0x80 load address 0x0000000014210650
 .text.printf   0x0000010014210650       0x80 /tools/arm-gnu-toolchain-13.2.Rel1-x86_64-aarch64-none-elf/bin/../lib/gcc/aarch64-none-elf/13.2.1/../../../../aarch64-none-elf/lib/libg.a(libc_a-printf.o)
                0x0000010014210650                printf

.text._putchar_r
                0x00000100142106d0        0x8 load address 0x00000000142106d0
 .text._putchar_r
                0x00000100142106d0        0x8 /tools/arm-gnu-toolchain-13.2.Rel1-x86_64-aarch64-none-elf/bin/../lib/gcc/aarch64-none-elf/13.2.1/../../../../aarch64-none-elf/lib/libg.a(libc_a-putchar.o)
                0x00000100142106d0                _putchar_r

.text.putchar   0x00000100142106e0       0x14 load address 0x00000000142106e0
 .text.putchar  0x00000100142106e0       0x14 /tools/arm-gnu-toolchain-13.2.Rel1-x86_64-aarch64-none-elf/bin/../lib/gcc/aarch64-none-elf/13.2.1/../../../../aarch64-none-elf/lib/libg.a(libc_a-putchar.o)
                0x00000100142106e0                putchar

.text._reclaim_reent
                0x0000010014210700       0xb0 load address 0x0000000014210700
 .text._reclaim_reent
                0x0000010014210700       0xb0 /tools/arm-gnu-toolchain-13.2.Rel1-x86_64-aarch64-none-elf/bin/../lib/gcc/aarch64-none-elf/13.2.1/../../../../aarch64-none-elf/lib/libg.a(libc_a-reent.o)
                0x0000010014210700                _reclaim_reent

.text.stdio_exit_handler
                0x00000100142107b0       0x1c load address 0x00000000142107b0
 .text.stdio_exit_handler
                0x00000100142107b0       0x1c /tools/arm-gnu-toolchain-13.2.Rel1-x86_64-aarch64-none-elf/bin/../lib/gcc/aarch64-none-elf/13.2.1/../../../../aarch64-none-elf/lib/libg.a(libc_a-findfp.o)

.text.cleanup_stdio
                0x00000100142107d0       0x74 load address 0x00000000142107d0
 .text.cleanup_stdio
                0x00000100142107d0       0x74 /tools/arm-gnu-toolchain-13.2.Rel1-x86_64-aarch64-none-elf/bin/../lib/gcc/aarch64-none-elf/13.2.1/../../../../aarch64-none-elf/lib/libg.a(libc_a-findfp.o)

.text.__fp_lock
                0x0000010014210850       0x34 load address 0x0000000014210850
 .text.__fp_lock
                0x0000010014210850       0x34 /tools/arm-gnu-toolchain-13.2.Rel1-x86_64-aarch64-none-elf/bin/../lib/gcc/aarch64-none-elf/13.2.1/../../../../aarch64-none-elf/lib/libg.a(libc_a-findfp.o)

.text.__fp_unlock
                0x0000010014210890       0x34 load address 0x0000000014210890
 .text.__fp_unlock
                0x0000010014210890       0x34 /tools/arm-gnu-toolchain-13.2.Rel1-x86_64-aarch64-none-elf/bin/../lib/gcc/aarch64-none-elf/13.2.1/../../../../aarch64-none-elf/lib/libg.a(libc_a-findfp.o)

.text.global_stdio_init.part.0
                0x00000100142108d0      0x158 load address 0x00000000142108d0
 .text.global_stdio_init.part.0
                0x00000100142108d0      0x158 /tools/arm-gnu-toolchain-13.2.Rel1-x86_64-aarch64-none-elf/bin/../lib/gcc/aarch64-none-elf/13.2.1/../../../../aarch64-none-elf/lib/libg.a(libc_a-findfp.o)

.text.__sfp     0x0000010014210a30      0x144 load address 0x0000000014210a30
 .text.__sfp    0x0000010014210a30      0x144 /tools/arm-gnu-toolchain-13.2.Rel1-x86_64-aarch64-none-elf/bin/../lib/gcc/aarch64-none-elf/13.2.1/../../../../aarch64-none-elf/lib/libg.a(libc_a-findfp.o)
                0x0000010014210a30                __sfp

.text.__sinit   0x0000010014210b80       0x64 load address 0x0000000014210b80
 .text.__sinit  0x0000010014210b80       0x64 /tools/arm-gnu-toolchain-13.2.Rel1-x86_64-aarch64-none-elf/bin/../lib/gcc/aarch64-none-elf/13.2.1/../../../../aarch64-none-elf/lib/libg.a(libc_a-findfp.o)
                0x0000010014210b80                __sinit

.text.__sfp_lock_acquire
                0x0000010014210bf0        0xc load address 0x0000000014210bf0
 .text.__sfp_lock_acquire
                0x0000010014210bf0        0xc /tools/arm-gnu-toolchain-13.2.Rel1-x86_64-aarch64-none-elf/bin/../lib/gcc/aarch64-none-elf/13.2.1/../../../../aarch64-none-elf/lib/libg.a(libc_a-findfp.o)
                0x0000010014210bf0                __sfp_lock_acquire

.text.__sfp_lock_release
                0x0000010014210c00        0xc load address 0x0000000014210c00
 .text.__sfp_lock_release
                0x0000010014210c00        0xc /tools/arm-gnu-toolchain-13.2.Rel1-x86_64-aarch64-none-elf/bin/../lib/gcc/aarch64-none-elf/13.2.1/../../../../aarch64-none-elf/lib/libg.a(libc_a-findfp.o)
                0x0000010014210c00                __sfp_lock_release

.text.__fp_lock_all
                0x0000010014210c10       0x30 load address 0x0000000014210c10
 .text.__fp_lock_all
                0x0000010014210c10       0x30 /tools/arm-gnu-toolchain-13.2.Rel1-x86_64-aarch64-none-elf/bin/../lib/gcc/aarch64-none-elf/13.2.1/../../../../aarch64-none-elf/lib/libg.a(libc_a-findfp.o)
                0x0000010014210c10                __fp_lock_all

.text.__fp_unlock_all
                0x0000010014210c40       0x30 load address 0x0000000014210c40
 .text.__fp_unlock_all
                0x0000010014210c40       0x30 /tools/arm-gnu-toolchain-13.2.Rel1-x86_64-aarch64-none-elf/bin/../lib/gcc/aarch64-none-elf/13.2.1/../../../../aarch64-none-elf/lib/libg.a(libc_a-findfp.o)
                0x0000010014210c40                __fp_unlock_all

.text._malloc_trim_r
                0x0000010014210c70      0x118 load address 0x0000000014210c70
 .text._malloc_trim_r
                0x0000010014210c70      0x118 /tools/arm-gnu-toolchain-13.2.Rel1-x86_64-aarch64-none-elf/bin/../lib/gcc/aarch64-none-elf/13.2.1/../../../../aarch64-none-elf/lib/libg.a(libc_a-freer.o)
                0x0000010014210c70                _malloc_trim_r

.text._free_r   0x0000010014210d90      0x2e0 load address 0x0000000014210d90
 .text._free_r  0x0000010014210d90      0x2e0 /tools/arm-gnu-toolchain-13.2.Rel1-x86_64-aarch64-none-elf/bin/../lib/gcc/aarch64-none-elf/13.2.1/../../../../aarch64-none-elf/lib/libg.a(libc_a-freer.o)
                0x0000010014210d90                _free_r

.text.__sread   0x0000010014211070       0x50 load address 0x0000000014211070
 .text.__sread  0x0000010014211070       0x50 /tools/arm-gnu-toolchain-13.2.Rel1-x86_64-aarch64-none-elf/bin/../lib/gcc/aarch64-none-elf/13.2.1/../../../../aarch64-none-elf/lib/libg.a(libc_a-stdio.o)
                0x0000010014211070                __sread

.text.__seofread
                0x00000100142110c0        0x8 load address 0x00000000142110c0
 .text.__seofread
                0x00000100142110c0        0x8 /tools/arm-gnu-toolchain-13.2.Rel1-x86_64-aarch64-none-elf/bin/../lib/gcc/aarch64-none-elf/13.2.1/../../../../aarch64-none-elf/lib/libg.a(libc_a-stdio.o)
                0x00000100142110c0                __seofread

.text.__swrite  0x00000100142110d0       0x6c load address 0x00000000142110d0
 .text.__swrite
                0x00000100142110d0       0x6c /tools/arm-gnu-toolchain-13.2.Rel1-x86_64-aarch64-none-elf/bin/../lib/gcc/aarch64-none-elf/13.2.1/../../../../aarch64-none-elf/lib/libg.a(libc_a-stdio.o)
                0x00000100142110d0                __swrite

.text.__sseek   0x0000010014211140       0x50 load address 0x0000000014211140
 .text.__sseek  0x0000010014211140       0x50 /tools/arm-gnu-toolchain-13.2.Rel1-x86_64-aarch64-none-elf/bin/../lib/gcc/aarch64-none-elf/13.2.1/../../../../aarch64-none-elf/lib/libg.a(libc_a-stdio.o)
                0x0000010014211140                __sseek

.text.__sclose  0x0000010014211190        0x8 load address 0x0000000014211190
 .text.__sclose
                0x0000010014211190        0x8 /tools/arm-gnu-toolchain-13.2.Rel1-x86_64-aarch64-none-elf/bin/../lib/gcc/aarch64-none-elf/13.2.1/../../../../aarch64-none-elf/lib/libg.a(libc_a-stdio.o)
                0x0000010014211190                __sclose

.text._sbrk_r   0x00000100142111a0       0x4c load address 0x00000000142111a0
 .text._sbrk_r  0x00000100142111a0       0x4c /tools/arm-gnu-toolchain-13.2.Rel1-x86_64-aarch64-none-elf/bin/../lib/gcc/aarch64-none-elf/13.2.1/../../../../aarch64-none-elf/lib/libg.a(libc_a-sbrkr.o)
                0x00000100142111a0                _sbrk_r

.text._fwalk_sglue
                0x00000100142111f0       0xa0 load address 0x00000000142111f0
 .text._fwalk_sglue
                0x00000100142111f0       0xa0 /tools/arm-gnu-toolchain-13.2.Rel1-x86_64-aarch64-none-elf/bin/../lib/gcc/aarch64-none-elf/13.2.1/../../../../aarch64-none-elf/lib/libg.a(libc_a-fwalk.o)
                0x00000100142111f0                _fwalk_sglue

.text._write_r  0x0000010014211290       0x60 load address 0x0000000014211290
 .text._write_r
                0x0000010014211290       0x60 /tools/arm-gnu-toolchain-13.2.Rel1-x86_64-aarch64-none-elf/bin/../lib/gcc/aarch64-none-elf/13.2.1/../../../../aarch64-none-elf/lib/libg.a(libc_a-writer.o)
                0x0000010014211290                _write_r

.text._vfprintf_r
                0x00000100142112f0     0x32e4 load address 0x00000000142112f0
 .text._vfprintf_r
                0x00000100142112f0     0x32e4 /tools/arm-gnu-toolchain-13.2.Rel1-x86_64-aarch64-none-elf/bin/../lib/gcc/aarch64-none-elf/13.2.1/../../../../aarch64-none-elf/lib/libg.a(libc_a-vfprintf.o)
                0x00000100142112f0                _vfprintf_r

.text.vfprintf  0x00000100142145e0       0x34 load address 0x00000000142145e0
 .text.vfprintf
                0x00000100142145e0       0x34 /tools/arm-gnu-toolchain-13.2.Rel1-x86_64-aarch64-none-elf/bin/../lib/gcc/aarch64-none-elf/13.2.1/../../../../aarch64-none-elf/lib/libg.a(libc_a-vfprintf.o)
                0x00000100142145e0                vfprintf

.text.__sbprintf
                0x0000010014214620      0x1c0 load address 0x0000000014214620
 .text.__sbprintf
                0x0000010014214620       0xe0 /tools/arm-gnu-toolchain-13.2.Rel1-x86_64-aarch64-none-elf/bin/../lib/gcc/aarch64-none-elf/13.2.1/../../../../aarch64-none-elf/lib/libg.a(libc_a-vfprintf.o)
 .text.__sbprintf
                0x0000010014214700       0xe0 /tools/arm-gnu-toolchain-13.2.Rel1-x86_64-aarch64-none-elf/bin/../lib/gcc/aarch64-none-elf/13.2.1/../../../../aarch64-none-elf/lib/libg.a(libc_a-vfiprintf.o)

.text.__sprint_r.part.0
                0x00000100142147e0       0xd8 load address 0x00000000142147e0
 .text.__sprint_r.part.0
                0x00000100142147e0       0xd8 /tools/arm-gnu-toolchain-13.2.Rel1-x86_64-aarch64-none-elf/bin/../lib/gcc/aarch64-none-elf/13.2.1/../../../../aarch64-none-elf/lib/libg.a(libc_a-vfiprintf.o)

.text.__sprint_r
                0x00000100142148c0       0x18 load address 0x00000000142148c0
 .text.__sprint_r
                0x00000100142148c0       0x18 /tools/arm-gnu-toolchain-13.2.Rel1-x86_64-aarch64-none-elf/bin/../lib/gcc/aarch64-none-elf/13.2.1/../../../../aarch64-none-elf/lib/libg.a(libc_a-vfiprintf.o)
                0x00000100142148c0                __sprint_r

.text._vfiprintf_r
                0x00000100142148e0     0x1c04 load address 0x00000000142148e0
 .text._vfiprintf_r
                0x00000100142148e0     0x1c04 /tools/arm-gnu-toolchain-13.2.Rel1-x86_64-aarch64-none-elf/bin/../lib/gcc/aarch64-none-elf/13.2.1/../../../../aarch64-none-elf/lib/libg.a(libc_a-vfiprintf.o)
                0x00000100142148e0                _vfiprintf_r

.text.vfiprintf
                0x00000100142164f0       0x34 load address 0x00000000142164f0
 .text.vfiprintf
                0x00000100142164f0       0x34 /tools/arm-gnu-toolchain-13.2.Rel1-x86_64-aarch64-none-elf/bin/../lib/gcc/aarch64-none-elf/13.2.1/../../../../aarch64-none-elf/lib/libg.a(libc_a-vfiprintf.o)
                0x00000100142164f0                vfiprintf

.text._malloc_r
                0x0000010014216530      0x7f4 load address 0x0000000014216530
 .text._malloc_r
                0x0000010014216530      0x7f4 /tools/arm-gnu-toolchain-13.2.Rel1-x86_64-aarch64-none-elf/bin/../lib/gcc/aarch64-none-elf/13.2.1/../../../../aarch64-none-elf/lib/libg.a(libc_a-mallocr.o)
                0x0000010014216530                _malloc_r

.text._wcrtomb_r
                0x0000010014216d30       0x88 load address 0x0000000014216d30
 .text._wcrtomb_r
                0x0000010014216d30       0x88 /tools/arm-gnu-toolchain-13.2.Rel1-x86_64-aarch64-none-elf/bin/../lib/gcc/aarch64-none-elf/13.2.1/../../../../aarch64-none-elf/lib/libg.a(libc_a-wcrtomb.o)
                0x0000010014216d30                _wcrtomb_r

.text.wcrtomb   0x0000010014216dc0       0x9c load address 0x0000000014216dc0
 .text.wcrtomb  0x0000010014216dc0       0x9c /tools/arm-gnu-toolchain-13.2.Rel1-x86_64-aarch64-none-elf/bin/../lib/gcc/aarch64-none-elf/13.2.1/../../../../aarch64-none-elf/lib/libg.a(libc_a-wcrtomb.o)
                0x0000010014216dc0                wcrtomb

.text.__retarget_lock_init
                0x0000010014216e60        0x4 load address 0x0000000014216e60
 .text.__retarget_lock_init
                0x0000010014216e60        0x4 /tools/arm-gnu-toolchain-13.2.Rel1-x86_64-aarch64-none-elf/bin/../lib/gcc/aarch64-none-elf/13.2.1/../../../../aarch64-none-elf/lib/libg.a(libc_a-lock.o)
                0x0000010014216e60                __retarget_lock_init

.text.__retarget_lock_init_recursive
                0x0000010014216e70        0x4 load address 0x0000000014216e70
 .text.__retarget_lock_init_recursive
                0x0000010014216e70        0x4 /tools/arm-gnu-toolchain-13.2.Rel1-x86_64-aarch64-none-elf/bin/../lib/gcc/aarch64-none-elf/13.2.1/../../../../aarch64-none-elf/lib/libg.a(libc_a-lock.o)
                0x0000010014216e70                __retarget_lock_init_recursive

.text.__retarget_lock_close
                0x0000010014216e80        0x4 load address 0x0000000014216e80
 .text.__retarget_lock_close
                0x0000010014216e80        0x4 /tools/arm-gnu-toolchain-13.2.Rel1-x86_64-aarch64-none-elf/bin/../lib/gcc/aarch64-none-elf/13.2.1/../../../../aarch64-none-elf/lib/libg.a(libc_a-lock.o)
                0x0000010014216e80                __retarget_lock_close

.text.__retarget_lock_close_recursive
                0x0000010014216e90        0x4 load address 0x0000000014216e90
 .text.__retarget_lock_close_recursive
                0x0000010014216e90        0x4 /tools/arm-gnu-toolchain-13.2.Rel1-x86_64-aarch64-none-elf/bin/../lib/gcc/aarch64-none-elf/13.2.1/../../../../aarch64-none-elf/lib/libg.a(libc_a-lock.o)
                0x0000010014216e90                __retarget_lock_close_recursive

.text.__retarget_lock_acquire
                0x0000010014216ea0        0x4 load address 0x0000000014216ea0
 .text.__retarget_lock_acquire
                0x0000010014216ea0        0x4 /tools/arm-gnu-toolchain-13.2.Rel1-x86_64-aarch64-none-elf/bin/../lib/gcc/aarch64-none-elf/13.2.1/../../../../aarch64-none-elf/lib/libg.a(libc_a-lock.o)
                0x0000010014216ea0                __retarget_lock_acquire

.text.__retarget_lock_acquire_recursive
                0x0000010014216eb0        0x4 load address 0x0000000014216eb0
 .text.__retarget_lock_acquire_recursive
                0x0000010014216eb0        0x4 /tools/arm-gnu-toolchain-13.2.Rel1-x86_64-aarch64-none-elf/bin/../lib/gcc/aarch64-none-elf/13.2.1/../../../../aarch64-none-elf/lib/libg.a(libc_a-lock.o)
                0x0000010014216eb0                __retarget_lock_acquire_recursive

.text.__retarget_lock_try_acquire
                0x0000010014216ec0        0x8 load address 0x0000000014216ec0
 .text.__retarget_lock_try_acquire
                0x0000010014216ec0        0x8 /tools/arm-gnu-toolchain-13.2.Rel1-x86_64-aarch64-none-elf/bin/../lib/gcc/aarch64-none-elf/13.2.1/../../../../aarch64-none-elf/lib/libg.a(libc_a-lock.o)
                0x0000010014216ec0                __retarget_lock_try_acquire

.text.__retarget_lock_try_acquire_recursive
                0x0000010014216ed0        0x8 load address 0x0000000014216ed0
 .text.__retarget_lock_try_acquire_recursive
                0x0000010014216ed0        0x8 /tools/arm-gnu-toolchain-13.2.Rel1-x86_64-aarch64-none-elf/bin/../lib/gcc/aarch64-none-elf/13.2.1/../../../../aarch64-none-elf/lib/libg.a(libc_a-lock.o)
                0x0000010014216ed0                __retarget_lock_try_acquire_recursive

.text.__retarget_lock_release
                0x0000010014216ee0        0x4 load address 0x0000000014216ee0
 .text.__retarget_lock_release
                0x0000010014216ee0        0x4 /tools/arm-gnu-toolchain-13.2.Rel1-x86_64-aarch64-none-elf/bin/../lib/gcc/aarch64-none-elf/13.2.1/../../../../aarch64-none-elf/lib/libg.a(libc_a-lock.o)
                0x0000010014216ee0                __retarget_lock_release

.text.__retarget_lock_release_recursive
                0x0000010014216ef0        0x4 load address 0x0000000014216ef0
 .text.__retarget_lock_release_recursive
                0x0000010014216ef0        0x4 /tools/arm-gnu-toolchain-13.2.Rel1-x86_64-aarch64-none-elf/bin/../lib/gcc/aarch64-none-elf/13.2.1/../../../../aarch64-none-elf/lib/libg.a(libc_a-lock.o)
                0x0000010014216ef0                __retarget_lock_release_recursive

.text.currentlocale
                0x0000010014216f00       0xc4 load address 0x0000000014216f00
 .text.currentlocale
                0x0000010014216f00       0xc4 /tools/arm-gnu-toolchain-13.2.Rel1-x86_64-aarch64-none-elf/bin/../lib/gcc/aarch64-none-elf/13.2.1/../../../../aarch64-none-elf/lib/libg.a(libc_a-locale.o)

.text.__loadlocale
                0x0000010014216fd0      0x790 load address 0x0000000014216fd0
 .text.__loadlocale
                0x0000010014216fd0      0x790 /tools/arm-gnu-toolchain-13.2.Rel1-x86_64-aarch64-none-elf/bin/../lib/gcc/aarch64-none-elf/13.2.1/../../../../aarch64-none-elf/lib/libg.a(libc_a-locale.o)
                0x0000010014216fd0                __loadlocale

.text.__get_locale_env
                0x0000010014217760       0x7c load address 0x0000000014217760
 .text.__get_locale_env
                0x0000010014217760       0x7c /tools/arm-gnu-toolchain-13.2.Rel1-x86_64-aarch64-none-elf/bin/../lib/gcc/aarch64-none-elf/13.2.1/../../../../aarch64-none-elf/lib/libg.a(libc_a-locale.o)
                0x0000010014217760                __get_locale_env

.text._setlocale_r
                0x00000100142177e0      0x3b0 load address 0x00000000142177e0
 .text._setlocale_r
                0x00000100142177e0      0x3b0 /tools/arm-gnu-toolchain-13.2.Rel1-x86_64-aarch64-none-elf/bin/../lib/gcc/aarch64-none-elf/13.2.1/../../../../aarch64-none-elf/lib/libg.a(libc_a-locale.o)
                0x00000100142177e0                _setlocale_r

.text.__locale_mb_cur_max
                0x0000010014217b90        0xc load address 0x0000000014217b90
 .text.__locale_mb_cur_max
                0x0000010014217b90        0xc /tools/arm-gnu-toolchain-13.2.Rel1-x86_64-aarch64-none-elf/bin/../lib/gcc/aarch64-none-elf/13.2.1/../../../../aarch64-none-elf/lib/libg.a(libc_a-locale.o)
                0x0000010014217b90                __locale_mb_cur_max

.text.setlocale
                0x0000010014217ba0       0x14 load address 0x0000000014217ba0
 .text.setlocale
                0x0000010014217ba0       0x14 /tools/arm-gnu-toolchain-13.2.Rel1-x86_64-aarch64-none-elf/bin/../lib/gcc/aarch64-none-elf/13.2.1/../../../../aarch64-none-elf/lib/libg.a(libc_a-locale.o)
                0x0000010014217ba0                setlocale

.text.__localeconv_l
                0x0000010014217bc0        0x8 load address 0x0000000014217bc0
 .text.__localeconv_l
                0x0000010014217bc0        0x8 /tools/arm-gnu-toolchain-13.2.Rel1-x86_64-aarch64-none-elf/bin/../lib/gcc/aarch64-none-elf/13.2.1/../../../../aarch64-none-elf/lib/libg.a(libc_a-localeconv.o)
                0x0000010014217bc0                __localeconv_l

.text._localeconv_r
                0x0000010014217bd0        0xc load address 0x0000000014217bd0
 .text._localeconv_r
                0x0000010014217bd0        0xc /tools/arm-gnu-toolchain-13.2.Rel1-x86_64-aarch64-none-elf/bin/../lib/gcc/aarch64-none-elf/13.2.1/../../../../aarch64-none-elf/lib/libg.a(libc_a-localeconv.o)
                0x0000010014217bd0                _localeconv_r

.text.localeconv
                0x0000010014217be0        0xc load address 0x0000000014217be0
 .text.localeconv
                0x0000010014217be0        0xc /tools/arm-gnu-toolchain-13.2.Rel1-x86_64-aarch64-none-elf/bin/../lib/gcc/aarch64-none-elf/13.2.1/../../../../aarch64-none-elf/lib/libg.a(libc_a-localeconv.o)
                0x0000010014217be0                localeconv

.text._fclose_r
                0x0000010014217bf0      0x13c load address 0x0000000014217bf0
 .text._fclose_r
                0x0000010014217bf0      0x13c /tools/arm-gnu-toolchain-13.2.Rel1-x86_64-aarch64-none-elf/bin/../lib/gcc/aarch64-none-elf/13.2.1/../../../../aarch64-none-elf/lib/libg.a(libc_a-fclose.o)
                0x0000010014217bf0                _fclose_r

.text.fclose    0x0000010014217d30       0x10 load address 0x0000000014217d30
 .text.fclose   0x0000010014217d30       0x10 /tools/arm-gnu-toolchain-13.2.Rel1-x86_64-aarch64-none-elf/bin/../lib/gcc/aarch64-none-elf/13.2.1/../../../../aarch64-none-elf/lib/libg.a(libc_a-fclose.o)
                0x0000010014217d30                fclose

.text.__swsetup_r
                0x0000010014217d40      0x130 load address 0x0000000014217d40
 .text.__swsetup_r
                0x0000010014217d40      0x130 /tools/arm-gnu-toolchain-13.2.Rel1-x86_64-aarch64-none-elf/bin/../lib/gcc/aarch64-none-elf/13.2.1/../../../../aarch64-none-elf/lib/libg.a(libc_a-wsetup.o)
                0x0000010014217d40                __swsetup_r

.text.__smakebuf_r
                0x0000010014217e70      0x150 load address 0x0000000014217e70
 .text.__smakebuf_r
                0x0000010014217e70      0x150 /tools/arm-gnu-toolchain-13.2.Rel1-x86_64-aarch64-none-elf/bin/../lib/gcc/aarch64-none-elf/13.2.1/../../../../aarch64-none-elf/lib/libg.a(libc_a-makebuf.o)
                0x0000010014217e70                __smakebuf_r

.text.__swhatbuf_r
                0x0000010014217fc0       0x94 load address 0x0000000014217fc0
 .text.__swhatbuf_r
                0x0000010014217fc0       0x94 /tools/arm-gnu-toolchain-13.2.Rel1-x86_64-aarch64-none-elf/bin/../lib/gcc/aarch64-none-elf/13.2.1/../../../../aarch64-none-elf/lib/libg.a(libc_a-makebuf.o)
                0x0000010014217fc0                __swhatbuf_r

.text._putc_r   0x0000010014218060       0xe0 load address 0x0000000014218060
 .text._putc_r  0x0000010014218060       0xe0 /tools/arm-gnu-toolchain-13.2.Rel1-x86_64-aarch64-none-elf/bin/../lib/gcc/aarch64-none-elf/13.2.1/../../../../aarch64-none-elf/lib/libg.a(libc_a-putc.o)
                0x0000010014218060                _putc_r

.text.putc      0x0000010014218140       0xe8 load address 0x0000000014218140
 .text.putc     0x0000010014218140       0xe8 /tools/arm-gnu-toolchain-13.2.Rel1-x86_64-aarch64-none-elf/bin/../lib/gcc/aarch64-none-elf/13.2.1/../../../../aarch64-none-elf/lib/libg.a(libc_a-putc.o)
                0x0000010014218140                putc

.text.__malloc_lock
                0x0000010014218230        0xc load address 0x0000000014218230
 .text.__malloc_lock
                0x0000010014218230        0xc /tools/arm-gnu-toolchain-13.2.Rel1-x86_64-aarch64-none-elf/bin/../lib/gcc/aarch64-none-elf/13.2.1/../../../../aarch64-none-elf/lib/libg.a(libc_a-mlock.o)
                0x0000010014218230                __malloc_lock

.text.__malloc_unlock
                0x0000010014218240        0xc load address 0x0000000014218240
 .text.__malloc_unlock
                0x0000010014218240        0xc /tools/arm-gnu-toolchain-13.2.Rel1-x86_64-aarch64-none-elf/bin/../lib/gcc/aarch64-none-elf/13.2.1/../../../../aarch64-none-elf/lib/libg.a(libc_a-mlock.o)
                0x0000010014218240                __malloc_unlock

.text._wcsrtombs_r
                0x0000010014218250       0x10 load address 0x0000000014218250
 .text._wcsrtombs_r
                0x0000010014218250       0x10 /tools/arm-gnu-toolchain-13.2.Rel1-x86_64-aarch64-none-elf/bin/../lib/gcc/aarch64-none-elf/13.2.1/../../../../aarch64-none-elf/lib/libg.a(libc_a-wcsrtombs.o)
                0x0000010014218250                _wcsrtombs_r

.text.wcsrtombs
                0x0000010014218260       0x28 load address 0x0000000014218260
 .text.wcsrtombs
                0x0000010014218260       0x28 /tools/arm-gnu-toolchain-13.2.Rel1-x86_64-aarch64-none-elf/bin/../lib/gcc/aarch64-none-elf/13.2.1/../../../../aarch64-none-elf/lib/libg.a(libc_a-wcsrtombs.o)
                0x0000010014218260                wcsrtombs

.text.quorem    0x0000010014218290      0x1a4 load address 0x0000000014218290
 .text.quorem   0x0000010014218290      0x1a4 /tools/arm-gnu-toolchain-13.2.Rel1-x86_64-aarch64-none-elf/bin/../lib/gcc/aarch64-none-elf/13.2.1/../../../../aarch64-none-elf/lib/libg.a(libc_a-dtoa.o)

.text._dtoa_r   0x0000010014218440     0x1198 load address 0x0000000014218440
 .text._dtoa_r  0x0000010014218440     0x1198 /tools/arm-gnu-toolchain-13.2.Rel1-x86_64-aarch64-none-elf/bin/../lib/gcc/aarch64-none-elf/13.2.1/../../../../aarch64-none-elf/lib/libg.a(libc_a-dtoa.o)
                0x0000010014218440                _dtoa_r

.text.__set_ctype
                0x00000100142195e0       0x10 load address 0x00000000142195e0
 .text.__set_ctype
                0x00000100142195e0       0x10 /tools/arm-gnu-toolchain-13.2.Rel1-x86_64-aarch64-none-elf/bin/../lib/gcc/aarch64-none-elf/13.2.1/../../../../aarch64-none-elf/lib/libg.a(libc_a-ctype_.o)
                0x00000100142195e0                __set_ctype

.text._close_r  0x00000100142195f0       0x4c load address 0x00000000142195f0
 .text._close_r
                0x00000100142195f0       0x4c /tools/arm-gnu-toolchain-13.2.Rel1-x86_64-aarch64-none-elf/bin/../lib/gcc/aarch64-none-elf/13.2.1/../../../../aarch64-none-elf/lib/libg.a(libc_a-closer.o)
                0x00000100142195f0                _close_r

.text.__sflush_r
                0x0000010014219640      0x200 load address 0x0000000014219640
 .text.__sflush_r
                0x0000010014219640      0x200 /tools/arm-gnu-toolchain-13.2.Rel1-x86_64-aarch64-none-elf/bin/../lib/gcc/aarch64-none-elf/13.2.1/../../../../aarch64-none-elf/lib/libg.a(libc_a-fflush.o)
                0x0000010014219640                __sflush_r

.text._fflush_r
                0x0000010014219840       0xb8 load address 0x0000000014219840
 .text._fflush_r
                0x0000010014219840       0xb8 /tools/arm-gnu-toolchain-13.2.Rel1-x86_64-aarch64-none-elf/bin/../lib/gcc/aarch64-none-elf/13.2.1/../../../../aarch64-none-elf/lib/libg.a(libc_a-fflush.o)
                0x0000010014219840                _fflush_r

.text.fflush    0x0000010014219900       0xb8 load address 0x0000000014219900
 .text.fflush   0x0000010014219900       0xb8 /tools/arm-gnu-toolchain-13.2.Rel1-x86_64-aarch64-none-elf/bin/../lib/gcc/aarch64-none-elf/13.2.1/../../../../aarch64-none-elf/lib/libg.a(libc_a-fflush.o)
                0x0000010014219900                fflush

.text.frexp     0x00000100142199c0       0x78 load address 0x00000000142199c0
 .text.frexp    0x00000100142199c0       0x78 /tools/arm-gnu-toolchain-13.2.Rel1-x86_64-aarch64-none-elf/bin/../lib/gcc/aarch64-none-elf/13.2.1/../../../../aarch64-none-elf/lib/libg.a(libm_a-s_frexp.o)
                0x00000100142199c0                frexp

.text.strlcpy   0x0000010014219a40       0x3c load address 0x0000000014219a40
 .text.strlcpy  0x0000010014219a40       0x3c /tools/arm-gnu-toolchain-13.2.Rel1-x86_64-aarch64-none-elf/bin/../lib/gcc/aarch64-none-elf/13.2.1/../../../../aarch64-none-elf/lib/libg.a(libc_a-strlcpy.o)
                0x0000010014219a40                strlcpy

.text._strtol_l.part.0
                0x0000010014219a80      0x184 load address 0x0000000014219a80
 .text._strtol_l.part.0
                0x0000010014219a80      0x184 /tools/arm-gnu-toolchain-13.2.Rel1-x86_64-aarch64-none-elf/bin/../lib/gcc/aarch64-none-elf/13.2.1/../../../../aarch64-none-elf/lib/libg.a(libc_a-strtol.o)

.text._strtol_r
                0x0000010014219c10       0x30 load address 0x0000000014219c10
 .text._strtol_r
                0x0000010014219c10       0x30 /tools/arm-gnu-toolchain-13.2.Rel1-x86_64-aarch64-none-elf/bin/../lib/gcc/aarch64-none-elf/13.2.1/../../../../aarch64-none-elf/lib/libg.a(libc_a-strtol.o)
                0x0000010014219c10                _strtol_r

.text.strtol_l  0x0000010014219c40       0x48 load address 0x0000000014219c40
 .text.strtol_l
                0x0000010014219c40       0x48 /tools/arm-gnu-toolchain-13.2.Rel1-x86_64-aarch64-none-elf/bin/../lib/gcc/aarch64-none-elf/13.2.1/../../../../aarch64-none-elf/lib/libg.a(libc_a-strtol.o)
                0x0000010014219c40                strtol_l

.text.strtol    0x0000010014219c90       0x48 load address 0x0000000014219c90
 .text.strtol   0x0000010014219c90       0x48 /tools/arm-gnu-toolchain-13.2.Rel1-x86_64-aarch64-none-elf/bin/../lib/gcc/aarch64-none-elf/13.2.1/../../../../aarch64-none-elf/lib/libg.a(libc_a-strtol.o)
                0x0000010014219c90                strtol

.text.strncasecmp
                0x0000010014219ce0       0x7c load address 0x0000000014219ce0
 .text.strncasecmp
                0x0000010014219ce0       0x7c /tools/arm-gnu-toolchain-13.2.Rel1-x86_64-aarch64-none-elf/bin/../lib/gcc/aarch64-none-elf/13.2.1/../../../../aarch64-none-elf/lib/libg.a(libc_a-strncasecmp.o)
                0x0000010014219ce0                strncasecmp

.text._findenv_r
                0x0000010014219d60       0xfc load address 0x0000000014219d60
 .text._findenv_r
                0x0000010014219d60       0xfc /tools/arm-gnu-toolchain-13.2.Rel1-x86_64-aarch64-none-elf/bin/../lib/gcc/aarch64-none-elf/13.2.1/../../../../aarch64-none-elf/lib/libg.a(libc_a-getenv_r.o)
                0x0000010014219d60                _findenv_r

.text._getenv_r
                0x0000010014219e60       0x18 load address 0x0000000014219e60
 .text._getenv_r
                0x0000010014219e60       0x18 /tools/arm-gnu-toolchain-13.2.Rel1-x86_64-aarch64-none-elf/bin/../lib/gcc/aarch64-none-elf/13.2.1/../../../../aarch64-none-elf/lib/libg.a(libc_a-getenv_r.o)
                0x0000010014219e60                _getenv_r

.text.strncpy   0x0000010014219e80       0x90 load address 0x0000000014219e80
 .text.strncpy  0x0000010014219e80       0x90 /tools/arm-gnu-toolchain-13.2.Rel1-x86_64-aarch64-none-elf/bin/../lib/gcc/aarch64-none-elf/13.2.1/../../../../aarch64-none-elf/lib/libg.a(libc_a-strncpy.o)
                0x0000010014219e80                strncpy

.text._fstat_r  0x0000010014219f10       0x50 load address 0x0000000014219f10
 .text._fstat_r
                0x0000010014219f10       0x50 /tools/arm-gnu-toolchain-13.2.Rel1-x86_64-aarch64-none-elf/bin/../lib/gcc/aarch64-none-elf/13.2.1/../../../../aarch64-none-elf/lib/libg.a(libc_a-fstatr.o)
                0x0000010014219f10                _fstat_r

.text._isatty_r
                0x0000010014219f60       0x4c load address 0x0000000014219f60
 .text._isatty_r
                0x0000010014219f60       0x4c /tools/arm-gnu-toolchain-13.2.Rel1-x86_64-aarch64-none-elf/bin/../lib/gcc/aarch64-none-elf/13.2.1/../../../../aarch64-none-elf/lib/libg.a(libc_a-isattyr.o)
                0x0000010014219f60                _isatty_r

.text._lseek_r  0x0000010014219fb0       0x54 load address 0x0000000014219fb0
 .text._lseek_r
                0x0000010014219fb0       0x54 /tools/arm-gnu-toolchain-13.2.Rel1-x86_64-aarch64-none-elf/bin/../lib/gcc/aarch64-none-elf/13.2.1/../../../../aarch64-none-elf/lib/libg.a(libc_a-lseekr.o)
                0x0000010014219fb0                _lseek_r

.text._read_r   0x000001001421a010       0x60 load address 0x000000001421a010
 .text._read_r  0x000001001421a010       0x60 /tools/arm-gnu-toolchain-13.2.Rel1-x86_64-aarch64-none-elf/bin/../lib/gcc/aarch64-none-elf/13.2.1/../../../../aarch64-none-elf/lib/libg.a(libc_a-readr.o)
                0x000001001421a010                _read_r

.text.__fputwc  0x000001001421a070       0xe0 load address 0x000000001421a070
 .text.__fputwc
                0x000001001421a070       0xe0 /tools/arm-gnu-toolchain-13.2.Rel1-x86_64-aarch64-none-elf/bin/../lib/gcc/aarch64-none-elf/13.2.1/../../../../aarch64-none-elf/lib/libg.a(libc_a-fputwc.o)
                0x000001001421a070                __fputwc

.text._fputwc_r
                0x000001001421a150       0x9c load address 0x000000001421a150
 .text._fputwc_r
                0x000001001421a150       0x9c /tools/arm-gnu-toolchain-13.2.Rel1-x86_64-aarch64-none-elf/bin/../lib/gcc/aarch64-none-elf/13.2.1/../../../../aarch64-none-elf/lib/libg.a(libc_a-fputwc.o)
                0x000001001421a150                _fputwc_r

.text.fputwc    0x000001001421a1f0       0xc4 load address 0x000000001421a1f0
 .text.fputwc   0x000001001421a1f0       0xc4 /tools/arm-gnu-toolchain-13.2.Rel1-x86_64-aarch64-none-elf/bin/../lib/gcc/aarch64-none-elf/13.2.1/../../../../aarch64-none-elf/lib/libg.a(libc_a-fputwc.o)
                0x000001001421a1f0                fputwc

.text._wctomb_r
                0x000001001421a2c0       0x10 load address 0x000000001421a2c0
 .text._wctomb_r
                0x000001001421a2c0       0x10 /tools/arm-gnu-toolchain-13.2.Rel1-x86_64-aarch64-none-elf/bin/../lib/gcc/aarch64-none-elf/13.2.1/../../../../aarch64-none-elf/lib/libg.a(libc_a-wctomb_r.o)
                0x000001001421a2c0                _wctomb_r

.text.__ascii_wctomb
                0x000001001421a2d0       0x34 load address 0x000000001421a2d0
 .text.__ascii_wctomb
                0x000001001421a2d0       0x34 /tools/arm-gnu-toolchain-13.2.Rel1-x86_64-aarch64-none-elf/bin/../lib/gcc/aarch64-none-elf/13.2.1/../../../../aarch64-none-elf/lib/libg.a(libc_a-wctomb_r.o)
                0x000001001421a2d0                __ascii_wctomb

.text.__utf8_wctomb
                0x000001001421a310       0xe4 load address 0x000000001421a310
 .text.__utf8_wctomb
                0x000001001421a310       0xe4 /tools/arm-gnu-toolchain-13.2.Rel1-x86_64-aarch64-none-elf/bin/../lib/gcc/aarch64-none-elf/13.2.1/../../../../aarch64-none-elf/lib/libg.a(libc_a-wctomb_r.o)
                0x000001001421a310                __utf8_wctomb

.text.__sjis_wctomb
                0x000001001421a400       0x84 load address 0x000000001421a400
 .text.__sjis_wctomb
                0x000001001421a400       0x84 /tools/arm-gnu-toolchain-13.2.Rel1-x86_64-aarch64-none-elf/bin/../lib/gcc/aarch64-none-elf/13.2.1/../../../../aarch64-none-elf/lib/libg.a(libc_a-wctomb_r.o)
                0x000001001421a400                __sjis_wctomb

.text.__eucjp_wctomb
                0x000001001421a490       0xa8 load address 0x000000001421a490
 .text.__eucjp_wctomb
                0x000001001421a490       0xa8 /tools/arm-gnu-toolchain-13.2.Rel1-x86_64-aarch64-none-elf/bin/../lib/gcc/aarch64-none-elf/13.2.1/../../../../aarch64-none-elf/lib/libg.a(libc_a-wctomb_r.o)
                0x000001001421a490                __eucjp_wctomb

.text.__jis_wctomb
                0x000001001421a540       0xbc load address 0x000000001421a540
 .text.__jis_wctomb
                0x000001001421a540       0xbc /tools/arm-gnu-toolchain-13.2.Rel1-x86_64-aarch64-none-elf/bin/../lib/gcc/aarch64-none-elf/13.2.1/../../../../aarch64-none-elf/lib/libg.a(libc_a-wctomb_r.o)
                0x000001001421a540                __jis_wctomb

.text.__sfvwrite_r
                0x000001001421a600      0x4cc load address 0x000000001421a600
 .text.__sfvwrite_r
                0x000001001421a600      0x4cc /tools/arm-gnu-toolchain-13.2.Rel1-x86_64-aarch64-none-elf/bin/../lib/gcc/aarch64-none-elf/13.2.1/../../../../aarch64-none-elf/lib/libg.a(libc_a-fvwrite.o)
                0x000001001421a600                __sfvwrite_r

.text.__swbuf_r
                0x000001001421aad0      0x138 load address 0x000000001421aad0
 .text.__swbuf_r
                0x000001001421aad0      0x138 /tools/arm-gnu-toolchain-13.2.Rel1-x86_64-aarch64-none-elf/bin/../lib/gcc/aarch64-none-elf/13.2.1/../../../../aarch64-none-elf/lib/libg.a(libc_a-wbuf.o)
                0x000001001421aad0                __swbuf_r

.text.__swbuf   0x000001001421ac10       0x14 load address 0x000000001421ac10
 .text.__swbuf  0x000001001421ac10       0x14 /tools/arm-gnu-toolchain-13.2.Rel1-x86_64-aarch64-none-elf/bin/../lib/gcc/aarch64-none-elf/13.2.1/../../../../aarch64-none-elf/lib/libg.a(libc_a-wbuf.o)
                0x000001001421ac10                __swbuf

.text._mbtowc_r
                0x000001001421ac30       0x10 load address 0x000000001421ac30
 .text._mbtowc_r
                0x000001001421ac30       0x10 /tools/arm-gnu-toolchain-13.2.Rel1-x86_64-aarch64-none-elf/bin/../lib/gcc/aarch64-none-elf/13.2.1/../../../../aarch64-none-elf/lib/libg.a(libc_a-mbtowc_r.o)
                0x000001001421ac30                _mbtowc_r

.text.__ascii_mbtowc
                0x000001001421ac40       0x48 load address 0x000000001421ac40
 .text.__ascii_mbtowc
                0x000001001421ac40       0x48 /tools/arm-gnu-toolchain-13.2.Rel1-x86_64-aarch64-none-elf/bin/../lib/gcc/aarch64-none-elf/13.2.1/../../../../aarch64-none-elf/lib/libg.a(libc_a-mbtowc_r.o)
                0x000001001421ac40                __ascii_mbtowc

.text.__utf8_mbtowc
                0x000001001421ac90      0x2b8 load address 0x000000001421ac90
 .text.__utf8_mbtowc
                0x000001001421ac90      0x2b8 /tools/arm-gnu-toolchain-13.2.Rel1-x86_64-aarch64-none-elf/bin/../lib/gcc/aarch64-none-elf/13.2.1/../../../../aarch64-none-elf/lib/libg.a(libc_a-mbtowc_r.o)
                0x000001001421ac90                __utf8_mbtowc

.text.__sjis_mbtowc
                0x000001001421af50       0xcc load address 0x000000001421af50
 .text.__sjis_mbtowc
                0x000001001421af50       0xcc /tools/arm-gnu-toolchain-13.2.Rel1-x86_64-aarch64-none-elf/bin/../lib/gcc/aarch64-none-elf/13.2.1/../../../../aarch64-none-elf/lib/libg.a(libc_a-mbtowc_r.o)
                0x000001001421af50                __sjis_mbtowc

.text.__eucjp_mbtowc
                0x000001001421b020      0x124 load address 0x000000001421b020
 .text.__eucjp_mbtowc
                0x000001001421b020      0x124 /tools/arm-gnu-toolchain-13.2.Rel1-x86_64-aarch64-none-elf/bin/../lib/gcc/aarch64-none-elf/13.2.1/../../../../aarch64-none-elf/lib/libg.a(libc_a-mbtowc_r.o)
                0x000001001421b020                __eucjp_mbtowc

.text.__jis_mbtowc
                0x000001001421b150      0x1c0 load address 0x000000001421b150
 .text.__jis_mbtowc
                0x000001001421b150      0x1c0 /tools/arm-gnu-toolchain-13.2.Rel1-x86_64-aarch64-none-elf/bin/../lib/gcc/aarch64-none-elf/13.2.1/../../../../aarch64-none-elf/lib/libg.a(libc_a-mbtowc_r.o)
                0x000001001421b150                __jis_mbtowc

.text.__assert_func
                0x000001001421b310       0x54 load address 0x000000001421b310
 .text.__assert_func
                0x000001001421b310       0x54 /tools/arm-gnu-toolchain-13.2.Rel1-x86_64-aarch64-none-elf/bin/../lib/gcc/aarch64-none-elf/13.2.1/../../../../aarch64-none-elf/lib/libg.a(libc_a-assert.o)
                0x000001001421b310                __assert_func

.text.__assert  0x000001001421b370       0x14 load address 0x000000001421b370
 .text.__assert
                0x000001001421b370       0x14 /tools/arm-gnu-toolchain-13.2.Rel1-x86_64-aarch64-none-elf/bin/../lib/gcc/aarch64-none-elf/13.2.1/../../../../aarch64-none-elf/lib/libg.a(libc_a-assert.o)
                0x000001001421b370                __assert

.text.strcasecmp
                0x000001001421b390       0x6c load address 0x000000001421b390
 .text.strcasecmp
                0x000001001421b390       0x6c /tools/arm-gnu-toolchain-13.2.Rel1-x86_64-aarch64-none-elf/bin/../lib/gcc/aarch64-none-elf/13.2.1/../../../../aarch64-none-elf/lib/libg.a(libc_a-strcasecmp.o)
                0x000001001421b390                strcasecmp

.text.strcat    0x000001001421b400       0x74 load address 0x000000001421b400
 .text.strcat   0x000001001421b400       0x74 /tools/arm-gnu-toolchain-13.2.Rel1-x86_64-aarch64-none-elf/bin/../lib/gcc/aarch64-none-elf/13.2.1/../../../../aarch64-none-elf/lib/libg.a(libc_a-strcat.o)
                0x000001001421b400                strcat

.text._Balloc   0x000001001421b480       0x8c load address 0x000000001421b480
 .text._Balloc  0x000001001421b480       0x8c /tools/arm-gnu-toolchain-13.2.Rel1-x86_64-aarch64-none-elf/bin/../lib/gcc/aarch64-none-elf/13.2.1/../../../../aarch64-none-elf/lib/libg.a(libc_a-mprec.o)
                0x000001001421b480                _Balloc

.text._Bfree    0x000001001421b510       0x1c load address 0x000000001421b510
 .text._Bfree   0x000001001421b510       0x1c /tools/arm-gnu-toolchain-13.2.Rel1-x86_64-aarch64-none-elf/bin/../lib/gcc/aarch64-none-elf/13.2.1/../../../../aarch64-none-elf/lib/libg.a(libc_a-mprec.o)
                0x000001001421b510                _Bfree

.text.__multadd
                0x000001001421b530      0x110 load address 0x000000001421b530
 .text.__multadd
                0x000001001421b530      0x110 /tools/arm-gnu-toolchain-13.2.Rel1-x86_64-aarch64-none-elf/bin/../lib/gcc/aarch64-none-elf/13.2.1/../../../../aarch64-none-elf/lib/libg.a(libc_a-mprec.o)
                0x000001001421b530                __multadd

.text.__s2b     0x000001001421b640      0x130 load address 0x000000001421b640
 .text.__s2b    0x000001001421b640      0x130 /tools/arm-gnu-toolchain-13.2.Rel1-x86_64-aarch64-none-elf/bin/../lib/gcc/aarch64-none-elf/13.2.1/../../../../aarch64-none-elf/lib/libg.a(libc_a-mprec.o)
                0x000001001421b640                __s2b

.text.__hi0bits
                0x000001001421b770       0x80 load address 0x000000001421b770
 .text.__hi0bits
                0x000001001421b770       0x80 /tools/arm-gnu-toolchain-13.2.Rel1-x86_64-aarch64-none-elf/bin/../lib/gcc/aarch64-none-elf/13.2.1/../../../../aarch64-none-elf/lib/libg.a(libc_a-mprec.o)
                0x000001001421b770                __hi0bits

.text.__lo0bits
                0x000001001421b7f0       0x9c load address 0x000000001421b7f0
 .text.__lo0bits
                0x000001001421b7f0       0x9c /tools/arm-gnu-toolchain-13.2.Rel1-x86_64-aarch64-none-elf/bin/../lib/gcc/aarch64-none-elf/13.2.1/../../../../aarch64-none-elf/lib/libg.a(libc_a-mprec.o)
                0x000001001421b7f0                __lo0bits

.text.__i2b     0x000001001421b890       0xb8 load address 0x000000001421b890
 .text.__i2b    0x000001001421b890       0xb8 /tools/arm-gnu-toolchain-13.2.Rel1-x86_64-aarch64-none-elf/bin/../lib/gcc/aarch64-none-elf/13.2.1/../../../../aarch64-none-elf/lib/libg.a(libc_a-mprec.o)
                0x000001001421b890                __i2b

.text.__multiply
                0x000001001421b950      0x1e4 load address 0x000000001421b950
 .text.__multiply
                0x000001001421b950      0x1e4 /tools/arm-gnu-toolchain-13.2.Rel1-x86_64-aarch64-none-elf/bin/../lib/gcc/aarch64-none-elf/13.2.1/../../../../aarch64-none-elf/lib/libg.a(libc_a-mprec.o)
                0x000001001421b950                __multiply

.text.__pow5mult
                0x000001001421bb40      0x120 load address 0x000000001421bb40
 .text.__pow5mult
                0x000001001421bb40      0x120 /tools/arm-gnu-toolchain-13.2.Rel1-x86_64-aarch64-none-elf/bin/../lib/gcc/aarch64-none-elf/13.2.1/../../../../aarch64-none-elf/lib/libg.a(libc_a-mprec.o)
                0x000001001421bb40                __pow5mult

.text.__lshift  0x000001001421bc60      0x168 load address 0x000000001421bc60
 .text.__lshift
                0x000001001421bc60      0x168 /tools/arm-gnu-toolchain-13.2.Rel1-x86_64-aarch64-none-elf/bin/../lib/gcc/aarch64-none-elf/13.2.1/../../../../aarch64-none-elf/lib/libg.a(libc_a-mprec.o)
                0x000001001421bc60                __lshift

.text.__mcmp    0x000001001421bdd0       0x50 load address 0x000000001421bdd0
 .text.__mcmp   0x000001001421bdd0       0x50 /tools/arm-gnu-toolchain-13.2.Rel1-x86_64-aarch64-none-elf/bin/../lib/gcc/aarch64-none-elf/13.2.1/../../../../aarch64-none-elf/lib/libg.a(libc_a-mprec.o)
                0x000001001421bdd0                __mcmp

.text.__mdiff   0x000001001421be20      0x200 load address 0x000000001421be20
 .text.__mdiff  0x000001001421be20      0x200 /tools/arm-gnu-toolchain-13.2.Rel1-x86_64-aarch64-none-elf/bin/../lib/gcc/aarch64-none-elf/13.2.1/../../../../aarch64-none-elf/lib/libg.a(libc_a-mprec.o)
                0x000001001421be20                __mdiff

.text.__ulp     0x000001001421c020       0x84 load address 0x000000001421c020
 .text.__ulp    0x000001001421c020       0x84 /tools/arm-gnu-toolchain-13.2.Rel1-x86_64-aarch64-none-elf/bin/../lib/gcc/aarch64-none-elf/13.2.1/../../../../aarch64-none-elf/lib/libg.a(libc_a-mprec.o)
                0x000001001421c020                __ulp

.text.__b2d     0x000001001421c0b0      0x12c load address 0x000000001421c0b0
 .text.__b2d    0x000001001421c0b0      0x12c /tools/arm-gnu-toolchain-13.2.Rel1-x86_64-aarch64-none-elf/bin/../lib/gcc/aarch64-none-elf/13.2.1/../../../../aarch64-none-elf/lib/libg.a(libc_a-mprec.o)
                0x000001001421c0b0                __b2d

.text.__d2b     0x000001001421c1e0      0x13c load address 0x000000001421c1e0
 .text.__d2b    0x000001001421c1e0      0x13c /tools/arm-gnu-toolchain-13.2.Rel1-x86_64-aarch64-none-elf/bin/../lib/gcc/aarch64-none-elf/13.2.1/../../../../aarch64-none-elf/lib/libg.a(libc_a-mprec.o)
                0x000001001421c1e0                __d2b

.text.__ratio   0x000001001421c320       0x88 load address 0x000000001421c320
 .text.__ratio  0x000001001421c320       0x88 /tools/arm-gnu-toolchain-13.2.Rel1-x86_64-aarch64-none-elf/bin/../lib/gcc/aarch64-none-elf/13.2.1/../../../../aarch64-none-elf/lib/libg.a(libc_a-mprec.o)
                0x000001001421c320                __ratio

.text._mprec_log10
                0x000001001421c3b0       0x30 load address 0x000000001421c3b0
 .text._mprec_log10
                0x000001001421c3b0       0x30 /tools/arm-gnu-toolchain-13.2.Rel1-x86_64-aarch64-none-elf/bin/../lib/gcc/aarch64-none-elf/13.2.1/../../../../aarch64-none-elf/lib/libg.a(libc_a-mprec.o)
                0x000001001421c3b0                _mprec_log10

.text.__copybits
                0x000001001421c3e0       0x68 load address 0x000000001421c3e0
 .text.__copybits
                0x000001001421c3e0       0x68 /tools/arm-gnu-toolchain-13.2.Rel1-x86_64-aarch64-none-elf/bin/../lib/gcc/aarch64-none-elf/13.2.1/../../../../aarch64-none-elf/lib/libg.a(libc_a-mprec.o)
                0x000001001421c3e0                __copybits

.text.__any_on  0x000001001421c450       0x6c load address 0x000000001421c450
 .text.__any_on