Archive member included to satisfy reference by file (symbol)

libfreertos_kernel.a(queue.c.o)
                              build/drivers/dma/CMakeFiles/dma.dir/pl330.c.o (xQueueGenericSend)
libfreertos_kernel.a(tasks.c.o)
                              libfreertos_kernel.a(queue.c.o) (vTaskSuspendAll)
libfreertos_kernel.a(timers.c.o)
                              libfreertos_kernel.a(tasks.c.o) (xTimerCreateTimerTask)
libfreertos_kernel.a(heap_4.c.o)
                              build/drivers/rbc/CMakeFiles/rbc.dir/rbc_driver.c.o (pvPortMalloc)
libfreertos_kernel.a(list.c.o)
                              libfreertos_kernel.a(queue.c.o) (vListInitialise)
portable/libfreertos_kernel_port.a(port.c.o)
                              libfreertos_kernel.a(tasks.c.o) (pxPortInitialiseStack)
portable/libfreertos_kernel_port.a(portASM.S.o)
                              portable/libfreertos_kernel_port.a(port.c.o) (vPortRestoreTaskContext)
build/drivers/common/libdriver.a(driver.c.o)
                              CMakeFiles/freertos_kernel.elf.dir/main.c.o (init_drivers_by_calling_init_entry)
build/drivers/common/libassert.a(assert.c.o)
                              build/drivers/gpio/CMakeFiles/gpio.dir/gpio.c.o (assert)
build/drivers/common/libinterrupt.a(interrupt.c.o)
                              build/drivers/mailbox/CMakeFiles/mailbox.dir/mailbox.c.o (enable_all_interrupts)
build/drivers/intc/libintc.a(gicv3.c.o)
                              libfreertos_kernel.a(tasks.c.o) (gic_raise_sgi)
build/drivers/intc/libintc.a(bakery_lock.c.o)
                              build/drivers/intc/libintc.a(gicv3.c.o) (rebel_bakery_lock_acquire)
services/cli_service/libcli_service.a(cli_task.c.o)
                              CMakeFiles/freertos_kernel.elf.dir/main.c.o (cli_task_init)
services/cli_service/libcli_service.a(sys_command_line.c.o)
                              services/cli_service/libcli_service.a(cli_task.c.o) (cli_init)
services/terminal_service/libterminal_service.a(console_uart.c.o)
                              CMakeFiles/freertos_kernel.elf.dir/main.c.o (console_uart_init)
services/terminal_service/libterminal_service.a(console.c.o)
                              services/terminal_service/libterminal_service.a(console_uart.c.o) (console_dev_register)
services/terminal_service/libterminal_service.a(terminal_task.c.o)
                              CMakeFiles/freertos_kernel.elf.dir/main.c.o (terminal_init)
services/replay_service/libreplay_service.a(replay.c.o)
                              CMakeFiles/freertos_kernel.elf.dir/main.c.o (replay_task_init)
services/replay_service/libreplay_service.a(sub_function.c.o)
                              services/replay_service/libreplay_service.a(replay.c.o) (rbdma_test)
services/replay_service/libreplay_service.a(rush_cli.c.o)
                              services/replay_service/libreplay_service.a(replay.c.o) (rush_cli_init)
services/replay_service/libreplay_service.a(rush_cli_msg_buf.c.o)
                              services/replay_service/libreplay_service.a(rush_cli.c.o) (rush_cli_msg_buf_init)
services/replay_service/libreplay_service.a(tpg_cli.c.o)
                              services/replay_service/libreplay_service.a(rush_cli.c.o) (tpg_cli)
services/replay_service/libreplay_service.a(rbdma_cli.c.o)
                              services/replay_service/libreplay_service.a(rush_cli.c.o) (rbdma_cli)
services/replay_service/libreplay_service.a(mem_cli.c.o)
                              services/replay_service/libreplay_service.a(rush_cli.c.o) (mem_cli)
services/replay_service/libreplay_service.a(chiplet.c.o)
                              services/replay_service/libreplay_service.a(replay.c.o) (get_chiplet_id)
services/replay_service/libreplay_service.a(cmgr_if.c.o)
                              services/replay_service/libreplay_service.a(replay.c.o) (cmgr_init)
services/replay_service/libreplay_service.a(dnc_if.c.o)
                              services/replay_service/libreplay_service.a(replay.c.o) (comp_tlb_interleaving)
services/replay_service/libreplay_service.a(dnc_if_evt1.c.o)
                              services/replay_service/libreplay_service.a(dnc_if.c.o) (evt_dnc_register_ops)
services/replay_service/libreplay_service.a(rdsn_if.c.o)
                              services/replay_service/libreplay_service.a(replay.c.o) (rdsn_init)
services/replay_service/libreplay_service.a(ptw.c.o)
                              services/replay_service/libreplay_service.a(replay.c.o) (ptw_register_s2t_handler)
services/replay_service/libreplay_service.a(rbdma_if.c.o)
                              services/replay_service/libreplay_service.a(replay.c.o) (rbdma_init)
services/replay_service/libreplay_service.a(shm_if.c.o)
                              services/replay_service/libreplay_service.a(replay.c.o) (shm_randomize_cdp_register)
services/replay_service/libreplay_service.a(tbu_wrapper.c.o)
[...]
Memory Configuration

Name             Origin             Length             Attributes
bl31             0x0000000000000000 0x0000000000200000 !xrw
dram0_pa         0x0000000000200000 0x000000000fc00000 xrw
dram0            0x0000010000200000 0x000000000fc00000 xrw
cs_q             0x000001000fc00000 0x0000000000200000 rw
logbuf           0x0000010020000000 0x0000000000200000 xrw
*default*        0x0000000000000000 0xffffffffffffffff

Linker script and memory map

LOAD /tools/arm-gnu-toolchain-13.2.Rel1-x86_64-aarch64-none-elf/bin/../lib/gcc/aarch64-none-elf/13.2.1/../../../../aarch64-none-elf/lib/libc.a
LOAD /tools/arm-gnu-toolchain-13.2.Rel1-x86_64-aarch64-none-elf/bin/../lib/gcc/aarch64-none-elf/13.2.1/libgcc.a
LOAD /tools/arm-gnu-toolchain-13.2.Rel1-x86_64-aarch64-none-elf/bin/../lib/gcc/aarch64-none-elf/13.2.1/../../../../aarch64-none-elf/lib/libm.a
LOAD CMakeFiles/freertos_kernel.elf.dir/main.c.o
LOAD gloss/CMakeFiles/freedom_metal.dir/freedom_metal.c.o
LOAD gloss/CMakeFiles/freedom_metal.dir/nanosleep.c.o
LOAD gloss/CMakeFiles/freedom_metal.dir/sys_access.c.o
LOAD gloss/CMakeFiles/freedom_metal.dir/sys_chdir.c.o
LOAD gloss/CMakeFiles/freedom_metal.dir/sys_chmod.c.o
LOAD gloss/CMakeFiles/freedom_metal.dir/sys_chown.c.o
LOAD gloss/CMakeFiles/freedom_metal.dir/sys_clock_gettime.c.o
LOAD gloss/CMakeFiles/freedom_metal.dir/sys_close.c.o
LOAD gloss/CMakeFiles/freedom_metal.dir/sys_execve.c.o
LOAD gloss/CMakeFiles/freedom_metal.dir/sys_exit.c.o
LOAD gloss/CMakeFiles/freedom_metal.dir/sys_faccessat.c.o
LOAD gloss/CMakeFiles/freedom_metal.dir/sys_fork.c.o
LOAD gloss/CMakeFiles/freedom_metal.dir/sys_fstat.c.o
LOAD gloss/CMakeFiles/freedom_metal.dir/sys_fstatat.c.o
LOAD gloss/CMakeFiles/freedom_metal.dir/sys_ftime.c.o
LOAD gloss/CMakeFiles/freedom_metal.dir/sys_getcwd.c.o
LOAD gloss/CMakeFiles/freedom_metal.dir/sys_getpid.c.o
LOAD gloss/CMakeFiles/freedom_metal.dir/sys_gettimeofday.c.o
LOAD gloss/CMakeFiles/freedom_metal.dir/sys_isatty.c.o
LOAD gloss/CMakeFiles/freedom_metal.dir/sys_kill.c.o
LOAD gloss/CMakeFiles/freedom_metal.dir/sys_link.c.o
LOAD gloss/CMakeFiles/freedom_metal.dir/sys_lseek.c.o
LOAD gloss/CMakeFiles/freedom_metal.dir/sys_lstat.c.o
LOAD gloss/CMakeFiles/freedom_metal.dir/sys_open.c.o
LOAD gloss/CMakeFiles/freedom_metal.dir/sys_openat.c.o
LOAD gloss/CMakeFiles/freedom_metal.dir/sys_read.c.o
LOAD gloss/CMakeFiles/freedom_metal.dir/sys_sbrk.c.o
LOAD gloss/CMakeFiles/freedom_metal.dir/sys_sysconf.c.o
LOAD gloss/CMakeFiles/freedom_metal.dir/sys_times.c.o
LOAD gloss/CMakeFiles/freedom_metal.dir/sys_unlink.c.o
LOAD gloss/CMakeFiles/freedom_metal.dir/sys_utime.c.o
LOAD gloss/CMakeFiles/freedom_metal.dir/sys_wait.c.o
LOAD gloss/CMakeFiles/freedom_metal.dir/sys_write.c.o
LOAD build/drivers/mailbox/CMakeFiles/mailbox.dir/mailbox.c.o
LOAD build/drivers/mailbox/CMakeFiles/mailbox.dir/mailbox_cb.c.o
LOAD build/drivers/pmu/CMakeFiles/pmu.dir/pmu.c.o
LOAD build/drivers/uart/CMakeFiles/uart.dir/uart.c.o
LOAD build/drivers/dma/CMakeFiles/dma.dir/pl330.c.o
LOAD build/drivers/gpio/CMakeFiles/gpio.dir/gpio.c.o
LOAD build/drivers/smmu/CMakeFiles/smmu.dir/smmu.c.o
LOAD build/drivers/smmu/CMakeFiles/smmu.dir/smmu_pmu.c.o
LOAD build/drivers/pvt_con/CMakeFiles/pvt_con.dir/pvt_con.c.o
LOAD build/drivers/cmu/CMakeFiles/cmu.dir/cmu.c.o
LOAD build/drivers/watchdog/CMakeFiles/watchdog.dir/dw_apb_wdt.c.o
LOAD build/drivers/rbc/CMakeFiles/rbc.dir/aw_ucie.c.o
LOAD build/drivers/rbc/CMakeFiles/rbc.dir/rbc_driver.c.o
LOAD build/drivers/rbc/CMakeFiles/rbc.dir/rbc_cmd.c.o
LOAD build/drivers/rbcm/CMakeFiles/rbcm.dir/rbcm_core.c.o
LOAD build/drivers/rbcm/CMakeFiles/rbcm.dir/rbcm_driver.c.o
LOAD build/drivers/i2c/CMakeFiles/i2c.dir/i2c.c.o
LOAD build/drivers/noc_logger/CMakeFiles/noc_logger.dir/noc_logger.c.o
LOAD build/drivers/hbm3/CMakeFiles/hbm3.dir/hbm3.c.o
LOAD build/drivers/hbm3/CMakeFiles/hbm3.dir/tmrs.c.o
LOAD build/drivers/hbm3/CMakeFiles/hbm3.dir/icon.c.o
LOAD build/drivers/hbm3/CMakeFiles/hbm3.dir/hbm3_irq.c.o
LOAD build/drivers/hbm3/CMakeFiles/hbm3.dir/hbm3_am.c.o
LOAD build/drivers/pmic/CMakeFiles/pmic.dir/ltc1427cs8.c.o
LOAD build/drivers/pmic/CMakeFiles/pmic.dir/tca9548a.c.o
LOAD build/drivers/pmic/CMakeFiles/pmic.dir/mp5998.c.o
LOAD build/drivers/pmic/CMakeFiles/pmic.dir/mpq8785.c.o
LOAD build/drivers/pmic/CMakeFiles/pmic.dir/mp29816a.c.o
LOAD build/drivers/pmic/CMakeFiles/pmic.dir/g1505.c.o
LOAD build/drivers/pmic/CMakeFiles/pmic.dir/pmic_mgr.c.o
LOAD build/drivers/dvfs/CMakeFiles/dvfs.dir/dvfs.c.o
LOAD build/drivers/sic/CMakeFiles/sic.dir/sic.c.o
LOAD build/drivers/timer/dw_apb_timer/CMakeFiles/dw_apb_timer.dir/dw_apb_timer.c.o
LOAD build/drivers/qspi/qspi_apb/CMakeFiles/qspi_apb.dir/qspi_apb.c.o
LOAD build/drivers/flash/CMakeFiles/flash.dir/mt25q_flash.c.o
LOAD build/tests/common/CMakeFiles/test_common.dir/test_mailbox_cb.c.o
LOAD build/tests/interrupt_test_helper_example/CMakeFiles/interrupt_test_helper_example.dir/example_test.c.o
LOAD build/tests/interrupt_test_helper_example/CMakeFiles/interrupt_test_helper_example.dir/example_driver.c.o
LOAD build/tests/arch/CMakeFiles/test_arch.dir/test_cli.c.o
LOAD build/tests/gpio/CMakeFiles/test_gpio.dir/test_gpio.c.o
LOAD build/tests/dma/CMakeFiles/test_dma.dir/test_dma_main.c.o
LOAD build/tests/mailbox/CMakeFiles/mailbox_test.dir/test_mailbox_main.c.o
LOAD build/tests/pvt_con/CMakeFiles/test_pvt_con.dir/test_pvt_con.c.o
LOAD build/tests/arch/arm64/CMakeFiles/test_arm64.dir/test_ca73.c.o
LOAD build/tests/timer/dw_apb_timer/CMakeFiles/test_dw_apb_timer.dir/test_dw_apb_timer.c.o
LOAD build/tests/cmu/CMakeFiles/test_cmu.dir/test_cmu_main.c.o
LOAD build/tests/smmu/CMakeFiles/test_mmu.dir/test_mmu_main.c.o
LOAD build/tests/log/CMakeFiles/show_log.dir/rebel_h_log.c.o
LOAD build/tests/rbc/CMakeFiles/test_rbc.dir/test/all_test.c.o
LOAD build/tests/rbc/CMakeFiles/test_rbc.dir/test/test_aw_ucie_init.c.o
LOAD build/tests/rbc/CMakeFiles/test_rbc.dir/test/test_aw_ucie_d2d_comp.c.o
LOAD build/tests/rbc/CMakeFiles/test_rbc.dir/test/test_aw_ucie_d2d_err_and_link.c.o
LOAD build/tests/rbc/CMakeFiles/test_rbc.dir/test/test_aw_ucie_retraining.c.o
LOAD build/tests/rbc/CMakeFiles/test_rbc.dir/test/test_aw_ucie_sideband.c.o
LOAD build/tests/rbc/CMakeFiles/test_rbc.dir/test/test_aw_ucie_training.c.o
LOAD build/tests/rbc/CMakeFiles/test_rbc.dir/test/test_aw_ucie_runtime_link_test.c.o
LOAD build/tests/rbc/CMakeFiles/test_rbc.dir/test/test_aw_ucie_phy_compliance_test.c.o
LOAD build/tests/rbc/CMakeFiles/test_rbc.dir/test/test_aw_ucie_exception.c.o
LOAD build/tests/rbc/CMakeFiles/test_rbc.dir/test/test_aw_ucie_eye_of_margin.c.o
LOAD build/tests/rbc/CMakeFiles/test_rbc.dir/test/test_aw_ucie_util.c.o
LOAD build/tests/rbc/CMakeFiles/test_rbc.dir/test/test_fake_timer.c.o
LOAD build/tests/rbc/CMakeFiles/test_rbc.dir/test/test_rbc_driver.c.o
LOAD build/tests/rbc/CMakeFiles/test_rbc.dir/mocks/fake_timer.c.o
LOAD build/tests/rbc/CMakeFiles/test_rbc.dir/mocks/fake_gic.c.o
LOAD build/tests/rbcm/CMakeFiles/test_rbcm.dir/rbcm_test.c.o
LOAD build/tests/rbcm/CMakeFiles/test_rbcm.dir/rbcm_reg_access_test.c.o
LOAD build/tests/i2c/CMakeFiles/test_i2c.dir/test_i2c_main.c.o
LOAD build/tests/hbm3/CMakeFiles/hbm3_test.dir/memtest.c.o
LOAD build/tests/hbm3/CMakeFiles/hbm3_test.dir/hbm3_irq_test.c.o
LOAD build/tests/system_test/CMakeFiles/system_test.dir/test_system.c.o
LOAD build/tests/system_test/CMakeFiles/system_test.dir/dma_transaction.c.o
LOAD build/tests/system_test/CMakeFiles/system_test.dir/test_dma_transaction.c.o
LOAD build/tests/system_test/CMakeFiles/system_test.dir/data_process.c.o
LOAD build/tests/system_test/CMakeFiles/system_test.dir/test_data_process.c.o
LOAD build/tests/dvfs/CMakeFiles/test_dvfs.dir/test_dvfs_main.c.o
LOAD build/tests/pmic/CMakeFiles/test_pmic.dir/test_pmic_main.c.o
LOAD build/tests/pvt_con/CMakeFiles/pvt_cli.dir/pvt_cli.c.o
LOAD build/tests/pvt_con/CMakeFiles/pvt_cli.dir/pvt_cli_show.c.o
LOAD build/tests/pvt_con/CMakeFiles/pvt_cli.dir/pvt_cli_enable.c.o
LOAD build/tests/pvt_con/CMakeFiles/pvt_cli.dir/pvt_cli_disable.c.o
LOAD build/tests/pvt_con/CMakeFiles/pvt_cli.dir/pvt_cli_set.c.o
LOAD build/tests/sic/CMakeFiles/test_sic.dir/test_sic.c.o
LOAD build/tests/chipid/CMakeFiles/test_chipid.dir/read_chipid.c.o
LOAD build/tests/flash/CMakeFiles/test_flash.dir/test_flash.c.o
LOAD build/tests/qspi/CMakeFiles/test_qspiapb.dir/test_qspiapb.c.o
LOAD build/tests/rbdma/CMakeFiles/test_rbdma.dir/rbdma_tsync_test.c.o
LOAD build/tests/rbdma/CMakeFiles/test_rbdma.dir/test_main_rbdma.c.o
LOAD build/tests/rbdma/CMakeFiles/test_rbdma.dir/cache.S.o
LOAD libfreertos_kernel.a
LOAD portable/libfreertos_kernel_port.a
LOAD build/drivers/common/libdriver.a
LOAD build/drivers/common/libassert.a
LOAD build/drivers/common/libinterrupt.a
LOAD build/drivers/intc/libintc.a
LOAD build/drivers/psci/libpsci.a
LOAD build/drivers/timer/generic_timer/libgeneric_timer.a
LOAD services/cli_service/libcli_service.a
LOAD services/terminal_service/libterminal_service.a
LOAD services/replay_service/libreplay_service.a
LOAD services/task_adder_service/libtask_adder_service.a
LOAD portable/libfreertos_arch.a
LOAD libfreertos_kernel_config.a
LOAD portable/libsmp.a
LOAD portable/libsmccc.a
LOAD portable/libmmu.a
LOAD portable/libfreertos_arch.a
LOAD services/terminal_service/libterminal_service.a
LOAD build/interrupt_test_helper/libinterrupt_test_helper.a
LOAD build/unity/libunity.a
LOAD build/drivers/psci/libpsci.a
LOAD portable/libsmccc.a
LOAD services/cli_service/libcli_service.a
LOAD libfreertos_kernel.a
LOAD build/common/arch/libcommon.a
LOAD build/drivers/intc/libintc.a
LOAD build/drivers/timer/generic_timer/libgeneric_timer.a
LOAD build/drivers/common/libdriver.a
LOAD build/drivers/common/libassert.a
LOAD build/drivers/common/libinterrupt.a
LOAD /tools/arm-gnu-toolchain-13.2.Rel1-x86_64-aarch64-none-elf/bin/../lib/gcc/aarch64-none-elf/13.2.1/libgcc.a
LOAD /tools/arm-gnu-toolchain-13.2.Rel1-x86_64-aarch64-none-elf/bin/../lib/gcc/aarch64-none-elf/13.2.1/../../../../aarch64-none-elf/lib/libg.a
LOAD /tools/arm-gnu-toolchain-13.2.Rel1-x86_64-aarch64-none-elf/bin/../lib/gcc/aarch64-none-elf/13.2.1/../../../../aarch64-none-elf/lib/libc.a
LOAD /tools/arm-gnu-toolchain-13.2.Rel1-x86_64-aarch64-none-elf/bin/../lib/gcc/aarch64-none-elf/13.2.1/libgcc.a
                0x0000000000004000                isr_stack_size = 0x4000
                0x0000000000004000                _stack_size = 0x4000
                0x0000000000001000                mmu_page_size = 0x1000
                0x0000000000200000                mmu_page_2mb = 0x200000
                0x0000000000002000                dma_mcode_region_size = 0x2000
                0x0000000000001000                dma_reserved_size = 0x1000
                0x0000000000001000                smmu_cte_size = 0x1000
                0x0000000000001000                smmu_cd_size = 0x1000
                0x0000000000008000                smmu_cmdq_size = 0x8000
                0x0000000000008000                smmu_evtq_size = 0x8000
                0x0000000000001000                dma_smmu_reserved_size = 0x1000
                0x0000000000200000                dyn_heap_size = 0x200000

.text           0x0000010000200000    0x812cc load address 0x0000000000200000
                0x0000010000200000                text_region_start = .
 *(.text.startup)
 .text.startup  0x0000010000200000       0xf8 portable/libfreertos_arch.a(startup.S.o)
                0x0000010000200000                _start
 *(.text.vectors)
 *fill*         0x00000100002000f8      0x708 
 .text.vectors  0x0000010000200800      0x784 portable/libfreertos_arch.a(vector.S.o)
                0x0000010000200800                _freertos_vector_table
 *(.text)
 *fill*         0x0000010000200f84       0x1c 
 .text          0x0000010000200fa0      0x364 CMakeFiles/freertos_kernel.elf.dir/main.c.o
                0x0000010000200fa0                vAssertCalled
                0x0000010000200ff0                prvSetupHardware
                0x0000010000201010                main
 *fill*         0x0000010000201304       0x1c 
 .text          0x0000010000201320       0xa8 gloss/CMakeFiles/freedom_metal.dir/freedom_metal.c.o
                0x0000010000201320                metal_cpu_get_current_hartid
                0x0000010000201330                metal_timer_get_timebase_frequency
                0x0000010000201340                metal_timer_get_cyclecount
                0x0000010000201350                metal_shutdown
                0x0000010000201360                metal_mem_scrub
                0x00000100002013b0                metal_tty_putc
 *fill*         0x00000100002013c8        0x8 
 .text          0x00000100002013d0       0x24 gloss/CMakeFiles/freedom_metal.dir/nanosleep.c.o
                0x00000100002013d0                nanosleep
 *fill*         0x00000100002013f4        0xc 
 .text          0x0000010000201400       0x24 gloss/CMakeFiles/freedom_metal.dir/sys_access.c.o
                0x0000010000201400                _access
 *fill*         0x0000010000201424        0xc 
 .text          0x0000010000201430       0x24 gloss/CMakeFiles/freedom_metal.dir/sys_chdir.c.o
                0x0000010000201430                _chdir
 *fill*         0x0000010000201454        0xc 
 .text          0x0000010000201460       0x24 gloss/CMakeFiles/freedom_metal.dir/sys_chmod.c.o
                0x0000010000201460                _chmod
 *fill*         0x0000010000201484        0xc 
 .text          0x0000010000201490       0x24 gloss/CMakeFiles/freedom_metal.dir/sys_chown.c.o
                0x0000010000201490                _chown
 *fill*         0x00000100002014b4        0xc 
 .text          0x00000100002014c0       0x84 gloss/CMakeFiles/freedom_metal.dir/sys_clock_gettime.c.o
                0x00000100002014c0                clock_getres
                0x00000100002014f0                clock_gettime
                0x0000010000201520                clock_settime
 *fill*         0x0000010000201544        0xc 
 .text          0x0000010000201550       0x24 gloss/CMakeFiles/freedom_metal.dir/sys_close.c.o
                0x0000010000201550                _close
 *fill*         0x0000010000201574        0xc 
 .text          0x0000010000201580       0x24 gloss/CMakeFiles/freedom_metal.dir/sys_execve.c.o
                0x0000010000201580                _execve
 *fill*         0x00000100002015a4       0x1c 
 .text          0x00000100002015c0       0x24 gloss/CMakeFiles/freedom_metal.dir/sys_exit.c.o
                0x00000100002015c0                _exit
 *fill*         0x00000100002015e4        0xc 
 .text          0x00000100002015f0       0x24 gloss/CMakeFiles/freedom_metal.dir/sys_faccessat.c.o
                0x00000100002015f0                _faccessat
 *fill*         0x0000010000201614        0xc 
 .text          0x0000010000201620       0x24 gloss/CMakeFiles/freedom_metal.dir/sys_fork.c.o
                0x0000010000201620                _fork
 *fill*         0x0000010000201644        0xc 
 .text          0x0000010000201650       0x24 gloss/CMakeFiles/freedom_metal.dir/sys_fstat.c.o
                0x0000010000201650                _fstat
 *fill*         0x0000010000201674        0xc 
 .text          0x0000010000201680       0x24 gloss/CMakeFiles/freedom_metal.dir/sys_fstatat.c.o
                0x0000010000201680                _fstatat
 *fill*         0x00000100002016a4        0xc 
 .text          0x00000100002016b0       0x24 gloss/CMakeFiles/freedom_metal.dir/sys_ftime.c.o
                0x00000100002016b0                _ftime
 *fill*         0x00000100002016d4        0xc 
 .text          0x00000100002016e0       0x24 gloss/CMakeFiles/freedom_metal.dir/sys_getcwd.c.o
                0x00000100002016e0                _getcwd
 *fill*         0x0000010000201704        0xc 
 .text          0x0000010000201710        0xc gloss/CMakeFiles/freedom_metal.dir/sys_getpid.c.o
                0x0000010000201710                _getpid
 *fill*         0x000001000020171c        0x4 
 .text          0x0000010000201720       0x88 gloss/CMakeFiles/freedom_metal.dir/sys_gettimeofday.c.o
                0x0000010000201720                gettimeofday
                0x0000010000201720                _gettimeofday
 *fill*         0x00000100002017a8        0x8 
 .text          0x00000100002017b0        0xc gloss/CMakeFiles/freedom_metal.dir/sys_isatty.c.o
                0x00000100002017b0                _isatty
 *fill*         0x00000100002017bc        0x4 
 .text          0x00000100002017c0       0x24 gloss/CMakeFiles/freedom_metal.dir/sys_kill.c.o
                0x00000100002017c0                _kill
 *fill*         0x00000100002017e4        0xc 
 .text          0x00000100002017f0       0x24 gloss/CMakeFiles/freedom_metal.dir/sys_link.c.o
                0x00000100002017f0                _link
 *fill*         0x0000010000201814        0xc 
 .text          0x0000010000201820       0x24 gloss/CMakeFiles/freedom_metal.dir/sys_lseek.c.o
                0x0000010000201820                _lseek
 *fill*         0x0000010000201844        0xc 
 .text          0x0000010000201850       0x24 gloss/CMakeFiles/freedom_metal.dir/sys_lstat.c.o
                0x0000010000201850                _lstat
 *fill*         0x0000010000201874        0xc 
 .text          0x0000010000201880       0x24 gloss/CMakeFiles/freedom_metal.dir/sys_open.c.o
                0x0000010000201880                _open
 *fill*         0x00000100002018a4        0xc 
 .text          0x00000100002018b0       0x24 gloss/CMakeFiles/freedom_metal.dir/sys_openat.c.o
                0x00000100002018b0                _openat
 *fill*         0x00000100002018d4        0xc 
 .text          0x00000100002018e0       0x24 gloss/CMakeFiles/freedom_metal.dir/sys_read.c.o
                0x00000100002018e0                _read
 *fill*         0x0000010000201904       0x1c 
 .text          0x0000010000201920       0xa0 gloss/CMakeFiles/freedom_metal.dir/sys_sbrk.c.o
                0x0000010000201920                _brk
                0x0000010000201940                _sbrk
 .text          0x00000100002019c0       0x10 gloss/CMakeFiles/freedom_metal.dir/sys_sysconf.c.o
                0x00000100002019c0                sysconf
                0x00000100002019c0                _sysconf
 .text          0x00000100002019d0       0x68 gloss/CMakeFiles/freedom_metal.dir/sys_times.c.o
                0x00000100002019d0                times
                0x00000100002019d0                _times
 *fill*         0x0000010000201a38        0x8 
 .text          0x0000010000201a40       0x24 gloss/CMakeFiles/freedom_metal.dir/sys_unlink.c.o
                0x0000010000201a40                _unlink
 *fill*         0x0000010000201a64        0xc 
 .text          0x0000010000201a70       0x24 gloss/CMakeFiles/freedom_metal.dir/sys_utime.c.o
                0x0000010000201a70                _utime
 *fill*         0x0000010000201a94        0xc 
 .text          0x0000010000201aa0       0x24 gloss/CMakeFiles/freedom_metal.dir/sys_wait.c.o
                0x0000010000201aa0                _wait
 *fill*         0x0000010000201ac4       0x1c 
 .text          0x0000010000201ae0       0xb8 gloss/CMakeFiles/freedom_metal.dir/sys_write.c.o
                0x0000010000201ae0                _write
 *fill*         0x0000010000201b98        0x8 
 .text          0x0000010000201ba0      0x6a8 build/drivers/mailbox/CMakeFiles/mailbox.dir/mailbox.c.o
                0x0000010000201ba0                ipm_samsung_init
                0x0000010000201ca0                ipm_samsung_isr
                0x0000010000201e50                ipm_samsung_write
                0x0000010000201f70                ipm_samsung_send
                0x0000010000201fd0                ipm_samsung_receive
                0x00000100002020f0                ipm_samsung_register_callback
                0x0000010000202130                ipm_samsung_read
 *fill*         0x0000010000202248       0x18 
 .text          0x0000010000202260      0x1b4 build/drivers/mailbox/CMakeFiles/mailbox.dir/mailbox_cb.c.o
                0x0000010000202260                mailbox_register_callback
                0x0000010000202270                default_cb
 *fill*         0x0000010000202414        0xc 
 .text          0x0000010000202420      0x220 build/drivers/pmu/CMakeFiles/pmu.dir/pmu.c.o
                0x0000010000202420                pmu_get_bootmode
                0x0000010000202440                pmu_sw_reset
                0x0000010000202460                pmu_rbc_lpi_entry
                0x0000010000202550                pmu_rbc_lpi_exit
                0x0000010000202630                pmu_get_num_of_secondary_chiplet
 .text          0x0000010000202640      0x5b0 build/drivers/uart/CMakeFiles/uart.dir/uart.c.o
                0x0000010000202640                uart_init
                0x0000010000202820                uart_register_rx_callback
                0x0000010000202880                uart_register_tx_callback
                0x00000100002028e0                uart_is_tx_fifo_empty
                0x0000010000202910                uart_putc
                0x00000100002029a0                uart_puts
                0x00000100002029f0                uart_out_all_fifo
                0x0000010000202aa0                uart_getc
                0x0000010000202ae0                uart_irq_rx_enable
                0x0000010000202b00                uart_irq_rx_disable
                0x0000010000202b20                uart_irq_tx_enable
                0x0000010000202b40                uart_irq_tx_disable
                0x0000010000202b60                uart_is_irq_rx_ready
                0x0000010000202b80                uart_int_config
 *fill*         0x0000010000202bf0       0x10 
 .text          0x0000010000202c00      0xe48 build/drivers/dma/CMakeFiles/dma.dir/pl330.c.o
                0x0000010000202c00                dma_isr
                0x0000010000202cb0                dma_fault_isr
                0x0000010000202d80                dma_init
                0x00000100002036f0                dma_set_amba_ovrd
                0x00000100002037d0                dma_configure
                0x0000010000203990                dma_start
 *fill*         0x0000010000203a48       0x18 
 .text          0x0000010000203a60      0x7b4 build/drivers/gpio/CMakeFiles/gpio.dir/gpio.c.o
                0x0000010000203a60                gpio_init
                0x0000010000203ec0                gpio_set_con
                0x0000010000203ef0                gpio_get_con
                0x0000010000203f10                gpio_set_dat
                0x0000010000203f40                gpio_get_dat
                0x0000010000203f60                gpio_set_pud
                0x0000010000203f70                gpio_get_pud
                0x0000010000203f80                gpio_set_drv
                0x0000010000203f90                gpio_get_drv
                0x0000010000203fa0                gpio_set_toggle
                0x0000010000203fb0                gpio_set_eint_grppri
                0x0000010000203fc0                gpio_get_eint_grppri
                0x0000010000203fd0                gpio_set_eint_pri
                0x0000010000203ff0                gpio_get_eint_pri
                0x0000010000204000                gpio_set_eint_svc
                0x0000010000204020                gpio_get_eint_svc
                0x0000010000204030                gpio_set_eint_svcpend
                0x0000010000204040                gpio_get_eint_svcpend
                0x0000010000204050                gpio_set_eint_grpfixpri
                0x0000010000204060                gpio_get_eint_grpfixpri
                0x0000010000204070                gpio_set_nweint_con
                0x00000100002040a0                gpio_get_nweint_con
                0x00000100002040c0                gpio_set_nweint_mask
                0x00000100002040d0                gpio_get_nweint_mask
                0x00000100002040f0                gpio_set_nweint_pend
                0x0000010000204100                gpio_get_nweint_pend
                0x0000010000204120                gpio_set_nweint_fixpri
                0x0000010000204130                gpio_get_nweint_fixpri
                0x0000010000204140                gpio_set_nweint_fltcon
                0x0000010000204190                gpio_get_nweint_fltcon
                0x00000100002041d0                gpio_set_tzpc
                0x0000010000204200                gpio_get_tzpc
 *fill*         0x0000010000204214        0xc 
 .text          0x0000010000204220     0x1118 build/drivers/smmu/CMakeFiles/smmu.dir/smmu.c.o
                0x00000100002049d0                smmu_cmdq_enqueue_cmd
                0x0000010000204af0                smmu_sync
                0x0000010000204c00                smmu_invalidate_all_cd
                0x0000010000204c20                smmu_invalidate_sid
                0x0000010000204c50                smmu_prefetch
                0x0000010000204c80                smmu_sync_cd
                0x0000010000204cb0                smmu_invalidate_tlb_asid
                0x0000010000204ce0                smmu_activate_ctx
                0x0000010000204d50                smmu_s2_disable
                0x0000010000204d90                smmu_deinit_ste
                0x0000010000204de0                smmu_init_ste
                0x0000010000204e80                smmu_init_cd
                0x0000010000204ee0                smmu_invalidate_all_sid
                0x0000010000204f00                smmu_s2_enable
                0x0000010000204f80                smmu_tlbi_all
                0x0000010000204fa0                smmu_init
                0x0000010000205210                smmu_disable
                0x0000010000205240                smmu_enable
                0x0000010000205250                smmu_check_early_event
                0x0000010000205290                smmu_attach_ptable
 *fill*         0x0000010000205338        0x8 
 .text          0x0000010000205340      0x6e4 build/drivers/smmu/CMakeFiles/smmu.dir/smmu_pmu.c.o
                0x0000010000205340                smmu_pmu_capture_counter
                0x0000010000205400                smmu_pmu_print_enabled_cnt
                0x0000010000205530                smmu_pmu_reset_counter_by_evt
                0x00000100002055e0                smmu_pmu_add_evt
                0x00000100002057e0                smmu_pmu_del_evt
                0x00000100002058e0                smmu_pmu_set_filter
                0x0000010000205900                smmu_pmu_enable
                0x00000100002059a0                smmu_pmu_disable
                0x00000100002059d0                smmu_pmu_reset_all_counters
 *fill*         0x0000010000205a24       0x1c 
 .text          0x0000010000205a40     0x2f34 build/drivers/pvt_con/CMakeFiles/pvt_con.dir/pvt_con.c.o
                0x0000010000205a40                pvt_trip_handler
                0x0000010000205b50                pvt_dfs_handler
                0x00000100002060d0                PVT_GET_INSTANCE
                0x0000010000206110                PVT_CONTROL_RISE_INTERRUPT
                0x00000100002062c0                PVT_CONTROL_FALL_INTERRUPT
                0x0000010000206420                pvt_init_intreq
                0x00000100002065a0                pvt_init
                0x00000100002070f0                pvt_intreq_handler
                0x0000010000207490                PVT_GET_RISE_INTERRUPT_PENDING
                0x00000100002074b0                PVT_GET_FALL_INTERRUPT_PENDING
                0x00000100002074d0                PVT_CLEAR_RISE_INTERRUPT
                0x00000100002074f0                PVT_CLEAR_FALL_INTERRUPT
                0x0000010000207510                PVT_GET_RISE_INTERRUPT_STATE
                0x0000010000207690                PVT_GET_FALL_INTERRUPT_STATE
                0x00000100002077f0                PVT_CONVERT_TO_PROC
                0x0000010000207820                PVT_CONVERT_TO_VOLT
                0x0000010000207860                PVT_CONVERT_TO_CALIBRATED_VOLT
                0x00000100002078b0                PVT_CONVERT_TO_TEMP
                0x0000010000207960                PVT_CONVERT_TO_CALIBRATED_TEMP
                0x0000010000207a10                PVT_GET_CURRENT_PROC_VALUE
                0x0000010000207a90                PVT_GET_CURRENT_VOLT_VALUE
                0x0000010000207b30                PVT_GET_CURRENT_TEMP_VALUE
                0x0000010000207c20                PVT_GET_PAST_PROC_VALUE
                0x0000010000207d20                PVT_GET_PAST_VOLT_VALUE
                0x0000010000207e50                PVT_GET_PAST_TEMP_VALUE
                0x00000100002080c0                PVT_SET_FALL_THRESHOLD
                0x00000100002082f0                PVT_GET_FALL_THRESHOLD
                0x0000010000208520                PVT_SET_RISE_THRESHOLD
                0x0000010000208750                PVT_GET_RISE_THRESHOLD
 *fill*         0x0000010000208974        0xc 
 .text          0x0000010000208980     0x14ec build/drivers/cmu/CMakeFiles/cmu.dir/cmu.c.o
                0x0000010000208980                set_clk_out
                0x00000100002089d0                set_pll_freq_f0434
                0x0000010000208a90                set_pll_freq_f0435
                0x0000010000208b50                get_pll_freq_f0434
                0x0000010000208bf0                get_pll_freq_f0435
                0x0000010000208c10                set_div_ratio
                0x0000010000208c30                set_hch_div_ratio
                0x0000010000208cb0                get_div_ratio
                0x0000010000208cc0                get_hch_div_ratio
                0x0000010000208d10                set_user_mux_sel
                0x0000010000208d30                set_mux_sel
                0x0000010000208d50                get_user_mux_sel
                0x0000010000208d60                get_mux_sel
                0x0000010000208d70                is_clk_gated
                0x0000010000208d80                clk_gating
                0x0000010000208da0                get_user_mux_freq
                0x0000010000208db0                get_mux_freq
                0x0000010000208dc0                get_hch_div_freq
                0x0000010000208e10                get_div_freq
                0x0000010000208e20                cmu_blk_cp_init
                0x0000010000209010                cmu_blk_pcie_init
                0x0000010000209150                cmu_blk_rot_init
                0x0000010000209250                cmu_blk_peri_init
                0x0000010000209310                cmu_blk_ebus_d_init
                0x00000100002093f0                cmu_blk_ebus_r_init
                0x0000010000209430                cmu_blk_ebus_u_init
                0x0000010000209530                cmu_blk_nbus_d_init
                0x0000010000209610                cmu_blk_nbus_l_init
                0x0000010000209670                cmu_blk_nbus_u_init
                0x00000100002096d0                cmu_blk_sbus_d_init
                0x0000010000209710                cmu_blk_sbus_l_init
                0x0000010000209750                cmu_blk_sbus_u_init
                0x0000010000209830                cmu_blk_wbus_d_init
                0x0000010000209870                cmu_blk_wbus_u_init
                0x0000010000209930                cmu_blk_dram_init_evt0
                0x0000010000209bd0                cmu_blk_dram_init_evt1
 *fill*         0x0000010000209e6c       0x14 
 .text          0x0000010000209e80      0x198 build/drivers/watchdog/CMakeFiles/watchdog.dir/dw_apb_wdt.c.o
                0x0000010000209e80                dw_apb_wdt_init
                0x0000010000209f50                dw_apb_wdt_get_version
                0x0000010000209f60                dw_apb_wdt_get_enabled
                0x0000010000209f70                dw_apb_wdt_set_timeout
                0x0000010000209fa0                dw_apb_wdt_enable
                0x0000010000209fc0                dw_apb_wdt_set_rmod
                0x0000010000209fe0                dw_apb_wdt_disable
                0x000001000020a000                dw_apb_wdt_kick
 *fill*         0x000001000020a018        0x8 
 .text          0x000001000020a020     0x44c8 build/drivers/rbc/CMakeFiles/rbc.dir/aw_ucie.c.o
                0x000001000020a020                aw_ucie_link_training_impl
                0x000001000020a0f0                aw_ucie_link_retraining_impl
                0x000001000020a430                aw_ucie_mb_crc_err_inject_impl
                0x000001000020ab50                aw_ucie_clear_intr_log
                0x000001000020abd0                aw_ucie_get_intr_log_count
                0x000001000020ac10                aw_ucie_get_intr_log_arr
                0x000001000020ad50                aw_ucie_get_log_data
                0x000001000020aed0                aw_ucie_show_intr_counter
                0x000001000020af50                aw_ucie_set_target_ss
                0x000001000020afd0                ucie_irq_handler
                0x000001000020b310                aw_ucie_get_target_ss
                0x000001000020b320                aw_ucie_get_pcie_cap_hdr
                0x000001000020b370                aw_ucie_get_dvs_hdr1
                0x000001000020b3b0                aw_ucie_get_dvs_hdr2_cap_desc
                0x000001000020b3f0                aw_ucie_set_corr_err_noti
                0x000001000020b450                aw_ucie_set_non_fatal_uncorr_err_noti
                0x000001000020b4b0                aw_ucie_set_fatal_uncorr_err_noti
                0x000001000020b510                aw_ucie_set_link_cap_APMW
                0x000001000020b550                aw_ucie_clear_link_cap_APMW
                0x000001000020b590                aw_ucie_get_link_capability
                0x000001000020b5d0                aw_ucie_get_link_control
                0x000001000020b610                aw_ucie_set_link_control
                0x000001000020b650                aw_ucie_get_link_status
                0x000001000020b690                aw_ucie_set_link_event_noti
                0x000001000020b6f0                aw_ucie_set_phy_init_debug
                0x000001000020b730                aw_ucie_set_phy_control
                0x000001000020b770                aw_ucie_get_phy_control
                0x000001000020b7b0                aw_ucie_get_phy_status
                0x000001000020b7f0                aw_ucie_set_phy_train_setup_1
                0x000001000020b8f0                aw_ucie_get_phy_train_setup_1
                0x000001000020ba10                aw_ucie_get_phy_err_log0
                0x000001000020bb30                aw_ucie_get_aw_ucie_ltsm_state
                0x000001000020bc50                aw_ucie_get_phy_err_log1
                0x000001000020bd70                aw_ucie_set_intr_summary_mask
                0x000001000020bdb0                aw_ucie_get_intr_summary_mask
                0x000001000020bdf0                aw_ucie_set_d2d_uncorr_err_status
                0x000001000020be30                aw_ucie_get_d2d_uncorr_err_status
                0x000001000020be70                aw_ucie_set_d2d_uncorr_err_mask
                0x000001000020beb0                aw_ucie_set_uncorr_err_mask
                0x000001000020bf30                aw_ucie_get_d2d_uncorr_err_mask
                0x000001000020bf70                aw_ucie_get_d2d_uncorr_err_severity
                0x000001000020bfb0                aw_ucie_set_d2d_uncorr_err_severity
                0x000001000020bff0                aw_ucie_set_uncorr_err_severity
                0x000001000020c070                aw_ucie_set_d2d_corr_err_status
                0x000001000020c0b0                aw_ucie_get_d2d_corr_err_status
                0x000001000020c0f0                aw_ucie_set_corr_err_mask
                0x000001000020c170                aw_ucie_get_crc_err_detected
                0x000001000020c1d0                aw_ucie_get_d2d_runtime_link_parity_log
                0x000001000020c370                aw_ucie_set_d2d_adv_adp_log1
                0x000001000020c3b0                aw_ucie_get_d2d_adv_adp_log1
                0x000001000020c3f0                aw_ucie_get_d2d_fin_adp_log1
                0x000001000020c430                aw_ucie_get_phy_cap
                0x000001000020c470                aw_ucie_get_phy_extnd_cap_hdr
                0x000001000020c4b0                aw_ucie_get_uhm_dvsec_hdr1
                0x000001000020c4f0                aw_ucie_get_uhm_dvsec_hdr2
                0x000001000020c530                aw_ucie_get_d2d_hdr_log1_1
                0x000001000020c570                aw_ucie_get_d2d_hdr_log1_2
                0x000001000020c5b0                aw_ucie_get_d2d_hdr_log2
                0x000001000020c5f0                aw_ucie_set_d2d_runtime_link_test_cntrl
                0x000001000020c630                aw_ucie_get_d2d_runtime_link_test_cntrl
                0x000001000020c670                aw_ucie_set_adap_test_comp_ctrl
                0x000001000020c6b0                aw_ucie_get_adap_test_comp_ctrl
                0x000001000020c6f0                aw_ucie_get_adap_test_comp_stat
                0x000001000020c730                aw_ucie_set_adap_test_comp_phy_only_mode
                0x000001000020c790                aw_ucie_set_adap_test_comp_adap_mode
                0x000001000020c7f0                aw_ucie_set_adap_test_comp_normal_mode
                0x000001000020c830                aw_ucie_adap_test_comp_force_reset
                0x000001000020c890                aw_ucie_set_adap_test_comp_flit_injt_ctrl
                0x000001000020c8d0                aw_ucie_get_cmn_mcu_scratch_reg1
                0x000001000020c910                aw_ucie_sb_mbox_manual
                0x000001000020ca10                aw_ucie_sb_mem_rd64
                0x000001000020ca30                aw_ucie_sb_mem_wr64
                0x000001000020ca50                aw_ucie_sb_config_rd32
                0x000001000020ca70                aw_ucie_sb_config_wr32
                0x000001000020ca90                aw_ucie_sb_config_rd64
                0x000001000020cab0                aw_ucie_sb_config_wr64
                0x000001000020cad0                aw_ucie_get_sb_mbox_status
                0x000001000020cb30                aw_ucie_mb_runtime_link_test_enable
                0x000001000020cc30                aw_ucie_mb_runtime_link_test_disable
                0x000001000020cc70                aw_ucie_mb_inject_flit_disable
                0x000001000020ccb0                aw_ucie_mb_inject_alt_flit
                0x000001000020cd30                aw_ucie_link_state_req_inject_stack0
                0x000001000020cd90                aw_ucie_link_state_resp_inject_stack0
                0x000001000020ce10                aw_ucie_mb_inject_error
                0x000001000020ced0                do_runtime_link_test
                0x000001000020cf50                aw_ucie_get_m0_lane_repair_stat
                0x000001000020cfb0                aw_ucie_get_m1_lane_repair_stat
                0x000001000020d010                aw_ucie_set_phy_compliance_enable
                0x000001000020d0b0                aw_ucie_get_phy_compliance_mode
                0x000001000020d130                aw_ucie_set_scrambling_disable
                0x000001000020d1d0                aw_ucie_get_scrambling_disable
                0x000001000020d250                aw_ucie_do_phy_compliance_operation
                0x000001000020d310                aw_ucie_get_phy_compliance_operation_status
                0x000001000020d390                aw_ucie_set_data_pattern_of_train_setup1
                0x000001000020d430                aw_ucie_get_data_pattern_of_train_setup1
                0x000001000020d4b0                aw_ucie_set_valid_pattern_of_train_setup1
                0x000001000020d550                aw_ucie_get_valid_pattern_of_train_setup1
                0x000001000020d5d0                aw_ucie_set_clk_phase_cntrl_of_train_setup1
                0x000001000020d670                aw_ucie_get_clk_phase_cntrl_of_train_setup1
                0x000001000020d6f0                aw_ucie_set_train_mode_of_train_setup1
                0x000001000020d790                aw_ucie_get_train_mode_of_train_setup1
                0x000001000020d810                aw_ucie_set_burst_cnt_of_train_setup1
                0x000001000020d8b0                aw_ucie_get_burst_cnt_of_train_setup1
                0x000001000020d930                aw_ucie_set_idle_cnt_of_train_setup2
                0x000001000020d9d0                aw_ucie_get_idle_cnt_of_train_setup2
                0x000001000020da50                aw_ucie_set_iterations_of_train_setup2
                0x000001000020daf0                aw_ucie_get_iterations_of_train_setup2
                0x000001000020db70                aw_ucie_set_lane_mask_of_train_setup3
                0x000001000020dbf0                aw_ucie_get_lane_mask_of_train_setup3
                0x000001000020dc90                aw_ucie_set_repair_lane_mask_of_train_setup4
                0x000001000020dd30                aw_ucie_get_repair_lane_mask_of_train_setup4
                0x000001000020ddb0                aw_ucie_set_max_err_th_per_lane_of_train_setup4
                0x000001000020de50                aw_ucie_get_max_err_th_per_lane_of_train_setup4
                0x000001000020ded0                aw_ucie_set_max_err_th_aggregate_of_train_setup4
                0x000001000020df70                aw_ucie_get_max_err_th_aggregate_of_train_setup4
                0x000001000020dff0                aw_ucie_get_rx_vref_offset_operation_status
                0x000001000020e070                aw_ucie_set_even_ui_compare_mask
                0x000001000020e110                aw_ucie_get_even_ui_compare_mask
                0x000001000020e190                aw_ucie_set_odd_ui_compare_mask
                0x000001000020e230                aw_ucie_get_odd_ui_compare_mask
                0x000001000020e2b0                aw_ucie_set_track_enable
                0x000001000020e350                aw_ucie_get_track_enable
                0x000001000020e3d0                aw_ucie_set_compare_setup
                0x000001000020e470                aw_ucie_get_compare_setup
 *fill*         0x000001000020e4e8       0x18 
 .text          0x000001000020e500      0xac8 build/drivers/rbc/CMakeFiles/rbc.dir/rbc_driver.c.o
                0x000001000020e570                rbc_driver_init
                0x000001000020e5d0                rebel_h_rbc_init
                0x000001000020e760                rbc_set_target_blk_id
                0x000001000020e7d0                rbc_get_target_blk_id
                0x000001000020e7e0                rbc_set_lp_mode
                0x000001000020e8b0                rbc_lp_entry
                0x000001000020e8c0                rbc_lp_exit
                0x000001000020e8d0                rbc_pch_mux_on
                0x000001000020ea90                rbc_pch_mux_off
                0x000001000020ec10                rbc_aw_ucie_print_eye_diagram
 *fill*         0x000001000020efc8       0x18 
 .text          0x000001000020efe0      0x4dc build/drivers/rbc/CMakeFiles/rbc.dir/rbc_cmd.c.o
                0x000001000020efe0                _check_ucie_link_speed
                0x000001000020f1b0                get_crc_err_cnt
                0x000001000020f270                get_retrain_cnt
                0x000001000020f330                show_crc_err_count
 *fill*         0x000001000020f4bc        0x4 
 .text          0x000001000020f4c0     0x28c4 build/drivers/rbcm/CMakeFiles/rbcm.dir/rbcm_core.c.o
                0x000001000020fc00                rbcm_core_dump_ucie_link_health
                0x0000010000210270                rbcm_core_dump_ucie_crc
                0x00000100002102f0                rbcm_core_user_traffic_generation
                0x0000010000210510                rbcm_core_dump_incomplete_ttreg
                0x0000010000210760                rbcm_core_dump_chiplet_incomplete_ttreg
                0x00000100002107c0                rbcm_core_is_link_up
                0x00000100002107f0                rbcm_core_check_all_chiplet_link_up
                0x0000010000210940                rbcm_core_dump_all_chiplet_incomplete_ttreg
                0x00000100002109b0                rbcm_core_dump_ttreg
                0x0000010000210a20                rbcm_core_is_utg_recorded
                0x0000010000210af0                rbcm_core_configure_interrupts
                0x0000010000210da0                rbcm_core_clear_ttreg
                0x0000010000210dc0                rbcm_core_set_loopback_mode
                0x0000010000210e80                rbcm_core_sw_reset
                0x0000010000210eb0                rbcm_core_recover_from_reset
                0x0000010000210ec0                rbcm_core_addr_remap
                0x0000010000210f30                rbcm_core_set_timeout_interval
                0x0000010000211130                rbcm_core_get_timeout_interval
                0x0000010000211230                rbcm_irq_handler
 *fill*         0x0000010000211d84       0x1c 
 .text          0x0000010000211da0      0x708 build/drivers/rbcm/CMakeFiles/rbcm.dir/rbcm_driver.c.o
                0x0000010000211da0                rbcm_driver_init
                0x0000010000211f20                rbcm_sw_reset
                0x0000010000211f70                rbcm_sw_reset_all
                0x0000010000211fa0                rbcm_clear_ttreg
                0x0000010000211ff0                rbcm_clear_ttreg_all
                0x0000010000212020                rbcm_dump_chiplet_incomplete_ttreg
                0x00000100002120b0                rbcm_dump_incomplete_ttreg
                0x00000100002120f0                rbcm_recover_from_reset
                0x0000010000212130                rbcm_addr_remap
                0x00000100002121a0                rbcm_user_traffic_generation
                0x00000100002121d0                rbcm_dump_ttreg
                0x0000010000212230                rbcm_enable_loopback
                0x0000010000212270                rbcm_disable_loopback
                0x00000100002122b0                rbcm_set_timeout_interval
                0x00000100002122f0                rbcm_get_timeout_interval
                0x0000010000212330                rbcm_configure_interrupts
                0x0000010000212370                rbcm_dump_ucie_link_health
                0x00000100002123b0                rbcm_dump_ucie_crc
                0x00000100002123f0                get_rbcm_base
                0x0000010000212430                get_module_name
                0x0000010000212470                rbcm_is_utg_recorded
 *fill*         0x00000100002124a8       0x18 
 .text          0x00000100002124c0      0xc2c build/drivers/i2c/CMakeFiles/i2c.dir/i2c.c.o
                0x0000010000212770                i2c_probe_device
                0x00000100002129c0                i2c_enable_interrupt
                0x00000100002129e0                i2c_disable_interrupt
                0x0000010000212a00                i2c_intr_timeout_high
                0x0000010000212a90                i2c_intr_timeout_low
                0x0000010000212b30                i2c_configure_baudrate
                0x0000010000212c90                i2c_set_sar
                0x0000010000212d00                i2c_get_sar
                0x0000010000212d10                i2c_set_tar
                0x0000010000212d80                i2c_get_tar
                0x0000010000212d90                i2c_putdata
                0x0000010000212da0                i2c_putready
                0x0000010000212df0                i2c_tfe_ready
                0x0000010000212e30                i2c_getdata
                0x0000010000212e40                i2c_busy_check
                0x0000010000212e70                i2c_idle_ready
                0x0000010000212eb0                i2c_getready
                0x0000010000212ef0                i2c_set_master_mode
                0x0000010000212f60                i2c_set_slave_mode
 *fill*         0x00000100002130ec       0x14 
 .text          0x0000010000213100      0x28c build/drivers/noc_logger/CMakeFiles/noc_logger.dir/noc_logger.c.o
                0x0000010000213100                noc_logger_init
 *fill*         0x000001000021338c       0x14 
 .text          0x00000100002133a0      0x6e0 build/drivers/hbm3/CMakeFiles/hbm3.dir/hbm3.c.o
                0x00000100002133a0                hbm3_config_init
                0x0000010000213410                get_hbm_cfg
                0x0000010000213430                get_phy_lock_value
                0x0000010000213450                phy_do_training
                0x00000100002134c0                phy_gen_pattern
                0x0000010000213540                phy_update_dll_code
                0x0000010000213590                phy_clear_feedback_data
                0x00000100002135e0                mrw_mask
                0x0000010000213690                mrw
                0x00000100002136a0                mrw_phy_direct_cmd
                0x00000100002137d0                phy_set_read_vref
                0x0000010000213810                phy_set_write_vref
                0x0000010000213820                phy_dq_offset_control
                0x00000100002138a0                phy_ecc_offset_control
                0x0000010000213900                phy_sev_offset_control
                0x0000010000213960                phy_dbi_offset_control
                0x0000010000213a00                phy_rdqs_offset_control
                0x0000010000213a30                phy_offset_update
 .text          0x0000010000213a80      0x100 build/drivers/hbm3/CMakeFiles/hbm3.dir/tmrs.c.o
                0x0000010000213a80                tmrs_write
                0x0000010000213ad0                tmrs_gen_inst
                0x0000010000213b20                tmrs_bypass
 .text          0x0000010000213b80     0x27d8 build/drivers/hbm3/CMakeFiles/hbm3.dir/icon.c.o
                0x0000010000213b80                wait_for_test_instruction_req_done
                0x0000010000213bd0                wait_for_test_instruction_req_done_clear
                0x0000010000213c10                icon_test_instruction_req
                0x0000010000213cb0                icon_sw_instruction_req
                0x0000010000213d00                icon_hbm_reset
                0x0000010000213e30                icon_lane_repair
                0x0000010000213f10                icon_rx_lane_search
                0x00000100002140e0                icon_rx_extest
                0x00000100002144e0                icon_tx_lane_search
                0x0000010000214700                icon_tx_extest
                0x0000010000214b80                hbm3_lane_repair
                0x0000010000214dd0                icon_extest
                0x0000010000214ef0                icon_cdc_result
                0x0000010000214fc0                icon_cdc_wdr
                0x0000010000215030                icon_cdc_wir
                0x0000010000215090                icon_hbm_chipping_detection
                0x00000100002152c0                icon_mbist_wdr
                0x00000100002153d0                icon_mbist_result
                0x0000010000215540                icon_mbist_wir
                0x00000100002155b0                icon_get_device_id
                0x0000010000215620                icon_get_dram_temperature
                0x0000010000215650                icon_get_channel_temperature
                0x0000010000215690                icon_get_ecs_error_log
                0x0000010000215710                icon_print_device_id
                0x00000100002159a0                icon_print_dram_temperature
                0x0000010000215a40                icon_print_channel_temperature
                0x0000010000215bc0                icon_print_ecs_error_log
                0x0000010000215fc0                icon_mrw_idx
                0x00000100002160d0                icon_mrs_ch
                0x0000010000216130                icon_mrr
                0x00000100002162e0                icon_rd_feedback
 *fill*         0x0000010000216358        0x8 
 .text          0x0000010000216360      0x6f4 build/drivers/hbm3/CMakeFiles/hbm3.dir/hbm3_irq.c.o
                0x0000010000216360                hbm3_interrupt_handler
                0x0000010000216910                hbm3_interrupt_mask
                0x0000010000216940                hbm3_interrupt_clear
                0x0000010000216970                hbm3_interrupt_gen
                0x0000010000216990                hbm3_interrupt_enable
                0x00000100002169d0                hbm3_interrupt_init
                0x0000010000216a50                hbm3_interrupt_disable
 *fill*         0x0000010000216a54        0xc 
 .text          0x0000010000216a60      0x6a8 build/drivers/hbm3/CMakeFiles/hbm3.dir/hbm3_am.c.o
                0x0000010000216a60                hbm3_activity_monitor_result_print
                0x0000010000216f30                hbm3_activity_monitor_enable
                0x0000010000217040                hbm3_activity_monitor_report
 *fill*         0x0000010000217108       0x18 
 .text          0x0000010000217120      0x328 build/drivers/pmic/CMakeFiles/pmic.dir/ltc1427cs8.c.o
                0x0000010000217120                ltc1427_disable
                0x0000010000217210                ltc1427_enable
                0x00000100002172f0                ltc1427_set_vout
 *fill*         0x0000010000217448        0x8 
 .text          0x0000010000217450       0xcc build/drivers/pmic/CMakeFiles/pmic.dir/tca9548a.c.o
                0x0000010000217450                i2c_mux_check_channel_state
                0x0000010000217480                i2c_mux_enable_channel
                0x00000100002174d0                i2c_mux_disable_channel
 *fill*         0x000001000021751c        0x4 
 .text          0x0000010000217520      0x3ac build/drivers/pmic/CMakeFiles/pmic.dir/mp5998.c.o
                0x0000010000217520                mp5998_set_enable
                0x0000010000217550                mp5998_set_disable
                0x0000010000217580                mp5998_clear_fault
                0x00000100002175b0                mp5998_store_all
                0x00000100002175e0                mp5998_restore_all
                0x0000010000217610                mp5998_set_vin_on
                0x0000010000217640                mp5998_set_vin_off
                0x0000010000217670                mp5998_set_power_good_on
                0x00000100002176a0                mp5998_set_power_good_off
                0x00000100002176d0                mp5998_set_ton_delay
                0x0000010000217710                mp5998_set_toff_delay
                0x0000010000217750                mp5998_read_status_byte
                0x0000010000217790                mp5998_read_status_word
                0x00000100002177d0                mp5998_read_status_cml
                0x0000010000217810                mp5998_read_vout
                0x0000010000217870                mp5998_read_iout
 *fill*         0x00000100002178cc       0x14 
 .text          0x00000100002178e0      0x4a4 build/drivers/pmic/CMakeFiles/pmic.dir/mpq8785.c.o
                0x00000100002178e0                mpq8785_set_page
                0x0000010000217910                mpq8785_set_operation
                0x0000010000217920                mpq8785_set_on_off_config
                0x0000010000217950                mpq8785_clear_fault
                0x0000010000217980                mpq8785_store_all
                0x00000100002179b0                mpq8785_restore_all
                0x00000100002179e0                mpq8785_set_vout_mode
                0x0000010000217a10                mpq8785_read_vout_mode
                0x0000010000217a50                mpq8785_read_vout
                0x0000010000217ad0                mpq8785_set_vout_command
                0x0000010000217b40                mpq8785_set_vin_on
                0x0000010000217b80                mpq8785_set_vin_off
                0x0000010000217bc0                mpq8785_read_word
                0x0000010000217c00                mpq8785_read_status_vout
                0x0000010000217c40                mpq8785_set_vout
                0x0000010000217c50                mpq8785_get_vout
                0x0000010000217c60                mpq8785_enable
                0x0000010000217d10                mpq8785_disable
 *fill*         0x0000010000217d84       0x1c 
 .text          0x0000010000217da0      0x714 build/drivers/pmic/CMakeFiles/pmic.dir/mp29816a.c.o
                0x0000010000217da0                mp29816a_set_page
                0x0000010000217dd0                mp29816a_get_page
                0x0000010000217e10                mp29816a_set_operation_page
                0x0000010000217e40                mp29816a_set_on_off_config_page
                0x0000010000217e70                mp29816a_clear_fault
                0x0000010000217ea0                mp29816a_set_phase
                0x0000010000217ed0                mp29816a_store_user_all
                0x0000010000217f00                mp29816a_restore_user_all
                0x0000010000217f30                mp29816a_store_user_code
                0x0000010000217f60                mp29816a_restore_user_code
                0x0000010000217f90                mp29816a_set_vout_mode
                0x0000010000217fc0                mp29816a_set_vout_command
                0x0000010000218000                mp29816a_mfr_vout_droop
                0x0000010000218030                mp29816a_read_byte_page
                0x0000010000218070                mp29816a_read_word_page
                0x00000100002180b0                mp29816a_read_vout_pmbus
                0x00000100002180f0                mp29816a_set_vout
                0x0000010000218140                mp29816a_get_vout
                0x0000010000218160                mp29816a_enable_rail1
                0x0000010000218230                mp29816a_disable_rail1
                0x00000100002182c0                mp29816a_enable_rail1_rail2
                0x0000010000218400                mp29816a_disable_rail1_rail2
 *fill*         0x00000100002184b4        0xc 
 .text          0x00000100002184c0      0x2e4 build/drivers/pmic/CMakeFiles/pmic.dir/g1505.c.o
                0x00000100002184c0                g1505_set_page
                0x00000100002184f0                g1505_get_page
                0x0000010000218530                g1505_set_operation
                0x0000010000218560                g1505_set_on_off_config
                0x0000010000218590                g1505_get_on_off_config
                0x00000100002185d0                g1505_clear_fault
                0x0000010000218600                g1505_set_vout_command
                0x0000010000218680                g1505_get_vout_command
                0x00000100002186f0                g1505_get_status_word
                0x0000010000218730                g1505_get_status_vout
                0x0000010000218770                g1505_get_status_iout
 *fill*         0x00000100002187a4       0x1c 
 .text          0x00000100002187c0      0x834 build/drivers/pmic/CMakeFiles/pmic.dir/pmic_mgr.c.o
                0x00000100002187c0                i2c_write_polling_o_d
                0x0000010000218900                i2c_write_polling_d
                0x0000010000218a10                i2c_read_polling_o_d
                0x0000010000218bd0                i2c_read_polling_d
                0x0000010000218d70                i2c_write_int_o_d
                0x0000010000218e70                i2c_read_int_o_d
 *fill*         0x0000010000218ff4        0xc 
 .text          0x0000010000219000      0x364 build/drivers/dvfs/CMakeFiles/dvfs.dir/dvfs.c.o
                0x0000010000219110                set_dvfs_lvl
                0x0000010000219250                get_dvfs_lvl
 *fill*         0x0000010000219364       0x1c 
 .text          0x0000010000219380      0x3b0 build/drivers/sic/CMakeFiles/sic.dir/sic.c.o
                0x00000100002194c0                request_to_cmrt
 *fill*         0x0000010000219730       0x10 
 .text          0x0000010000219740      0x5a8 build/drivers/timer/dw_apb_timer/CMakeFiles/dw_apb_timer.dir/dw_apb_timer.c.o
                0x0000010000219740                dw_apb_timer_default_callback
                0x0000010000219750                dw_apb_timer_irq_handler
                0x0000010000219870                dw_apb_timer_init
                0x00000100002199a0                dw_apb_timer_start
                0x0000010000219a10                dw_apb_timer_disable
                0x0000010000219a40                dw_apb_timer_get_load_count
                0x0000010000219a60                dw_apb_timer_get_value
                0x0000010000219a80                dw_apb_timer_set_load_count
                0x0000010000219b60                dw_apb_timer_set_alarm_callback
                0x0000010000219c70                dw_apb_timer_cancel_alarm_callback
                0x0000010000219ce0                dw_apb_timer_get_freq
 *fill*         0x0000010000219ce8       0x18 
 .text          0x0000010000219d00      0x428 build/drivers/qspi/qspi_apb/CMakeFiles/qspi_apb.dir/qspi_apb.c.o
                0x0000010000219d00                qspi_apb_enable_loopback
                0x0000010000219d40                qspi_apb_set
                0x0000010000219e00                qspi_apb_init
                0x0000010000219e80                qspi_apb_transfer
 *fill*         0x000001000021a128        0x8 
 .text          0x000001000021a130       0xf0 build/drivers/flash/CMakeFiles/flash.dir/mt25q_flash.c.o
                0x000001000021a130                read_flash
                0x000001000021a180                write_flash
                0x000001000021a1d0                erase_flash
 .text          0x000001000021a220      0x1b8 build/tests/common/CMakeFiles/test_common.dir/test_mailbox_cb.c.o
                0x000001000021a220                test_cb
 *fill*         0x000001000021a3d8        0x8 
 .text          0x000001000021a3e0      0x468 build/tests/interrupt_test_helper_example/CMakeFiles/interrupt_test_helper_example.dir/example_test.c.o
                0x000001000021a3e0                TEST_interrupt_test_helper_example_check_device_init_
                0x000001000021a430                TEST_interrupt_test_helper_example_check_set_device_state_
                0x000001000021a460                TEST_interrupt_test_helper_example_is_isr_called_
                0x000001000021a4b0                TEST_interrupt_test_helper_example_check_updating_dev_state_by_isr_
                0x000001000021a510                TEST_interrupt_test_helper_example_check_multi_calling_isr_
                0x000001000021a5d0                example_driver_isr_test
                0x000001000021a600                cli_register_interrupt_helper_example
                0x000001000021a620                TEST_interrupt_test_helper_example_SETUP
                0x000001000021a670                TEST_interrupt_test_helper_example_TEAR_DOWN
                0x000001000021a6b0                TEST_interrupt_test_helper_example_check_device_init_run
                0x000001000021a6f0                TEST_interrupt_test_helper_example_check_set_device_state_run
                0x000001000021a730                TEST_interrupt_test_helper_example_is_isr_called_run
                0x000001000021a770                TEST_interrupt_test_helper_example_check_updating_dev_state_by_isr_run
                0x000001000021a7b0                TEST_interrupt_test_helper_example_check_multi_calling_isr_run
                0x000001000021a7f0                TEST_interrupt_test_helper_example_1_GROUP_RUNNER
                0x000001000021a810                TEST_interrupt_test_helper_example_2_GROUP_RUNNER
 *fill*         0x000001000021a848        0x8 
 .text          0x000001000021a850       0x70 build/tests/interrupt_test_helper_example/CMakeFiles/interrupt_test_helper_example.dir/example_driver.c.o
                0x000001000021a850                driver_init
                0x000001000021a870                set_device_state
                0x000001000021a880                get_device_state
                0x000001000021a890                get_isr_call_count
                0x000001000021a8a0                driver_isr
 .text          0x000001000021a8c0       0x80 build/tests/arch/CMakeFiles/test_arch.dir/test_cli.c.o
                0x000001000021a8c0                test_cli
                0x000001000021a920                cli_register_cli
 .text          0x000001000021a940     0x2440 build/tests/gpio/CMakeFiles/test_gpio.dir/test_gpio.c.o
                0x000001000021a940                test_gpio
                0x000001000021c470                test_gpio_cli
                0x000001000021cd60                cli_register_gpio
 .text          0x000001000021cd80      0x1f0 build/tests/dma/CMakeFiles/test_dma.dir/test_dma_main.c.o
                0x000001000021cd90                test_main_dma
                0x000001000021cf50                cli_register_test_dma
 *fill*         0x000001000021cf70       0x10 
 .text          0x000001000021cf80      0x530 build/tests/mailbox/CMakeFiles/mailbox_test.dir/test_mailbox_main.c.o
                0x000001000021cf80                cli_register_test_mailbox
                0x000001000021cfa0                test_mailbox_inter_chiplet
                0x000001000021d0c0                test_mailbox_loopback
                0x000001000021d200                test_main_mailbox
 *fill*         0x000001000021d4b0       0x10 
 .text          0x000001000021d4c0      0xa34 build/tests/pvt_con/CMakeFiles/test_pvt_con.dir/test_pvt_con.c.o
                0x000001000021d4c0                cli_register_test_pvt
                0x000001000021d4e0                test_pvt
 *fill*         0x000001000021def4        0xc 
 .text          0x000001000021df00      0x4f0 build/tests/arch/arm64/CMakeFiles/test_arm64.dir/test_ca73.c.o
                0x000001000021df50                test_ca73_cli
                0x000001000021e3d0                cli_register_ca73
 *fill*         0x000001000021e3f0       0x10 
 .text          0x000001000021e400      0x1e4 build/tests/timer/dw_apb_timer/CMakeFiles/test_dw_apb_timer.dir/test_dw_apb_timer.c.o
                0x000001000021e400                dw_apb_timer_test_alarm_callback
                0x000001000021e410                cli_register_dw_apb_timer
                0x000001000021e430                test_dw_apb_timer
                0x000001000021e5c0                test_dw_apb_timer_cli
 *fill*         0x000001000021e5e4       0x1c 
 .text          0x000001000021e600     0x3570 build/tests/cmu/CMakeFiles/test_cmu.dir/test_cmu_main.c.o
                0x000001000021e600                cli_register_test_cmu
                0x000001000021e620                cli_register_cmu_freq
                0x000001000021e640                cli_register_cmu_set
                0x000001000021e670                set_pll_freq_f0434_test
                0x000001000021e720                set_pll_freq_f0435_test
                0x000001000021e7d0                set_hch_div_ratio_test
                0x000001000021e860                set_div_ratio_test
                0x000001000021e8e0                set_mux_sel_test
                0x000001000021e960                clk_gating_test
                0x000001000021ea10                set_clkout_test
                0x000001000021ea30                test_cmu_cp
                0x000001000021ecd0                test_cmu_pcie
                0x000001000021efa0                test_cmu_rot
                0x000001000021f1e0                test_cmu_peri
                0x000001000021f710                test_cmu_dram
                0x000001000021fa50                test_main_cmu
                0x000001000021fcd0                freq_cmu_cp
                0x000001000021ff30                set_freq_cp
                0x00000100002200b0                cmu_set_freq
                0x00000100002201a0                freq_cmu_pcie
                0x0000010000220380                freq_cmu_rot
                0x0000010000220570                freq_cmu_peri
                0x0000010000220600                freq_cmu_wbus
                0x0000010000220770                freq_cmu_sbus
                0x00000100002209f0                freq_cmu_nbus
                0x0000010000220d00                freq_cmu_ebus
                0x0000010000221040                freq_cmu_dram
                0x0000010000221350                freq_cmu_dcl
                0x0000010000221790                cmu_freq_main
 *fill*         0x0000010000221b70       0x10 
 .text          0x0000010000221b80      0x170 build/tests/smmu/CMakeFiles/test_mmu.dir/test_mmu_main.c.o
                0x0000010000221b80                test_mmu_main
                0x0000010000221cd0                cli_register_test_mmu
 *fill*         0x0000010000221cf0       0x10 
 .text          0x0000010000221d00      0x3b8 build/tests/log/CMakeFiles/show_log.dir/rebel_h_log.c.o
                0x0000010000221d00                cli_register_show_log
                0x0000010000221d20                print_log
                0x0000010000222090                test_main_log
 *fill*         0x00000100002220b8        0x8 
 .text          0x00000100002220c0      0x674 build/tests/rbc/CMakeFiles/test_rbc.dir/test/all_test.c.o
                0x00000100002220c0                cli_register_rbc
 *fill*         0x0000010000222734        0xc 
 .text          0x0000010000222740     0x11e4 build/tests/rbc/CMakeFiles/test_rbc.dir/test/test_aw_ucie_init.c.o
                0x0000010000222740                TEST_ucie_init_TEAR_DOWN
                0x0000010000222750                TEST_ucie_init_SETUP
                0x0000010000222790                TEST_ucie_init_normal_init_aw_ucie_
                0x00000100002227d0                TEST_ucie_init_fail_init_due_to_invalid_d2d_test_comp_blk_offset_
                0x0000010000222820                TEST_ucie_init_fail_init_due_to_invalid_d2d_test_comp_blk_length_
                0x0000010000222870                TEST_ucie_init_fail_init_due_to_invalid_phy_test_comp_blk_offset_
                0x00000100002228c0                TEST_ucie_init_fail_init_due_to_invalid_phy_test_comp_blk_length_
                0x0000010000222910                TEST_ucie_init_fail_init_due_to_invalid_pcie_ext_dvsec_cap_hdr_
                0x0000010000222960                TEST_ucie_init_fail_init_due_to_invalid_dvsec_vendor_id_
                0x00000100002229b0                TEST_ucie_init_fail_init_due_to_invalid_reg_loc0_
                0x0000010000222a10                TEST_ucie_init_fail_init_due_to_invalid_reg_loc1_
                0x0000010000222a70                TEST_ucie_init_fail_init_due_to_invalid_reg_loc2_
                0x0000010000222ad0                TEST_ucie_init_fail_init_due_to_invalid_reg_loc3_
                0x0000010000222b30                TEST_ucie_init_fail_init_due_to_invalid_vndr_id_of_d2d_phy_blk_hdr_
                0x0000010000222b80                TEST_ucie_init_fail_init_due_to_invalid_blk_id_of_d2d_phy_blk_hdr_
                0x0000010000222bd0                TEST_ucie_init_fail_init_due_to_invalid_vndr_id_of_test_comp_blk_hdr_
                0x0000010000222c20                TEST_ucie_init_fail_init_due_to_invalid_blk_id_of_test_comp_blk_hdr_
                0x0000010000222c70                TEST_ucie_init_fail_init_due_to_invalid_vndr_id_of_d2d_imp_blk_hdr_
                0x0000010000222cc0                TEST_ucie_init_fail_init_due_to_invalid_blk_id_of_d2d_imp_blk_hdr_
                0x0000010000222d10                TEST_ucie_init_fail_init_due_to_invalid_vndr_id_of_phy_imp_blk_hdr_
                0x0000010000222d60                TEST_ucie_init_fail_init_due_to_invalid_blk_id_of_phy_imp_blk_hdr_
                0x0000010000222db0                TEST_ucie_init_fail_set_target_ss_before_setting_
                0x0000010000222de0                TEST_ucie_init_fail_set_target_ss_w_invalid_value_
                0x0000010000222e50                TEST_ucie_init_set_target_ss_w_valid_value_
                0x0000010000222eb0                TEST_ucie_init_check_dvsec_hdr_after_init_
                0x0000010000222fa0                TEST_ucie_init_check_link_capability_after_init_
                0x0000010000223050                TEST_ucie_init_check_phy_capability_after_init_
                0x00000100002230c0                TEST_ucie_init_check_phy_extended_cap_hdr_after_init_
                0x0000010000223130                TEST_ucie_init_check_uhm_dvsec_hdr_after_init_
                0x00000100002231e0                TEST_ucie_init_normal_init_aw_ucie_run
                0x0000010000223220                TEST_ucie_init_fail_set_target_ss_before_setting_run
                0x0000010000223260                TEST_ucie_init_fail_set_target_ss_w_invalid_value_run
                0x00000100002232a0                TEST_ucie_init_set_target_ss_w_valid_value_run
                0x00000100002232e0                TEST_ucie_init_check_dvsec_hdr_after_init_run
                0x0000010000223320                TEST_ucie_init_check_link_capability_after_init_run
                0x0000010000223360                TEST_ucie_init_fail_init_due_to_invalid_d2d_test_comp_blk_offset_run
                0x00000100002233a0                TEST_ucie_init_fail_init_due_to_invalid_d2d_test_comp_blk_length_run
                0x00000100002233e0                TEST_ucie_init_fail_init_due_to_invalid_phy_test_comp_blk_offset_run
                0x0000010000223420                TEST_ucie_init_fail_init_due_to_invalid_phy_test_comp_blk_length_run
                0x0000010000223460                TEST_ucie_init_fail_init_due_to_invalid_pcie_ext_dvsec_cap_hdr_run
                0x00000100002234a0                TEST_ucie_init_fail_init_due_to_invalid_dvsec_vendor_id_run
                0x00000100002234e0                TEST_ucie_init_fail_init_due_to_invalid_reg_loc0_run
                0x0000010000223520                TEST_ucie_init_fail_init_due_to_invalid_reg_loc1_run
                0x0000010000223560                TEST_ucie_init_fail_init_due_to_invalid_reg_loc2_run
                0x00000100002235a0                TEST_ucie_init_fail_init_due_to_invalid_reg_loc3_run
                0x00000100002235e0                TEST_ucie_init_fail_init_due_to_invalid_vndr_id_of_d2d_phy_blk_hdr_run
                0x0000010000223620                TEST_ucie_init_fail_init_due_to_invalid_blk_id_of_d2d_phy_blk_hdr_run
                0x0000010000223660                TEST_ucie_init_fail_init_due_to_invalid_vndr_id_of_test_comp_blk_hdr_run
                0x00000100002236a0                TEST_ucie_init_fail_init_due_to_invalid_blk_id_of_test_comp_blk_hdr_run
                0x00000100002236e0                TEST_ucie_init_fail_init_due_to_invalid_vndr_id_of_d2d_imp_blk_hdr_run
                0x0000010000223720                TEST_ucie_init_fail_init_due_to_invalid_blk_id_of_d2d_imp_blk_hdr_run
                0x0000010000223760                TEST_ucie_init_fail_init_due_to_invalid_vndr_id_of_phy_imp_blk_hdr_run
                0x00000100002237a0                TEST_ucie_init_fail_init_due_to_invalid_blk_id_of_phy_imp_blk_hdr_run
                0x00000100002237e0                TEST_ucie_init_check_phy_capability_after_init_run
                0x0000010000223820                TEST_ucie_init_check_phy_extended_cap_hdr_after_init_run
                0x0000010000223860                TEST_ucie_init_check_uhm_dvsec_hdr_after_init_run
                0x00000100002238a0                TEST_ucie_init_except_only_for_mock_GROUP_RUNNER
                0x00000100002238d0                TEST_ucie_init_only_for_mock_GROUP_RUNNER
 *fill*         0x0000010000223924       0x1c 
 .text          0x0000010000223940     0x2794 build/tests/rbc/CMakeFiles/test_rbc.dir/test/test_aw_ucie_d2d_comp.c.o
                0x0000010000223980                TEST_ucie_d2d_comp_SETUP
                0x0000010000223ba0                TEST_ucie_d2d_comp_TEAR_DOWN
                0x0000010000223cb0                TEST_ucie_d2d_comp_adap_compliance_ctrl_phy_only_
                0x0000010000223d30                TEST_ucie_d2d_comp_adap_compliance_ctrl_adapter_
                0x0000010000223db0                TEST_ucie_d2d_comp_adap_compliance_force_reset_
                0x0000010000224020                TEST_ucie_d2d_comp_inject_nop_flits_20_
                0x0000010000224070                TEST_ucie_d2d_comp_inject_test_flits_20_fixed_pattern_all_
                0x00000100002240c0                TEST_ucie_d2d_comp_inject_test_flits_20_fixed_pattern_offset_once_
                0x0000010000224110                TEST_ucie_d2d_comp_inject_test_flits_20_fixed_pattern_offset_rep_0_
                0x0000010000224160                TEST_ucie_d2d_comp_inject_test_flits_20_fixed_pattern_offset_rep_1_
                0x00000100002241b0                TEST_ucie_d2d_comp_inject_test_flits_20_fixed_pattern_offset_rep_2_
                0x0000010000224200                TEST_ucie_d2d_comp_inject_test_flits_20_fixed_pattern_offset_rep_33_
                0x0000010000224250                TEST_ucie_d2d_comp_inject_test_flits_20_random_pattern_all_
                0x00000100002242a0                TEST_ucie_d2d_comp_inject_test_flits_20_random_pattern_offset_once_
                0x00000100002242f0                TEST_ucie_d2d_comp_inject_test_flits_20_random_pattern_offset_rep_0_
                0x0000010000224340                TEST_ucie_d2d_comp_inject_test_flits_20_random_pattern_offset_rep_1_
                0x0000010000224390                TEST_ucie_d2d_comp_inject_test_flits_20_random_pattern_offset_rep_2_
                0x00000100002243e0                TEST_ucie_d2d_comp_inject_test_flits_20_random_pattern_offset_rep_33_
                0x0000010000224430                TEST_ucie_d2d_comp_inject_alt_flits_50_random_pattern_all_
                0x0000010000224480                TEST_ucie_d2d_comp_inject_nop_flits_cont_
                0x00000100002244f0                TEST_ucie_d2d_comp_inject_nop_flits_cont_with_prot_flit_
                0x0000010000224560                TEST_ucie_d2d_comp_inject_test_flits_cont_fixed_pattern_all_
                0x00000100002245d0                TEST_ucie_d2d_comp_inject_test_flits_cont_fixed_pattern_offset_once_
                0x0000010000224640                TEST_ucie_d2d_comp_inject_test_flits_cont_fixed_pattern_offset_rep_0_
                0x00000100002246b0                TEST_ucie_d2d_comp_inject_test_flits_cont_fixed_pattern_offset_rep_1_
                0x0000010000224720                TEST_ucie_d2d_comp_inject_test_flits_cont_fixed_pattern_offset_rep_2_
                0x0000010000224790                TEST_ucie_d2d_comp_inject_test_flits_cont_fixed_pattern_offset_rep_33_
                0x0000010000224800                TEST_ucie_d2d_comp_inject_test_flits_cont_random_pattern_all_
                0x0000010000224870                TEST_ucie_d2d_comp_inject_test_flits_cont_random_pattern_offset_once_
                0x00000100002248e0                TEST_ucie_d2d_comp_inject_test_flits_cont_random_pattern_offset_rep_0_
                0x0000010000224950                TEST_ucie_d2d_comp_inject_test_flits_cont_random_pattern_offset_rep_1_
                0x00000100002249c0                TEST_ucie_d2d_comp_inject_test_flits_cont_random_pattern_offset_rep_2_
                0x0000010000224a30                TEST_ucie_d2d_comp_inject_test_flits_cont_random_pattern_offset_rep_33_
                0x0000010000224b50                TEST_ucie_d2d_comp_inject_req_fdi_state_nop_
                0x0000010000224b60                TEST_ucie_d2d_comp_inject_req_fdi_state_active_
                0x0000010000224b70                TEST_ucie_d2d_comp_inject_req_fdi_state_l1_
                0x0000010000224b80                TEST_ucie_d2d_comp_inject_req_fdi_state_l2_
                0x0000010000224b90                TEST_ucie_d2d_comp_inject_req_fdi_state_linkreset_
                0x0000010000224ba0                TEST_ucie_d2d_comp_inject_req_fdi_state_retrain_
                0x0000010000224bb0                TEST_ucie_d2d_comp_inject_req_fdi_state_disabled_
                0x0000010000224c70                TEST_ucie_d2d_comp_inject_resp_fdi_state_nop_
                0x0000010000224c80                TEST_ucie_d2d_comp_inject_resp_fdi_state_active_
                0x0000010000224c90                TEST_ucie_d2d_comp_inject_resp_fdi_state_l1_
                0x0000010000224ca0                TEST_ucie_d2d_comp_inject_resp_fdi_state_l2_
                0x0000010000224cb0                TEST_ucie_d2d_comp_inject_resp_fdi_state_linkreset_
                0x0000010000224cc0                TEST_ucie_d2d_comp_inject_resp_fdi_state_retrain_
                0x0000010000224cd0                TEST_ucie_d2d_comp_inject_resp_fdi_state_disabled_
                0x0000010000224de0                TEST_ucie_d2d_comp_inject_retry_1bit_error_w_threshold_
                0x0000010000224eb0                TEST_ucie_d2d_comp_inject_retry_1bit_error_wo_threshold_
                0x0000010000224f80                TEST_ucie_d2d_comp_inject_retry_2bit_error_w_threshold_
                0x0000010000225050                TEST_ucie_d2d_comp_inject_retry_2bit_error_wo_threshold_
                0x0000010000225120                TEST_ucie_d2d_comp_inject_retry_3bit_error_w_threshold_
                0x00000100002251e0                TEST_ucie_d2d_comp_inject_retry_3bit_error_wo_threshold_
                0x00000100002252a0                TEST_ucie_d2d_comp_adap_compliance_ctrl_phy_only_run
                0x00000100002252e0                TEST_ucie_d2d_comp_adap_compliance_ctrl_adapter_run
                0x0000010000225320                TEST_ucie_d2d_comp_adap_compliance_force_reset_run
                0x0000010000225360                TEST_ucie_d2d_comp_inject_nop_flits_20_run
                0x00000100002253a0                TEST_ucie_d2d_comp_inject_test_flits_20_fixed_pattern_all_run
                0x00000100002253e0                TEST_ucie_d2d_comp_inject_test_flits_20_fixed_pattern_offset_once_run
                0x0000010000225420                TEST_ucie_d2d_comp_inject_test_flits_20_fixed_pattern_offset_rep_0_run
                0x0000010000225460                TEST_ucie_d2d_comp_inject_test_flits_20_fixed_pattern_offset_rep_1_run
                0x00000100002254a0                TEST_ucie_d2d_comp_inject_test_flits_20_fixed_pattern_offset_rep_2_run
                0x00000100002254e0                TEST_ucie_d2d_comp_inject_test_flits_20_fixed_pattern_offset_rep_33_run
                0x0000010000225520                TEST_ucie_d2d_comp_inject_test_flits_20_random_pattern_all_run
                0x0000010000225560                TEST_ucie_d2d_comp_inject_test_flits_20_random_pattern_offset_once_run
                0x00000100002255a0                TEST_ucie_d2d_comp_inject_test_flits_20_random_pattern_offset_rep_0_run
                0x00000100002255e0                TEST_ucie_d2d_comp_inject_test_flits_20_random_pattern_offset_rep_1_run
                0x0000010000225620                TEST_ucie_d2d_comp_inject_test_flits_20_random_pattern_offset_rep_2_run
                0x0000010000225660                TEST_ucie_d2d_comp_inject_test_flits_20_random_pattern_offset_rep_33_run
                0x00000100002256a0                TEST_ucie_d2d_comp_inject_nop_flits_cont_run
                0x00000100002256e0                TEST_ucie_d2d_comp_inject_nop_flits_cont_with_prot_flit_run
                0x0000010000225720                TEST_ucie_d2d_comp_inject_test_flits_cont_fixed_pattern_all_run
                0x0000010000225760                TEST_ucie_d2d_comp_inject_test_flits_cont_fixed_pattern_offset_once_run
                0x00000100002257a0                TEST_ucie_d2d_comp_inject_test_flits_cont_fixed_pattern_offset_rep_0_run
                0x00000100002257e0                TEST_ucie_d2d_comp_inject_test_flits_cont_fixed_pattern_offset_rep_1_run
                0x0000010000225820                TEST_ucie_d2d_comp_inject_test_flits_cont_fixed_pattern_offset_rep_2_run
                0x0000010000225860                TEST_ucie_d2d_comp_inject_test_flits_cont_fixed_pattern_offset_rep_33_run
                0x00000100002258a0                TEST_ucie_d2d_comp_inject_test_flits_cont_random_pattern_all_run
                0x00000100002258e0                TEST_ucie_d2d_comp_inject_test_flits_cont_random_pattern_offset_once_run
                0x0000010000225920                TEST_ucie_d2d_comp_inject_test_flits_cont_random_pattern_offset_rep_0_run
                0x0000010000225960                TEST_ucie_d2d_comp_inject_test_flits_cont_random_pattern_offset_rep_1_run
                0x00000100002259a0                TEST_ucie_d2d_comp_inject_test_flits_cont_random_pattern_offset_rep_2_run
                0x00000100002259e0                TEST_ucie_d2d_comp_inject_test_flits_cont_random_pattern_offset_rep_33_run
                0x0000010000225a20                TEST_ucie_d2d_comp_inject_test_flits_cont_interleaving_random_pattern_all_run
                0x0000010000225a40                TEST_ucie_d2d_comp_inject_test_flits_cont_interleaving_random_pattern_all_
                0x0000010000225ab0                TEST_ucie_d2d_comp_inject_alt_flits_50_random_pattern_all_run
                0x0000010000225af0                TEST_ucie_d2d_comp_inject_req_fdi_state_nop_run
                0x0000010000225b30                TEST_ucie_d2d_comp_inject_req_fdi_state_active_run
                0x0000010000225b70                TEST_ucie_d2d_comp_inject_req_fdi_state_l1_run
                0x0000010000225bb0                TEST_ucie_d2d_comp_inject_req_fdi_state_l2_run
                0x0000010000225bf0                TEST_ucie_d2d_comp_inject_req_fdi_state_linkreset_run
                0x0000010000225c30                TEST_ucie_d2d_comp_inject_req_fdi_state_retrain_run
                0x0000010000225c70                TEST_ucie_d2d_comp_inject_req_fdi_state_disabled_run
                0x0000010000225cb0                TEST_ucie_d2d_comp_inject_resp_fdi_state_nop_run
                0x0000010000225cf0                TEST_ucie_d2d_comp_inject_resp_fdi_state_active_run
                0x0000010000225d30                TEST_ucie_d2d_comp_inject_resp_fdi_state_l1_run
                0x0000010000225d70                TEST_ucie_d2d_comp_inject_resp_fdi_state_l2_run
                0x0000010000225db0                TEST_ucie_d2d_comp_inject_resp_fdi_state_linkreset_run
                0x0000010000225df0                TEST_ucie_d2d_comp_inject_resp_fdi_state_retrain_run
                0x0000010000225e30                TEST_ucie_d2d_comp_inject_resp_fdi_state_disabled_run
                0x0000010000225e70                TEST_ucie_d2d_comp_inject_retry_1bit_error_w_threshold_run
                0x0000010000225eb0                TEST_ucie_d2d_comp_inject_retry_1bit_error_wo_threshold_run
                0x0000010000225ef0                TEST_ucie_d2d_comp_inject_retry_2bit_error_w_threshold_run
                0x0000010000225f30                TEST_ucie_d2d_comp_inject_retry_2bit_error_wo_threshold_run
                0x0000010000225f70                TEST_ucie_d2d_comp_inject_retry_3bit_error_w_threshold_run
                0x0000010000225fb0                TEST_ucie_d2d_comp_inject_retry_3bit_error_wo_threshold_run
                0x0000010000225ff0                TEST_ucie_d2d_comp_except_only_for_mock_GROUP_RUNNER
                0x00000100002260d0                TEST_ucie_d2d_comp_only_for_mock_GROUP_RUNNER
 *fill*         0x00000100002260d4        0xc 
 .text          0x00000100002260e0      0xc14 build/tests/rbc/CMakeFiles/test_rbc.dir/test/test_aw_ucie_d2d_err_and_link.c.o
                0x00000100002260e0                TEST_ucie_d2d_crc_err_injection_TEAR_DOWN
                0x00000100002261d0                TEST_ucie_d2d_runtime_link_test_SETUP
                0x00000100002261e0                TEST_ucie_d2d_crc_err_injection_crc_injection_fail_due_to_invalid_inverted_bits_
                0x0000010000226250                TEST_ucie_d2d_crc_err_injection_crc_injection_fail_due_to_invalid_inj_count_
                0x00000100002262c0                TEST_ucie_d2d_runtime_link_test_TEAR_DOWN
                0x0000010000226490                TEST_ucie_d2d_runtime_link_test_runtime_link_test_fail_due_to_invalid_parity_bytes_
                0x00000100002264e0                TEST_ucie_d2d_runtime_link_test_runtime_link_test_fail_due_to_nak_
                0x00000100002267b0                TEST_ucie_d2d_runtime_link_test_no_err_runtime_link_test_w_one_parity_bytes_
                0x00000100002267c0                TEST_ucie_d2d_runtime_link_test_no_err_runtime_link_test_w_two_parity_bytes_
                0x00000100002267d0                TEST_ucie_d2d_runtime_link_test_no_err_runtime_link_test_w_three_parity_bytes_
                0x0000010000226970                TEST_ucie_d2d_crc_err_injection_no_err_crc_inject_one_bit_inverted_
                0x00000100002269b0                TEST_ucie_d2d_crc_err_injection_no_err_crc_inject_two_bit_inverted_
                0x00000100002269f0                TEST_ucie_d2d_crc_err_injection_no_err_crc_inject_three_bit_inverted_
                0x0000010000226a30                TEST_ucie_d2d_crc_err_injection_SETUP
                0x0000010000226a40                TEST_ucie_d2d_runtime_link_test_runtime_link_test_fail_due_to_invalid_parity_bytes_run
                0x0000010000226a80                TEST_ucie_d2d_runtime_link_test_runtime_link_test_fail_due_to_nak_run
                0x0000010000226ac0                TEST_ucie_d2d_runtime_link_test_no_err_runtime_link_test_w_one_parity_bytes_run
                0x0000010000226b00                TEST_ucie_d2d_runtime_link_test_no_err_runtime_link_test_w_two_parity_bytes_run
                0x0000010000226b40                TEST_ucie_d2d_runtime_link_test_no_err_runtime_link_test_w_three_parity_bytes_run
                0x0000010000226b80                TEST_ucie_d2d_crc_err_injection_crc_injection_fail_due_to_invalid_inverted_bits_run
                0x0000010000226bc0                TEST_ucie_d2d_crc_err_injection_crc_injection_fail_due_to_invalid_inj_count_run
                0x0000010000226c00                TEST_ucie_d2d_crc_err_injection_no_err_crc_inject_one_bit_inverted_run
                0x0000010000226c40                TEST_ucie_d2d_crc_err_injection_no_err_crc_inject_two_bit_inverted_run
                0x0000010000226c80                TEST_ucie_d2d_crc_err_injection_no_err_crc_inject_three_bit_inverted_run
                0x0000010000226cc0                TEST_ucie_d2d_err_and_link_except_only_for_mock_GROUP_RUNNER
                0x0000010000226cf0                TEST_ucie_d2d_err_and_link_only_for_mock_GROUP_RUNNER
 *fill*         0x0000010000226cf4        0xc 
 .text          0x0000010000226d00      0x41c build/tests/rbc/CMakeFiles/test_rbc.dir/test/test_aw_ucie_retraining.c.o
                0x0000010000226d00                TEST_ucie_retraining_TEAR_DOWN
                0x0000010000226d20                TEST_ucie_retraining_SETUP
                0x0000010000226d90                TEST_ucie_retraining_retraining_fail_in_link_down_
                0x0000010000226de0                TEST_ucie_retraining_retraining_fail_when_trainig_already_ongoing_
                0x0000010000226ec0                TEST_ucie_retraining_retraining_success_w_default_config_
                0x0000010000226f50                TEST_ucie_retraining_retraining_fail_due_to_keeping_link_down_after_ending_training_
                0x0000010000226f80                TEST_ucie_retraining_retraining_fail_due_to_keeping_training_status_after_ending_training_
                0x0000010000226fb0                TEST_ucie_retraining_retraining_success_w_default_config_run
                0x0000010000226ff0                TEST_ucie_retraining_retraining_fail_due_to_keeping_link_down_after_ending_training_run
                0x0000010000227030                TEST_ucie_retraining_retraining_fail_due_to_keeping_training_status_after_ending_training_run
                0x0000010000227070                TEST_ucie_retraining_retraining_fail_in_link_down_run
                0x00000100002270b0                TEST_ucie_retraining_retraining_fail_when_trainig_already_ongoing_run
                0x00000100002270f0                TEST_ucie_retraining_except_only_for_mock_GROUP_RUNNER
                0x0000010000227100                TEST_ucie_retraining_only_for_mock_GROUP_RUNNER
 *fill*         0x000001000022711c        0x4 
 .text          0x0000010000227120     0x1304 build/tests/rbc/CMakeFiles/test_rbc.dir/test/test_aw_ucie_sideband.c.o
                0x0000010000227120                TEST_ucie_sideband_TEAR_DOWN
                0x0000010000227140                TEST_ucie_sideband_SETUP
                0x00000100002271b0                TEST_ucie_sideband_fail_send_sb_msg_due_to_be_in_progress_already_
                0x0000010000227210                TEST_ucie_sideband_fail_send_sb_mem_rd32_w_ur_
                0x00000100002274d0                TEST_ucie_sideband_fail_send_w_invalid_arg_
                0x0000010000227ae0                TEST_ucie_sideband_normal_send_sb_config_rd64_
                0x0000010000227b80                TEST_ucie_sideband_normal_send_sb_config_rd32_
                0x0000010000227c00                TEST_ucie_sideband_normal_send_sb_mem_rd64_
                0x0000010000227ca0                TEST_ucie_sideband_normal_send_sb_config_wr64_
                0x0000010000227d70                TEST_ucie_sideband_normal_send_sb_config_wr32_
                0x0000010000227e40                TEST_ucie_sideband_normal_send_sb_mem_wr64_